Java HotSpot(TM) 64-Bit Server VM (25.241-b07) for bsd-amd64 JRE (1.8.0_241-b07), built on Dec 11 2019 02:29:59 by "java_re" with gcc 4.2.1 (Based on Apple Inc. build 5658) (LLVM build 2336.11.00)
Memory: 4k page, physical 8388608k(107220k free)

/proc/meminfo:

CommandLine flags: -XX:+AlwaysPreTouch -XX:+ExplicitGCInvokesConcurrent -XX:GCLogFileSize=20971520 -XX:InitialHeapSize=536870912 -XX:MaxGCPauseMillis=250 -XX:MaxHeapSize=536870912 -XX:NumberOfGCLogFiles=9 -XX:-OmitStackTraceInFastThrow -XX:OnOutOfMemoryError=/Users/athulpramod/Desktop/Project/IndexingSearching/solr-8.8.1/bin/oom_solr.sh 7574 /Users/athulpramod/Desktop/Project/IndexingSearching/solr-8.8.1/example/cloud/node2/solr/../logs -XX:+ParallelRefProcEnabled -XX:+PerfDisableSharedMem -XX:+PrintGC -XX:+PrintGCApplicationStoppedTime -XX:+PrintGCDateStamps -XX:+PrintGCDetails -XX:+PrintGCTimeStamps -XX:+PrintHeapAtGC -XX:+PrintTenuringDistribution -XX:ThreadStackSize=256 -XX:+UseCompressedClassPointers -XX:+UseCompressedOops -XX:+UseG1GC -XX:+UseGCLogFileRotation -XX:-UseLargePages 
2021-04-17T19:27:02.167+0700: 0.739: Total time for which application threads were stopped: 0.0001335 seconds, Stopping threads took: 0.0000297 seconds
2021-04-17T19:27:02.185+0700: 0.757: Total time for which application threads were stopped: 0.0001016 seconds, Stopping threads took: 0.0000152 seconds
2021-04-17T19:27:02.290+0700: 0.863: Total time for which application threads were stopped: 0.0001266 seconds, Stopping threads took: 0.0000117 seconds
2021-04-17T19:27:02.438+0700: 1.010: Total time for which application threads were stopped: 0.0001541 seconds, Stopping threads took: 0.0000104 seconds
{Heap before GC invocations=0 (full 0):
 garbage-first heap   total 524288K, used 25600K [0x00000007a0000000, 0x00000007a0101000, 0x00000007c0000000)
  region size 1024K, 25 young (25600K), 0 survivors (0K)
 Metaspace       used 9308K, capacity 9578K, committed 9728K, reserved 1058816K
  class space    used 1130K, capacity 1225K, committed 1280K, reserved 1048576K
2021-04-17T19:27:02.540+0700: 1.112: [GC pause (G1 Evacuation Pause) (young)
Desired survivor size 2097152 bytes, new threshold 15 (max 15)
, 0.0048901 secs]
   [Parallel Time: 3.0 ms, GC Workers: 4]
      [GC Worker Start (ms): Min: 1112.5, Avg: 1112.6, Max: 1112.6, Diff: 0.1]
      [Ext Root Scanning (ms): Min: 0.3, Avg: 0.6, Max: 1.0, Diff: 0.7, Sum: 2.4]
      [Update RS (ms): Min: 0.0, Avg: 0.0, Max: 0.0, Diff: 0.0, Sum: 0.0]
         [Processed Buffers: Min: 0, Avg: 0.0, Max: 0, Diff: 0, Sum: 0]
      [Scan RS (ms): Min: 0.0, Avg: 0.0, Max: 0.0, Diff: 0.0, Sum: 0.0]
      [Code Root Scanning (ms): Min: 0.0, Avg: 0.2, Max: 0.5, Diff: 0.5, Sum: 0.7]
      [Object Copy (ms): Min: 1.9, Avg: 2.1, Max: 2.5, Diff: 0.6, Sum: 8.4]
      [Termination (ms): Min: 0.0, Avg: 0.0, Max: 0.0, Diff: 0.0, Sum: 0.0]
         [Termination Attempts: Min: 1, Avg: 2.5, Max: 5, Diff: 4, Sum: 10]
      [GC Worker Other (ms): Min: 0.0, Avg: 0.0, Max: 0.0, Diff: 0.0, Sum: 0.1]
      [GC Worker Total (ms): Min: 2.9, Avg: 2.9, Max: 2.9, Diff: 0.0, Sum: 11.6]
      [GC Worker End (ms): Min: 1115.5, Avg: 1115.5, Max: 1115.5, Diff: 0.0]
   [Code Root Fixup: 0.0 ms]
   [Code Root Purge: 0.0 ms]
   [Clear CT: 0.0 ms]
   [Other: 1.8 ms]
      [Choose CSet: 0.0 ms]
      [Ref Proc: 1.5 ms]
      [Ref Enq: 0.1 ms]
      [Redirty Cards: 0.0 ms]
      [Humongous Register: 0.1 ms]
      [Humongous Reclaim: 0.0 ms]
      [Free CSet: 0.1 ms]
   [Eden: 25.0M(25.0M)->0.0B(32.0M) Survivors: 0.0B->4096.0K Heap: 25.0M(512.0M)->4789.0K(512.0M)]
Heap after GC invocations=1 (full 0):
 garbage-first heap   total 524288K, used 4789K [0x00000007a0000000, 0x00000007a0101000, 0x00000007c0000000)
  region size 1024K, 4 young (4096K), 4 survivors (4096K)
 Metaspace       used 9308K, capacity 9578K, committed 9728K, reserved 1058816K
  class space    used 1130K, capacity 1225K, committed 1280K, reserved 1048576K
}
 [Times: user=0.02 sys=0.00, real=0.00 secs] 
2021-04-17T19:27:02.545+0700: 1.117: Total time for which application threads were stopped: 0.0051613 seconds, Stopping threads took: 0.0000290 seconds
2021-04-17T19:27:02.631+0700: 1.203: Total time for which application threads were stopped: 0.0002246 seconds, Stopping threads took: 0.0000136 seconds
2021-04-17T19:27:02.745+0700: 1.318: Total time for which application threads were stopped: 0.0001801 seconds, Stopping threads took: 0.0000112 seconds
2021-04-17T19:27:02.933+0700: 1.505: Total time for which application threads were stopped: 0.0002227 seconds, Stopping threads took: 0.0000235 seconds
{Heap before GC invocations=1 (full 0):
 garbage-first heap   total 524288K, used 35509K [0x00000007a0000000, 0x00000007a0101000, 0x00000007c0000000)
  region size 1024K, 32 young (32768K), 4 survivors (4096K)
 Metaspace       used 15838K, capacity 16186K, committed 16512K, reserved 1062912K
  class space    used 1950K, capacity 2066K, committed 2176K, reserved 1048576K
2021-04-17T19:27:03.009+0700: 1.582: [GC pause (G1 Evacuation Pause) (young)
Desired survivor size 2097152 bytes, new threshold 1 (max 15)
- age   1:    2219152 bytes,    2219152 total
, 0.0237435 secs]
   [Parallel Time: 14.9 ms, GC Workers: 4]
      [GC Worker Start (ms): Min: 1581.8, Avg: 1581.9, Max: 1581.9, Diff: 0.0]
      [Ext Root Scanning (ms): Min: 0.3, Avg: 0.8, Max: 1.5, Diff: 1.1, Sum: 3.3]
      [Update RS (ms): Min: 1.1, Avg: 1.4, Max: 2.3, Diff: 1.2, Sum: 5.8]
         [Processed Buffers: Min: 1, Avg: 1.5, Max: 2, Diff: 1, Sum: 6]
      [Scan RS (ms): Min: 0.0, Avg: 0.4, Max: 0.9, Diff: 0.8, Sum: 1.7]
      [Code Root Scanning (ms): Min: 0.0, Avg: 0.3, Max: 1.1, Diff: 1.1, Sum: 1.2]
      [Object Copy (ms): Min: 11.5, Avg: 11.8, Max: 12.1, Diff: 0.7, Sum: 47.2]
      [Termination (ms): Min: 0.0, Avg: 0.0, Max: 0.0, Diff: 0.0, Sum: 0.0]
         [Termination Attempts: Min: 1, Avg: 4.2, Max: 6, Diff: 5, Sum: 17]
      [GC Worker Other (ms): Min: 0.0, Avg: 0.0, Max: 0.0, Diff: 0.0, Sum: 0.0]
      [GC Worker Total (ms): Min: 14.8, Avg: 14.8, Max: 14.8, Diff: 0.0, Sum: 59.2]
      [GC Worker End (ms): Min: 1596.7, Avg: 1596.7, Max: 1596.7, Diff: 0.0]
   [Code Root Fixup: 0.1 ms]
   [Code Root Purge: 0.0 ms]
   [Clear CT: 0.1 ms]
   [Other: 8.7 ms]
      [Choose CSet: 0.0 ms]
      [Ref Proc: 8.4 ms]
      [Ref Enq: 0.0 ms]
      [Redirty Cards: 0.0 ms]
      [Humongous Register: 0.0 ms]
      [Humongous Reclaim: 0.0 ms]
      [Free CSet: 0.1 ms]
   [Eden: 28.0M(28.0M)->0.0B(279.0M) Survivors: 4096.0K->4096.0K Heap: 34.7M(512.0M)->15.1M(512.0M)]
Heap after GC invocations=2 (full 0):
 garbage-first heap   total 524288K, used 15433K [0x00000007a0000000, 0x00000007a0101000, 0x00000007c0000000)
  region size 1024K, 4 young (4096K), 4 survivors (4096K)
 Metaspace       used 15838K, capacity 16186K, committed 16512K, reserved 1062912K
  class space    used 1950K, capacity 2066K, committed 2176K, reserved 1048576K
}
 [Times: user=0.06 sys=0.00, real=0.03 secs] 
2021-04-17T19:27:03.033+0700: 1.606: Total time for which application threads were stopped: 0.0239739 seconds, Stopping threads took: 0.0000171 seconds
2021-04-17T19:27:03.146+0700: 1.719: Total time for which application threads were stopped: 0.0002692 seconds, Stopping threads took: 0.0000163 seconds
2021-04-17T19:27:03.152+0700: 1.725: Total time for which application threads were stopped: 0.0002495 seconds, Stopping threads took: 0.0000397 seconds
2021-04-17T19:27:03.222+0700: 1.794: Total time for which application threads were stopped: 0.0002118 seconds, Stopping threads took: 0.0000133 seconds
2021-04-17T19:27:03.242+0700: 1.815: Total time for which application threads were stopped: 0.0002431 seconds, Stopping threads took: 0.0000353 seconds
{Heap before GC invocations=2 (full 0):
 garbage-first heap   total 524288K, used 38985K [0x00000007a0000000, 0x00000007a0101000, 0x00000007c0000000)
  region size 1024K, 27 young (27648K), 4 survivors (4096K)
 Metaspace       used 18753K, capacity 19134K, committed 19328K, reserved 1067008K
  class space    used 2292K, capacity 2404K, committed 2432K, reserved 1048576K
2021-04-17T19:27:03.381+0700: 1.953: [GC pause (G1 Evacuation Pause) (young)
Desired survivor size 2097152 bytes, new threshold 1 (max 15)
- age   1:    4193800 bytes,    4193800 total
, 0.0115999 secs]
   [Parallel Time: 10.3 ms, GC Workers: 4]
      [GC Worker Start (ms): Min: 1953.3, Avg: 1953.3, Max: 1953.3, Diff: 0.0]
      [Ext Root Scanning (ms): Min: 0.5, Avg: 0.8, Max: 1.1, Diff: 0.6, Sum: 3.2]
      [Update RS (ms): Min: 0.1, Avg: 0.4, Max: 0.7, Diff: 0.6, Sum: 1.7]
         [Processed Buffers: Min: 1, Avg: 3.2, Max: 8, Diff: 7, Sum: 13]
      [Scan RS (ms): Min: 1.0, Avg: 1.2, Max: 1.4, Diff: 0.4, Sum: 4.9]
      [Code Root Scanning (ms): Min: 0.0, Avg: 0.1, Max: 0.2, Diff: 0.2, Sum: 0.4]
      [Object Copy (ms): Min: 7.6, Avg: 7.7, Max: 7.8, Diff: 0.3, Sum: 30.7]
      [Termination (ms): Min: 0.0, Avg: 0.0, Max: 0.0, Diff: 0.0, Sum: 0.0]
         [Termination Attempts: Min: 1, Avg: 2.8, Max: 4, Diff: 3, Sum: 11]
      [GC Worker Other (ms): Min: 0.0, Avg: 0.0, Max: 0.0, Diff: 0.0, Sum: 0.0]
      [GC Worker Total (ms): Min: 10.2, Avg: 10.2, Max: 10.2, Diff: 0.0, Sum: 40.9]
      [GC Worker End (ms): Min: 1963.5, Avg: 1963.5, Max: 1963.5, Diff: 0.0]
   [Code Root Fixup: 0.0 ms]
   [Code Root Purge: 0.0 ms]
   [Clear CT: 0.0 ms]
   [Other: 1.3 ms]
      [Choose CSet: 0.0 ms]
      [Ref Proc: 1.0 ms]
      [Ref Enq: 0.0 ms]
      [Redirty Cards: 0.1 ms]
      [Humongous Register: 0.0 ms]
      [Humongous Reclaim: 0.0 ms]
      [Free CSet: 0.0 ms]
   [Eden: 23.0M(23.0M)->0.0B(288.0M) Survivors: 4096.0K->4096.0K Heap: 38.1M(512.0M)->22.0M(512.0M)]
Heap after GC invocations=3 (full 0):
 garbage-first heap   total 524288K, used 22528K [0x00000007a0000000, 0x00000007a0101000, 0x00000007c0000000)
  region size 1024K, 4 young (4096K), 4 survivors (4096K)
 Metaspace       used 18753K, capacity 19134K, committed 19328K, reserved 1067008K
  class space    used 2292K, capacity 2404K, committed 2432K, reserved 1048576K
}
 [Times: user=0.03 sys=0.00, real=0.01 secs] 
2021-04-17T19:27:03.393+0700: 1.965: Total time for which application threads were stopped: 0.0117991 seconds, Stopping threads took: 0.0000137 seconds
2021-04-17T19:27:03.592+0700: 2.164: Total time for which application threads were stopped: 0.0003180 seconds, Stopping threads took: 0.0000181 seconds
{Heap before GC invocations=3 (full 0):
 garbage-first heap   total 524288K, used 67584K [0x00000007a0000000, 0x00000007a0101000, 0x00000007c0000000)
  region size 1024K, 49 young (50176K), 4 survivors (4096K)
 Metaspace       used 20693K, capacity 21140K, committed 21296K, reserved 1069056K
  class space    used 2517K, capacity 2659K, committed 2688K, reserved 1048576K
2021-04-17T19:27:03.775+0700: 2.347: [GC pause (Metadata GC Threshold) (young) (initial-mark)
Desired survivor size 19398656 bytes, new threshold 15 (max 15)
- age   1:    1256640 bytes,    1256640 total
, 0.0060603 secs]
   [Parallel Time: 4.4 ms, GC Workers: 4]
      [GC Worker Start (ms): Min: 2347.4, Avg: 2347.5, Max: 2347.5, Diff: 0.1]
      [Ext Root Scanning (ms): Min: 1.2, Avg: 1.3, Max: 1.4, Diff: 0.3, Sum: 5.1]
      [Update RS (ms): Min: 0.4, Avg: 0.7, Max: 1.0, Diff: 0.6, Sum: 2.9]
         [Processed Buffers: Min: 1, Avg: 3.2, Max: 8, Diff: 7, Sum: 13]
      [Scan RS (ms): Min: 0.0, Avg: 0.2, Max: 0.5, Diff: 0.5, Sum: 1.0]
      [Code Root Scanning (ms): Min: 0.0, Avg: 0.1, Max: 0.3, Diff: 0.3, Sum: 0.3]
      [Object Copy (ms): Min: 1.8, Avg: 2.0, Max: 2.1, Diff: 0.3, Sum: 8.0]
      [Termination (ms): Min: 0.0, Avg: 0.0, Max: 0.0, Diff: 0.0, Sum: 0.0]
         [Termination Attempts: Min: 1, Avg: 1.0, Max: 1, Diff: 0, Sum: 4]
      [GC Worker Other (ms): Min: 0.0, Avg: 0.0, Max: 0.0, Diff: 0.0, Sum: 0.0]
      [GC Worker Total (ms): Min: 4.3, Avg: 4.3, Max: 4.4, Diff: 0.1, Sum: 17.3]
      [GC Worker End (ms): Min: 2351.8, Avg: 2351.8, Max: 2351.8, Diff: 0.0]
   [Code Root Fixup: 0.0 ms]
   [Code Root Purge: 0.0 ms]
   [Clear CT: 0.1 ms]
   [Other: 1.6 ms]
      [Choose CSet: 0.0 ms]
      [Ref Proc: 1.3 ms]
      [Ref Enq: 0.1 ms]
      [Redirty Cards: 0.0 ms]
      [Humongous Register: 0.0 ms]
      [Humongous Reclaim: 0.0 ms]
      [Free CSet: 0.0 ms]
   [Eden: 45.0M(288.0M)->0.0B(300.0M) Survivors: 4096.0K->7168.0K Heap: 66.5M(512.0M)->24.8M(512.0M)]
Heap after GC invocations=4 (full 0):
 garbage-first heap   total 524288K, used 25440K [0x00000007a0000000, 0x00000007a0101000, 0x00000007c0000000)
  region size 1024K, 7 young (7168K), 7 survivors (7168K)
 Metaspace       used 20693K, capacity 21140K, committed 21296K, reserved 1069056K
  class space    used 2517K, capacity 2659K, committed 2688K, reserved 1048576K
}
 [Times: user=0.02 sys=0.00, real=0.01 secs] 
2021-04-17T19:27:03.781+0700: 2.354: [GC concurrent-root-region-scan-start]
2021-04-17T19:27:03.781+0700: 2.354: Total time for which application threads were stopped: 0.0064452 seconds, Stopping threads took: 0.0000401 seconds
2021-04-17T19:27:03.786+0700: 2.358: [GC concurrent-root-region-scan-end, 0.0043351 secs]
2021-04-17T19:27:03.786+0700: 2.358: [GC concurrent-mark-start]
2021-04-17T19:27:03.813+0700: 2.386: Total time for which application threads were stopped: 0.0003053 seconds, Stopping threads took: 0.0000864 seconds
2021-04-17T19:27:03.828+0700: 2.400: [GC concurrent-mark-end, 0.0422256 secs]
2021-04-17T19:27:03.828+0700: 2.400: [GC remark 2021-04-17T19:27:03.828+0700: 2.400: [Finalize Marking, 0.0007153 secs] 2021-04-17T19:27:03.829+0700: 2.401: [GC ref-proc, 0.0091504 secs] 2021-04-17T19:27:03.838+0700: 2.410: [Unloading, 0.0044748 secs], 0.0146122 secs]
 [Times: user=0.03 sys=0.01, real=0.02 secs] 
2021-04-17T19:27:03.843+0700: 2.415: Total time for which application threads were stopped: 0.0147851 seconds, Stopping threads took: 0.0000740 seconds
2021-04-17T19:27:03.843+0700: 2.415: [GC cleanup 28M->26M(512M), 0.0005549 secs]
 [Times: user=0.00 sys=0.00, real=0.00 secs] 
2021-04-17T19:27:03.843+0700: 2.416: Total time for which application threads were stopped: 0.0006668 seconds, Stopping threads took: 0.0000327 seconds
2021-04-17T19:27:03.843+0700: 2.416: [GC concurrent-cleanup-start]
2021-04-17T19:27:03.843+0700: 2.416: [GC concurrent-cleanup-end, 0.0000135 secs]
2021-04-17T19:27:04.795+0700: 3.367: Total time for which application threads were stopped: 0.0004092 seconds, Stopping threads took: 0.0000220 seconds
2021-04-17T19:27:04.803+0700: 3.375: Total time for which application threads were stopped: 0.0003379 seconds, Stopping threads took: 0.0000179 seconds
2021-04-17T19:27:04.804+0700: 3.376: Total time for which application threads were stopped: 0.0003260 seconds, Stopping threads took: 0.0000134 seconds
2021-04-17T19:27:04.838+0700: 3.410: Total time for which application threads were stopped: 0.0002795 seconds, Stopping threads took: 0.0000157 seconds
2021-04-17T19:27:04.894+0700: 3.466: Total time for which application threads were stopped: 0.0002867 seconds, Stopping threads took: 0.0000156 seconds
2021-04-17T19:27:04.961+0700: 3.533: Total time for which application threads were stopped: 0.0003458 seconds, Stopping threads took: 0.0000147 seconds
2021-04-17T19:27:05.024+0700: 3.597: Total time for which application threads were stopped: 0.0005046 seconds, Stopping threads took: 0.0000391 seconds
2021-04-17T19:27:05.129+0700: 3.701: Total time for which application threads were stopped: 0.0006062 seconds, Stopping threads took: 0.0000373 seconds
2021-04-17T19:27:05.563+0700: 4.135: Total time for which application threads were stopped: 0.0004345 seconds, Stopping threads took: 0.0000559 seconds
2021-04-17T19:27:06.073+0700: 4.645: Total time for which application threads were stopped: 0.0005992 seconds, Stopping threads took: 0.0000826 seconds
2021-04-17T19:27:06.083+0700: 4.655: Total time for which application threads were stopped: 0.0001730 seconds, Stopping threads took: 0.0000424 seconds
2021-04-17T19:27:06.091+0700: 4.664: Total time for which application threads were stopped: 0.0001829 seconds, Stopping threads took: 0.0000365 seconds
2021-04-17T19:27:06.092+0700: 4.664: Total time for which application threads were stopped: 0.0001260 seconds, Stopping threads took: 0.0000267 seconds
2021-04-17T19:27:06.099+0700: 4.671: Total time for which application threads were stopped: 0.0006666 seconds, Stopping threads took: 0.0005316 seconds
2021-04-17T19:27:06.154+0700: 4.726: Total time for which application threads were stopped: 0.0003680 seconds, Stopping threads took: 0.0001852 seconds
2021-04-17T19:27:06.155+0700: 4.727: Total time for which application threads were stopped: 0.0005061 seconds, Stopping threads took: 0.0003680 seconds
2021-04-17T19:27:06.158+0700: 4.730: Total time for which application threads were stopped: 0.0001504 seconds, Stopping threads took: 0.0000475 seconds
{Heap before GC invocations=5 (full 0):
 garbage-first heap   total 524288K, used 251744K [0x00000007a0000000, 0x00000007a0101000, 0x00000007c0000000)
  region size 1024K, 231 young (236544K), 7 survivors (7168K)
 Metaspace       used 35280K, capacity 36352K, committed 36476K, reserved 1081344K
  class space    used 4238K, capacity 4530K, committed 4608K, reserved 1048576K
2021-04-17T19:27:06.162+0700: 4.735: [GC pause (Metadata GC Threshold) (young) (initial-mark)
Desired survivor size 20447232 bytes, new threshold 15 (max 15)
- age   1:    1329800 bytes,    1329800 total
- age   2:    1213944 bytes,    2543744 total
, 0.0235441 secs]
   [Parallel Time: 9.7 ms, GC Workers: 4]
      [GC Worker Start (ms): Min: 4734.9, Avg: 4734.9, Max: 4734.9, Diff: 0.0]
      [Ext Root Scanning (ms): Min: 1.7, Avg: 1.8, Max: 1.9, Diff: 0.2, Sum: 7.2]
      [Update RS (ms): Min: 0.4, Avg: 0.5, Max: 0.8, Diff: 0.4, Sum: 2.1]
         [Processed Buffers: Min: 1, Avg: 3.8, Max: 11, Diff: 10, Sum: 15]
      [Scan RS (ms): Min: 0.0, Avg: 0.0, Max: 0.1, Diff: 0.0, Sum: 0.1]
      [Code Root Scanning (ms): Min: 0.0, Avg: 0.4, Max: 0.5, Diff: 0.5, Sum: 1.4]
      [Object Copy (ms): Min: 6.8, Avg: 6.9, Max: 7.0, Diff: 0.2, Sum: 27.5]
      [Termination (ms): Min: 0.0, Avg: 0.0, Max: 0.0, Diff: 0.0, Sum: 0.0]
         [Termination Attempts: Min: 1, Avg: 1.0, Max: 1, Diff: 0, Sum: 4]
      [GC Worker Other (ms): Min: 0.0, Avg: 0.0, Max: 0.0, Diff: 0.0, Sum: 0.1]
      [GC Worker Total (ms): Min: 9.6, Avg: 9.6, Max: 9.6, Diff: 0.0, Sum: 38.4]
      [GC Worker End (ms): Min: 4744.5, Avg: 4744.5, Max: 4744.5, Diff: 0.0]
   [Code Root Fixup: 0.0 ms]
   [Code Root Purge: 0.0 ms]
   [Clear CT: 0.1 ms]
   [Other: 13.7 ms]
      [Choose CSet: 0.0 ms]
      [Ref Proc: 13.3 ms]
      [Ref Enq: 0.1 ms]
      [Redirty Cards: 0.0 ms]
      [Humongous Register: 0.0 ms]
      [Humongous Reclaim: 0.0 ms]
      [Free CSet: 0.1 ms]
   [Eden: 224.0M(300.0M)->0.0B(286.0M) Survivors: 7168.0K->21.0M Heap: 246.8M(512.0M)->37.0M(512.0M)]
Heap after GC invocations=6 (full 0):
 garbage-first heap   total 524288K, used 37888K [0x00000007a0000000, 0x00000007a0101000, 0x00000007c0000000)
  region size 1024K, 21 young (21504K), 21 survivors (21504K)
 Metaspace       used 35280K, capacity 36352K, committed 36476K, reserved 1081344K
  class space    used 4238K, capacity 4530K, committed 4608K, reserved 1048576K
}
 [Times: user=0.07 sys=0.00, real=0.02 secs] 
2021-04-17T19:27:06.186+0700: 4.758: [GC concurrent-root-region-scan-start]
2021-04-17T19:27:06.186+0700: 4.759: Total time for which application threads were stopped: 0.0242712 seconds, Stopping threads took: 0.0002694 seconds
2021-04-17T19:27:06.190+0700: 4.762: Total time for which application threads were stopped: 0.0003524 seconds, Stopping threads took: 0.0001762 seconds
2021-04-17T19:27:06.197+0700: 4.769: Total time for which application threads were stopped: 0.0001461 seconds, Stopping threads took: 0.0000318 seconds
2021-04-17T19:27:06.199+0700: 4.772: [GC concurrent-root-region-scan-end, 0.0131118 secs]
2021-04-17T19:27:06.199+0700: 4.772: [GC concurrent-mark-start]
2021-04-17T19:27:06.216+0700: 4.788: Total time for which application threads were stopped: 0.0001247 seconds, Stopping threads took: 0.0000230 seconds
2021-04-17T19:27:06.221+0700: 4.793: Total time for which application threads were stopped: 0.0001278 seconds, Stopping threads took: 0.0000376 seconds
2021-04-17T19:27:06.231+0700: 4.804: Total time for which application threads were stopped: 0.0003055 seconds, Stopping threads took: 0.0000378 seconds
2021-04-17T19:27:06.242+0700: 4.814: Total time for which application threads were stopped: 0.0001578 seconds, Stopping threads took: 0.0000421 seconds
2021-04-17T19:27:06.242+0700: 4.814: [GC concurrent-mark-end, 0.0428344 secs]
2021-04-17T19:27:06.242+0700: 4.815: [GC remark 2021-04-17T19:27:06.242+0700: 4.815: [Finalize Marking, 0.0008014 secs] 2021-04-17T19:27:06.243+0700: 4.815: [GC ref-proc, 0.0107251 secs] 2021-04-17T19:27:06.254+0700: 4.826: [Unloading, 0.0088761 secs], 0.0207890 secs]
 [Times: user=0.08 sys=0.00, real=0.02 secs] 
2021-04-17T19:27:06.263+0700: 4.835: Total time for which application threads were stopped: 0.0209953 seconds, Stopping threads took: 0.0000709 seconds
2021-04-17T19:27:06.266+0700: 4.838: [GC cleanup 47M->47M(512M), 0.0008666 secs]
 [Times: user=0.00 sys=0.00, real=0.00 secs] 
2021-04-17T19:27:06.266+0700: 4.839: Total time for which application threads were stopped: 0.0011432 seconds, Stopping threads took: 0.0001240 seconds
2021-04-17T19:27:06.270+0700: 4.843: Total time for which application threads were stopped: 0.0005301 seconds, Stopping threads took: 0.0002711 seconds
2021-04-17T19:27:06.272+0700: 4.845: Total time for which application threads were stopped: 0.0005536 seconds, Stopping threads took: 0.0004161 seconds
2021-04-17T19:27:06.324+0700: 4.896: Total time for which application threads were stopped: 0.0002487 seconds, Stopping threads took: 0.0000977 seconds
2021-04-17T19:27:06.330+0700: 4.902: Total time for which application threads were stopped: 0.0001689 seconds, Stopping threads took: 0.0000570 seconds
2021-04-17T19:27:06.332+0700: 4.905: Total time for which application threads were stopped: 0.0001417 seconds, Stopping threads took: 0.0000368 seconds
2021-04-17T19:27:06.335+0700: 4.907: Total time for which application threads were stopped: 0.0001491 seconds, Stopping threads took: 0.0000531 seconds
2021-04-17T19:27:06.340+0700: 4.912: Total time for which application threads were stopped: 0.0001711 seconds, Stopping threads took: 0.0000695 seconds
2021-04-17T19:27:06.344+0700: 4.917: Total time for which application threads were stopped: 0.0001660 seconds, Stopping threads took: 0.0000821 seconds
2021-04-17T19:27:06.374+0700: 4.947: Total time for which application threads were stopped: 0.0006545 seconds, Stopping threads took: 0.0005568 seconds
2021-04-17T19:27:06.377+0700: 4.949: Total time for which application threads were stopped: 0.0001789 seconds, Stopping threads took: 0.0000792 seconds
2021-04-17T19:27:06.377+0700: 4.949: Total time for which application threads were stopped: 0.0000890 seconds, Stopping threads took: 0.0000120 seconds
2021-04-17T19:27:06.383+0700: 4.955: Total time for which application threads were stopped: 0.0001290 seconds, Stopping threads took: 0.0000424 seconds
2021-04-17T19:27:06.389+0700: 4.961: Total time for which application threads were stopped: 0.0001448 seconds, Stopping threads took: 0.0000454 seconds
2021-04-17T19:27:06.416+0700: 4.988: Total time for which application threads were stopped: 0.0008762 seconds, Stopping threads took: 0.0007335 seconds
2021-04-17T19:27:06.442+0700: 5.014: Total time for which application threads were stopped: 0.0002144 seconds, Stopping threads took: 0.0000919 seconds
2021-04-17T19:27:06.444+0700: 5.017: Total time for which application threads were stopped: 0.0001957 seconds, Stopping threads took: 0.0000645 seconds
2021-04-17T19:27:06.448+0700: 5.020: Total time for which application threads were stopped: 0.0001823 seconds, Stopping threads took: 0.0000612 seconds
2021-04-17T19:27:06.450+0700: 5.022: Total time for which application threads were stopped: 0.0001339 seconds, Stopping threads took: 0.0000433 seconds
2021-04-17T19:27:06.455+0700: 5.027: Total time for which application threads were stopped: 0.0002055 seconds, Stopping threads took: 0.0000825 seconds
2021-04-17T19:27:06.458+0700: 5.030: Total time for which application threads were stopped: 0.0001811 seconds, Stopping threads took: 0.0000561 seconds
2021-04-17T19:27:06.460+0700: 5.033: Total time for which application threads were stopped: 0.0001699 seconds, Stopping threads took: 0.0000350 seconds
2021-04-17T19:27:06.461+0700: 5.033: Total time for which application threads were stopped: 0.0002787 seconds, Stopping threads took: 0.0000385 seconds
2021-04-17T19:27:06.462+0700: 5.034: Total time for which application threads were stopped: 0.0001832 seconds, Stopping threads took: 0.0000489 seconds
2021-04-17T19:27:06.471+0700: 5.044: Total time for which application threads were stopped: 0.0004085 seconds, Stopping threads took: 0.0002362 seconds
2021-04-17T19:27:06.477+0700: 5.049: Total time for which application threads were stopped: 0.0002134 seconds, Stopping threads took: 0.0001031 seconds
2021-04-17T19:27:06.479+0700: 5.052: Total time for which application threads were stopped: 0.0001328 seconds, Stopping threads took: 0.0000421 seconds
2021-04-17T19:27:06.481+0700: 5.053: Total time for which application threads were stopped: 0.0001496 seconds, Stopping threads took: 0.0000455 seconds
2021-04-17T19:27:06.482+0700: 5.055: Total time for which application threads were stopped: 0.0001698 seconds, Stopping threads took: 0.0000456 seconds
2021-04-17T19:27:06.483+0700: 5.055: Total time for which application threads were stopped: 0.0001241 seconds, Stopping threads took: 0.0000347 seconds
2021-04-17T19:27:06.484+0700: 5.057: Total time for which application threads were stopped: 0.0001563 seconds, Stopping threads took: 0.0000242 seconds
2021-04-17T19:27:06.487+0700: 5.059: Total time for which application threads were stopped: 0.0001805 seconds, Stopping threads took: 0.0000562 seconds
2021-04-17T19:27:06.487+0700: 5.059: Total time for which application threads were stopped: 0.0001302 seconds, Stopping threads took: 0.0000285 seconds
2021-04-17T19:27:06.488+0700: 5.060: Total time for which application threads were stopped: 0.0002155 seconds, Stopping threads took: 0.0000778 seconds
2021-04-17T19:27:06.488+0700: 5.061: Total time for which application threads were stopped: 0.0001400 seconds, Stopping threads took: 0.0000241 seconds
2021-04-17T19:27:06.488+0700: 5.061: Total time for which application threads were stopped: 0.0001248 seconds, Stopping threads took: 0.0000288 seconds
2021-04-17T19:27:06.489+0700: 5.062: Total time for which application threads were stopped: 0.0001622 seconds, Stopping threads took: 0.0000333 seconds
2021-04-17T19:27:06.490+0700: 5.062: Total time for which application threads were stopped: 0.0001205 seconds, Stopping threads took: 0.0000428 seconds
2021-04-17T19:27:06.490+0700: 5.062: Total time for which application threads were stopped: 0.0002219 seconds, Stopping threads took: 0.0001360 seconds
2021-04-17T19:27:06.490+0700: 5.062: Total time for which application threads were stopped: 0.0001543 seconds, Stopping threads took: 0.0000638 seconds
2021-04-17T19:27:06.490+0700: 5.063: Total time for which application threads were stopped: 0.0001064 seconds, Stopping threads took: 0.0000315 seconds
2021-04-17T19:27:06.491+0700: 5.063: Total time for which application threads were stopped: 0.0001907 seconds, Stopping threads took: 0.0001175 seconds
2021-04-17T19:27:06.493+0700: 5.065: Total time for which application threads were stopped: 0.0001519 seconds, Stopping threads took: 0.0000360 seconds
2021-04-17T19:27:06.496+0700: 5.069: Total time for which application threads were stopped: 0.0003177 seconds, Stopping threads took: 0.0000357 seconds
2021-04-17T19:27:06.498+0700: 5.070: Total time for which application threads were stopped: 0.0001539 seconds, Stopping threads took: 0.0000446 seconds
2021-04-17T19:27:06.498+0700: 5.071: Total time for which application threads were stopped: 0.0001170 seconds, Stopping threads took: 0.0000408 seconds
2021-04-17T19:27:06.501+0700: 5.073: Total time for which application threads were stopped: 0.0001114 seconds, Stopping threads took: 0.0000331 seconds
2021-04-17T19:27:06.506+0700: 5.078: Total time for which application threads were stopped: 0.0001564 seconds, Stopping threads took: 0.0000614 seconds
2021-04-17T19:27:06.509+0700: 5.081: Total time for which application threads were stopped: 0.0003258 seconds, Stopping threads took: 0.0001275 seconds
2021-04-17T19:27:06.521+0700: 5.093: Total time for which application threads were stopped: 0.0002818 seconds, Stopping threads took: 0.0001950 seconds
2021-04-17T19:27:06.523+0700: 5.095: Total time for which application threads were stopped: 0.0001479 seconds, Stopping threads took: 0.0000351 seconds
2021-04-17T19:27:06.524+0700: 5.096: Total time for which application threads were stopped: 0.0001891 seconds, Stopping threads took: 0.0000451 seconds
2021-04-17T19:27:06.528+0700: 5.100: Total time for which application threads were stopped: 0.0001327 seconds, Stopping threads took: 0.0000221 seconds
2021-04-17T19:27:06.530+0700: 5.103: Total time for which application threads were stopped: 0.0001789 seconds, Stopping threads took: 0.0000605 seconds
2021-04-17T19:27:06.532+0700: 5.104: Total time for which application threads were stopped: 0.0001832 seconds, Stopping threads took: 0.0000755 seconds
2021-04-17T19:27:06.536+0700: 5.108: Total time for which application threads were stopped: 0.0001183 seconds, Stopping threads took: 0.0000375 seconds
2021-04-17T19:27:06.536+0700: 5.108: Total time for which application threads were stopped: 0.0000961 seconds, Stopping threads took: 0.0000359 seconds
2021-04-17T19:27:06.539+0700: 5.111: Total time for which application threads were stopped: 0.0001822 seconds, Stopping threads took: 0.0000628 seconds
2021-04-17T19:27:06.539+0700: 5.111: Total time for which application threads were stopped: 0.0001205 seconds, Stopping threads took: 0.0000323 seconds
2021-04-17T19:27:06.539+0700: 5.112: Total time for which application threads were stopped: 0.0001143 seconds, Stopping threads took: 0.0000260 seconds
2021-04-17T19:27:06.540+0700: 5.112: Total time for which application threads were stopped: 0.0001119 seconds, Stopping threads took: 0.0000236 seconds
2021-04-17T19:27:06.561+0700: 5.134: Total time for which application threads were stopped: 0.0001259 seconds, Stopping threads took: 0.0000235 seconds
2021-04-17T19:27:06.596+0700: 5.168: Total time for which application threads were stopped: 0.0000995 seconds, Stopping threads took: 0.0000199 seconds
2021-04-17T19:27:06.618+0700: 5.190: Total time for which application threads were stopped: 0.0001746 seconds, Stopping threads took: 0.0000811 seconds
2021-04-17T19:27:06.618+0700: 5.190: Total time for which application threads were stopped: 0.0001225 seconds, Stopping threads took: 0.0000354 seconds
2021-04-17T19:27:06.621+0700: 5.193: Total time for which application threads were stopped: 0.0001742 seconds, Stopping threads took: 0.0000393 seconds
2021-04-17T19:27:06.622+0700: 5.194: Total time for which application threads were stopped: 0.0001429 seconds, Stopping threads took: 0.0000378 seconds
2021-04-17T19:27:06.634+0700: 5.206: Total time for which application threads were stopped: 0.0001497 seconds, Stopping threads took: 0.0000450 seconds
2021-04-17T19:27:06.635+0700: 5.207: Total time for which application threads were stopped: 0.0001628 seconds, Stopping threads took: 0.0000435 seconds
2021-04-17T19:27:06.635+0700: 5.207: Total time for which application threads were stopped: 0.0001202 seconds, Stopping threads took: 0.0000304 seconds
2021-04-17T19:27:06.637+0700: 5.210: Total time for which application threads were stopped: 0.0001499 seconds, Stopping threads took: 0.0000446 seconds
2021-04-17T19:27:06.638+0700: 5.210: Total time for which application threads were stopped: 0.0000896 seconds, Stopping threads took: 0.0000142 seconds
2021-04-17T19:27:06.638+0700: 5.210: Total time for which application threads were stopped: 0.0002732 seconds, Stopping threads took: 0.0001946 seconds
2021-04-17T19:27:06.638+0700: 5.211: Total time for which application threads were stopped: 0.0002133 seconds, Stopping threads took: 0.0000348 seconds
2021-04-17T19:27:06.655+0700: 5.227: Total time for which application threads were stopped: 0.0001262 seconds, Stopping threads took: 0.0000369 seconds
2021-04-17T19:27:06.782+0700: 5.355: Total time for which application threads were stopped: 0.0001790 seconds, Stopping threads took: 0.0000426 seconds
2021-04-17T19:27:06.783+0700: 5.356: Total time for which application threads were stopped: 0.0001112 seconds, Stopping threads took: 0.0000205 seconds
2021-04-17T19:27:06.818+0700: 5.390: Total time for which application threads were stopped: 0.0001423 seconds, Stopping threads took: 0.0000527 seconds
2021-04-17T19:27:06.849+0700: 5.421: Total time for which application threads were stopped: 0.0003147 seconds, Stopping threads took: 0.0000494 seconds
2021-04-17T19:27:06.860+0700: 5.432: Total time for which application threads were stopped: 0.0003388 seconds, Stopping threads took: 0.0000733 seconds
2021-04-17T19:27:06.875+0700: 5.447: Total time for which application threads were stopped: 0.0001523 seconds, Stopping threads took: 0.0000459 seconds
2021-04-17T19:27:06.974+0700: 5.547: Total time for which application threads were stopped: 0.0005782 seconds, Stopping threads took: 0.0000377 seconds
2021-04-17T19:27:07.341+0700: 5.913: Total time for which application threads were stopped: 0.0002841 seconds, Stopping threads took: 0.0000629 seconds
2021-04-17T19:27:07.346+0700: 5.918: Total time for which application threads were stopped: 0.0001529 seconds, Stopping threads took: 0.0000399 seconds
2021-04-17T19:27:08.348+0700: 6.920: Total time for which application threads were stopped: 0.0002183 seconds, Stopping threads took: 0.0000482 seconds
2021-04-17T19:27:09.352+0700: 7.924: Total time for which application threads were stopped: 0.0002934 seconds, Stopping threads took: 0.0001077 seconds
2021-04-17T19:27:10.356+0700: 8.928: Total time for which application threads were stopped: 0.0002557 seconds, Stopping threads took: 0.0000535 seconds
2021-04-17T19:27:11.360+0700: 9.932: Total time for which application threads were stopped: 0.0001746 seconds, Stopping threads took: 0.0000359 seconds
2021-04-17T19:27:12.361+0700: 10.933: Total time for which application threads were stopped: 0.0002157 seconds, Stopping threads took: 0.0000453 seconds
2021-04-17T19:27:14.367+0700: 12.939: Total time for which application threads were stopped: 0.0002083 seconds, Stopping threads took: 0.0000478 seconds
2021-04-17T19:27:15.370+0700: 13.942: Total time for which application threads were stopped: 0.0001726 seconds, Stopping threads took: 0.0000375 seconds
2021-04-17T19:27:18.380+0700: 16.952: Total time for which application threads were stopped: 0.0002013 seconds, Stopping threads took: 0.0000507 seconds
2021-04-17T19:27:19.383+0700: 17.955: Total time for which application threads were stopped: 0.0002174 seconds, Stopping threads took: 0.0000436 seconds
2021-04-17T19:27:20.385+0700: 18.957: Total time for which application threads were stopped: 0.0001123 seconds, Stopping threads took: 0.0000254 seconds
2021-04-17T19:27:21.605+0700: 20.177: Total time for which application threads were stopped: 0.0001924 seconds, Stopping threads took: 0.0000319 seconds
2021-04-17T19:27:21.605+0700: 20.177: Total time for which application threads were stopped: 0.0000965 seconds, Stopping threads took: 0.0000162 seconds
2021-04-17T19:27:21.605+0700: 20.177: Total time for which application threads were stopped: 0.0000759 seconds, Stopping threads took: 0.0000122 seconds
2021-04-17T19:27:21.605+0700: 20.177: Total time for which application threads were stopped: 0.0000752 seconds, Stopping threads took: 0.0000122 seconds
2021-04-17T19:27:21.606+0700: 20.177: Total time for which application threads were stopped: 0.0000743 seconds, Stopping threads took: 0.0000122 seconds
2021-04-17T19:27:21.606+0700: 20.177: Total time for which application threads were stopped: 0.0000730 seconds, Stopping threads took: 0.0000120 seconds
2021-04-17T19:27:21.607+0700: 20.179: Total time for which application threads were stopped: 0.0001277 seconds, Stopping threads took: 0.0000179 seconds
2021-04-17T19:27:21.607+0700: 20.179: Total time for which application threads were stopped: 0.0000751 seconds, Stopping threads took: 0.0000142 seconds
2021-04-17T19:27:21.607+0700: 20.179: Total time for which application threads were stopped: 0.0000586 seconds, Stopping threads took: 0.0000107 seconds
2021-04-17T19:27:21.607+0700: 20.179: Total time for which application threads were stopped: 0.0000505 seconds, Stopping threads took: 0.0000092 seconds
2021-04-17T19:27:21.608+0700: 20.179: Total time for which application threads were stopped: 0.0000495 seconds, Stopping threads took: 0.0000092 seconds
2021-04-17T19:27:21.608+0700: 20.179: Total time for which application threads were stopped: 0.0000491 seconds, Stopping threads took: 0.0000088 seconds
2021-04-17T19:27:21.608+0700: 20.180: Total time for which application threads were stopped: 0.0000637 seconds, Stopping threads took: 0.0000147 seconds
2021-04-17T19:27:21.608+0700: 20.180: Total time for which application threads were stopped: 0.0000603 seconds, Stopping threads took: 0.0000167 seconds
2021-04-17T19:27:21.609+0700: 20.181: Total time for which application threads were stopped: 0.0001119 seconds, Stopping threads took: 0.0000247 seconds
2021-04-17T19:27:21.610+0700: 20.181: Total time for which application threads were stopped: 0.0000932 seconds, Stopping threads took: 0.0000152 seconds
2021-04-17T19:27:21.706+0700: 20.278: Total time for which application threads were stopped: 0.0001789 seconds, Stopping threads took: 0.0000358 seconds
2021-04-17T19:27:21.707+0700: 20.278: Total time for which application threads were stopped: 0.0001590 seconds, Stopping threads took: 0.0000554 seconds
2021-04-17T19:27:21.707+0700: 20.279: Total time for which application threads were stopped: 0.0001422 seconds, Stopping threads took: 0.0000475 seconds
2021-04-17T19:27:21.708+0700: 20.280: Total time for which application threads were stopped: 0.0006930 seconds, Stopping threads took: 0.0005416 seconds
2021-04-17T19:27:21.709+0700: 20.280: Total time for which application threads were stopped: 0.0001906 seconds, Stopping threads took: 0.0000838 seconds
2021-04-17T19:27:21.709+0700: 20.281: Total time for which application threads were stopped: 0.0001651 seconds, Stopping threads took: 0.0000327 seconds
2021-04-17T19:27:21.734+0700: 20.306: Total time for which application threads were stopped: 0.0001490 seconds, Stopping threads took: 0.0000294 seconds
2021-04-17T19:27:21.757+0700: 20.329: Total time for which application threads were stopped: 0.0001249 seconds, Stopping threads took: 0.0000242 seconds
{Heap before GC invocations=7 (full 0):
 garbage-first heap   total 524288K, used 331649K [0x00000007a0000000, 0x00000007a0101000, 0x00000007c0000000)
  region size 1024K, 307 young (314368K), 21 survivors (21504K)
 Metaspace       used 42062K, capacity 43468K, committed 43592K, reserved 1087488K
  class space    used 5138K, capacity 5462K, committed 5504K, reserved 1048576K
2021-04-17T19:27:22.557+0700: 21.129: [GC pause (G1 Evacuation Pause) (young) (initial-mark)
Desired survivor size 20447232 bytes, new threshold 15 (max 15)
- age   1:    6259872 bytes,    6259872 total
- age   2:    1257936 bytes,    7517808 total
- age   3:    1199240 bytes,    8717048 total
, 0.0308192 secs]
   [Parallel Time: 12.1 ms, GC Workers: 4]
      [GC Worker Start (ms): Min: 21128.9, Avg: 21128.9, Max: 21129.0, Diff: 0.0]
      [Ext Root Scanning (ms): Min: 1.7, Avg: 1.8, Max: 1.9, Diff: 0.2, Sum: 7.3]
      [Update RS (ms): Min: 0.4, Avg: 0.5, Max: 0.6, Diff: 0.2, Sum: 1.9]
         [Processed Buffers: Min: 1, Avg: 4.2, Max: 9, Diff: 8, Sum: 17]
      [Scan RS (ms): Min: 0.0, Avg: 0.0, Max: 0.1, Diff: 0.0, Sum: 0.2]
      [Code Root Scanning (ms): Min: 0.2, Avg: 0.7, Max: 1.1, Diff: 0.9, Sum: 2.7]
      [Object Copy (ms): Min: 8.6, Avg: 9.0, Max: 9.4, Diff: 0.8, Sum: 35.9]
      [Termination (ms): Min: 0.0, Avg: 0.0, Max: 0.0, Diff: 0.0, Sum: 0.0]
         [Termination Attempts: Min: 1, Avg: 1.2, Max: 2, Diff: 1, Sum: 5]
      [GC Worker Other (ms): Min: 0.0, Avg: 0.0, Max: 0.0, Diff: 0.0, Sum: 0.1]
      [GC Worker Total (ms): Min: 12.0, Avg: 12.0, Max: 12.0, Diff: 0.0, Sum: 48.1]
      [GC Worker End (ms): Min: 21141.0, Avg: 21141.0, Max: 21141.0, Diff: 0.0]
   [Code Root Fixup: 0.1 ms]
   [Code Root Purge: 0.0 ms]
   [Clear CT: 0.1 ms]
   [Other: 18.4 ms]
      [Choose CSet: 0.0 ms]
      [Ref Proc: 17.7 ms]
      [Ref Enq: 0.1 ms]
      [Redirty Cards: 0.0 ms]
      [Humongous Register: 0.0 ms]
      [Humongous Reclaim: 0.0 ms]
      [Free CSet: 0.4 ms]
   [Eden: 286.0M(286.0M)->0.0B(287.0M) Survivors: 21.0M->20.0M Heap: 323.9M(512.0M)->36.0M(512.0M)]
Heap after GC invocations=8 (full 0):
 garbage-first heap   total 524288K, used 36864K [0x00000007a0000000, 0x00000007a0101000, 0x00000007c0000000)
  region size 1024K, 20 young (20480K), 20 survivors (20480K)
 Metaspace       used 42062K, capacity 43468K, committed 43592K, reserved 1087488K
  class space    used 5138K, capacity 5462K, committed 5504K, reserved 1048576K
}
 [Times: user=0.05 sys=0.00, real=0.03 secs] 
2021-04-17T19:27:22.588+0700: 21.160: [GC concurrent-root-region-scan-start]
2021-04-17T19:27:22.588+0700: 21.160: Total time for which application threads were stopped: 0.0319583 seconds, Stopping threads took: 0.0006822 seconds
2021-04-17T19:27:22.606+0700: 21.178: [GC concurrent-root-region-scan-end, 0.0182393 secs]
2021-04-17T19:27:22.606+0700: 21.178: [GC concurrent-mark-start]
2021-04-17T19:27:22.673+0700: 21.245: [GC concurrent-mark-end, 0.0670443 secs]
2021-04-17T19:27:22.686+0700: 21.258: [GC remark 2021-04-17T19:27:22.686+0700: 21.258: [Finalize Marking, 0.0048370 secs] 2021-04-17T19:27:22.691+0700: 21.262: [GC ref-proc, 0.0271743 secs] 2021-04-17T19:27:22.718+0700: 21.290: [Unloading, 0.0095575 secs], 0.0419895 secs]
 [Times: user=0.05 sys=0.01, real=0.04 secs] 
2021-04-17T19:27:22.728+0700: 21.300: Total time for which application threads were stopped: 0.0545132 seconds, Stopping threads took: 0.0122784 seconds
2021-04-17T19:27:22.728+0700: 21.300: [GC cleanup 49M->49M(512M), 0.0009874 secs]
 [Times: user=0.00 sys=0.00, real=0.00 secs] 
2021-04-17T19:27:22.729+0700: 21.301: Total time for which application threads were stopped: 0.0013302 seconds, Stopping threads took: 0.0001543 seconds
2021-04-17T19:27:22.766+0700: 21.338: Total time for which application threads were stopped: 0.0001597 seconds, Stopping threads took: 0.0000263 seconds
2021-04-17T19:27:22.766+0700: 21.338: Total time for which application threads were stopped: 0.0001488 seconds, Stopping threads took: 0.0000486 seconds
2021-04-17T19:27:22.766+0700: 21.338: Total time for which application threads were stopped: 0.0000940 seconds, Stopping threads took: 0.0000120 seconds
2021-04-17T19:27:22.766+0700: 21.338: Total time for which application threads were stopped: 0.0000790 seconds, Stopping threads took: 0.0000082 seconds
2021-04-17T19:27:22.766+0700: 21.338: Total time for which application threads were stopped: 0.0000774 seconds, Stopping threads took: 0.0000075 seconds
2021-04-17T19:27:22.767+0700: 21.338: Total time for which application threads were stopped: 0.0000831 seconds, Stopping threads took: 0.0000078 seconds
2021-04-17T19:27:22.775+0700: 21.347: Total time for which application threads were stopped: 0.0002020 seconds, Stopping threads took: 0.0000758 seconds
2021-04-17T19:27:22.952+0700: 21.523: Total time for which application threads were stopped: 0.0008181 seconds, Stopping threads took: 0.0006191 seconds
2021-04-17T19:27:23.070+0700: 21.642: Total time for which application threads were stopped: 0.0006826 seconds, Stopping threads took: 0.0000409 seconds
2021-04-17T19:27:23.143+0700: 21.715: Total time for which application threads were stopped: 0.0002197 seconds, Stopping threads took: 0.0001171 seconds
2021-04-17T19:27:23.150+0700: 21.722: Total time for which application threads were stopped: 0.0001872 seconds, Stopping threads took: 0.0000619 seconds
2021-04-17T19:27:23.152+0700: 21.724: Total time for which application threads were stopped: 0.0001517 seconds, Stopping threads took: 0.0000320 seconds
2021-04-17T19:27:23.156+0700: 21.728: Total time for which application threads were stopped: 0.0012271 seconds, Stopping threads took: 0.0011029 seconds
2021-04-17T19:27:23.822+0700: 22.393: Total time for which application threads were stopped: 0.0002986 seconds, Stopping threads took: 0.0000451 seconds
2021-04-17T19:27:23.825+0700: 22.397: Total time for which application threads were stopped: 0.0002199 seconds, Stopping threads took: 0.0000602 seconds
2021-04-17T19:27:23.834+0700: 22.406: Total time for which application threads were stopped: 0.0002379 seconds, Stopping threads took: 0.0000558 seconds
2021-04-17T19:27:23.844+0700: 22.416: Total time for which application threads were stopped: 0.0002549 seconds, Stopping threads took: 0.0000442 seconds
2021-04-17T19:27:23.846+0700: 22.418: Total time for which application threads were stopped: 0.0001902 seconds, Stopping threads took: 0.0000375 seconds
2021-04-17T19:27:23.890+0700: 22.461: Total time for which application threads were stopped: 0.0203139 seconds, Stopping threads took: 0.0201067 seconds
{Heap before GC invocations=9 (full 0):
 garbage-first heap   total 524288K, used 330752K [0x00000007a0000000, 0x00000007a0101000, 0x00000007c0000000)
  region size 1024K, 307 young (314368K), 20 survivors (20480K)
 Metaspace       used 46789K, capacity 48448K, committed 48712K, reserved 1091584K
  class space    used 5815K, capacity 6180K, committed 6272K, reserved 1048576K
2021-04-17T19:27:24.352+0700: 22.924: [GC pause (G1 Evacuation Pause) (young)
Desired survivor size 20447232 bytes, new threshold 15 (max 15)
- age   1:    5191064 bytes,    5191064 total
- age   2:    5035592 bytes,   10226656 total
- age   3:    1253648 bytes,   11480304 total
- age   4:    1183888 bytes,   12664192 total
, 0.0520690 secs]
   [Parallel Time: 31.3 ms, GC Workers: 4]
      [GC Worker Start (ms): Min: 22924.0, Avg: 22924.1, Max: 22924.1, Diff: 0.0]
      [Ext Root Scanning (ms): Min: 1.2, Avg: 1.7, Max: 2.9, Diff: 1.8, Sum: 6.7]
      [Update RS (ms): Min: 0.0, Avg: 0.6, Max: 0.8, Diff: 0.8, Sum: 2.2]
         [Processed Buffers: Min: 0, Avg: 3.0, Max: 8, Diff: 8, Sum: 12]
      [Scan RS (ms): Min: 0.0, Avg: 0.0, Max: 0.1, Diff: 0.1, Sum: 0.2]
      [Code Root Scanning (ms): Min: 0.0, Avg: 1.1, Max: 2.1, Diff: 2.1, Sum: 4.2]
      [Object Copy (ms): Min: 16.1, Avg: 17.3, Max: 18.9, Diff: 2.8, Sum: 69.0]
      [Termination (ms): Min: 0.0, Avg: 5.6, Max: 10.8, Diff: 10.8, Sum: 22.4]
         [Termination Attempts: Min: 1, Avg: 3.0, Max: 5, Diff: 4, Sum: 12]
      [GC Worker Other (ms): Min: 0.0, Avg: 0.0, Max: 0.0, Diff: 0.0, Sum: 0.1]
      [GC Worker Total (ms): Min: 21.1, Avg: 26.2, Max: 31.2, Diff: 10.1, Sum: 104.8]
      [GC Worker End (ms): Min: 22945.2, Avg: 22950.3, Max: 22955.3, Diff: 10.1]
   [Code Root Fixup: 0.1 ms]
   [Code Root Purge: 0.0 ms]
   [Clear CT: 0.1 ms]
   [Other: 20.5 ms]
      [Choose CSet: 0.0 ms]
      [Ref Proc: 19.8 ms]
      [Ref Enq: 0.1 ms]
      [Redirty Cards: 0.0 ms]
      [Humongous Register: 0.0 ms]
      [Humongous Reclaim: 0.0 ms]
      [Free CSet: 0.4 ms]
   [Eden: 287.0M(287.0M)->0.0B(280.0M) Survivors: 20.0M->27.0M Heap: 323.0M(512.0M)->43.0M(512.0M)]
Heap after GC invocations=10 (full 0):
 garbage-first heap   total 524288K, used 44032K [0x00000007a0000000, 0x00000007a0101000, 0x00000007c0000000)
  region size 1024K, 27 young (27648K), 27 survivors (27648K)
 Metaspace       used 46789K, capacity 48448K, committed 48712K, reserved 1091584K
  class space    used 5815K, capacity 6180K, committed 6272K, reserved 1048576K
}
 [Times: user=0.12 sys=0.00, real=0.05 secs] 
2021-04-17T19:27:24.404+0700: 22.976: Total time for which application threads were stopped: 0.0525719 seconds, Stopping threads took: 0.0001034 seconds
2021-04-17T19:27:24.418+0700: 22.990: Total time for which application threads were stopped: 0.0005291 seconds, Stopping threads took: 0.0004083 seconds
2021-04-17T19:27:24.420+0700: 22.992: Total time for which application threads were stopped: 0.0001987 seconds, Stopping threads took: 0.0000594 seconds
2021-04-17T19:27:24.425+0700: 22.997: Total time for which application threads were stopped: 0.0007284 seconds, Stopping threads took: 0.0005559 seconds
2021-04-17T19:27:24.603+0700: 23.175: Total time for which application threads were stopped: 0.0007837 seconds, Stopping threads took: 0.0000520 seconds
2021-04-17T19:27:24.617+0700: 23.189: Total time for which application threads were stopped: 0.0001789 seconds, Stopping threads took: 0.0000262 seconds
2021-04-17T19:27:24.653+0700: 23.224: Total time for which application threads were stopped: 0.0006713 seconds, Stopping threads took: 0.0000468 seconds
2021-04-17T19:27:24.653+0700: 23.225: Total time for which application threads were stopped: 0.0001564 seconds, Stopping threads took: 0.0000346 seconds
2021-04-17T19:27:24.658+0700: 23.229: Total time for which application threads were stopped: 0.0006887 seconds, Stopping threads took: 0.0000248 seconds
2021-04-17T19:27:24.727+0700: 23.299: Total time for which application threads were stopped: 0.0003613 seconds, Stopping threads took: 0.0002081 seconds
2021-04-17T19:27:24.758+0700: 23.330: Total time for which application threads were stopped: 0.0001579 seconds, Stopping threads took: 0.0000364 seconds
2021-04-17T19:27:24.772+0700: 23.344: Total time for which application threads were stopped: 0.0007917 seconds, Stopping threads took: 0.0001265 seconds
2021-04-17T19:27:24.785+0700: 23.356: Total time for which application threads were stopped: 0.0018532 seconds, Stopping threads took: 0.0017013 seconds
2021-04-17T19:27:24.785+0700: 23.357: Total time for which application threads were stopped: 0.0001301 seconds, Stopping threads took: 0.0000219 seconds
2021-04-17T19:27:24.786+0700: 23.358: Total time for which application threads were stopped: 0.0001359 seconds, Stopping threads took: 0.0000218 seconds
2021-04-17T19:27:24.787+0700: 23.359: Total time for which application threads were stopped: 0.0001321 seconds, Stopping threads took: 0.0000202 seconds
2021-04-17T19:27:24.797+0700: 23.369: Total time for which application threads were stopped: 0.0006878 seconds, Stopping threads took: 0.0000255 seconds
2021-04-17T19:27:24.801+0700: 23.372: Total time for which application threads were stopped: 0.0001381 seconds, Stopping threads took: 0.0000248 seconds
2021-04-17T19:27:24.870+0700: 23.442: Total time for which application threads were stopped: 0.0003988 seconds, Stopping threads took: 0.0000545 seconds
2021-04-17T19:27:24.872+0700: 23.444: Total time for which application threads were stopped: 0.0001870 seconds, Stopping threads took: 0.0000459 seconds
2021-04-17T19:27:24.952+0700: 23.523: Total time for which application threads were stopped: 0.0001910 seconds, Stopping threads took: 0.0000515 seconds
2021-04-17T19:27:24.974+0700: 23.546: Total time for which application threads were stopped: 0.0007836 seconds, Stopping threads took: 0.0000248 seconds
2021-04-17T19:27:25.010+0700: 23.581: Total time for which application threads were stopped: 0.0038962 seconds, Stopping threads took: 0.0037245 seconds
2021-04-17T19:27:25.099+0700: 23.671: Total time for which application threads were stopped: 0.0001880 seconds, Stopping threads took: 0.0000637 seconds
2021-04-17T19:27:25.105+0700: 23.677: Total time for which application threads were stopped: 0.0001973 seconds, Stopping threads took: 0.0000851 seconds
2021-04-17T19:27:25.109+0700: 23.681: Total time for which application threads were stopped: 0.0001772 seconds, Stopping threads took: 0.0000541 seconds
2021-04-17T19:27:25.156+0700: 23.727: Total time for which application threads were stopped: 0.0235698 seconds, Stopping threads took: 0.0234347 seconds
2021-04-17T19:27:25.156+0700: 23.728: Total time for which application threads were stopped: 0.0002602 seconds, Stopping threads took: 0.0001532 seconds
2021-04-17T19:27:25.232+0700: 23.804: Total time for which application threads were stopped: 0.0326698 seconds, Stopping threads took: 0.0324949 seconds
2021-04-17T19:27:25.233+0700: 23.804: Total time for which application threads were stopped: 0.0001597 seconds, Stopping threads took: 0.0000576 seconds
2021-04-17T19:27:25.673+0700: 24.245: Total time for which application threads were stopped: 0.0003726 seconds, Stopping threads took: 0.0000249 seconds
2021-04-17T19:27:25.673+0700: 24.245: Total time for which application threads were stopped: 0.0001639 seconds, Stopping threads took: 0.0000321 seconds
2021-04-17T19:27:25.674+0700: 24.245: Total time for which application threads were stopped: 0.0001517 seconds, Stopping threads took: 0.0000154 seconds
2021-04-17T19:27:25.696+0700: 24.268: Total time for which application threads were stopped: 0.0001625 seconds, Stopping threads took: 0.0000280 seconds
2021-04-17T19:27:25.699+0700: 24.271: Total time for which application threads were stopped: 0.0008479 seconds, Stopping threads took: 0.0006951 seconds
2021-04-17T19:27:25.701+0700: 24.272: Total time for which application threads were stopped: 0.0002115 seconds, Stopping threads took: 0.0000802 seconds
2021-04-17T19:27:25.714+0700: 24.285: Total time for which application threads were stopped: 0.0002439 seconds, Stopping threads took: 0.0000453 seconds
2021-04-17T19:27:25.714+0700: 24.286: Total time for which application threads were stopped: 0.0001698 seconds, Stopping threads took: 0.0000311 seconds
2021-04-17T19:27:25.716+0700: 24.287: Total time for which application threads were stopped: 0.0001987 seconds, Stopping threads took: 0.0000388 seconds
2021-04-17T19:27:25.716+0700: 24.288: Total time for which application threads were stopped: 0.0001854 seconds, Stopping threads took: 0.0000469 seconds
2021-04-17T19:27:25.716+0700: 24.288: Total time for which application threads were stopped: 0.0001464 seconds, Stopping threads took: 0.0000297 seconds
2021-04-17T19:27:25.716+0700: 24.288: Total time for which application threads were stopped: 0.0001324 seconds, Stopping threads took: 0.0000124 seconds
2021-04-17T19:27:25.732+0700: 24.304: Total time for which application threads were stopped: 0.0007944 seconds, Stopping threads took: 0.0000441 seconds
2021-04-17T19:27:25.785+0700: 24.357: Total time for which application threads were stopped: 0.0002080 seconds, Stopping threads took: 0.0000495 seconds
2021-04-17T19:27:25.789+0700: 24.361: Total time for which application threads were stopped: 0.0008064 seconds, Stopping threads took: 0.0000547 seconds
2021-04-17T19:27:25.832+0700: 24.403: Total time for which application threads were stopped: 0.0002220 seconds, Stopping threads took: 0.0000435 seconds
2021-04-17T19:27:26.212+0700: 24.784: Total time for which application threads were stopped: 0.0002743 seconds, Stopping threads took: 0.0000465 seconds
2021-04-17T19:27:26.222+0700: 24.794: Total time for which application threads were stopped: 0.0001708 seconds, Stopping threads took: 0.0000301 seconds
2021-04-17T19:27:26.223+0700: 24.795: Total time for which application threads were stopped: 0.0001893 seconds, Stopping threads took: 0.0000538 seconds
2021-04-17T19:27:26.288+0700: 24.860: Total time for which application threads were stopped: 0.0002113 seconds, Stopping threads took: 0.0000451 seconds
2021-04-17T19:27:26.289+0700: 24.861: Total time for which application threads were stopped: 0.0001644 seconds, Stopping threads took: 0.0000263 seconds
2021-04-17T19:27:26.302+0700: 24.874: Total time for which application threads were stopped: 0.0002406 seconds, Stopping threads took: 0.0000426 seconds
2021-04-17T19:27:26.304+0700: 24.875: Total time for which application threads were stopped: 0.0005081 seconds, Stopping threads took: 0.0000641 seconds
2021-04-17T19:27:26.305+0700: 24.877: Total time for which application threads were stopped: 0.0002242 seconds, Stopping threads took: 0.0000589 seconds
2021-04-17T19:27:26.307+0700: 24.878: Total time for which application threads were stopped: 0.0002213 seconds, Stopping threads took: 0.0000688 seconds
2021-04-17T19:27:26.329+0700: 24.901: Total time for which application threads were stopped: 0.0002345 seconds, Stopping threads took: 0.0000556 seconds
2021-04-17T19:27:26.336+0700: 24.908: Total time for which application threads were stopped: 0.0002821 seconds, Stopping threads took: 0.0000747 seconds
2021-04-17T19:27:26.337+0700: 24.908: Total time for which application threads were stopped: 0.0002059 seconds, Stopping threads took: 0.0000479 seconds
2021-04-17T19:27:26.337+0700: 24.909: Total time for which application threads were stopped: 0.0001767 seconds, Stopping threads took: 0.0000434 seconds
2021-04-17T19:27:26.338+0700: 24.909: Total time for which application threads were stopped: 0.0001761 seconds, Stopping threads took: 0.0000411 seconds
2021-04-17T19:27:26.338+0700: 24.910: Total time for which application threads were stopped: 0.0001705 seconds, Stopping threads took: 0.0000398 seconds
2021-04-17T19:27:26.442+0700: 25.014: Total time for which application threads were stopped: 0.0002160 seconds, Stopping threads took: 0.0000470 seconds
2021-04-17T19:27:26.646+0700: 25.217: Total time for which application threads were stopped: 0.0002545 seconds, Stopping threads took: 0.0000358 seconds
{Heap before GC invocations=10 (full 0):
 garbage-first heap   total 524288K, used 330752K [0x00000007a0000000, 0x00000007a0101000, 0x00000007c0000000)
  region size 1024K, 307 young (314368K), 27 survivors (27648K)
 Metaspace       used 51468K, capacity 53708K, committed 53960K, reserved 1095680K
  class space    used 6402K, capacity 6860K, committed 6912K, reserved 1048576K
2021-04-17T19:27:26.749+0700: 25.320: [GC pause (G1 Evacuation Pause) (young)
Desired survivor size 20447232 bytes, new threshold 15 (max 15)
- age   1:    7956760 bytes,    7956760 total
- age   2:    4378904 bytes,   12335664 total
- age   3:    5022824 bytes,   17358488 total
- age   4:    1252624 bytes,   18611112 total
- age   5:    1181736 bytes,   19792848 total
, 0.0985923 secs]
   [Parallel Time: 28.8 ms, GC Workers: 4]
      [GC Worker Start (ms): Min: 25320.4, Avg: 25320.5, Max: 25320.6, Diff: 0.2]
      [Ext Root Scanning (ms): Min: 1.8, Avg: 2.7, Max: 3.9, Diff: 2.1, Sum: 10.7]
      [Update RS (ms): Min: 0.0, Avg: 0.5, Max: 0.8, Diff: 0.8, Sum: 2.0]
         [Processed Buffers: Min: 0, Avg: 5.0, Max: 16, Diff: 16, Sum: 20]
      [Scan RS (ms): Min: 0.0, Avg: 0.0, Max: 0.1, Diff: 0.1, Sum: 0.2]
      [Code Root Scanning (ms): Min: 0.0, Avg: 1.8, Max: 3.7, Diff: 3.7, Sum: 7.0]
      [Object Copy (ms): Min: 21.4, Avg: 23.7, Max: 24.8, Diff: 3.4, Sum: 94.9]
      [Termination (ms): Min: 0.0, Avg: 0.0, Max: 0.0, Diff: 0.0, Sum: 0.0]
         [Termination Attempts: Min: 1, Avg: 1.2, Max: 2, Diff: 1, Sum: 5]
      [GC Worker Other (ms): Min: 0.0, Avg: 0.0, Max: 0.0, Diff: 0.0, Sum: 0.1]
      [GC Worker Total (ms): Min: 28.6, Avg: 28.7, Max: 28.8, Diff: 0.1, Sum: 114.9]
      [GC Worker End (ms): Min: 25349.2, Avg: 25349.2, Max: 25349.2, Diff: 0.0]
   [Code Root Fixup: 0.1 ms]
   [Code Root Purge: 0.0 ms]
   [Clear CT: 0.2 ms]
   [Other: 69.4 ms]
      [Choose CSet: 0.0 ms]
      [Ref Proc: 68.4 ms]
      [Ref Enq: 0.2 ms]
      [Redirty Cards: 0.2 ms]
      [Humongous Register: 0.0 ms]
      [Humongous Reclaim: 0.0 ms]
      [Free CSet: 0.5 ms]
   [Eden: 280.0M(280.0M)->0.0B(272.0M) Survivors: 27.0M->35.0M Heap: 323.0M(512.0M)->50.5M(512.0M)]
Heap after GC invocations=11 (full 0):
 garbage-first heap   total 524288K, used 51712K [0x00000007a0000000, 0x00000007a0101000, 0x00000007c0000000)
  region size 1024K, 35 young (35840K), 35 survivors (35840K)
 Metaspace       used 51468K, capacity 53708K, committed 53960K, reserved 1095680K
  class space    used 6402K, capacity 6860K, committed 6912K, reserved 1048576K
}
 [Times: user=0.12 sys=0.00, real=0.10 secs] 
2021-04-17T19:27:26.847+0700: 25.419: Total time for which application threads were stopped: 0.0991550 seconds, Stopping threads took: 0.0001836 seconds
2021-04-17T19:27:26.854+0700: 25.426: Total time for which application threads were stopped: 0.0002977 seconds, Stopping threads took: 0.0001175 seconds
2021-04-17T19:27:26.862+0700: 25.434: Total time for which application threads were stopped: 0.0002676 seconds, Stopping threads took: 0.0000797 seconds
2021-04-17T19:27:27.207+0700: 25.779: Total time for which application threads were stopped: 0.0003648 seconds, Stopping threads took: 0.0000625 seconds
2021-04-17T19:27:27.209+0700: 25.781: Total time for which application threads were stopped: 0.0002575 seconds, Stopping threads took: 0.0000773 seconds
2021-04-17T19:27:27.210+0700: 25.782: Total time for which application threads were stopped: 0.0002580 seconds, Stopping threads took: 0.0000881 seconds
2021-04-17T19:27:27.313+0700: 25.885: Total time for which application threads were stopped: 0.0003944 seconds, Stopping threads took: 0.0000723 seconds
2021-04-17T19:27:27.382+0700: 25.953: Total time for which application threads were stopped: 0.0002250 seconds, Stopping threads took: 0.0000469 seconds
2021-04-17T19:27:27.414+0700: 25.985: Total time for which application threads were stopped: 0.0040963 seconds, Stopping threads took: 0.0039150 seconds
2021-04-17T19:27:27.422+0700: 25.994: Total time for which application threads were stopped: 0.0002159 seconds, Stopping threads took: 0.0000543 seconds
2021-04-17T19:27:27.478+0700: 26.049: Total time for which application threads were stopped: 0.0021453 seconds, Stopping threads took: 0.0019495 seconds
2021-04-17T19:27:27.532+0700: 26.104: Total time for which application threads were stopped: 0.0032202 seconds, Stopping threads took: 0.0030173 seconds
2021-04-17T19:27:27.547+0700: 26.119: Total time for which application threads were stopped: 0.0065334 seconds, Stopping threads took: 0.0062793 seconds
2021-04-17T19:27:27.557+0700: 26.128: Total time for which application threads were stopped: 0.0005410 seconds, Stopping threads took: 0.0003569 seconds
2021-04-17T19:27:27.585+0700: 26.157: Total time for which application threads were stopped: 0.0022487 seconds, Stopping threads took: 0.0020198 seconds
2021-04-17T19:27:27.589+0700: 26.161: Total time for which application threads were stopped: 0.0015924 seconds, Stopping threads took: 0.0002165 seconds
2021-04-17T19:27:27.602+0700: 26.174: Total time for which application threads were stopped: 0.0047572 seconds, Stopping threads took: 0.0038833 seconds
2021-04-17T19:27:27.605+0700: 26.177: Total time for which application threads were stopped: 0.0004023 seconds, Stopping threads took: 0.0002118 seconds
2021-04-17T19:27:27.619+0700: 26.190: Total time for which application threads were stopped: 0.0002666 seconds, Stopping threads took: 0.0000522 seconds
2021-04-17T19:27:27.621+0700: 26.192: Total time for which application threads were stopped: 0.0002536 seconds, Stopping threads took: 0.0000599 seconds
2021-04-17T19:27:27.635+0700: 26.206: Total time for which application threads were stopped: 0.0002415 seconds, Stopping threads took: 0.0000530 seconds
2021-04-17T19:27:27.649+0700: 26.220: Total time for which application threads were stopped: 0.0002664 seconds, Stopping threads took: 0.0000323 seconds
2021-04-17T19:27:27.669+0700: 26.241: Total time for which application threads were stopped: 0.0003315 seconds, Stopping threads took: 0.0000809 seconds
2021-04-17T19:27:27.669+0700: 26.241: Total time for which application threads were stopped: 0.0002237 seconds, Stopping threads took: 0.0000410 seconds
2021-04-17T19:27:27.670+0700: 26.241: Total time for which application threads were stopped: 0.0002060 seconds, Stopping threads took: 0.0000208 seconds
2021-04-17T19:27:27.673+0700: 26.244: Total time for which application threads were stopped: 0.0002164 seconds, Stopping threads took: 0.0000352 seconds
2021-04-17T19:27:27.681+0700: 26.253: Total time for which application threads were stopped: 0.0002210 seconds, Stopping threads took: 0.0000331 seconds
2021-04-17T19:27:27.689+0700: 26.260: Total time for which application threads were stopped: 0.0002748 seconds, Stopping threads took: 0.0000966 seconds
2021-04-17T19:27:27.690+0700: 26.261: Total time for which application threads were stopped: 0.0002137 seconds, Stopping threads took: 0.0000465 seconds
2021-04-17T19:27:27.690+0700: 26.262: Total time for which application threads were stopped: 0.0001797 seconds, Stopping threads took: 0.0000349 seconds
2021-04-17T19:27:27.698+0700: 26.269: Total time for which application threads were stopped: 0.0002644 seconds, Stopping threads took: 0.0000645 seconds
2021-04-17T19:27:27.714+0700: 26.285: Total time for which application threads were stopped: 0.0115717 seconds, Stopping threads took: 0.0113429 seconds
2021-04-17T19:27:27.721+0700: 26.292: Total time for which application threads were stopped: 0.0002877 seconds, Stopping threads took: 0.0000842 seconds
2021-04-17T19:27:27.729+0700: 26.301: Total time for which application threads were stopped: 0.0002627 seconds, Stopping threads took: 0.0000637 seconds
2021-04-17T19:27:27.738+0700: 26.310: Total time for which application threads were stopped: 0.0004571 seconds, Stopping threads took: 0.0002731 seconds
2021-04-17T19:27:27.740+0700: 26.312: Total time for which application threads were stopped: 0.0002412 seconds, Stopping threads took: 0.0000623 seconds
2021-04-17T19:27:27.740+0700: 26.312: Total time for which application threads were stopped: 0.0001917 seconds, Stopping threads took: 0.0000344 seconds
2021-04-17T19:27:27.741+0700: 26.312: Total time for which application threads were stopped: 0.0002007 seconds, Stopping threads took: 0.0000574 seconds
2021-04-17T19:27:27.741+0700: 26.313: Total time for which application threads were stopped: 0.0002643 seconds, Stopping threads took: 0.0000282 seconds
2021-04-17T19:27:27.751+0700: 26.322: Total time for which application threads were stopped: 0.0002592 seconds, Stopping threads took: 0.0000608 seconds
2021-04-17T19:27:27.787+0700: 26.358: Total time for which application threads were stopped: 0.0002094 seconds, Stopping threads took: 0.0000306 seconds
2021-04-17T19:27:28.014+0700: 26.586: Total time for which application threads were stopped: 0.0003208 seconds, Stopping threads took: 0.0000339 seconds
2021-04-17T19:27:28.021+0700: 26.593: Total time for which application threads were stopped: 0.0002266 seconds, Stopping threads took: 0.0000332 seconds
2021-04-17T19:27:28.238+0700: 26.810: Total time for which application threads were stopped: 0.0003363 seconds, Stopping threads took: 0.0001106 seconds
2021-04-17T19:27:28.366+0700: 26.938: Total time for which application threads were stopped: 0.0002102 seconds, Stopping threads took: 0.0000445 seconds
2021-04-17T19:27:28.568+0700: 27.140: Total time for which application threads were stopped: 0.0002201 seconds, Stopping threads took: 0.0000515 seconds
2021-04-17T19:27:28.569+0700: 27.141: Total time for which application threads were stopped: 0.0001526 seconds, Stopping threads took: 0.0000175 seconds
2021-04-17T19:27:28.576+0700: 27.148: Total time for which application threads were stopped: 0.0001973 seconds, Stopping threads took: 0.0000429 seconds
2021-04-17T19:27:28.578+0700: 27.149: Total time for which application threads were stopped: 0.0002545 seconds, Stopping threads took: 0.0000481 seconds
2021-04-17T19:27:28.609+0700: 27.181: Total time for which application threads were stopped: 0.0001960 seconds, Stopping threads took: 0.0000579 seconds
2021-04-17T19:27:28.694+0700: 27.266: Total time for which application threads were stopped: 0.0002104 seconds, Stopping threads took: 0.0000349 seconds
2021-04-17T19:27:28.767+0700: 27.338: Total time for which application threads were stopped: 0.0002196 seconds, Stopping threads took: 0.0000505 seconds
2021-04-17T19:27:28.948+0700: 27.520: Total time for which application threads were stopped: 0.0002125 seconds, Stopping threads took: 0.0000599 seconds
2021-04-17T19:27:28.956+0700: 27.527: Total time for which application threads were stopped: 0.0001970 seconds, Stopping threads took: 0.0000312 seconds
2021-04-17T19:27:28.958+0700: 27.529: Total time for which application threads were stopped: 0.0002051 seconds, Stopping threads took: 0.0000445 seconds
2021-04-17T19:27:28.961+0700: 27.533: Total time for which application threads were stopped: 0.0002312 seconds, Stopping threads took: 0.0000527 seconds
2021-04-17T19:27:28.962+0700: 27.533: Total time for which application threads were stopped: 0.0001925 seconds, Stopping threads took: 0.0000448 seconds
2021-04-17T19:27:28.962+0700: 27.534: Total time for which application threads were stopped: 0.0001896 seconds, Stopping threads took: 0.0000369 seconds
2021-04-17T19:27:28.962+0700: 27.534: Total time for which application threads were stopped: 0.0001894 seconds, Stopping threads took: 0.0000425 seconds
2021-04-17T19:27:28.962+0700: 27.534: Total time for which application threads were stopped: 0.0001762 seconds, Stopping threads took: 0.0000367 seconds
2021-04-17T19:27:28.963+0700: 27.534: Total time for which application threads were stopped: 0.0001468 seconds, Stopping threads took: 0.0000161 seconds
2021-04-17T19:27:28.963+0700: 27.534: Total time for which application threads were stopped: 0.0001713 seconds, Stopping threads took: 0.0000349 seconds
2021-04-17T19:27:28.963+0700: 27.535: Total time for which application threads were stopped: 0.0001614 seconds, Stopping threads took: 0.0000321 seconds
2021-04-17T19:27:28.963+0700: 27.535: Total time for which application threads were stopped: 0.0001448 seconds, Stopping threads took: 0.0000155 seconds
2021-04-17T19:27:28.964+0700: 27.535: Total time for which application threads were stopped: 0.0004459 seconds, Stopping threads took: 0.0000328 seconds
2021-04-17T19:27:29.304+0700: 27.876: Total time for which application threads were stopped: 0.0002902 seconds, Stopping threads took: 0.0000798 seconds
{Heap before GC invocations=11 (full 0):
 garbage-first heap   total 524288K, used 330240K [0x00000007a0000000, 0x00000007a0101000, 0x00000007c0000000)
  region size 1024K, 307 young (314368K), 35 survivors (35840K)
 Metaspace       used 52552K, capacity 54864K, committed 55112K, reserved 1097728K
  class space    used 6510K, capacity 6974K, committed 7040K, reserved 1048576K
2021-04-17T19:27:29.339+0700: 27.911: [GC pause (G1 Evacuation Pause) (young)
Desired survivor size 20447232 bytes, new threshold 3 (max 15)
- age   1:    9015968 bytes,    9015968 total
- age   2:    7769672 bytes,   16785640 total
- age   3:    4371928 bytes,   21157568 total
- age   4:    5016256 bytes,   26173824 total
- age   5:    1252432 bytes,   27426256 total
- age   6:    1181704 bytes,   28607960 total
, 0.1148129 secs]
   [Parallel Time: 55.9 ms, GC Workers: 4]
      [GC Worker Start (ms): Min: 27910.8, Avg: 27911.3, Max: 27912.5, Diff: 1.7]
      [Ext Root Scanning (ms): Min: 0.4, Avg: 1.8, Max: 3.1, Diff: 2.8, Sum: 7.1]
      [Update RS (ms): Min: 0.2, Avg: 0.6, Max: 0.8, Diff: 0.6, Sum: 2.2]
         [Processed Buffers: Min: 1, Avg: 4.8, Max: 12, Diff: 11, Sum: 19]
      [Scan RS (ms): Min: 0.0, Avg: 0.0, Max: 0.1, Diff: 0.1, Sum: 0.2]
      [Code Root Scanning (ms): Min: 0.0, Avg: 1.2, Max: 1.7, Diff: 1.7, Sum: 5.0]
      [Object Copy (ms): Min: 50.7, Avg: 51.7, Max: 52.9, Diff: 2.2, Sum: 206.7]
      [Termination (ms): Min: 0.0, Avg: 0.0, Max: 0.0, Diff: 0.0, Sum: 0.1]
         [Termination Attempts: Min: 1, Avg: 1.5, Max: 2, Diff: 1, Sum: 6]
      [GC Worker Other (ms): Min: 0.0, Avg: 0.0, Max: 0.0, Diff: 0.0, Sum: 0.1]
      [GC Worker Total (ms): Min: 54.1, Avg: 55.3, Max: 55.8, Diff: 1.7, Sum: 221.3]
      [GC Worker End (ms): Min: 27966.6, Avg: 27966.6, Max: 27966.6, Diff: 0.0]
   [Code Root Fixup: 0.2 ms]
   [Code Root Purge: 0.1 ms]
   [Clear CT: 0.2 ms]
   [Other: 58.4 ms]
      [Choose CSet: 0.0 ms]
      [Ref Proc: 57.2 ms]
      [Ref Enq: 0.1 ms]
      [Redirty Cards: 0.2 ms]
      [Humongous Register: 0.0 ms]
      [Humongous Reclaim: 0.0 ms]
      [Free CSet: 0.7 ms]
   [Eden: 272.0M(272.0M)->0.0B(272.0M) Survivors: 35.0M->35.0M Heap: 322.5M(512.0M)->62.3M(512.0M)]
Heap after GC invocations=12 (full 0):
 garbage-first heap   total 524288K, used 63833K [0x00000007a0000000, 0x00000007a0101000, 0x00000007c0000000)
  region size 1024K, 35 young (35840K), 35 survivors (35840K)
 Metaspace       used 52552K, capacity 54864K, committed 55112K, reserved 1097728K
  class space    used 6510K, capacity 6974K, committed 7040K, reserved 1048576K
}
 [Times: user=0.20 sys=0.01, real=0.12 secs] 
2021-04-17T19:27:29.454+0700: 28.026: Total time for which application threads were stopped: 0.1278814 seconds, Stopping threads took: 0.0126213 seconds
2021-04-17T19:27:29.462+0700: 28.034: Total time for which application threads were stopped: 0.0002627 seconds, Stopping threads took: 0.0001038 seconds
2021-04-17T19:27:29.462+0700: 28.034: Total time for which application threads were stopped: 0.0001899 seconds, Stopping threads took: 0.0000169 seconds
2021-04-17T19:27:29.463+0700: 28.035: Total time for which application threads were stopped: 0.0004923 seconds, Stopping threads took: 0.0002800 seconds
2021-04-17T19:27:29.464+0700: 28.035: Total time for which application threads were stopped: 0.0002433 seconds, Stopping threads took: 0.0000712 seconds
2021-04-17T19:27:29.468+0700: 28.039: Total time for which application threads were stopped: 0.0004337 seconds, Stopping threads took: 0.0001541 seconds
2021-04-17T19:27:29.504+0700: 28.076: Total time for which application threads were stopped: 0.0194686 seconds, Stopping threads took: 0.0192667 seconds
2021-04-17T19:27:29.576+0700: 28.148: Total time for which application threads were stopped: 0.0467786 seconds, Stopping threads took: 0.0465061 seconds
2021-04-17T19:27:29.715+0700: 28.287: Total time for which application threads were stopped: 0.0574709 seconds, Stopping threads took: 0.0572090 seconds
2021-04-17T19:27:30.046+0700: 28.618: Total time for which application threads were stopped: 0.0072522 seconds, Stopping threads took: 0.0069866 seconds
2021-04-17T19:27:30.170+0700: 28.742: Total time for which application threads were stopped: 0.0013643 seconds, Stopping threads took: 0.0011406 seconds
2021-04-17T19:27:30.177+0700: 28.748: Total time for which application threads were stopped: 0.0002099 seconds, Stopping threads took: 0.0000324 seconds
2021-04-17T19:27:30.225+0700: 28.797: Total time for which application threads were stopped: 0.0007883 seconds, Stopping threads took: 0.0006002 seconds
2021-04-17T19:27:30.270+0700: 28.842: Total time for which application threads were stopped: 0.0049175 seconds, Stopping threads took: 0.0047233 seconds
2021-04-17T19:27:30.466+0700: 29.037: Total time for which application threads were stopped: 0.0006206 seconds, Stopping threads took: 0.0003741 seconds
2021-04-17T19:27:30.473+0700: 29.044: Total time for which application threads were stopped: 0.0004811 seconds, Stopping threads took: 0.0003150 seconds
2021-04-17T19:27:30.483+0700: 29.054: Total time for which application threads were stopped: 0.0002463 seconds, Stopping threads took: 0.0000767 seconds
2021-04-17T19:27:30.518+0700: 29.090: Total time for which application threads were stopped: 0.0002010 seconds, Stopping threads took: 0.0000319 seconds
2021-04-17T19:27:30.524+0700: 29.096: Total time for which application threads were stopped: 0.0002051 seconds, Stopping threads took: 0.0000488 seconds
2021-04-17T19:27:30.963+0700: 29.534: Total time for which application threads were stopped: 0.0001595 seconds, Stopping threads took: 0.0000282 seconds
2021-04-17T19:27:30.963+0700: 29.535: Total time for which application threads were stopped: 0.0001191 seconds, Stopping threads took: 0.0000126 seconds
2021-04-17T19:27:30.963+0700: 29.535: Total time for which application threads were stopped: 0.0001019 seconds, Stopping threads took: 0.0000113 seconds
2021-04-17T19:27:30.971+0700: 29.542: Total time for which application threads were stopped: 0.0002123 seconds, Stopping threads took: 0.0000453 seconds
2021-04-17T19:27:30.972+0700: 29.543: Total time for which application threads were stopped: 0.0002580 seconds, Stopping threads took: 0.0000627 seconds
2021-04-17T19:27:30.972+0700: 29.544: Total time for which application threads were stopped: 0.0004716 seconds, Stopping threads took: 0.0002214 seconds
2021-04-17T19:27:30.973+0700: 29.544: Total time for which application threads were stopped: 0.0002595 seconds, Stopping threads took: 0.0000347 seconds
2021-04-17T19:27:30.974+0700: 29.546: Total time for which application threads were stopped: 0.0001748 seconds, Stopping threads took: 0.0000295 seconds
2021-04-17T19:27:30.975+0700: 29.546: Total time for which application threads were stopped: 0.0001427 seconds, Stopping threads took: 0.0000183 seconds
2021-04-17T19:27:30.975+0700: 29.546: Total time for which application threads were stopped: 0.0001504 seconds, Stopping threads took: 0.0000319 seconds
2021-04-17T19:27:30.980+0700: 29.552: Total time for which application threads were stopped: 0.0002083 seconds, Stopping threads took: 0.0000652 seconds
2021-04-17T19:27:30.981+0700: 29.552: Total time for which application threads were stopped: 0.0001629 seconds, Stopping threads took: 0.0000399 seconds
2021-04-17T19:27:30.981+0700: 29.552: Total time for which application threads were stopped: 0.0001348 seconds, Stopping threads took: 0.0000303 seconds
2021-04-17T19:27:30.983+0700: 29.554: Total time for which application threads were stopped: 0.0001930 seconds, Stopping threads took: 0.0000559 seconds
2021-04-17T19:27:30.983+0700: 29.555: Total time for which application threads were stopped: 0.0002360 seconds, Stopping threads took: 0.0000434 seconds
2021-04-17T19:27:31.424+0700: 29.996: Total time for which application threads were stopped: 0.0002290 seconds, Stopping threads took: 0.0000311 seconds
2021-04-17T19:27:31.474+0700: 30.045: Total time for which application threads were stopped: 0.0002435 seconds, Stopping threads took: 0.0000394 seconds
2021-04-17T19:27:31.478+0700: 30.050: Total time for which application threads were stopped: 0.0003504 seconds, Stopping threads took: 0.0001586 seconds
2021-04-17T19:27:31.482+0700: 30.054: Total time for which application threads were stopped: 0.0001906 seconds, Stopping threads took: 0.0000311 seconds
2021-04-17T19:27:31.490+0700: 30.061: Total time for which application threads were stopped: 0.0005940 seconds, Stopping threads took: 0.0000445 seconds
2021-04-17T19:27:31.503+0700: 30.074: Total time for which application threads were stopped: 0.0002976 seconds, Stopping threads took: 0.0001136 seconds
2021-04-17T19:27:31.600+0700: 30.171: Total time for which application threads were stopped: 0.0166303 seconds, Stopping threads took: 0.0164497 seconds
2021-04-17T19:27:31.628+0700: 30.200: Total time for which application threads were stopped: 0.0005526 seconds, Stopping threads took: 0.0003844 seconds
2021-04-17T19:27:31.628+0700: 30.200: Total time for which application threads were stopped: 0.0001437 seconds, Stopping threads took: 0.0000184 seconds
2021-04-17T19:27:31.666+0700: 30.238: Total time for which application threads were stopped: 0.0001893 seconds, Stopping threads took: 0.0000299 seconds
2021-04-17T19:27:31.715+0700: 30.286: Total time for which application threads were stopped: 0.0002106 seconds, Stopping threads took: 0.0000494 seconds
2021-04-17T19:27:31.715+0700: 30.286: Total time for which application threads were stopped: 0.0001604 seconds, Stopping threads took: 0.0000215 seconds
2021-04-17T19:27:31.728+0700: 30.300: Total time for which application threads were stopped: 0.0002206 seconds, Stopping threads took: 0.0000595 seconds
2021-04-17T19:27:31.729+0700: 30.300: Total time for which application threads were stopped: 0.0001823 seconds, Stopping threads took: 0.0000475 seconds
2021-04-17T19:27:31.729+0700: 30.300: Total time for which application threads were stopped: 0.0001526 seconds, Stopping threads took: 0.0000283 seconds
2021-04-17T19:27:31.729+0700: 30.301: Total time for which application threads were stopped: 0.0001616 seconds, Stopping threads took: 0.0000372 seconds
2021-04-17T19:27:31.730+0700: 30.301: Total time for which application threads were stopped: 0.0001920 seconds, Stopping threads took: 0.0000517 seconds
2021-04-17T19:27:31.730+0700: 30.302: Total time for which application threads were stopped: 0.0001841 seconds, Stopping threads took: 0.0000437 seconds
2021-04-17T19:27:31.731+0700: 30.302: Total time for which application threads were stopped: 0.0002087 seconds, Stopping threads took: 0.0000371 seconds
2021-04-17T19:27:31.733+0700: 30.305: Total time for which application threads were stopped: 0.0002164 seconds, Stopping threads took: 0.0000513 seconds
2021-04-17T19:27:31.744+0700: 30.316: Total time for which application threads were stopped: 0.0002805 seconds, Stopping threads took: 0.0000318 seconds
2021-04-17T19:27:31.758+0700: 30.330: Total time for which application threads were stopped: 0.0002463 seconds, Stopping threads took: 0.0000540 seconds
2021-04-17T19:27:31.800+0700: 30.371: Total time for which application threads were stopped: 0.0002371 seconds, Stopping threads took: 0.0000680 seconds
2021-04-17T19:27:31.800+0700: 30.371: Total time for which application threads were stopped: 0.0001439 seconds, Stopping threads took: 0.0000166 seconds
2021-04-17T19:27:31.801+0700: 30.373: Total time for which application threads were stopped: 0.0001888 seconds, Stopping threads took: 0.0000411 seconds
2021-04-17T19:27:31.802+0700: 30.373: Total time for which application threads were stopped: 0.0001458 seconds, Stopping threads took: 0.0000158 seconds
2021-04-17T19:27:31.827+0700: 30.398: Total time for which application threads were stopped: 0.0001886 seconds, Stopping threads took: 0.0000314 seconds
2021-04-17T19:27:31.829+0700: 30.400: Total time for which application threads were stopped: 0.0001869 seconds, Stopping threads took: 0.0000307 seconds
2021-04-17T19:27:31.831+0700: 30.402: Total time for which application threads were stopped: 0.0001863 seconds, Stopping threads took: 0.0000295 seconds
2021-04-17T19:27:31.831+0700: 30.402: Total time for which application threads were stopped: 0.0001769 seconds, Stopping threads took: 0.0000386 seconds
2021-04-17T19:27:31.831+0700: 30.403: Total time for which application threads were stopped: 0.0001993 seconds, Stopping threads took: 0.0000662 seconds
2021-04-17T19:27:31.833+0700: 30.404: Total time for which application threads were stopped: 0.0001780 seconds, Stopping threads took: 0.0000267 seconds
2021-04-17T19:27:31.833+0700: 30.404: Total time for which application threads were stopped: 0.0002031 seconds, Stopping threads took: 0.0000488 seconds
2021-04-17T19:27:31.833+0700: 30.405: Total time for which application threads were stopped: 0.0001575 seconds, Stopping threads took: 0.0000279 seconds
2021-04-17T19:27:31.846+0700: 30.417: Total time for which application threads were stopped: 0.0048994 seconds, Stopping threads took: 0.0047358 seconds
2021-04-17T19:27:31.848+0700: 30.420: Total time for which application threads were stopped: 0.0002316 seconds, Stopping threads took: 0.0000525 seconds
2021-04-17T19:27:31.853+0700: 30.425: Total time for which application threads were stopped: 0.0002012 seconds, Stopping threads took: 0.0000468 seconds
2021-04-17T19:27:31.853+0700: 30.425: Total time for which application threads were stopped: 0.0001421 seconds, Stopping threads took: 0.0000203 seconds
2021-04-17T19:27:31.854+0700: 30.425: Total time for which application threads were stopped: 0.0001287 seconds, Stopping threads took: 0.0000158 seconds
2021-04-17T19:27:33.009+0700: 31.580: Total time for which application threads were stopped: 0.0001706 seconds, Stopping threads took: 0.0000305 seconds
2021-04-17T19:27:33.009+0700: 31.581: Total time for which application threads were stopped: 0.0001151 seconds, Stopping threads took: 0.0000122 seconds
2021-04-17T19:27:33.009+0700: 31.581: Total time for which application threads were stopped: 0.0000759 seconds, Stopping threads took: 0.0000109 seconds
2021-04-17T19:27:33.010+0700: 31.581: Total time for which application threads were stopped: 0.0001310 seconds, Stopping threads took: 0.0000668 seconds
2021-04-17T19:27:33.010+0700: 31.581: Total time for which application threads were stopped: 0.0002576 seconds, Stopping threads took: 0.0000094 seconds
2021-04-17T19:27:33.021+0700: 31.592: Total time for which application threads were stopped: 0.0001659 seconds, Stopping threads took: 0.0000320 seconds
2021-04-17T19:27:33.294+0700: 31.866: Total time for which application threads were stopped: 0.0002825 seconds, Stopping threads took: 0.0000797 seconds
2021-04-17T19:27:33.336+0700: 31.907: Total time for which application threads were stopped: 0.0018149 seconds, Stopping threads took: 0.0016504 seconds
2021-04-17T19:27:33.635+0700: 32.206: Total time for which application threads were stopped: 0.0002196 seconds, Stopping threads took: 0.0000497 seconds
2021-04-17T19:27:33.749+0700: 32.320: Total time for which application threads were stopped: 0.0002050 seconds, Stopping threads took: 0.0000479 seconds
2021-04-17T19:27:34.144+0700: 32.716: Total time for which application threads were stopped: 0.0002546 seconds, Stopping threads took: 0.0000418 seconds
2021-04-17T19:27:34.151+0700: 32.723: Total time for which application threads were stopped: 0.0002700 seconds, Stopping threads took: 0.0000592 seconds
2021-04-17T19:27:34.151+0700: 32.723: Total time for which application threads were stopped: 0.0002229 seconds, Stopping threads took: 0.0000524 seconds
2021-04-17T19:27:34.152+0700: 32.723: Total time for which application threads were stopped: 0.0001933 seconds, Stopping threads took: 0.0000552 seconds
2021-04-17T19:27:34.152+0700: 32.723: Total time for which application threads were stopped: 0.0002069 seconds, Stopping threads took: 0.0000698 seconds
2021-04-17T19:27:34.152+0700: 32.724: Total time for which application threads were stopped: 0.0002257 seconds, Stopping threads took: 0.0000695 seconds
2021-04-17T19:27:34.153+0700: 32.724: Total time for which application threads were stopped: 0.0002102 seconds, Stopping threads took: 0.0000562 seconds
2021-04-17T19:27:34.153+0700: 32.724: Total time for which application threads were stopped: 0.0001628 seconds, Stopping threads took: 0.0000192 seconds
2021-04-17T19:27:34.154+0700: 32.725: Total time for which application threads were stopped: 0.0008701 seconds, Stopping threads took: 0.0000175 seconds
2021-04-17T19:27:34.154+0700: 32.725: Total time for which application threads were stopped: 0.0001729 seconds, Stopping threads took: 0.0000247 seconds
2021-04-17T19:27:34.155+0700: 32.726: Total time for which application threads were stopped: 0.0004917 seconds, Stopping threads took: 0.0000207 seconds
2021-04-17T19:27:35.156+0700: 33.728: Total time for which application threads were stopped: 0.0003183 seconds, Stopping threads took: 0.0000465 seconds
2021-04-17T19:27:45.734+0700: 44.305: Total time for which application threads were stopped: 0.0002499 seconds, Stopping threads took: 0.0000477 seconds
2021-04-17T19:27:45.883+0700: 44.454: Total time for which application threads were stopped: 0.0001944 seconds, Stopping threads took: 0.0000303 seconds
2021-04-17T19:27:45.883+0700: 44.454: Total time for which application threads were stopped: 0.0001724 seconds, Stopping threads took: 0.0000426 seconds
2021-04-17T19:27:45.884+0700: 44.455: Total time for which application threads were stopped: 0.0001572 seconds, Stopping threads took: 0.0000428 seconds
2021-04-17T19:27:45.884+0700: 44.455: Total time for which application threads were stopped: 0.0001424 seconds, Stopping threads took: 0.0000362 seconds
2021-04-17T19:27:45.884+0700: 44.455: Total time for which application threads were stopped: 0.0001118 seconds, Stopping threads took: 0.0000300 seconds
2021-04-17T19:27:45.887+0700: 44.458: Total time for which application threads were stopped: 0.0002139 seconds, Stopping threads took: 0.0000637 seconds
2021-04-17T19:27:45.888+0700: 44.459: Total time for which application threads were stopped: 0.0001910 seconds, Stopping threads took: 0.0000506 seconds
2021-04-17T19:27:45.889+0700: 44.460: Total time for which application threads were stopped: 0.0001730 seconds, Stopping threads took: 0.0000445 seconds
2021-04-17T19:27:45.890+0700: 44.461: Total time for which application threads were stopped: 0.0001727 seconds, Stopping threads took: 0.0000259 seconds
2021-04-17T19:27:45.891+0700: 44.462: Total time for which application threads were stopped: 0.0001769 seconds, Stopping threads took: 0.0000465 seconds
2021-04-17T19:27:45.891+0700: 44.462: Total time for which application threads were stopped: 0.0001406 seconds, Stopping threads took: 0.0000205 seconds
2021-04-17T19:27:45.892+0700: 44.463: Total time for which application threads were stopped: 0.0002309 seconds, Stopping threads took: 0.0000441 seconds
2021-04-17T19:27:45.894+0700: 44.465: Total time for which application threads were stopped: 0.0002042 seconds, Stopping threads took: 0.0000682 seconds
2021-04-17T19:27:45.899+0700: 44.470: Total time for which application threads were stopped: 0.0002122 seconds, Stopping threads took: 0.0000543 seconds
2021-04-17T19:27:45.899+0700: 44.470: Total time for which application threads were stopped: 0.0001659 seconds, Stopping threads took: 0.0000342 seconds
2021-04-17T19:27:45.900+0700: 44.471: Total time for which application threads were stopped: 0.0001805 seconds, Stopping threads took: 0.0000346 seconds
2021-04-17T19:27:45.901+0700: 44.472: Total time for which application threads were stopped: 0.0001498 seconds, Stopping threads took: 0.0000298 seconds
2021-04-17T19:27:45.901+0700: 44.472: Total time for which application threads were stopped: 0.0001716 seconds, Stopping threads took: 0.0000453 seconds
2021-04-17T19:27:45.902+0700: 44.473: Total time for which application threads were stopped: 0.0001516 seconds, Stopping threads took: 0.0000406 seconds
2021-04-17T19:27:45.902+0700: 44.473: Total time for which application threads were stopped: 0.0003707 seconds, Stopping threads took: 0.0000162 seconds
2021-04-17T19:27:46.044+0700: 44.615: Total time for which application threads were stopped: 0.0002389 seconds, Stopping threads took: 0.0000477 seconds
2021-04-17T19:27:46.045+0700: 44.616: Total time for which application threads were stopped: 0.0001442 seconds, Stopping threads took: 0.0000230 seconds
2021-04-17T19:27:46.045+0700: 44.616: Total time for which application threads were stopped: 0.0001638 seconds, Stopping threads took: 0.0000450 seconds
2021-04-17T19:27:46.045+0700: 44.616: Total time for which application threads were stopped: 0.0001431 seconds, Stopping threads took: 0.0000329 seconds
2021-04-17T19:27:46.045+0700: 44.617: Total time for which application threads were stopped: 0.0001291 seconds, Stopping threads took: 0.0000324 seconds
2021-04-17T19:27:46.047+0700: 44.618: Total time for which application threads were stopped: 0.0001565 seconds, Stopping threads took: 0.0000243 seconds
2021-04-17T19:27:46.059+0700: 44.630: Total time for which application threads were stopped: 0.0002107 seconds, Stopping threads took: 0.0000595 seconds
2021-04-17T19:27:46.065+0700: 44.636: Total time for which application threads were stopped: 0.0001757 seconds, Stopping threads took: 0.0000313 seconds
2021-04-17T19:27:46.065+0700: 44.636: Total time for which application threads were stopped: 0.0001327 seconds, Stopping threads took: 0.0000205 seconds
2021-04-17T19:27:46.066+0700: 44.637: Total time for which application threads were stopped: 0.0008552 seconds, Stopping threads took: 0.0000356 seconds
2021-04-17T19:27:46.103+0700: 44.674: Total time for which application threads were stopped: 0.0001694 seconds, Stopping threads took: 0.0000304 seconds
2021-04-17T19:27:46.103+0700: 44.674: Total time for which application threads were stopped: 0.0001481 seconds, Stopping threads took: 0.0000402 seconds
2021-04-17T19:27:46.103+0700: 44.674: Total time for which application threads were stopped: 0.0001053 seconds, Stopping threads took: 0.0000261 seconds
2021-04-17T19:27:46.135+0700: 44.706: Total time for which application threads were stopped: 0.0015104 seconds, Stopping threads took: 0.0013442 seconds
2021-04-17T19:27:46.147+0700: 44.718: Total time for which application threads were stopped: 0.0030857 seconds, Stopping threads took: 0.0029190 seconds
2021-04-17T19:27:46.191+0700: 44.762: Total time for which application threads were stopped: 0.0002234 seconds, Stopping threads took: 0.0000326 seconds
2021-04-17T19:27:46.191+0700: 44.763: Total time for which application threads were stopped: 0.0001583 seconds, Stopping threads took: 0.0000256 seconds
2021-04-17T19:27:46.283+0700: 44.854: Total time for which application threads were stopped: 0.0001602 seconds, Stopping threads took: 0.0000293 seconds
2021-04-17T19:27:46.295+0700: 44.866: Total time for which application threads were stopped: 0.0002062 seconds, Stopping threads took: 0.0000336 seconds
2021-04-17T19:27:46.295+0700: 44.866: Total time for which application threads were stopped: 0.0001513 seconds, Stopping threads took: 0.0000307 seconds
2021-04-17T19:27:46.295+0700: 44.866: Total time for which application threads were stopped: 0.0001002 seconds, Stopping threads took: 0.0000120 seconds
2021-04-17T19:27:46.295+0700: 44.866: Total time for which application threads were stopped: 0.0001012 seconds, Stopping threads took: 0.0000124 seconds
2021-04-17T19:27:47.296+0700: 45.867: Total time for which application threads were stopped: 0.0004628 seconds, Stopping threads took: 0.0000885 seconds
2021-04-17T19:27:51.458+0700: 50.029: Total time for which application threads were stopped: 0.0003562 seconds, Stopping threads took: 0.0000381 seconds
2021-04-17T19:27:51.461+0700: 50.032: Total time for which application threads were stopped: 0.0001843 seconds, Stopping threads took: 0.0000333 seconds
{Heap before GC invocations=12 (full 0):
 garbage-first heap   total 524288K, used 344537K [0x00000007a0000000, 0x00000007a0101000, 0x00000007c0000000)
  region size 1024K, 307 young (314368K), 35 survivors (35840K)
 Metaspace       used 56105K, capacity 58812K, committed 58952K, reserved 1101824K
  class space    used 6961K, capacity 7449K, committed 7552K, reserved 1048576K
2021-04-17T19:27:56.568+0700: 55.138: [GC pause (G1 Evacuation Pause) (young)
Desired survivor size 20447232 bytes, new threshold 2 (max 15)
- age   1:   19452016 bytes,   19452016 total
- age   2:    3733304 bytes,   23185320 total
- age   3:    7751200 bytes,   30936520 total
, 0.1266761 secs]
   [Parallel Time: 87.9 ms, GC Workers: 4]
      [GC Worker Start (ms): Min: 55138.4, Avg: 55138.6, Max: 55139.1, Diff: 0.7]
      [Ext Root Scanning (ms): Min: 1.0, Avg: 2.0, Max: 3.6, Diff: 2.6, Sum: 8.2]
      [Update RS (ms): Min: 0.0, Avg: 1.0, Max: 1.4, Diff: 1.4, Sum: 4.1]
         [Processed Buffers: Min: 0, Avg: 11.8, Max: 21, Diff: 21, Sum: 47]
      [Scan RS (ms): Min: 0.3, Avg: 0.9, Max: 1.1, Diff: 0.9, Sum: 3.5]
      [Code Root Scanning (ms): Min: 0.1, Avg: 0.5, Max: 1.0, Diff: 0.9, Sum: 2.1]
      [Object Copy (ms): Min: 74.7, Avg: 75.5, Max: 76.8, Diff: 2.1, Sum: 301.8]
      [Termination (ms): Min: 0.0, Avg: 4.2, Max: 7.9, Diff: 7.9, Sum: 16.8]
         [Termination Attempts: Min: 1, Avg: 1.2, Max: 2, Diff: 1, Sum: 5]
      [GC Worker Other (ms): Min: 0.0, Avg: 0.0, Max: 0.0, Diff: 0.0, Sum: 0.1]
      [GC Worker Total (ms): Min: 80.7, Avg: 84.1, Max: 87.8, Diff: 7.1, Sum: 336.5]
      [GC Worker End (ms): Min: 55219.2, Avg: 55222.7, Max: 55226.2, Diff: 7.0]
   [Code Root Fixup: 0.0 ms]
   [Code Root Purge: 0.0 ms]
   [Clear CT: 0.3 ms]
   [Other: 38.4 ms]
      [Choose CSet: 0.0 ms]
      [Ref Proc: 37.6 ms]
      [Ref Enq: 0.2 ms]
      [Redirty Cards: 0.2 ms]
      [Humongous Register: 0.0 ms]
      [Humongous Reclaim: 0.0 ms]
      [Free CSet: 0.2 ms]
   [Eden: 272.0M(272.0M)->0.0B(268.0M) Survivors: 35.0M->39.0M Heap: 336.5M(512.0M)->82.1M(512.0M)]
Heap after GC invocations=13 (full 0):
 garbage-first heap   total 524288K, used 84096K [0x00000007a0000000, 0x00000007a0101000, 0x00000007c0000000)
  region size 1024K, 39 young (39936K), 39 survivors (39936K)
 Metaspace       used 56105K, capacity 58812K, committed 58952K, reserved 1101824K
  class space    used 6961K, capacity 7449K, committed 7552K, reserved 1048576K
}
 [Times: user=0.23 sys=0.02, real=0.13 secs] 
2021-04-17T19:27:56.694+0700: 55.265: Total time for which application threads were stopped: 0.1271407 seconds, Stopping threads took: 0.0000424 seconds
2021-04-17T19:27:56.703+0700: 55.273: Total time for which application threads were stopped: 0.0002272 seconds, Stopping threads took: 0.0000433 seconds
2021-04-17T19:27:56.703+0700: 55.274: Total time for which application threads were stopped: 0.0001898 seconds, Stopping threads took: 0.0000488 seconds
2021-04-17T19:27:56.703+0700: 55.274: Total time for which application threads were stopped: 0.0001620 seconds, Stopping threads took: 0.0000257 seconds
2021-04-17T19:27:56.986+0700: 55.556: Total time for which application threads were stopped: 0.0002794 seconds, Stopping threads took: 0.0000314 seconds
2021-04-17T19:27:56.986+0700: 55.557: Total time for which application threads were stopped: 0.0001606 seconds, Stopping threads took: 0.0000435 seconds
2021-04-17T19:27:56.996+0700: 55.567: Total time for which application threads were stopped: 0.0002035 seconds, Stopping threads took: 0.0000563 seconds
2021-04-17T19:27:56.996+0700: 55.567: Total time for which application threads were stopped: 0.0001449 seconds, Stopping threads took: 0.0000326 seconds
2021-04-17T19:27:56.997+0700: 55.567: Total time for which application threads were stopped: 0.0001430 seconds, Stopping threads took: 0.0000318 seconds
2021-04-17T19:27:56.997+0700: 55.568: Total time for which application threads were stopped: 0.0001447 seconds, Stopping threads took: 0.0000226 seconds
2021-04-17T19:27:57.011+0700: 55.582: Total time for which application threads were stopped: 0.0002290 seconds, Stopping threads took: 0.0000631 seconds
2021-04-17T19:27:57.012+0700: 55.583: Total time for which application threads were stopped: 0.0001548 seconds, Stopping threads took: 0.0000279 seconds
2021-04-17T19:27:57.012+0700: 55.583: Total time for which application threads were stopped: 0.0001390 seconds, Stopping threads took: 0.0000218 seconds
2021-04-17T19:27:57.056+0700: 55.627: Total time for which application threads were stopped: 0.0002086 seconds, Stopping threads took: 0.0000482 seconds
2021-04-17T19:27:57.063+0700: 55.633: Total time for which application threads were stopped: 0.0003763 seconds, Stopping threads took: 0.0002332 seconds
2021-04-17T19:27:57.063+0700: 55.634: Total time for which application threads were stopped: 0.0001624 seconds, Stopping threads took: 0.0000464 seconds
2021-04-17T19:27:57.063+0700: 55.634: Total time for which application threads were stopped: 0.0001252 seconds, Stopping threads took: 0.0000304 seconds
2021-04-17T19:27:57.078+0700: 55.649: Total time for which application threads were stopped: 0.0101134 seconds, Stopping threads took: 0.0098564 seconds
2021-04-17T19:27:57.137+0700: 55.708: Total time for which application threads were stopped: 0.0002195 seconds, Stopping threads took: 0.0000605 seconds
2021-04-17T19:27:57.138+0700: 55.709: Total time for which application threads were stopped: 0.0002343 seconds, Stopping threads took: 0.0000947 seconds
2021-04-17T19:27:57.197+0700: 55.767: Total time for which application threads were stopped: 0.0001946 seconds, Stopping threads took: 0.0000399 seconds
2021-04-17T19:27:57.206+0700: 55.776: Total time for which application threads were stopped: 0.0001630 seconds, Stopping threads took: 0.0000316 seconds
2021-04-17T19:27:57.206+0700: 55.777: Total time for which application threads were stopped: 0.0001430 seconds, Stopping threads took: 0.0000366 seconds
2021-04-17T19:27:57.206+0700: 55.777: Total time for which application threads were stopped: 0.0001110 seconds, Stopping threads took: 0.0000272 seconds
2021-04-17T19:27:57.206+0700: 55.777: Total time for which application threads were stopped: 0.0001144 seconds, Stopping threads took: 0.0000272 seconds
2021-04-17T19:27:57.462+0700: 56.032: Total time for which application threads were stopped: 0.0002587 seconds, Stopping threads took: 0.0000553 seconds
2021-04-17T19:27:57.463+0700: 56.033: Total time for which application threads were stopped: 0.0001564 seconds, Stopping threads took: 0.0000267 seconds
2021-04-17T19:27:57.463+0700: 56.034: Total time for which application threads were stopped: 0.0001691 seconds, Stopping threads took: 0.0000420 seconds
2021-04-17T19:27:57.463+0700: 56.034: Total time for which application threads were stopped: 0.0001561 seconds, Stopping threads took: 0.0000421 seconds
2021-04-17T19:27:57.464+0700: 56.035: Total time for which application threads were stopped: 0.0001894 seconds, Stopping threads took: 0.0000571 seconds
2021-04-17T19:27:57.464+0700: 56.035: Total time for which application threads were stopped: 0.0001355 seconds, Stopping threads took: 0.0000186 seconds
2021-04-17T19:27:57.474+0700: 56.044: Total time for which application threads were stopped: 0.0002162 seconds, Stopping threads took: 0.0000541 seconds
2021-04-17T19:27:57.475+0700: 56.046: Total time for which application threads were stopped: 0.0002237 seconds, Stopping threads took: 0.0000480 seconds
2021-04-17T19:27:57.476+0700: 56.047: Total time for which application threads were stopped: 0.0001949 seconds, Stopping threads took: 0.0000289 seconds
2021-04-17T19:27:57.531+0700: 56.102: Total time for which application threads were stopped: 0.0001765 seconds, Stopping threads took: 0.0000311 seconds
2021-04-17T19:27:57.531+0700: 56.102: Total time for which application threads were stopped: 0.0002282 seconds, Stopping threads took: 0.0000225 seconds
2021-04-17T19:27:57.531+0700: 56.102: Total time for which application threads were stopped: 0.0001554 seconds, Stopping threads took: 0.0000383 seconds
2021-04-17T19:27:57.566+0700: 56.137: Total time for which application threads were stopped: 0.0002028 seconds, Stopping threads took: 0.0000320 seconds
2021-04-17T19:27:57.566+0700: 56.137: Total time for which application threads were stopped: 0.0002060 seconds, Stopping threads took: 0.0000726 seconds
2021-04-17T19:27:57.611+0700: 56.181: Total time for which application threads were stopped: 0.0001622 seconds, Stopping threads took: 0.0000314 seconds
2021-04-17T19:27:57.621+0700: 56.192: Total time for which application threads were stopped: 0.0001666 seconds, Stopping threads took: 0.0000315 seconds
2021-04-17T19:27:57.621+0700: 56.192: Total time for which application threads were stopped: 0.0001351 seconds, Stopping threads took: 0.0000208 seconds
2021-04-17T19:27:57.622+0700: 56.192: Total time for which application threads were stopped: 0.0001227 seconds, Stopping threads took: 0.0000177 seconds
2021-04-17T19:27:57.622+0700: 56.192: Total time for which application threads were stopped: 0.0001229 seconds, Stopping threads took: 0.0000152 seconds
2021-04-17T19:27:58.624+0700: 57.195: Total time for which application threads were stopped: 0.0002732 seconds, Stopping threads took: 0.0000481 seconds
2021-04-17T19:28:05.387+0700: 63.958: Total time for which application threads were stopped: 0.0002698 seconds, Stopping threads took: 0.0000413 seconds
2021-04-17T19:28:05.388+0700: 63.959: Total time for which application threads were stopped: 0.0001653 seconds, Stopping threads took: 0.0000219 seconds
2021-04-17T19:28:05.403+0700: 63.974: Total time for which application threads were stopped: 0.0014519 seconds, Stopping threads took: 0.0000349 seconds
2021-04-17T19:28:05.416+0700: 63.987: Total time for which application threads were stopped: 0.0002419 seconds, Stopping threads took: 0.0000462 seconds
2021-04-17T19:28:05.655+0700: 64.225: Total time for which application threads were stopped: 0.0003345 seconds, Stopping threads took: 0.0000502 seconds
2021-04-17T19:28:05.662+0700: 64.233: Total time for which application threads were stopped: 0.0001982 seconds, Stopping threads took: 0.0000462 seconds
2021-04-17T19:28:05.664+0700: 64.234: Total time for which application threads were stopped: 0.0001869 seconds, Stopping threads took: 0.0000310 seconds
2021-04-17T19:28:05.667+0700: 64.238: Total time for which application threads were stopped: 0.0009128 seconds, Stopping threads took: 0.0000308 seconds
2021-04-17T19:28:05.680+0700: 64.251: Total time for which application threads were stopped: 0.0006646 seconds, Stopping threads took: 0.0004480 seconds
2021-04-17T19:28:05.708+0700: 64.279: Total time for which application threads were stopped: 0.0001878 seconds, Stopping threads took: 0.0000294 seconds
2021-04-17T19:28:05.714+0700: 64.284: Total time for which application threads were stopped: 0.0002040 seconds, Stopping threads took: 0.0000634 seconds
2021-04-17T19:28:05.714+0700: 64.284: Total time for which application threads were stopped: 0.0001444 seconds, Stopping threads took: 0.0000346 seconds
2021-04-17T19:28:05.799+0700: 64.370: Total time for which application threads were stopped: 0.0002436 seconds, Stopping threads took: 0.0000472 seconds
2021-04-17T19:28:05.803+0700: 64.373: Total time for which application threads were stopped: 0.0002648 seconds, Stopping threads took: 0.0000891 seconds
2021-04-17T19:28:05.822+0700: 64.393: Total time for which application threads were stopped: 0.0029221 seconds, Stopping threads took: 0.0026649 seconds
{Heap before GC invocations=13 (full 0):
 garbage-first heap   total 524288K, used 358528K [0x00000007a0000000, 0x00000007a0101000, 0x00000007c0000000)
  region size 1024K, 307 young (314368K), 39 survivors (39936K)
 Metaspace       used 57074K, capacity 59964K, committed 60104K, reserved 1101824K
  class space    used 7072K, capacity 7655K, committed 7680K, reserved 1048576K
2021-04-17T19:28:06.082+0700: 64.652: [GC pause (G1 Evacuation Pause) (young)
Desired survivor size 20447232 bytes, new threshold 2 (max 15)
- age   1:   19548432 bytes,   19548432 total
- age   2:   15999720 bytes,   35548152 total
, 0.0993073 secs]
   [Parallel Time: 53.7 ms, GC Workers: 4]
      [GC Worker Start (ms): Min: 64652.5, Avg: 64652.5, Max: 64652.5, Diff: 0.0]
      [Ext Root Scanning (ms): Min: 2.0, Avg: 3.0, Max: 4.6, Diff: 2.6, Sum: 12.1]
      [Update RS (ms): Min: 0.1, Avg: 1.5, Max: 2.3, Diff: 2.3, Sum: 5.9]
         [Processed Buffers: Min: 2, Avg: 9.2, Max: 21, Diff: 19, Sum: 37]
      [Scan RS (ms): Min: 1.8, Avg: 2.0, Max: 2.1, Diff: 0.3, Sum: 8.1]
      [Code Root Scanning (ms): Min: 0.0, Avg: 0.2, Max: 0.4, Diff: 0.4, Sum: 0.7]
      [Object Copy (ms): Min: 46.6, Avg: 46.9, Max: 47.2, Diff: 0.6, Sum: 187.6]
      [Termination (ms): Min: 0.0, Avg: 0.0, Max: 0.0, Diff: 0.0, Sum: 0.0]
         [Termination Attempts: Min: 1, Avg: 1.2, Max: 2, Diff: 1, Sum: 5]
      [GC Worker Other (ms): Min: 0.0, Avg: 0.0, Max: 0.0, Diff: 0.0, Sum: 0.1]
      [GC Worker Total (ms): Min: 53.6, Avg: 53.7, Max: 53.7, Diff: 0.1, Sum: 214.6]
      [GC Worker End (ms): Min: 64706.1, Avg: 64706.1, Max: 64706.1, Diff: 0.0]
   [Code Root Fixup: 0.0 ms]
   [Code Root Purge: 0.0 ms]
   [Clear CT: 0.1 ms]
   [Other: 45.4 ms]
      [Choose CSet: 0.0 ms]
      [Ref Proc: 44.8 ms]
      [Ref Enq: 0.1 ms]
      [Redirty Cards: 0.1 ms]
      [Humongous Register: 0.0 ms]
      [Humongous Reclaim: 0.0 ms]
      [Free CSet: 0.2 ms]
   [Eden: 268.0M(268.0M)->0.0B(272.0M) Survivors: 39.0M->35.0M Heap: 350.1M(512.0M)->91.1M(512.0M)]
Heap after GC invocations=14 (full 0):
 garbage-first heap   total 524288K, used 93312K [0x00000007a0000000, 0x00000007a0101000, 0x00000007c0000000)
  region size 1024K, 35 young (35840K), 35 survivors (35840K)
 Metaspace       used 57074K, capacity 59964K, committed 60104K, reserved 1101824K
  class space    used 7072K, capacity 7655K, committed 7680K, reserved 1048576K
}
 [Times: user=0.18 sys=0.01, real=0.10 secs] 
2021-04-17T19:28:06.181+0700: 64.752: Total time for which application threads were stopped: 0.0998996 seconds, Stopping threads took: 0.0000692 seconds
2021-04-17T19:28:06.191+0700: 64.761: Total time for which application threads were stopped: 0.0002463 seconds, Stopping threads took: 0.0000742 seconds
2021-04-17T19:28:06.244+0700: 64.814: Total time for which application threads were stopped: 0.0002916 seconds, Stopping threads took: 0.0000580 seconds
2021-04-17T19:28:06.257+0700: 64.828: Total time for which application threads were stopped: 0.0002988 seconds, Stopping threads took: 0.0000709 seconds
2021-04-17T19:28:06.490+0700: 65.061: Total time for which application threads were stopped: 0.0003446 seconds, Stopping threads took: 0.0000551 seconds
2021-04-17T19:28:06.498+0700: 65.068: Total time for which application threads were stopped: 0.0002873 seconds, Stopping threads took: 0.0000574 seconds
2021-04-17T19:28:06.954+0700: 65.525: Total time for which application threads were stopped: 0.0004121 seconds, Stopping threads took: 0.0000606 seconds
2021-04-17T19:28:07.696+0700: 66.266: Total time for which application threads were stopped: 0.0004104 seconds, Stopping threads took: 0.0000841 seconds
2021-04-17T19:28:07.990+0700: 66.560: Total time for which application threads were stopped: 0.0003824 seconds, Stopping threads took: 0.0000541 seconds
2021-04-17T19:28:08.992+0700: 67.563: Total time for which application threads were stopped: 0.0009522 seconds, Stopping threads took: 0.0006706 seconds
2021-04-17T19:28:09.996+0700: 68.567: Total time for which application threads were stopped: 0.0007796 seconds, Stopping threads took: 0.0005230 seconds
{Heap before GC invocations=14 (full 0):
 garbage-first heap   total 524288K, used 371840K [0x00000007a0000000, 0x00000007a0101000, 0x00000007c0000000)
  region size 1024K, 307 young (314368K), 35 survivors (35840K)
 Metaspace       used 58033K, capacity 60964K, committed 61128K, reserved 1103872K
  class space    used 7074K, capacity 7655K, committed 7680K, reserved 1048576K
2021-04-17T19:28:10.457+0700: 69.027: [GC pause (G1 Evacuation Pause) (young)
Desired survivor size 20447232 bytes, new threshold 2 (max 15)
- age   1:   16251336 bytes,   16251336 total
- age   2:   16183320 bytes,   32434656 total
, 0.0859546 secs]
   [Parallel Time: 38.5 ms, GC Workers: 4]
      [GC Worker Start (ms): Min: 69027.3, Avg: 69027.4, Max: 69027.4, Diff: 0.1]
      [Ext Root Scanning (ms): Min: 0.9, Avg: 1.1, Max: 1.4, Diff: 0.5, Sum: 4.3]
      [Update RS (ms): Min: 1.6, Avg: 1.8, Max: 1.8, Diff: 0.2, Sum: 7.0]
         [Processed Buffers: Min: 3, Avg: 7.2, Max: 14, Diff: 11, Sum: 29]
      [Scan RS (ms): Min: 0.9, Avg: 1.6, Max: 1.9, Diff: 1.1, Sum: 6.5]
      [Code Root Scanning (ms): Min: 0.1, Avg: 0.5, Max: 1.3, Diff: 1.2, Sum: 2.0]
      [Object Copy (ms): Min: 33.2, Avg: 33.5, Max: 33.7, Diff: 0.5, Sum: 133.8]
      [Termination (ms): Min: 0.0, Avg: 0.0, Max: 0.0, Diff: 0.0, Sum: 0.0]
         [Termination Attempts: Min: 1, Avg: 2.2, Max: 4, Diff: 3, Sum: 9]
      [GC Worker Other (ms): Min: 0.0, Avg: 0.0, Max: 0.0, Diff: 0.0, Sum: 0.1]
      [GC Worker Total (ms): Min: 38.4, Avg: 38.5, Max: 38.5, Diff: 0.1, Sum: 153.9]
      [GC Worker End (ms): Min: 69065.8, Avg: 69065.9, Max: 69065.9, Diff: 0.0]
   [Code Root Fixup: 0.1 ms]
   [Code Root Purge: 0.1 ms]
   [Clear CT: 0.7 ms]
   [Other: 46.5 ms]
      [Choose CSet: 0.0 ms]
      [Ref Proc: 45.8 ms]
      [Ref Enq: 0.1 ms]
      [Redirty Cards: 0.2 ms]
      [Humongous Register: 0.0 ms]
      [Humongous Reclaim: 0.0 ms]
      [Free CSet: 0.3 ms]
   [Eden: 272.0M(272.0M)->0.0B(281.0M) Survivors: 35.0M->26.0M Heap: 363.1M(512.0M)->99.1M(512.0M)]
Heap after GC invocations=15 (full 0):
 garbage-first heap   total 524288K, used 101504K [0x00000007a0000000, 0x00000007a0101000, 0x00000007c0000000)
  region size 1024K, 26 young (26624K), 26 survivors (26624K)
 Metaspace       used 58033K, capacity 60964K, committed 61128K, reserved 1103872K
  class space    used 7074K, capacity 7655K, committed 7680K, reserved 1048576K
}
 [Times: user=0.18 sys=0.01, real=0.09 secs] 
2021-04-17T19:28:10.543+0700: 69.113: Total time for which application threads were stopped: 0.0865777 seconds, Stopping threads took: 0.0000641 seconds
2021-04-17T19:28:11.545+0700: 70.116: Total time for which application threads were stopped: 0.0002466 seconds, Stopping threads took: 0.0000395 seconds
2021-04-17T19:28:12.422+0700: 70.993: Total time for which application threads were stopped: 0.0002196 seconds, Stopping threads took: 0.0000311 seconds
2021-04-17T19:28:12.443+0700: 71.013: Total time for which application threads were stopped: 0.0002597 seconds, Stopping threads took: 0.0000602 seconds
2021-04-17T19:28:12.450+0700: 71.020: Total time for which application threads were stopped: 0.0002600 seconds, Stopping threads took: 0.0000479 seconds
2021-04-17T19:28:12.450+0700: 71.021: Total time for which application threads were stopped: 0.0002327 seconds, Stopping threads took: 0.0000787 seconds
2021-04-17T19:28:12.452+0700: 71.022: Total time for which application threads were stopped: 0.0002684 seconds, Stopping threads took: 0.0000697 seconds
2021-04-17T19:28:12.454+0700: 71.024: Total time for which application threads were stopped: 0.0002152 seconds, Stopping threads took: 0.0000481 seconds
2021-04-17T19:28:12.510+0700: 71.080: Total time for which application threads were stopped: 0.0003119 seconds, Stopping threads took: 0.0000328 seconds
2021-04-17T19:28:12.679+0700: 71.249: Total time for which application threads were stopped: 0.0003214 seconds, Stopping threads took: 0.0000518 seconds
2021-04-17T19:28:12.679+0700: 71.249: Total time for which application threads were stopped: 0.0001750 seconds, Stopping threads took: 0.0000223 seconds
2021-04-17T19:28:12.679+0700: 71.250: Total time for which application threads were stopped: 0.0001583 seconds, Stopping threads took: 0.0000171 seconds
2021-04-17T19:28:12.680+0700: 71.251: Total time for which application threads were stopped: 0.0001864 seconds, Stopping threads took: 0.0000248 seconds
2021-04-17T19:28:12.681+0700: 71.251: Total time for which application threads were stopped: 0.0001680 seconds, Stopping threads took: 0.0000188 seconds
2021-04-17T19:28:12.682+0700: 71.252: Total time for which application threads were stopped: 0.0002067 seconds, Stopping threads took: 0.0000334 seconds
2021-04-17T19:28:12.942+0700: 71.512: Total time for which application threads were stopped: 0.0012517 seconds, Stopping threads took: 0.0000348 seconds
2021-04-17T19:28:13.322+0700: 71.892: Total time for which application threads were stopped: 0.0003202 seconds, Stopping threads took: 0.0000556 seconds
2021-04-17T19:28:13.903+0700: 72.473: Total time for which application threads were stopped: 0.0002633 seconds, Stopping threads took: 0.0000535 seconds
2021-04-17T19:28:13.907+0700: 72.477: Total time for which application threads were stopped: 0.0011228 seconds, Stopping threads took: 0.0000325 seconds
2021-04-17T19:28:13.940+0700: 72.510: Total time for which application threads were stopped: 0.0002137 seconds, Stopping threads took: 0.0000337 seconds
2021-04-17T19:28:13.940+0700: 72.510: Total time for which application threads were stopped: 0.0001837 seconds, Stopping threads took: 0.0000215 seconds
2021-04-17T19:28:13.940+0700: 72.510: Total time for which application threads were stopped: 0.0001634 seconds, Stopping threads took: 0.0000192 seconds
2021-04-17T19:28:13.945+0700: 72.515: Total time for which application threads were stopped: 0.0001925 seconds, Stopping threads took: 0.0000331 seconds
2021-04-17T19:28:14.017+0700: 72.587: Total time for which application threads were stopped: 0.0003442 seconds, Stopping threads took: 0.0000326 seconds
2021-04-17T19:28:14.021+0700: 72.591: Total time for which application threads were stopped: 0.0002099 seconds, Stopping threads took: 0.0000318 seconds
2021-04-17T19:28:14.022+0700: 72.592: Total time for which application threads were stopped: 0.0002180 seconds, Stopping threads took: 0.0000477 seconds
2021-04-17T19:28:14.022+0700: 72.593: Total time for which application threads were stopped: 0.0002042 seconds, Stopping threads took: 0.0000391 seconds
2021-04-17T19:28:14.024+0700: 72.594: Total time for which application threads were stopped: 0.0002303 seconds, Stopping threads took: 0.0000449 seconds
2021-04-17T19:28:14.028+0700: 72.598: Total time for which application threads were stopped: 0.0003200 seconds, Stopping threads took: 0.0000311 seconds
2021-04-17T19:28:14.033+0700: 72.603: Total time for which application threads were stopped: 0.0002118 seconds, Stopping threads took: 0.0000343 seconds
2021-04-17T19:28:14.033+0700: 72.603: Total time for which application threads were stopped: 0.0001943 seconds, Stopping threads took: 0.0000370 seconds
2021-04-17T19:28:14.602+0700: 73.172: Total time for which application threads were stopped: 0.0002618 seconds, Stopping threads took: 0.0000569 seconds
2021-04-17T19:28:14.608+0700: 73.179: Total time for which application threads were stopped: 0.0002074 seconds, Stopping threads took: 0.0000520 seconds
2021-04-17T19:28:14.609+0700: 73.179: Total time for which application threads were stopped: 0.0001500 seconds, Stopping threads took: 0.0000179 seconds
2021-04-17T19:28:15.330+0700: 73.901: Total time for which application threads were stopped: 0.0003355 seconds, Stopping threads took: 0.0000592 seconds
2021-04-17T19:28:15.332+0700: 73.903: Total time for which application threads were stopped: 0.0001963 seconds, Stopping threads took: 0.0000328 seconds
2021-04-17T19:28:15.333+0700: 73.903: Total time for which application threads were stopped: 0.0004911 seconds, Stopping threads took: 0.0003312 seconds
2021-04-17T19:28:15.344+0700: 73.914: Total time for which application threads were stopped: 0.0006046 seconds, Stopping threads took: 0.0004013 seconds
2021-04-17T19:28:15.347+0700: 73.917: Total time for which application threads were stopped: 0.0002503 seconds, Stopping threads took: 0.0000841 seconds
2021-04-17T19:28:15.416+0700: 73.986: Total time for which application threads were stopped: 0.0002456 seconds, Stopping threads took: 0.0000307 seconds
2021-04-17T19:28:15.418+0700: 73.988: Total time for which application threads were stopped: 0.0002205 seconds, Stopping threads took: 0.0000671 seconds
2021-04-17T19:28:16.420+0700: 74.990: Total time for which application threads were stopped: 0.0004376 seconds, Stopping threads took: 0.0001876 seconds
2021-04-17T19:28:21.437+0700: 80.007: Total time for which application threads were stopped: 0.0003052 seconds, Stopping threads took: 0.0000529 seconds
2021-04-17T19:28:24.210+0700: 82.780: Total time for which application threads were stopped: 0.0002998 seconds, Stopping threads took: 0.0001377 seconds
2021-04-17T19:28:24.382+0700: 82.951: Total time for which application threads were stopped: 0.0003565 seconds, Stopping threads took: 0.0000918 seconds
2021-04-17T19:28:24.733+0700: 83.303: Total time for which application threads were stopped: 0.0002793 seconds, Stopping threads took: 0.0000308 seconds
2021-04-17T19:28:24.734+0700: 83.304: Total time for which application threads were stopped: 0.0002071 seconds, Stopping threads took: 0.0000257 seconds
2021-04-17T19:28:24.735+0700: 83.305: Total time for which application threads were stopped: 0.0002977 seconds, Stopping threads took: 0.0000296 seconds
2021-04-17T19:28:24.737+0700: 83.307: Total time for which application threads were stopped: 0.0002213 seconds, Stopping threads took: 0.0000319 seconds
2021-04-17T19:28:24.743+0700: 83.313: Total time for which application threads were stopped: 0.0002868 seconds, Stopping threads took: 0.0000349 seconds
2021-04-17T19:28:24.793+0700: 83.363: Total time for which application threads were stopped: 0.0003643 seconds, Stopping threads took: 0.0000535 seconds
2021-04-17T19:28:24.794+0700: 83.363: Total time for which application threads were stopped: 0.0002135 seconds, Stopping threads took: 0.0000425 seconds
2021-04-17T19:28:24.800+0700: 83.370: Total time for which application threads were stopped: 0.0003327 seconds, Stopping threads took: 0.0000609 seconds
2021-04-17T19:28:24.802+0700: 83.372: Total time for which application threads were stopped: 0.0002661 seconds, Stopping threads took: 0.0000588 seconds
2021-04-17T19:28:24.806+0700: 83.376: Total time for which application threads were stopped: 0.0002808 seconds, Stopping threads took: 0.0000715 seconds
{Heap before GC invocations=15 (full 0):
 garbage-first heap   total 524288K, used 389248K [0x00000007a0000000, 0x00000007a0101000, 0x00000007c0000000)
  region size 1024K, 307 young (314368K), 26 survivors (26624K)
 Metaspace       used 58882K, capacity 61848K, committed 62024K, reserved 1103872K
  class space    used 7150K, capacity 7747K, committed 7808K, reserved 1048576K
2021-04-17T19:28:25.095+0700: 83.664: [GC pause (G1 Evacuation Pause) (young)
Desired survivor size 20447232 bytes, new threshold 2 (max 15)
- age   1:   12306160 bytes,   12306160 total
- age   2:   12203400 bytes,   24509560 total
, 0.1143642 secs]
   [Parallel Time: 43.1 ms, GC Workers: 4]
      [GC Worker Start (ms): Min: 83664.5, Avg: 83664.6, Max: 83664.7, Diff: 0.1]
      [Ext Root Scanning (ms): Min: 1.1, Avg: 2.3, Max: 5.4, Diff: 4.2, Sum: 9.1]
      [Update RS (ms): Min: 0.0, Avg: 2.9, Max: 4.0, Diff: 4.0, Sum: 11.7]
         [Processed Buffers: Min: 0, Avg: 9.2, Max: 13, Diff: 13, Sum: 37]
      [Scan RS (ms): Min: 1.1, Avg: 1.2, Max: 1.3, Diff: 0.2, Sum: 4.9]
      [Code Root Scanning (ms): Min: 0.0, Avg: 0.5, Max: 0.9, Diff: 0.8, Sum: 1.9]
      [Object Copy (ms): Min: 25.3, Avg: 25.4, Max: 25.6, Diff: 0.3, Sum: 101.5]
      [Termination (ms): Min: 0.0, Avg: 5.6, Max: 11.1, Diff: 11.1, Sum: 22.2]
         [Termination Attempts: Min: 1, Avg: 1.0, Max: 1, Diff: 0, Sum: 4]
      [GC Worker Other (ms): Min: 0.0, Avg: 0.0, Max: 0.0, Diff: 0.0, Sum: 0.1]
      [GC Worker Total (ms): Min: 32.6, Avg: 37.8, Max: 43.1, Diff: 10.5, Sum: 151.3]
      [GC Worker End (ms): Min: 83697.2, Avg: 83702.4, Max: 83707.6, Diff: 10.4]
   [Code Root Fixup: 0.0 ms]
   [Code Root Purge: 0.0 ms]
   [Clear CT: 0.2 ms]
   [Other: 71.0 ms]
      [Choose CSet: 0.0 ms]
      [Ref Proc: 70.3 ms]
      [Ref Enq: 0.1 ms]
      [Redirty Cards: 0.1 ms]
      [Humongous Register: 0.0 ms]
      [Humongous Reclaim: 0.0 ms]
      [Free CSet: 0.2 ms]
   [Eden: 281.0M(281.0M)->0.0B(291.0M) Survivors: 26.0M->16.0M Heap: 380.1M(512.0M)->100.1M(512.0M)]
Heap after GC invocations=16 (full 0):
 garbage-first heap   total 524288K, used 102528K [0x00000007a0000000, 0x00000007a0101000, 0x00000007c0000000)
  region size 1024K, 16 young (16384K), 16 survivors (16384K)
 Metaspace       used 58882K, capacity 61848K, committed 62024K, reserved 1103872K
  class space    used 7150K, capacity 7747K, committed 7808K, reserved 1048576K
}
 [Times: user=0.15 sys=0.01, real=0.11 secs] 
2021-04-17T19:28:25.209+0700: 83.779: Total time for which application threads were stopped: 0.1151158 seconds, Stopping threads took: 0.0000322 seconds
2021-04-17T19:28:25.217+0700: 83.787: Total time for which application threads were stopped: 0.0010137 seconds, Stopping threads took: 0.0000566 seconds
2021-04-17T19:28:26.244+0700: 84.814: Total time for which application threads were stopped: 0.0265331 seconds, Stopping threads took: 0.0262885 seconds
2021-04-17T19:28:27.246+0700: 85.816: Total time for which application threads were stopped: 0.0005165 seconds, Stopping threads took: 0.0001985 seconds
2021-04-17T19:28:27.848+0700: 86.418: Total time for which application threads were stopped: 0.0002740 seconds, Stopping threads took: 0.0000528 seconds
2021-04-17T19:28:27.849+0700: 86.418: Total time for which application threads were stopped: 0.0001849 seconds, Stopping threads took: 0.0000260 seconds
2021-04-17T19:28:27.849+0700: 86.419: Total time for which application threads were stopped: 0.0001766 seconds, Stopping threads took: 0.0000207 seconds
2021-04-17T19:28:27.849+0700: 86.419: Total time for which application threads were stopped: 0.0002031 seconds, Stopping threads took: 0.0000191 seconds
2021-04-17T19:28:27.853+0700: 86.423: Total time for which application threads were stopped: 0.0011123 seconds, Stopping threads took: 0.0000320 seconds
2021-04-17T19:28:27.865+0700: 86.435: Total time for which application threads were stopped: 0.0002337 seconds, Stopping threads took: 0.0000310 seconds
2021-04-17T19:28:27.866+0700: 86.435: Total time for which application threads were stopped: 0.0001905 seconds, Stopping threads took: 0.0000384 seconds
2021-04-17T19:28:27.866+0700: 86.436: Total time for which application threads were stopped: 0.0001460 seconds, Stopping threads took: 0.0000302 seconds
2021-04-17T19:28:27.880+0700: 86.450: Total time for which application threads were stopped: 0.0002302 seconds, Stopping threads took: 0.0000357 seconds
2021-04-17T19:28:27.880+0700: 86.450: Total time for which application threads were stopped: 0.0001768 seconds, Stopping threads took: 0.0000189 seconds
2021-04-17T19:28:27.882+0700: 86.452: Total time for which application threads were stopped: 0.0002074 seconds, Stopping threads took: 0.0000304 seconds
2021-04-17T19:28:28.708+0700: 87.278: Total time for which application threads were stopped: 0.0003751 seconds, Stopping threads took: 0.0000581 seconds
2021-04-17T19:28:28.709+0700: 87.278: Total time for which application threads were stopped: 0.0001908 seconds, Stopping threads took: 0.0000398 seconds
2021-04-17T19:28:28.709+0700: 87.279: Total time for which application threads were stopped: 0.0001567 seconds, Stopping threads took: 0.0000370 seconds
2021-04-17T19:28:28.714+0700: 87.283: Total time for which application threads were stopped: 0.0002027 seconds, Stopping threads took: 0.0000351 seconds
2021-04-17T19:28:28.718+0700: 87.287: Total time for which application threads were stopped: 0.0002139 seconds, Stopping threads took: 0.0000321 seconds
2021-04-17T19:28:28.778+0700: 87.348: Total time for which application threads were stopped: 0.0002522 seconds, Stopping threads took: 0.0000617 seconds
2021-04-17T19:28:28.779+0700: 87.349: Total time for which application threads were stopped: 0.0002661 seconds, Stopping threads took: 0.0000670 seconds
2021-04-17T19:28:28.779+0700: 87.349: Total time for which application threads were stopped: 0.0002349 seconds, Stopping threads took: 0.0000474 seconds
2021-04-17T19:28:28.779+0700: 87.349: Total time for which application threads were stopped: 0.0001785 seconds, Stopping threads took: 0.0000392 seconds
2021-04-17T19:28:28.996+0700: 87.566: Total time for which application threads were stopped: 0.0002173 seconds, Stopping threads took: 0.0000321 seconds
2021-04-17T19:28:28.997+0700: 87.567: Total time for which application threads were stopped: 0.0005146 seconds, Stopping threads took: 0.0000219 seconds
2021-04-17T19:28:28.997+0700: 87.567: Total time for which application threads were stopped: 0.0001658 seconds, Stopping threads took: 0.0000185 seconds
2021-04-17T19:28:28.998+0700: 87.567: Total time for which application threads were stopped: 0.0001633 seconds, Stopping threads took: 0.0000193 seconds
2021-04-17T19:28:29.013+0700: 87.583: Total time for which application threads were stopped: 0.0002834 seconds, Stopping threads took: 0.0000566 seconds
2021-04-17T19:28:29.014+0700: 87.583: Total time for which application threads were stopped: 0.0001839 seconds, Stopping threads took: 0.0000219 seconds
2021-04-17T19:28:29.014+0700: 87.584: Total time for which application threads were stopped: 0.0002636 seconds, Stopping threads took: 0.0000165 seconds
2021-04-17T19:28:29.027+0700: 87.597: Total time for which application threads were stopped: 0.0002910 seconds, Stopping threads took: 0.0000438 seconds
2021-04-17T19:28:29.027+0700: 87.597: Total time for which application threads were stopped: 0.0002751 seconds, Stopping threads took: 0.0000290 seconds
2021-04-17T19:28:29.030+0700: 87.600: Total time for which application threads were stopped: 0.0002428 seconds, Stopping threads took: 0.0000331 seconds
2021-04-17T19:28:29.408+0700: 87.978: Total time for which application threads were stopped: 0.0002169 seconds, Stopping threads took: 0.0000334 seconds
2021-04-17T19:28:29.409+0700: 87.978: Total time for which application threads were stopped: 0.0001784 seconds, Stopping threads took: 0.0000237 seconds
2021-04-17T19:28:29.409+0700: 87.979: Total time for which application threads were stopped: 0.0001682 seconds, Stopping threads took: 0.0000201 seconds
2021-04-17T19:28:29.414+0700: 87.984: Total time for which application threads were stopped: 0.0002256 seconds, Stopping threads took: 0.0000488 seconds
2021-04-17T19:28:29.421+0700: 87.990: Total time for which application threads were stopped: 0.0002476 seconds, Stopping threads took: 0.0000638 seconds
2021-04-17T19:28:29.464+0700: 88.034: Total time for which application threads were stopped: 0.0002689 seconds, Stopping threads took: 0.0000520 seconds
2021-04-17T19:28:29.464+0700: 88.034: Total time for which application threads were stopped: 0.0002232 seconds, Stopping threads took: 0.0000387 seconds
2021-04-17T19:28:29.465+0700: 88.034: Total time for which application threads were stopped: 0.0002011 seconds, Stopping threads took: 0.0000406 seconds
2021-04-17T19:28:29.465+0700: 88.035: Total time for which application threads were stopped: 0.0002691 seconds, Stopping threads took: 0.0000929 seconds
2021-04-17T19:28:30.467+0700: 89.036: Total time for which application threads were stopped: 0.0002688 seconds, Stopping threads took: 0.0000378 seconds
2021-04-17T19:28:40.491+0700: 99.060: Total time for which application threads were stopped: 0.0002485 seconds, Stopping threads took: 0.0000740 seconds
2021-04-17T19:28:46.969+0700: 105.538: Total time for which application threads were stopped: 0.0002350 seconds, Stopping threads took: 0.0000353 seconds
2021-04-17T19:28:46.969+0700: 105.539: Total time for which application threads were stopped: 0.0001460 seconds, Stopping threads took: 0.0000166 seconds
2021-04-17T19:28:46.986+0700: 105.556: Total time for which application threads were stopped: 0.0014693 seconds, Stopping threads took: 0.0000305 seconds
2021-04-17T19:28:47.006+0700: 105.575: Total time for which application threads were stopped: 0.0002130 seconds, Stopping threads took: 0.0000331 seconds
2021-04-17T19:28:47.020+0700: 105.589: Total time for which application threads were stopped: 0.0002738 seconds, Stopping threads took: 0.0000641 seconds
2021-04-17T19:28:47.043+0700: 105.612: Total time for which application threads were stopped: 0.0003348 seconds, Stopping threads took: 0.0000978 seconds
2021-04-17T19:28:48.045+0700: 106.614: Total time for which application threads were stopped: 0.0003475 seconds, Stopping threads took: 0.0000638 seconds
2021-04-17T19:28:52.053+0700: 110.622: Total time for which application threads were stopped: 0.0003111 seconds, Stopping threads took: 0.0000538 seconds
2021-04-17T19:29:16.127+0700: 134.696: Total time for which application threads were stopped: 0.0234436 seconds, Stopping threads took: 0.0231733 seconds
2021-04-17T19:29:16.306+0700: 134.875: Total time for which application threads were stopped: 0.0002813 seconds, Stopping threads took: 0.0001198 seconds
2021-04-17T19:29:16.309+0700: 134.877: Total time for which application threads were stopped: 0.0002673 seconds, Stopping threads took: 0.0001106 seconds
2021-04-17T19:29:16.313+0700: 134.881: Total time for which application threads were stopped: 0.0002000 seconds, Stopping threads took: 0.0000401 seconds
2021-04-17T19:29:16.334+0700: 134.902: Total time for which application threads were stopped: 0.0014738 seconds, Stopping threads took: 0.0000262 seconds
2021-04-17T19:29:16.357+0700: 134.926: Total time for which application threads were stopped: 0.0012012 seconds, Stopping threads took: 0.0000253 seconds
2021-04-17T19:29:16.366+0700: 134.934: Total time for which application threads were stopped: 0.0011262 seconds, Stopping threads took: 0.0000285 seconds
2021-04-17T19:29:16.390+0700: 134.959: Total time for which application threads were stopped: 0.0002366 seconds, Stopping threads took: 0.0000304 seconds
2021-04-17T19:29:16.512+0700: 135.081: Total time for which application threads were stopped: 0.0004985 seconds, Stopping threads took: 0.0001866 seconds
2021-04-17T19:29:16.514+0700: 135.082: Total time for which application threads were stopped: 0.0002855 seconds, Stopping threads took: 0.0000458 seconds
2021-04-17T19:29:16.515+0700: 135.083: Total time for which application threads were stopped: 0.0005794 seconds, Stopping threads took: 0.0001310 seconds
2021-04-17T19:29:17.519+0700: 136.087: Total time for which application threads were stopped: 0.0004183 seconds, Stopping threads took: 0.0000609 seconds
2021-04-17T19:29:23.531+0700: 142.099: Total time for which application threads were stopped: 0.0003007 seconds, Stopping threads took: 0.0000544 seconds
2021-04-17T19:29:51.615+0700: 170.182: Total time for which application threads were stopped: 0.0003043 seconds, Stopping threads took: 0.0000528 seconds
2021-04-17T19:29:52.616+0700: 171.183: Total time for which application threads were stopped: 0.0002103 seconds, Stopping threads took: 0.0000396 seconds
2021-04-17T19:30:14.672+0700: 193.239: Total time for which application threads were stopped: 0.0001963 seconds, Stopping threads took: 0.0000423 seconds
2021-04-17T19:30:29.719+0700: 208.285: Total time for which application threads were stopped: 0.0002869 seconds, Stopping threads took: 0.0000557 seconds
2021-04-17T19:30:51.782+0700: 230.348: Total time for which application threads were stopped: 0.0002696 seconds, Stopping threads took: 0.0000499 seconds
2021-04-17T19:31:09.120+0700: 247.685: Total time for which application threads were stopped: 0.0003079 seconds, Stopping threads took: 0.0000724 seconds
2021-04-17T19:31:09.137+0700: 247.702: Total time for which application threads were stopped: 0.0002541 seconds, Stopping threads took: 0.0000535 seconds
2021-04-17T19:31:09.139+0700: 247.704: Total time for which application threads were stopped: 0.0009503 seconds, Stopping threads took: 0.0007406 seconds
2021-04-17T19:31:09.142+0700: 247.706: Total time for which application threads were stopped: 0.0007004 seconds, Stopping threads took: 0.0004755 seconds
2021-04-17T19:31:09.142+0700: 247.707: Total time for which application threads were stopped: 0.0001999 seconds, Stopping threads took: 0.0000523 seconds
2021-04-17T19:31:10.147+0700: 248.712: Total time for which application threads were stopped: 0.0003778 seconds, Stopping threads took: 0.0000546 seconds
2021-04-17T19:31:16.156+0700: 254.721: Total time for which application threads were stopped: 0.0005077 seconds, Stopping threads took: 0.0001269 seconds
2021-04-17T19:31:22.683+0700: 261.248: Total time for which application threads were stopped: 0.0002626 seconds, Stopping threads took: 0.0000303 seconds
2021-04-17T19:31:34.723+0700: 273.288: Total time for which application threads were stopped: 0.0003061 seconds, Stopping threads took: 0.0000487 seconds
2021-04-17T19:31:37.731+0700: 276.295: Total time for which application threads were stopped: 0.0003179 seconds, Stopping threads took: 0.0000349 seconds
2021-04-17T19:31:38.733+0700: 277.297: Total time for which application threads were stopped: 0.0002927 seconds, Stopping threads took: 0.0000450 seconds
2021-04-17T19:31:50.760+0700: 289.324: Total time for which application threads were stopped: 0.0003543 seconds, Stopping threads took: 0.0000568 seconds
2021-04-17T19:31:51.686+0700: 290.250: Total time for which application threads were stopped: 0.0004487 seconds, Stopping threads took: 0.0000381 seconds
2021-04-17T19:31:51.699+0700: 290.263: Total time for which application threads were stopped: 0.0003670 seconds, Stopping threads took: 0.0000292 seconds
2021-04-17T19:31:56.712+0700: 295.275: Total time for which application threads were stopped: 0.0003175 seconds, Stopping threads took: 0.0000477 seconds
2021-04-17T19:32:46.848+0700: 345.410: Total time for which application threads were stopped: 0.0002304 seconds, Stopping threads took: 0.0000619 seconds
2021-04-17T19:32:47.849+0700: 346.411: Total time for which application threads were stopped: 0.0002875 seconds, Stopping threads took: 0.0000492 seconds
2021-04-17T19:32:51.727+0700: 350.288: Total time for which application threads were stopped: 0.0002697 seconds, Stopping threads took: 0.0000474 seconds
2021-04-17T19:32:52.731+0700: 351.293: Total time for which application threads were stopped: 0.0003947 seconds, Stopping threads took: 0.0001118 seconds
2021-04-17T19:33:51.877+0700: 410.437: Total time for which application threads were stopped: 0.0003540 seconds, Stopping threads took: 0.0000644 seconds
2021-04-17T19:33:52.881+0700: 411.441: Total time for which application threads were stopped: 0.0002961 seconds, Stopping threads took: 0.0000585 seconds
2021-04-17T19:34:40.015+0700: 458.597: Total time for which application threads were stopped: 0.0005231 seconds, Stopping threads took: 0.0000524 seconds
2021-04-17T19:34:52.059+0700: 470.641: Total time for which application threads were stopped: 0.0003300 seconds, Stopping threads took: 0.0000866 seconds
2021-04-17T19:36:39.358+0700: 577.937: Total time for which application threads were stopped: 0.0002689 seconds, Stopping threads took: 0.0000431 seconds
2021-04-17T19:36:50.383+0700: 588.962: Total time for which application threads were stopped: 0.0001367 seconds, Stopping threads took: 0.0000267 seconds
2021-04-17T19:36:51.919+0700: 590.498: Total time for which application threads were stopped: 0.0002151 seconds, Stopping threads took: 0.0000303 seconds
2021-04-17T19:38:52.345+0700: 710.920: Total time for which application threads were stopped: 0.0007884 seconds, Stopping threads took: 0.0002467 seconds
2021-04-17T19:39:06.382+0700: 724.958: Total time for which application threads were stopped: 0.0005241 seconds, Stopping threads took: 0.0001009 seconds
2021-04-17T19:39:52.534+0700: 771.107: Total time for which application threads were stopped: 0.0002794 seconds, Stopping threads took: 0.0000475 seconds
2021-04-17T19:40:52.704+0700: 831.276: Total time for which application threads were stopped: 0.0002947 seconds, Stopping threads took: 0.0000508 seconds
2021-04-17T19:41:52.132+0700: 890.702: Total time for which application threads were stopped: 0.0002437 seconds, Stopping threads took: 0.0000306 seconds
2021-04-17T19:44:52.611+0700: 1071.175: Total time for which application threads were stopped: 0.0003013 seconds, Stopping threads took: 0.0000584 seconds
2021-04-17T19:45:52.750+0700: 1131.313: Total time for which application threads were stopped: 0.0001982 seconds, Stopping threads took: 0.0000357 seconds
2021-04-17T19:46:52.323+0700: 1190.884: Total time for which application threads were stopped: 0.0001905 seconds, Stopping threads took: 0.0000339 seconds
2021-04-17T19:46:53.327+0700: 1191.889: Total time for which application threads were stopped: 0.0002983 seconds, Stopping threads took: 0.0000508 seconds
2021-04-17T19:47:52.483+0700: 1251.042: Total time for which application threads were stopped: 0.0002887 seconds, Stopping threads took: 0.0000544 seconds
2021-04-17T19:48:52.665+0700: 1311.222: Total time for which application threads were stopped: 0.0002827 seconds, Stopping threads took: 0.0000487 seconds
2021-04-17T19:49:52.860+0700: 1371.415: Total time for which application threads were stopped: 0.0001923 seconds, Stopping threads took: 0.0000370 seconds
2021-04-17T19:50:52.467+0700: 1431.021: Total time for which application threads were stopped: 0.0003191 seconds, Stopping threads took: 0.0000463 seconds
2021-04-17T19:50:53.472+0700: 1432.026: Total time for which application threads were stopped: 0.0003618 seconds, Stopping threads took: 0.0000707 seconds
2021-04-17T19:51:50.648+0700: 1489.200: Total time for which application threads were stopped: 0.0003175 seconds, Stopping threads took: 0.0000905 seconds
2021-04-17T19:51:52.510+0700: 1491.062: Total time for which application threads were stopped: 0.0002079 seconds, Stopping threads took: 0.0000470 seconds
2021-04-17T19:52:52.692+0700: 1551.243: Total time for which application threads were stopped: 0.0004387 seconds, Stopping threads took: 0.0001130 seconds
2021-04-17T19:56:52.681+0700: 1791.251: Total time for which application threads were stopped: 0.0007029 seconds, Stopping threads took: 0.0001431 seconds
2021-04-17T19:59:36.648+0700: 1955.213: Total time for which application threads were stopped: 0.0003274 seconds, Stopping threads took: 0.0000853 seconds
2021-04-17T20:00:53.082+0700: 2031.645: Total time for which application threads were stopped: 0.0002769 seconds, Stopping threads took: 0.0000475 seconds
2021-04-17T20:01:06.173+0700: 2044.736: Total time for which application threads were stopped: 0.0003541 seconds, Stopping threads took: 0.0000512 seconds
2021-04-17T20:01:52.889+0700: 2091.450: Total time for which application threads were stopped: 0.0002098 seconds, Stopping threads took: 0.0000332 seconds
2021-04-17T20:03:53.704+0700: 2212.261: Total time for which application threads were stopped: 0.0002876 seconds, Stopping threads took: 0.0000673 seconds
2021-04-17T20:06:53.082+0700: 2391.634: Total time for which application threads were stopped: 0.0002062 seconds, Stopping threads took: 0.0000323 seconds
2021-04-17T20:09:53.975+0700: 2572.522: Total time for which application threads were stopped: 0.0004100 seconds, Stopping threads took: 0.0001212 seconds
2021-04-17T20:10:53.296+0700: 2631.858: Total time for which application threads were stopped: 0.0002971 seconds, Stopping threads took: 0.0000545 seconds
2021-04-17T20:11:53.257+0700: 2691.822: Total time for which application threads were stopped: 0.0002636 seconds, Stopping threads took: 0.0000400 seconds
2021-04-17T20:11:54.264+0700: 2692.828: Total time for which application threads were stopped: 0.0002803 seconds, Stopping threads took: 0.0000534 seconds
2021-04-17T20:13:53.995+0700: 2812.557: Total time for which application threads were stopped: 0.0003696 seconds, Stopping threads took: 0.0000929 seconds
2021-04-17T20:14:54.368+0700: 2872.928: Total time for which application threads were stopped: 0.0005434 seconds, Stopping threads took: 0.0000622 seconds
2021-04-17T20:15:53.664+0700: 2932.222: Total time for which application threads were stopped: 0.0002284 seconds, Stopping threads took: 0.0000391 seconds
2021-04-17T20:16:53.442+0700: 2991.998: Total time for which application threads were stopped: 0.0002040 seconds, Stopping threads took: 0.0000312 seconds
2021-04-17T20:17:53.851+0700: 3052.405: Total time for which application threads were stopped: 0.0003443 seconds, Stopping threads took: 0.0000594 seconds
2021-04-17T20:18:54.205+0700: 3112.757: Total time for which application threads were stopped: 0.0003409 seconds, Stopping threads took: 0.0000957 seconds
2021-04-17T20:21:53.620+0700: 3292.167: Total time for which application threads were stopped: 0.0001783 seconds, Stopping threads took: 0.0000310 seconds
2021-04-17T20:23:07.088+0700: 3365.633: Total time for which application threads were stopped: 0.0003382 seconds, Stopping threads took: 0.0001002 seconds
2021-04-17T20:23:54.379+0700: 3412.924: Total time for which application threads were stopped: 0.0022555 seconds, Stopping threads took: 0.0000601 seconds
2021-04-17T20:24:53.734+0700: 3472.275: Total time for which application threads were stopped: 0.0002725 seconds, Stopping threads took: 0.0000764 seconds
2021-04-17T20:24:54.744+0700: 3473.285: Total time for which application threads were stopped: 0.0002948 seconds, Stopping threads took: 0.0000616 seconds
2021-04-17T20:25:54.076+0700: 3532.615: Total time for which application threads were stopped: 0.0002621 seconds, Stopping threads took: 0.0000442 seconds
2021-04-17T20:26:53.788+0700: 3592.344: Total time for which application threads were stopped: 0.0001945 seconds, Stopping threads took: 0.0000318 seconds
2021-04-17T20:27:54.177+0700: 3652.736: Total time for which application threads were stopped: 0.0004155 seconds, Stopping threads took: 0.0000630 seconds
2021-04-17T20:29:53.940+0700: 3772.495: Total time for which application threads were stopped: 0.0003282 seconds, Stopping threads took: 0.0000947 seconds
2021-04-17T20:30:54.355+0700: 3832.909: Total time for which application threads were stopped: 0.0003799 seconds, Stopping threads took: 0.0000656 seconds
2021-04-17T20:31:06.448+0700: 3845.001: Total time for which application threads were stopped: 0.0003737 seconds, Stopping threads took: 0.0000587 seconds
2021-04-17T20:31:53.986+0700: 3892.538: Total time for which application threads were stopped: 0.0002168 seconds, Stopping threads took: 0.0000339 seconds
2021-04-17T20:31:54.990+0700: 3893.542: Total time for which application threads were stopped: 0.0002117 seconds, Stopping threads took: 0.0000376 seconds
2021-04-17T20:32:54.331+0700: 3952.882: Total time for which application threads were stopped: 0.0002946 seconds, Stopping threads took: 0.0000547 seconds
2021-04-17T20:33:54.704+0700: 4013.253: Total time for which application threads were stopped: 0.0003668 seconds, Stopping threads took: 0.0000585 seconds
2021-04-17T20:36:54.154+0700: 4192.697: Total time for which application threads were stopped: 0.0001934 seconds, Stopping threads took: 0.0000303 seconds
2021-04-17T20:37:17.306+0700: 4215.848: Total time for which application threads were stopped: 0.0002018 seconds, Stopping threads took: 0.0000337 seconds
2021-04-17T20:37:54.516+0700: 4253.057: Total time for which application threads were stopped: 0.0003301 seconds, Stopping threads took: 0.0000578 seconds
2021-04-17T20:40:54.594+0700: 4433.130: Total time for which application threads were stopped: 0.0004167 seconds, Stopping threads took: 0.0000645 seconds
2021-04-17T20:41:54.335+0700: 4492.869: Total time for which application threads were stopped: 0.0002160 seconds, Stopping threads took: 0.0000454 seconds
2021-04-17T20:44:55.403+0700: 4673.955: Total time for which application threads were stopped: 0.0003078 seconds, Stopping threads took: 0.0000749 seconds
2021-04-17T20:45:54.777+0700: 4733.328: Total time for which application threads were stopped: 0.0002867 seconds, Stopping threads took: 0.0000500 seconds
2021-04-17T20:46:54.499+0700: 4793.048: Total time for which application threads were stopped: 0.0002389 seconds, Stopping threads took: 0.0000560 seconds
2021-04-17T20:47:54.843+0700: 4853.390: Total time for which application threads were stopped: 0.0003635 seconds, Stopping threads took: 0.0000544 seconds
2021-04-17T20:51:54.693+0700: 5093.233: Total time for which application threads were stopped: 0.0006979 seconds, Stopping threads took: 0.0004248 seconds
2021-04-17T20:56:54.878+0700: 5393.409: Total time for which application threads were stopped: 0.0002192 seconds, Stopping threads took: 0.0000387 seconds
2021-04-17T20:59:54.993+0700: 5573.522: Total time for which application threads were stopped: 0.0002253 seconds, Stopping threads took: 0.0000340 seconds
2021-04-17T21:01:55.049+0700: 5693.596: Total time for which application threads were stopped: 0.0002325 seconds, Stopping threads took: 0.0000485 seconds
2021-04-17T21:03:55.755+0700: 5814.302: Total time for which application threads were stopped: 0.0004319 seconds, Stopping threads took: 0.0000842 seconds
2021-04-17T21:06:55.219+0700: 5993.765: Total time for which application threads were stopped: 0.0005347 seconds, Stopping threads took: 0.0000996 seconds
2021-04-17T21:07:55.244+0700: 6053.788: Total time for which application threads were stopped: 0.0003276 seconds, Stopping threads took: 0.0000485 seconds
2021-04-17T21:09:55.943+0700: 6174.483: Total time for which application threads were stopped: 0.0003146 seconds, Stopping threads took: 0.0000555 seconds
2021-04-17T21:10:56.323+0700: 6234.862: Total time for which application threads were stopped: 0.0003136 seconds, Stopping threads took: 0.0000855 seconds
2021-04-17T21:11:55.390+0700: 6293.927: Total time for which application threads were stopped: 0.0006375 seconds, Stopping threads took: 0.0000415 seconds
2021-04-17T21:11:55.400+0700: 6293.937: Total time for which application threads were stopped: 0.0002046 seconds, Stopping threads took: 0.0000310 seconds
2021-04-17T21:12:55.752+0700: 6354.287: Total time for which application threads were stopped: 0.0006337 seconds, Stopping threads took: 0.0001590 seconds
2021-04-17T21:13:55.919+0700: 6414.452: Total time for which application threads were stopped: 0.0005471 seconds, Stopping threads took: 0.0000872 seconds
2021-04-17T21:16:55.576+0700: 6594.103: Total time for which application threads were stopped: 0.0003917 seconds, Stopping threads took: 0.0001407 seconds
2021-04-17T21:17:40.852+0700: 6639.378: Total time for which application threads were stopped: 0.0002540 seconds, Stopping threads took: 0.0000347 seconds
2021-04-17T21:17:40.853+0700: 6639.378: Total time for which application threads were stopped: 0.0002347 seconds, Stopping threads took: 0.0000554 seconds
2021-04-17T21:17:40.876+0700: 6639.402: Total time for which application threads were stopped: 0.0001920 seconds, Stopping threads took: 0.0000246 seconds
2021-04-17T21:17:40.877+0700: 6639.403: Total time for which application threads were stopped: 0.0002091 seconds, Stopping threads took: 0.0000275 seconds
2021-04-17T21:17:40.877+0700: 6639.403: Total time for which application threads were stopped: 0.0001637 seconds, Stopping threads took: 0.0000409 seconds
2021-04-17T21:17:41.093+0700: 6639.619: Total time for which application threads were stopped: 0.0004018 seconds, Stopping threads took: 0.0000904 seconds
2021-04-17T21:17:41.093+0700: 6639.619: Total time for which application threads were stopped: 0.0001925 seconds, Stopping threads took: 0.0000227 seconds
2021-04-17T21:17:41.166+0700: 6639.692: Total time for which application threads were stopped: 0.0004293 seconds, Stopping threads took: 0.0000506 seconds
2021-04-17T21:17:42.167+0700: 6640.693: Total time for which application threads were stopped: 0.0005820 seconds, Stopping threads took: 0.0000796 seconds
2021-04-17T21:17:56.205+0700: 6654.730: Total time for which application threads were stopped: 0.0004544 seconds, Stopping threads took: 0.0000678 seconds
2021-04-17T21:19:56.507+0700: 6775.047: Total time for which application threads were stopped: 0.0006660 seconds, Stopping threads took: 0.0001075 seconds
2021-04-17T21:20:56.673+0700: 6835.211: Total time for which application threads were stopped: 0.0002600 seconds, Stopping threads took: 0.0000693 seconds
2021-04-17T21:21:55.735+0700: 6894.272: Total time for which application threads were stopped: 0.0001597 seconds, Stopping threads took: 0.0000242 seconds
2021-04-17T21:23:56.089+0700: 7014.623: Total time for which application threads were stopped: 0.0003946 seconds, Stopping threads took: 0.0000560 seconds
2021-04-17T21:25:26.362+0700: 7104.893: Total time for which application threads were stopped: 0.0004325 seconds, Stopping threads took: 0.0000624 seconds
2021-04-17T21:26:16.487+0700: 7155.016: Total time for which application threads were stopped: 0.0002921 seconds, Stopping threads took: 0.0000571 seconds
2021-04-17T21:26:51.574+0700: 7190.102: Total time for which application threads were stopped: 0.0002806 seconds, Stopping threads took: 0.0000497 seconds
2021-04-17T21:26:55.919+0700: 7194.447: Total time for which application threads were stopped: 0.0002186 seconds, Stopping threads took: 0.0000325 seconds
2021-04-17T21:26:56.924+0700: 7195.452: Total time for which application threads were stopped: 0.0002635 seconds, Stopping threads took: 0.0000418 seconds
2021-04-17T21:27:06.955+0700: 7205.482: Total time for which application threads were stopped: 0.0003468 seconds, Stopping threads took: 0.0000455 seconds
2021-04-17T21:27:56.082+0700: 7254.608: Total time for which application threads were stopped: 0.0004353 seconds, Stopping threads took: 0.0000621 seconds
2021-04-17T21:28:47.547+0700: 7306.072: Total time for which application threads were stopped: 0.0003262 seconds, Stopping threads took: 0.0000300 seconds
2021-04-17T21:28:47.548+0700: 7306.072: Total time for which application threads were stopped: 0.0001557 seconds, Stopping threads took: 0.0000161 seconds
2021-04-17T21:28:47.553+0700: 7306.078: Total time for which application threads were stopped: 0.0002672 seconds, Stopping threads took: 0.0000515 seconds
2021-04-17T21:28:47.617+0700: 7306.141: Total time for which application threads were stopped: 0.0003058 seconds, Stopping threads took: 0.0000402 seconds
2021-04-17T21:28:47.619+0700: 7306.143: Total time for which application threads were stopped: 0.0002783 seconds, Stopping threads took: 0.0000324 seconds
2021-04-17T21:28:47.624+0700: 7306.149: Total time for which application threads were stopped: 0.0003366 seconds, Stopping threads took: 0.0000663 seconds
2021-04-17T21:28:47.627+0700: 7306.151: Total time for which application threads were stopped: 0.0002933 seconds, Stopping threads took: 0.0000605 seconds
2021-04-17T21:28:48.631+0700: 7307.155: Total time for which application threads were stopped: 0.0003541 seconds, Stopping threads took: 0.0000508 seconds
2021-04-17T21:29:56.830+0700: 7375.353: Total time for which application threads were stopped: 0.0005588 seconds, Stopping threads took: 0.0000591 seconds
2021-04-17T21:31:07.882+0700: 7446.402: Total time for which application threads were stopped: 0.0004221 seconds, Stopping threads took: 0.0001398 seconds
2021-04-17T21:31:07.882+0700: 7446.403: Total time for which application threads were stopped: 0.0002949 seconds, Stopping threads took: 0.0000341 seconds
2021-04-17T21:31:07.886+0700: 7446.407: Total time for which application threads were stopped: 0.0004793 seconds, Stopping threads took: 0.0000490 seconds
2021-04-17T21:31:07.895+0700: 7446.415: Total time for which application threads were stopped: 0.0003205 seconds, Stopping threads took: 0.0000688 seconds
2021-04-17T21:31:07.903+0700: 7446.423: Total time for which application threads were stopped: 0.0003229 seconds, Stopping threads took: 0.0000442 seconds
2021-04-17T21:31:08.906+0700: 7447.426: Total time for which application threads were stopped: 0.0003117 seconds, Stopping threads took: 0.0000849 seconds
2021-04-17T21:31:56.135+0700: 7494.654: Total time for which application threads were stopped: 0.0001501 seconds, Stopping threads took: 0.0000248 seconds
2021-04-17T21:32:37.491+0700: 7536.008: Total time for which application threads were stopped: 0.0003345 seconds, Stopping threads took: 0.0000466 seconds
2021-04-17T21:32:37.494+0700: 7536.012: Total time for which application threads were stopped: 0.0002560 seconds, Stopping threads took: 0.0000494 seconds
2021-04-17T21:32:38.500+0700: 7537.017: Total time for which application threads were stopped: 0.0004975 seconds, Stopping threads took: 0.0000550 seconds
2021-04-17T21:32:56.548+0700: 7555.065: Total time for which application threads were stopped: 0.0002603 seconds, Stopping threads took: 0.0000382 seconds
2021-04-17T21:33:56.730+0700: 7615.245: Total time for which application threads were stopped: 0.0003859 seconds, Stopping threads took: 0.0000566 seconds
2021-04-17T21:34:37.843+0700: 7656.370: Total time for which application threads were stopped: 0.0003082 seconds, Stopping threads took: 0.0000574 seconds
2021-04-17T21:34:56.886+0700: 7675.423: Total time for which application threads were stopped: 0.0002380 seconds, Stopping threads took: 0.0000373 seconds
{Heap before GC invocations=16 (full 0):
 garbage-first heap   total 524288K, used 416789K [0x00000007a0000000, 0x00000007a0101000, 0x00000007c0000000)
  region size 1024K, 307 young (314368K), 16 survivors (16384K)
 Metaspace       used 60524K, capacity 63604K, committed 63944K, reserved 1105920K
  class space    used 7244K, capacity 7847K, committed 7936K, reserved 1048576K
2021-04-17T21:35:56.271+0700: 7734.810: [GC pause (G1 Evacuation Pause) (young)
Desired survivor size 20447232 bytes, new threshold 15 (max 15)
- age   1:    8359608 bytes,    8359608 total
- age   2:    4497888 bytes,   12857496 total
, 0.0654419 secs]
   [Parallel Time: 61.1 ms, GC Workers: 4]
      [GC Worker Start (ms): Min: 7734811.5, Avg: 7734811.6, Max: 7734811.7, Diff: 0.2]
      [Ext Root Scanning (ms): Min: 3.2, Avg: 6.8, Max: 17.5, Diff: 14.3, Sum: 27.1]
      [Update RS (ms): Min: 0.0, Avg: 6.8, Max: 9.7, Diff: 9.7, Sum: 27.1]
         [Processed Buffers: Min: 0, Avg: 12.2, Max: 18, Diff: 18, Sum: 49]
      [Scan RS (ms): Min: 0.0, Avg: 1.8, Max: 3.6, Diff: 3.6, Sum: 7.3]
      [Code Root Scanning (ms): Min: 0.0, Avg: 1.3, Max: 3.1, Diff: 3.1, Sum: 5.0]
      [Object Copy (ms): Min: 43.3, Avg: 44.1, Max: 44.9, Diff: 1.5, Sum: 176.5]
      [Termination (ms): Min: 0.0, Avg: 0.0, Max: 0.0, Diff: 0.0, Sum: 0.0]
         [Termination Attempts: Min: 1, Avg: 1.5, Max: 2, Diff: 1, Sum: 6]
      [GC Worker Other (ms): Min: 0.0, Avg: 0.0, Max: 0.1, Diff: 0.0, Sum: 0.2]
      [GC Worker Total (ms): Min: 60.7, Avg: 60.8, Max: 60.9, Diff: 0.2, Sum: 243.2]
      [GC Worker End (ms): Min: 7734872.4, Avg: 7734872.4, Max: 7734872.4, Diff: 0.0]
   [Code Root Fixup: 0.1 ms]
   [Code Root Purge: 0.1 ms]
   [Clear CT: 0.4 ms]
   [Other: 3.8 ms]
      [Choose CSet: 0.0 ms]
      [Ref Proc: 1.5 ms]
      [Ref Enq: 0.1 ms]
      [Redirty Cards: 0.1 ms]
      [Humongous Register: 0.6 ms]
      [Humongous Reclaim: 0.1 ms]
      [Free CSet: 0.5 ms]
   [Eden: 291.0M(291.0M)->0.0B(291.0M) Survivors: 16.0M->16.0M Heap: 407.0M(512.0M)->100.1M(512.0M)]
Heap after GC invocations=17 (full 0):
 garbage-first heap   total 524288K, used 102528K [0x00000007a0000000, 0x00000007a0101000, 0x00000007c0000000)
  region size 1024K, 16 young (16384K), 16 survivors (16384K)
 Metaspace       used 60524K, capacity 63604K, committed 63944K, reserved 1105920K
  class space    used 7244K, capacity 7847K, committed 7936K, reserved 1048576K
}
 [Times: user=0.07 sys=0.14, real=0.06 secs] 
2021-04-17T21:35:56.336+0700: 7734.876: Total time for which application threads were stopped: 0.0660002 seconds, Stopping threads took: 0.0000395 seconds
2021-04-17T21:35:56.337+0700: 7734.876: Total time for which application threads were stopped: 0.0002518 seconds, Stopping threads took: 0.0000312 seconds
2021-04-17T21:35:56.337+0700: 7734.876: Total time for which application threads were stopped: 0.0001411 seconds, Stopping threads took: 0.0000401 seconds
2021-04-17T21:35:56.337+0700: 7734.876: Total time for which application threads were stopped: 0.0000875 seconds, Stopping threads took: 0.0000145 seconds
2021-04-17T21:35:56.337+0700: 7734.877: Total time for which application threads were stopped: 0.0001085 seconds, Stopping threads took: 0.0000257 seconds
2021-04-17T21:36:51.496+0700: 7790.034: Total time for which application threads were stopped: 0.0002938 seconds, Stopping threads took: 0.0000556 seconds
2021-04-17T21:36:56.371+0700: 7794.908: Total time for which application threads were stopped: 0.0002175 seconds, Stopping threads took: 0.0000323 seconds
2021-04-17T21:36:57.373+0700: 7795.910: Total time for which application threads were stopped: 0.0003297 seconds, Stopping threads took: 0.0000521 seconds
2021-04-17T21:38:56.787+0700: 7915.321: Total time for which application threads were stopped: 0.0003156 seconds, Stopping threads took: 0.0000485 seconds
2021-04-17T21:40:57.343+0700: 8035.873: Total time for which application threads were stopped: 0.0003975 seconds, Stopping threads took: 0.0000571 seconds
2021-04-17T21:41:56.530+0700: 8095.059: Total time for which application threads were stopped: 0.0002736 seconds, Stopping threads took: 0.0000620 seconds
2021-04-17T21:41:57.532+0700: 8096.061: Total time for which application threads were stopped: 0.0002843 seconds, Stopping threads took: 0.0000464 seconds
2021-04-17T21:42:56.723+0700: 8155.249: Total time for which application threads were stopped: 0.0002464 seconds, Stopping threads took: 0.0000429 seconds
2021-04-17T21:43:21.536+0700: 8180.062: Total time for which application threads were stopped: 0.0003582 seconds, Stopping threads took: 0.0001221 seconds
2021-04-17T21:43:21.536+0700: 8180.062: Total time for which application threads were stopped: 0.0001327 seconds, Stopping threads took: 0.0000136 seconds
2021-04-17T21:43:21.539+0700: 8180.065: Total time for which application threads were stopped: 0.0002829 seconds, Stopping threads took: 0.0000499 seconds
2021-04-17T21:43:21.560+0700: 8180.086: Total time for which application threads were stopped: 0.0002664 seconds, Stopping threads took: 0.0000708 seconds
2021-04-17T21:43:21.564+0700: 8180.090: Total time for which application threads were stopped: 0.0002673 seconds, Stopping threads took: 0.0000533 seconds
2021-04-17T21:43:21.671+0700: 8180.197: Total time for which application threads were stopped: 0.0002798 seconds, Stopping threads took: 0.0000387 seconds
2021-04-17T21:43:21.676+0700: 8180.202: Total time for which application threads were stopped: 0.0002794 seconds, Stopping threads took: 0.0000328 seconds
2021-04-17T21:43:22.681+0700: 8181.207: Total time for which application threads were stopped: 0.0003323 seconds, Stopping threads took: 0.0000497 seconds
2021-04-17T21:43:56.763+0700: 8215.288: Total time for which application threads were stopped: 0.0002329 seconds, Stopping threads took: 0.0000447 seconds
2021-04-17T21:45:21.989+0700: 8300.511: Total time for which application threads were stopped: 0.0005187 seconds, Stopping threads took: 0.0000405 seconds
2021-04-17T21:45:57.063+0700: 8335.584: Total time for which application threads were stopped: 0.0002407 seconds, Stopping threads took: 0.0000389 seconds
2021-04-17T21:46:04.408+0700: 8342.929: Total time for which application threads were stopped: 0.0001978 seconds, Stopping threads took: 0.0000451 seconds
2021-04-17T21:46:04.409+0700: 8342.930: Total time for which application threads were stopped: 0.0002268 seconds, Stopping threads took: 0.0000518 seconds
2021-04-17T21:46:04.413+0700: 8342.934: Total time for which application threads were stopped: 0.0001732 seconds, Stopping threads took: 0.0000314 seconds
2021-04-17T21:46:04.415+0700: 8342.936: Total time for which application threads were stopped: 0.0001885 seconds, Stopping threads took: 0.0000271 seconds
2021-04-17T21:46:04.415+0700: 8342.936: Total time for which application threads were stopped: 0.0001785 seconds, Stopping threads took: 0.0000191 seconds
2021-04-17T21:46:04.461+0700: 8342.982: Total time for which application threads were stopped: 0.0002733 seconds, Stopping threads took: 0.0000419 seconds
2021-04-17T21:46:04.463+0700: 8342.984: Total time for which application threads were stopped: 0.0002949 seconds, Stopping threads took: 0.0000543 seconds
2021-04-17T21:46:05.466+0700: 8343.987: Total time for which application threads were stopped: 0.0004697 seconds, Stopping threads took: 0.0000437 seconds
2021-04-17T21:46:56.785+0700: 8395.305: Total time for which application threads were stopped: 0.0002041 seconds, Stopping threads took: 0.0000325 seconds
2021-04-17T21:48:15.134+0700: 8473.651: Total time for which application threads were stopped: 0.0001928 seconds, Stopping threads took: 0.0000339 seconds
2021-04-17T21:48:15.134+0700: 8473.651: Total time for which application threads were stopped: 0.0001269 seconds, Stopping threads took: 0.0000171 seconds
2021-04-17T21:48:15.136+0700: 8473.653: Total time for which application threads were stopped: 0.0002763 seconds, Stopping threads took: 0.0000330 seconds
2021-04-17T21:48:15.154+0700: 8473.671: Total time for which application threads were stopped: 0.0005305 seconds, Stopping threads took: 0.0000368 seconds
2021-04-17T21:48:15.158+0700: 8473.675: Total time for which application threads were stopped: 0.0006574 seconds, Stopping threads took: 0.0000897 seconds
2021-04-17T21:48:15.166+0700: 8473.684: Total time for which application threads were stopped: 0.0004097 seconds, Stopping threads took: 0.0001164 seconds
2021-04-17T21:48:15.246+0700: 8473.763: Total time for which application threads were stopped: 0.0003695 seconds, Stopping threads took: 0.0000361 seconds
2021-04-17T21:48:15.246+0700: 8473.763: Total time for which application threads were stopped: 0.0002409 seconds, Stopping threads took: 0.0000974 seconds
2021-04-17T21:48:16.250+0700: 8474.768: Total time for which application threads were stopped: 0.0003732 seconds, Stopping threads took: 0.0000482 seconds
2021-04-17T21:48:26.281+0700: 8484.798: Total time for which application threads were stopped: 0.0003019 seconds, Stopping threads took: 0.0000455 seconds
2021-04-17T21:48:57.337+0700: 8515.853: Total time for which application threads were stopped: 0.0003188 seconds, Stopping threads took: 0.0000481 seconds
2021-04-17T21:49:44.488+0700: 8563.002: Total time for which application threads were stopped: 0.0002994 seconds, Stopping threads took: 0.0000389 seconds
2021-04-17T21:49:45.492+0700: 8564.006: Total time for which application threads were stopped: 0.0002906 seconds, Stopping threads took: 0.0000448 seconds
2021-04-17T21:50:32.599+0700: 8611.132: Total time for which application threads were stopped: 0.0003174 seconds, Stopping threads took: 0.0000692 seconds
2021-04-17T21:50:57.656+0700: 8636.189: Total time for which application threads were stopped: 0.0002118 seconds, Stopping threads took: 0.0000383 seconds
2021-04-17T21:51:06.687+0700: 8645.220: Total time for which application threads were stopped: 0.0006576 seconds, Stopping threads took: 0.0001628 seconds
2021-04-17T21:51:56.937+0700: 8695.469: Total time for which application threads were stopped: 0.0009909 seconds, Stopping threads took: 0.0000501 seconds
2021-04-17T21:51:56.951+0700: 8695.482: Total time for which application threads were stopped: 0.0002873 seconds, Stopping threads took: 0.0000413 seconds
2021-04-17T21:52:27.037+0700: 8725.567: Total time for which application threads were stopped: 0.0002289 seconds, Stopping threads took: 0.0000368 seconds
2021-04-17T21:52:45.096+0700: 8743.627: Total time for which application threads were stopped: 0.0004252 seconds, Stopping threads took: 0.0000882 seconds
2021-04-17T21:53:57.313+0700: 8815.841: Total time for which application threads were stopped: 0.0003455 seconds, Stopping threads took: 0.0000967 seconds
2021-04-17T21:54:12.353+0700: 8830.881: Total time for which application threads were stopped: 0.0002400 seconds, Stopping threads took: 0.0000376 seconds
2021-04-17T21:54:27.397+0700: 8845.925: Total time for which application threads were stopped: 0.0001752 seconds, Stopping threads took: 0.0000291 seconds
2021-04-17T21:54:44.444+0700: 8862.971: Total time for which application threads were stopped: 0.0003504 seconds, Stopping threads took: 0.0000768 seconds
2021-04-17T21:56:10.645+0700: 8949.169: Total time for which application threads were stopped: 0.0003912 seconds, Stopping threads took: 0.0000562 seconds
2021-04-17T21:56:32.686+0700: 8971.209: Total time for which application threads were stopped: 0.0003019 seconds, Stopping threads took: 0.0000910 seconds
2021-04-17T21:56:57.088+0700: 8995.610: Total time for which application threads were stopped: 0.0002485 seconds, Stopping threads took: 0.0000320 seconds
2021-04-17T21:57:43.216+0700: 9041.738: Total time for which application threads were stopped: 0.0002507 seconds, Stopping threads took: 0.0000298 seconds
2021-04-17T21:57:57.258+0700: 9055.779: Total time for which application threads were stopped: 0.0002893 seconds, Stopping threads took: 0.0000473 seconds
2021-04-17T21:58:16.312+0700: 9074.832: Total time for which application threads were stopped: 0.0003298 seconds, Stopping threads took: 0.0000543 seconds
2021-04-17T21:58:40.378+0700: 9098.898: Total time for which application threads were stopped: 0.0002812 seconds, Stopping threads took: 0.0000371 seconds
2021-04-17T21:58:41.382+0700: 9099.902: Total time for which application threads were stopped: 0.0003227 seconds, Stopping threads took: 0.0000484 seconds
2021-04-17T21:58:57.419+0700: 9115.938: Total time for which application threads were stopped: 0.0002865 seconds, Stopping threads took: 0.0000421 seconds
2021-04-17T21:59:36.508+0700: 9155.025: Total time for which application threads were stopped: 0.0003143 seconds, Stopping threads took: 0.0000487 seconds
2021-04-17T21:59:57.563+0700: 9176.080: Total time for which application threads were stopped: 0.0003591 seconds, Stopping threads took: 0.0000706 seconds
2021-04-17T22:00:03.583+0700: 9182.100: Total time for which application threads were stopped: 0.0004380 seconds, Stopping threads took: 0.0000603 seconds
2021-04-17T22:00:25.642+0700: 9204.158: Total time for which application threads were stopped: 0.0004914 seconds, Stopping threads took: 0.0000536 seconds
2021-04-17T22:00:40.684+0700: 9219.200: Total time for which application threads were stopped: 0.0003324 seconds, Stopping threads took: 0.0000533 seconds
2021-04-17T22:01:57.250+0700: 9295.764: Total time for which application threads were stopped: 0.0002867 seconds, Stopping threads took: 0.0000463 seconds
2021-04-17T22:01:58.252+0700: 9296.766: Total time for which application threads were stopped: 0.0002787 seconds, Stopping threads took: 0.0000463 seconds
2021-04-17T22:02:41.343+0700: 9339.856: Total time for which application threads were stopped: 0.0005575 seconds, Stopping threads took: 0.0000862 seconds
2021-04-17T22:02:52.792+0700: 9351.304: Total time for which application threads were stopped: 0.0002502 seconds, Stopping threads took: 0.0000322 seconds
2021-04-17T22:02:52.793+0700: 9351.305: Total time for which application threads were stopped: 0.0001706 seconds, Stopping threads took: 0.0000149 seconds
2021-04-17T22:02:52.795+0700: 9351.307: Total time for which application threads were stopped: 0.0002497 seconds, Stopping threads took: 0.0000321 seconds
2021-04-17T22:02:52.799+0700: 9351.311: Total time for which application threads were stopped: 0.0002308 seconds, Stopping threads took: 0.0000460 seconds
2021-04-17T22:02:52.801+0700: 9351.313: Total time for which application threads were stopped: 0.0001839 seconds, Stopping threads took: 0.0000260 seconds
2021-04-17T22:02:52.809+0700: 9351.321: Total time for which application threads were stopped: 0.0002507 seconds, Stopping threads took: 0.0000331 seconds
2021-04-17T22:02:52.809+0700: 9351.321: Total time for which application threads were stopped: 0.0001967 seconds, Stopping threads took: 0.0000298 seconds
2021-04-17T22:02:53.814+0700: 9352.326: Total time for which application threads were stopped: 0.0002520 seconds, Stopping threads took: 0.0000409 seconds
2021-04-17T22:03:56.956+0700: 9415.466: Total time for which application threads were stopped: 0.0003161 seconds, Stopping threads took: 0.0000510 seconds
2021-04-17T22:04:06.986+0700: 9425.495: Total time for which application threads were stopped: 0.0006604 seconds, Stopping threads took: 0.0000604 seconds
2021-04-17T22:04:58.128+0700: 9476.637: Total time for which application threads were stopped: 0.0004199 seconds, Stopping threads took: 0.0000602 seconds
2021-04-17T22:05:58.258+0700: 9536.782: Total time for which application threads were stopped: 0.0003434 seconds, Stopping threads took: 0.0000656 seconds
2021-04-17T22:06:36.276+0700: 9574.803: Total time for which application threads were stopped: 0.0002537 seconds, Stopping threads took: 0.0000309 seconds
2021-04-17T22:06:36.276+0700: 9574.804: Total time for which application threads were stopped: 0.0001447 seconds, Stopping threads took: 0.0000155 seconds
2021-04-17T22:06:36.278+0700: 9574.805: Total time for which application threads were stopped: 0.0002070 seconds, Stopping threads took: 0.0000252 seconds
2021-04-17T22:06:36.281+0700: 9574.808: Total time for which application threads were stopped: 0.0001960 seconds, Stopping threads took: 0.0000318 seconds
2021-04-17T22:06:36.282+0700: 9574.810: Total time for which application threads were stopped: 0.0001898 seconds, Stopping threads took: 0.0000276 seconds
2021-04-17T22:06:36.306+0700: 9574.833: Total time for which application threads were stopped: 0.0002481 seconds, Stopping threads took: 0.0000643 seconds
2021-04-17T22:06:36.307+0700: 9574.834: Total time for which application threads were stopped: 0.0005861 seconds, Stopping threads took: 0.0000873 seconds
2021-04-17T22:06:36.308+0700: 9574.835: Total time for which application threads were stopped: 0.0002872 seconds, Stopping threads took: 0.0000321 seconds
2021-04-17T22:06:37.310+0700: 9575.837: Total time for which application threads were stopped: 0.0003691 seconds, Stopping threads took: 0.0000544 seconds
2021-04-17T22:06:57.398+0700: 9595.924: Total time for which application threads were stopped: 0.0001646 seconds, Stopping threads took: 0.0000263 seconds
2021-04-17T22:10:57.524+0700: 9836.043: Total time for which application threads were stopped: 0.0004016 seconds, Stopping threads took: 0.0000580 seconds
2021-04-17T22:11:57.565+0700: 9896.083: Total time for which application threads were stopped: 0.0002191 seconds, Stopping threads took: 0.0000345 seconds
2021-04-17T22:16:57.708+0700: 10196.217: Total time for which application threads were stopped: 0.0001904 seconds, Stopping threads took: 0.0000287 seconds
2021-04-17T22:17:58.094+0700: 10256.601: Total time for which application threads were stopped: 0.0003598 seconds, Stopping threads took: 0.0000619 seconds
2021-04-17T22:20:58.271+0700: 10436.773: Total time for which application threads were stopped: 0.0003050 seconds, Stopping threads took: 0.0000619 seconds
2021-04-17T22:21:57.881+0700: 10496.381: Total time for which application threads were stopped: 0.0002379 seconds, Stopping threads took: 0.0000381 seconds
2021-04-17T22:23:58.675+0700: 10617.195: Total time for which application threads were stopped: 0.0003767 seconds, Stopping threads took: 0.0000862 seconds
2021-04-17T22:26:58.024+0700: 10796.539: Total time for which application threads were stopped: 0.0002436 seconds, Stopping threads took: 0.0000340 seconds
2021-04-17T22:29:59.147+0700: 10977.656: Total time for which application threads were stopped: 0.0002004 seconds, Stopping threads took: 0.0000468 seconds
2021-04-17T22:30:58.514+0700: 11037.021: Total time for which application threads were stopped: 0.0003032 seconds, Stopping threads took: 0.0000476 seconds
2021-04-17T22:31:58.263+0700: 11096.769: Total time for which application threads were stopped: 0.0003718 seconds, Stopping threads took: 0.0000509 seconds
2021-04-17T22:33:58.995+0700: 11217.497: Total time for which application threads were stopped: 0.0004495 seconds, Stopping threads took: 0.0000614 seconds
2021-04-17T22:36:58.423+0700: 11396.920: Total time for which application threads were stopped: 0.0002217 seconds, Stopping threads took: 0.0000342 seconds
2021-04-17T22:38:59.076+0700: 11517.590: Total time for which application threads were stopped: 0.0003154 seconds, Stopping threads took: 0.0000734 seconds
2021-04-17T22:39:59.443+0700: 11577.955: Total time for which application threads were stopped: 0.0003188 seconds, Stopping threads took: 0.0000507 seconds
2021-04-17T22:41:58.551+0700: 11697.060: Total time for which application threads were stopped: 0.0002233 seconds, Stopping threads took: 0.0000656 seconds
2021-04-17T22:46:58.737+0700: 11997.238: Total time for which application threads were stopped: 0.0002378 seconds, Stopping threads took: 0.0000359 seconds
2021-04-17T22:51:58.918+0700: 12297.409: Total time for which application threads were stopped: 0.0002174 seconds, Stopping threads took: 0.0000324 seconds
2021-04-17T22:54:59.979+0700: 12478.487: Total time for which application threads were stopped: 0.0003982 seconds, Stopping threads took: 0.0000595 seconds
2021-04-17T22:56:51.682+0700: 12590.187: Total time for which application threads were stopped: 0.0002913 seconds, Stopping threads took: 0.0000987 seconds
2021-04-17T22:56:59.048+0700: 12597.553: Total time for which application threads were stopped: 0.0001874 seconds, Stopping threads took: 0.0000301 seconds
2021-04-17T23:01:59.248+0700: 12897.744: Total time for which application threads were stopped: 0.0002316 seconds, Stopping threads took: 0.0000331 seconds
2021-04-17T23:06:59.400+0700: 13197.887: Total time for which application threads were stopped: 0.0004562 seconds, Stopping threads took: 0.0000351 seconds
2021-04-17T23:07:59.416+0700: 13257.902: Total time for which application threads were stopped: 0.0003056 seconds, Stopping threads took: 0.0000434 seconds
2021-04-17T23:11:48.136+0700: 13486.638: Total time for which application threads were stopped: 0.0011497 seconds, Stopping threads took: 0.0002881 seconds
2021-04-17T23:11:58.161+0700: 13496.662: Total time for which application threads were stopped: 0.0003010 seconds, Stopping threads took: 0.0000597 seconds
2021-04-17T23:11:59.523+0700: 13498.025: Total time for which application threads were stopped: 0.0013425 seconds, Stopping threads took: 0.0000407 seconds
2021-04-17T23:11:59.544+0700: 13498.046: Total time for which application threads were stopped: 0.0002330 seconds, Stopping threads took: 0.0000350 seconds
2021-04-17T23:12:07.555+0700: 13506.056: Total time for which application threads were stopped: 0.0003229 seconds, Stopping threads took: 0.0000457 seconds
2021-04-17T23:16:00.255+0700: 13738.750: Total time for which application threads were stopped: 0.0003300 seconds, Stopping threads took: 0.0000835 seconds
2021-04-17T23:16:59.691+0700: 13798.184: Total time for which application threads were stopped: 0.0001904 seconds, Stopping threads took: 0.0000298 seconds
2021-04-17T23:20:18.201+0700: 13996.688: Total time for which application threads were stopped: 0.0004193 seconds, Stopping threads took: 0.0000563 seconds
2021-04-17T23:21:59.849+0700: 14098.333: Total time for which application threads were stopped: 0.0002159 seconds, Stopping threads took: 0.0000322 seconds
2021-04-17T23:22:17.901+0700: 14116.384: Total time for which application threads were stopped: 0.0003247 seconds, Stopping threads took: 0.0000520 seconds
2021-04-17T23:26:59.986+0700: 14398.486: Total time for which application threads were stopped: 0.0002026 seconds, Stopping threads took: 0.0000435 seconds
2021-04-17T23:28:00.161+0700: 14458.660: Total time for which application threads were stopped: 0.0003168 seconds, Stopping threads took: 0.0000757 seconds
2021-04-17T23:29:47.438+0700: 14565.933: Total time for which application threads were stopped: 0.0002003 seconds, Stopping threads took: 0.0000358 seconds
2021-04-17T23:32:00.170+0700: 14698.661: Total time for which application threads were stopped: 0.0001997 seconds, Stopping threads took: 0.0000305 seconds
2021-04-17T23:34:45.925+0700: 14864.411: Total time for which application threads were stopped: 0.0002475 seconds, Stopping threads took: 0.0000282 seconds
2021-04-17T23:34:45.925+0700: 14864.411: Total time for which application threads were stopped: 0.0001624 seconds, Stopping threads took: 0.0000165 seconds
2021-04-17T23:34:45.936+0700: 14864.422: Total time for which application threads were stopped: 0.0004139 seconds, Stopping threads took: 0.0000458 seconds
2021-04-17T23:34:45.944+0700: 14864.430: Total time for which application threads were stopped: 0.0002662 seconds, Stopping threads took: 0.0000738 seconds
2021-04-17T23:34:45.947+0700: 14864.433: Total time for which application threads were stopped: 0.0001998 seconds, Stopping threads took: 0.0000261 seconds
2021-04-17T23:34:46.950+0700: 14865.436: Total time for which application threads were stopped: 0.0005441 seconds, Stopping threads took: 0.0000655 seconds
2021-04-17T23:37:00.336+0700: 14998.818: Total time for which application threads were stopped: 0.0002058 seconds, Stopping threads took: 0.0000330 seconds
2021-04-17T23:37:01.340+0700: 14999.822: Total time for which application threads were stopped: 0.0005752 seconds, Stopping threads took: 0.0000522 seconds
2021-04-17T23:38:00.503+0700: 15058.983: Total time for which application threads were stopped: 0.0038352 seconds, Stopping threads took: 0.0012879 seconds
2021-04-17T23:42:00.664+0700: 15299.137: Total time for which application threads were stopped: 0.0008865 seconds, Stopping threads took: 0.0001283 seconds
2021-04-17T23:47:00.825+0700: 15599.314: Total time for which application threads were stopped: 0.0023306 seconds, Stopping threads took: 0.0005999 seconds
2021-04-17T23:47:01.826+0700: 15600.315: Total time for which application threads were stopped: 0.0003545 seconds, Stopping threads took: 0.0000572 seconds
2021-04-17T23:47:04.834+0700: 15603.323: Total time for which application threads were stopped: 0.0003157 seconds, Stopping threads took: 0.0000742 seconds
2021-04-17T23:50:01.317+0700: 15779.800: Total time for which application threads were stopped: 0.0002772 seconds, Stopping threads took: 0.0000495 seconds
2021-04-17T23:52:00.976+0700: 15899.455: Total time for which application threads were stopped: 0.0002405 seconds, Stopping threads took: 0.0000334 seconds
2021-04-17T23:57:01.158+0700: 16199.629: Total time for which application threads were stopped: 0.0002420 seconds, Stopping threads took: 0.0000355 seconds
2021-04-18T00:02:01.305+0700: 16499.790: Total time for which application threads were stopped: 0.0002368 seconds, Stopping threads took: 0.0000497 seconds
2021-04-18T00:07:01.475+0700: 16799.951: Total time for which application threads were stopped: 0.0002370 seconds, Stopping threads took: 0.0000350 seconds
2021-04-18T00:08:58.124+0700: 16916.611: Total time for which application threads were stopped: 0.0004574 seconds, Stopping threads took: 0.0000553 seconds
2021-04-18T00:11:01.893+0700: 17040.377: Total time for which application threads were stopped: 0.0004189 seconds, Stopping threads took: 0.0000602 seconds
2021-04-18T00:12:01.627+0700: 17100.109: Total time for which application threads were stopped: 0.0002429 seconds, Stopping threads took: 0.0000336 seconds
2021-04-18T00:17:01.780+0700: 17400.253: Total time for which application threads were stopped: 0.0002221 seconds, Stopping threads took: 0.0000341 seconds
2021-04-18T00:22:01.944+0700: 17700.420: Total time for which application threads were stopped: 0.0002341 seconds, Stopping threads took: 0.0000335 seconds
2021-04-18T00:24:02.677+0700: 17821.150: Total time for which application threads were stopped: 0.0004389 seconds, Stopping threads took: 0.0000654 seconds
2021-04-18T00:26:02.073+0700: 17940.544: Total time for which application threads were stopped: 0.0015802 seconds, Stopping threads took: 0.0000894 seconds
2021-04-18T00:31:02.258+0700: 18240.719: Total time for which application threads were stopped: 0.0003008 seconds, Stopping threads took: 0.0000619 seconds
2021-04-18T00:36:02.424+0700: 18540.898: Total time for which application threads were stopped: 0.0004783 seconds, Stopping threads took: 0.0000321 seconds
2021-04-18T00:37:02.446+0700: 18600.922: Total time for which application threads were stopped: 0.0003150 seconds, Stopping threads took: 0.0000462 seconds
2021-04-18T00:41:02.591+0700: 18841.060: Total time for which application threads were stopped: 0.0003390 seconds, Stopping threads took: 0.0001440 seconds
2021-04-18T00:46:02.751+0700: 19141.211: Total time for which application threads were stopped: 0.0014267 seconds, Stopping threads took: 0.0000393 seconds
2021-04-18T00:46:02.760+0700: 19141.220: Total time for which application threads were stopped: 0.0002034 seconds, Stopping threads took: 0.0000303 seconds
2021-04-18T00:51:02.936+0700: 19441.387: Total time for which application threads were stopped: 0.0002209 seconds, Stopping threads took: 0.0000340 seconds
2021-04-18T00:56:03.120+0700: 19741.585: Total time for which application threads were stopped: 0.0002205 seconds, Stopping threads took: 0.0000354 seconds
2021-04-18T01:01:03.290+0700: 20041.746: Total time for which application threads were stopped: 0.0002264 seconds, Stopping threads took: 0.0000345 seconds
2021-04-18T01:06:03.478+0700: 20341.924: Total time for which application threads were stopped: 0.0002169 seconds, Stopping threads took: 0.0000326 seconds
2021-04-18T01:11:03.625+0700: 20642.088: Total time for which application threads were stopped: 0.0002374 seconds, Stopping threads took: 0.0000466 seconds
2021-04-18T01:16:03.811+0700: 20942.265: Total time for which application threads were stopped: 0.0002345 seconds, Stopping threads took: 0.0000333 seconds
2021-04-18T01:21:03.991+0700: 21242.436: Total time for which application threads were stopped: 0.0002441 seconds, Stopping threads took: 0.0000360 seconds
2021-04-18T01:22:04.362+0700: 21302.805: Total time for which application threads were stopped: 0.0003349 seconds, Stopping threads took: 0.0001017 seconds
2021-04-18T01:26:04.134+0700: 21542.595: Total time for which application threads were stopped: 0.0001997 seconds, Stopping threads took: 0.0000302 seconds
2021-04-18T01:30:08.676+0700: 21787.130: Total time for which application threads were stopped: 0.0003299 seconds, Stopping threads took: 0.0000609 seconds
2021-04-18T01:31:04.307+0700: 21842.760: Total time for which application threads were stopped: 0.0002484 seconds, Stopping threads took: 0.0000337 seconds
2021-04-18T01:36:04.481+0700: 22142.925: Total time for which application threads were stopped: 0.0002938 seconds, Stopping threads took: 0.0000417 seconds
2021-04-18T01:41:04.674+0700: 22443.109: Total time for which application threads were stopped: 0.0002248 seconds, Stopping threads took: 0.0000313 seconds
2021-04-18T01:43:05.368+0700: 22563.825: Total time for which application threads were stopped: 0.0003402 seconds, Stopping threads took: 0.0000984 seconds
2021-04-18T01:46:04.818+0700: 22743.270: Total time for which application threads were stopped: 0.0002326 seconds, Stopping threads took: 0.0000340 seconds
2021-04-18T01:49:05.927+0700: 22924.374: Total time for which application threads were stopped: 0.0002769 seconds, Stopping threads took: 0.0000440 seconds
2021-04-18T01:50:05.254+0700: 22983.699: Total time for which application threads were stopped: 0.0003041 seconds, Stopping threads took: 0.0000529 seconds
2021-04-18T01:51:05.006+0700: 23043.449: Total time for which application threads were stopped: 0.0002183 seconds, Stopping threads took: 0.0000327 seconds
2021-04-18T01:51:09.031+0700: 23047.474: Total time for which application threads were stopped: 0.0003320 seconds, Stopping threads took: 0.0000461 seconds
2021-04-18T01:52:05.359+0700: 23103.799: Total time for which application threads were stopped: 0.0003464 seconds, Stopping threads took: 0.0001007 seconds
2021-04-18T01:52:08.381+0700: 23106.822: Total time for which application threads were stopped: 0.0003112 seconds, Stopping threads took: 0.0000609 seconds
2021-04-18T01:55:05.409+0700: 23283.845: Total time for which application threads were stopped: 0.0003257 seconds, Stopping threads took: 0.0000589 seconds
2021-04-18T01:56:05.182+0700: 23343.616: Total time for which application threads were stopped: 0.0002315 seconds, Stopping threads took: 0.0000346 seconds
2021-04-18T01:57:05.611+0700: 23404.043: Total time for which application threads were stopped: 0.0002894 seconds, Stopping threads took: 0.0000491 seconds
2021-04-18T01:58:05.937+0700: 23464.367: Total time for which application threads were stopped: 0.0003027 seconds, Stopping threads took: 0.0000520 seconds
2021-04-18T02:01:05.351+0700: 23643.802: Total time for which application threads were stopped: 0.0002300 seconds, Stopping threads took: 0.0000326 seconds
2021-04-18T02:06:05.516+0700: 23943.958: Total time for which application threads were stopped: 0.0002251 seconds, Stopping threads took: 0.0000327 seconds
2021-04-18T02:11:05.678+0700: 24244.110: Total time for which application threads were stopped: 0.0004119 seconds, Stopping threads took: 0.0000310 seconds
2021-04-18T02:12:05.697+0700: 24304.128: Total time for which application threads were stopped: 0.0003258 seconds, Stopping threads took: 0.0000478 seconds
2021-04-18T02:16:05.834+0700: 24544.280: Total time for which application threads were stopped: 0.0002210 seconds, Stopping threads took: 0.0000338 seconds
2021-04-18T02:21:06.035+0700: 24844.475: Total time for which application threads were stopped: 0.0021494 seconds, Stopping threads took: 0.0005637 seconds
2021-04-18T02:26:06.223+0700: 25144.655: Total time for which application threads were stopped: 0.0007194 seconds, Stopping threads took: 0.0000380 seconds
2021-04-18T02:26:06.232+0700: 25144.664: Total time for which application threads were stopped: 0.0001960 seconds, Stopping threads took: 0.0000277 seconds
2021-04-18T02:31:06.398+0700: 25444.821: Total time for which application threads were stopped: 0.0002308 seconds, Stopping threads took: 0.0000342 seconds
2021-04-18T02:32:06.551+0700: 25504.983: Total time for which application threads were stopped: 0.0003157 seconds, Stopping threads took: 0.0000624 seconds
2021-04-18T02:36:06.517+0700: 25744.955: Total time for which application threads were stopped: 0.0004657 seconds, Stopping threads took: 0.0000619 seconds
2021-04-18T02:41:06.687+0700: 26045.116: Total time for which application threads were stopped: 0.0001999 seconds, Stopping threads took: 0.0000284 seconds
2021-04-18T02:46:06.853+0700: 26345.273: Total time for which application threads were stopped: 0.0002341 seconds, Stopping threads took: 0.0000367 seconds
2021-04-18T02:51:07.025+0700: 26645.461: Total time for which application threads were stopped: 0.0002647 seconds, Stopping threads took: 0.0000419 seconds
2021-04-18T02:56:07.172+0700: 26945.599: Total time for which application threads were stopped: 0.0002224 seconds, Stopping threads took: 0.0000545 seconds
2021-04-18T03:01:07.369+0700: 27245.787: Total time for which application threads were stopped: 0.0002974 seconds, Stopping threads took: 0.0000537 seconds
2021-04-18T03:06:07.496+0700: 27545.928: Total time for which application threads were stopped: 0.0002264 seconds, Stopping threads took: 0.0000470 seconds
2021-04-18T03:11:07.661+0700: 27846.086: Total time for which application threads were stopped: 0.0001916 seconds, Stopping threads took: 0.0000276 seconds
2021-04-18T05:20:17.877+0700: 28155.277: Total time for which application threads were stopped: 0.0096623 seconds, Stopping threads took: 0.0011862 seconds
2021-04-18T05:20:18.877+0700: 28156.277: Total time for which application threads were stopped: 0.0002039 seconds, Stopping threads took: 0.0000315 seconds
2021-04-18T05:20:19.877+0700: 28157.277: Total time for which application threads were stopped: 0.0002215 seconds, Stopping threads took: 0.0000228 seconds
2021-04-18T08:50:04.348+0700: 28217.395: Total time for which application threads were stopped: 0.0009108 seconds, Stopping threads took: 0.0001158 seconds
2021-04-18T14:56:25.606+0700: 28277.481: Total time for which application threads were stopped: 0.0002917 seconds, Stopping threads took: 0.0000409 seconds
2021-04-18T14:59:21.118+0700: 28452.981: Total time for which application threads were stopped: 0.0002335 seconds, Stopping threads took: 0.0000442 seconds
2021-04-18T14:59:21.118+0700: 28452.981: Total time for which application threads were stopped: 0.0001551 seconds, Stopping threads took: 0.0000296 seconds
{Heap before GC invocations=17 (full 0):
 garbage-first heap   total 524288K, used 400512K [0x00000007a0000000, 0x00000007a0101000, 0x00000007c0000000)
  region size 1024K, 307 young (314368K), 16 survivors (16384K)
 Metaspace       used 61230K, capacity 64332K, committed 64456K, reserved 1105920K
  class space    used 7248K, capacity 7847K, committed 7936K, reserved 1048576K
2021-04-18T14:59:21.210+0700: 28453.073: [GC pause (G1 Evacuation Pause) (young)
Desired survivor size 20447232 bytes, new threshold 15 (max 15)
- age   1:    4066864 bytes,    4066864 total
- age   2:    4229976 bytes,    8296840 total
- age   3:    4495856 bytes,   12792696 total
, 0.0730642 secs]
   [Parallel Time: 65.7 ms, GC Workers: 4]
      [GC Worker Start (ms): Min: 28453075.0, Avg: 28453075.0, Max: 28453075.1, Diff: 0.1]
      [Ext Root Scanning (ms): Min: 3.8, Avg: 7.3, Max: 17.5, Diff: 13.7, Sum: 29.4]
      [Update RS (ms): Min: 0.0, Avg: 8.4, Max: 12.9, Diff: 12.9, Sum: 33.6]
         [Processed Buffers: Min: 0, Avg: 7.5, Max: 14, Diff: 14, Sum: 30]
      [Scan RS (ms): Min: 0.0, Avg: 0.1, Max: 0.1, Diff: 0.1, Sum: 0.2]
      [Code Root Scanning (ms): Min: 0.0, Avg: 3.3, Max: 5.8, Diff: 5.8, Sum: 13.2]
      [Object Copy (ms): Min: 42.9, Avg: 46.4, Max: 49.1, Diff: 6.2, Sum: 185.4]
      [Termination (ms): Min: 0.0, Avg: 0.0, Max: 0.0, Diff: 0.0, Sum: 0.0]
         [Termination Attempts: Min: 1, Avg: 1.0, Max: 1, Diff: 0, Sum: 4]
      [GC Worker Other (ms): Min: 0.0, Avg: 0.1, Max: 0.1, Diff: 0.1, Sum: 0.3]
      [GC Worker Total (ms): Min: 65.5, Avg: 65.5, Max: 65.6, Diff: 0.1, Sum: 262.1]
      [GC Worker End (ms): Min: 28453140.5, Avg: 28453140.6, Max: 28453140.6, Diff: 0.0]
   [Code Root Fixup: 0.1 ms]
   [Code Root Purge: 0.1 ms]
   [Clear CT: 0.3 ms]
   [Other: 6.9 ms]
      [Choose CSet: 0.0 ms]
      [Ref Proc: 3.6 ms]
      [Ref Enq: 0.0 ms]
      [Redirty Cards: 0.1 ms]
      [Humongous Register: 0.4 ms]
      [Humongous Reclaim: 0.0 ms]
      [Free CSet: 0.6 ms]
   [Eden: 291.0M(291.0M)->0.0B(289.0M) Survivors: 16.0M->18.0M Heap: 391.1M(512.0M)->102.1M(512.0M)]
Heap after GC invocations=18 (full 0):
 garbage-first heap   total 524288K, used 104576K [0x00000007a0000000, 0x00000007a0101000, 0x00000007c0000000)
  region size 1024K, 18 young (18432K), 18 survivors (18432K)
 Metaspace       used 61230K, capacity 64332K, committed 64456K, reserved 1105920K
  class space    used 7248K, capacity 7847K, committed 7936K, reserved 1048576K
}
 [Times: user=0.06 sys=0.14, real=0.07 secs] 
2021-04-18T14:59:21.283+0700: 28453.146: Total time for which application threads were stopped: 0.0752737 seconds, Stopping threads took: 0.0000380 seconds
2021-04-18T14:59:21.284+0700: 28453.147: Total time for which application threads were stopped: 0.0005380 seconds, Stopping threads took: 0.0003460 seconds
2021-04-18T14:59:21.284+0700: 28453.147: Total time for which application threads were stopped: 0.0006652 seconds, Stopping threads took: 0.0005207 seconds
2021-04-18T14:59:21.285+0700: 28453.148: Total time for which application threads were stopped: 0.0001486 seconds, Stopping threads took: 0.0000634 seconds
2021-04-18T14:59:21.289+0700: 28453.152: Total time for which application threads were stopped: 0.0004126 seconds, Stopping threads took: 0.0000361 seconds
2021-04-18T14:59:21.293+0700: 28453.156: Total time for which application threads were stopped: 0.0001794 seconds, Stopping threads took: 0.0000456 seconds
2021-04-18T14:59:21.305+0700: 28453.168: Total time for which application threads were stopped: 0.0002149 seconds, Stopping threads took: 0.0000275 seconds
2021-04-18T14:59:21.351+0700: 28453.214: Total time for which application threads were stopped: 0.0002247 seconds, Stopping threads took: 0.0000444 seconds
2021-04-18T14:59:21.354+0700: 28453.217: Total time for which application threads were stopped: 0.0002518 seconds, Stopping threads took: 0.0001107 seconds
2021-04-18T14:59:23.358+0700: 28455.221: Total time for which application threads were stopped: 0.0003065 seconds, Stopping threads took: 0.0000462 seconds
2021-04-18T14:59:25.729+0700: 28457.592: Total time for which application threads were stopped: 0.0002039 seconds, Stopping threads took: 0.0000314 seconds
2021-04-18T15:02:52.229+0700: 28664.086: Total time for which application threads were stopped: 0.0001957 seconds, Stopping threads took: 0.0000372 seconds
2021-04-18T15:02:52.229+0700: 28664.086: Total time for which application threads were stopped: 0.0001368 seconds, Stopping threads took: 0.0000150 seconds
2021-04-18T15:02:52.230+0700: 28664.087: Total time for which application threads were stopped: 0.0001662 seconds, Stopping threads took: 0.0000221 seconds
2021-04-18T15:02:52.235+0700: 28664.092: Total time for which application threads were stopped: 0.0010086 seconds, Stopping threads took: 0.0000424 seconds
2021-04-18T15:02:52.238+0700: 28664.095: Total time for which application threads were stopped: 0.0001968 seconds, Stopping threads took: 0.0000268 seconds
2021-04-18T15:02:52.244+0700: 28664.101: Total time for which application threads were stopped: 0.0002028 seconds, Stopping threads took: 0.0000447 seconds
2021-04-18T15:02:52.252+0700: 28664.108: Total time for which application threads were stopped: 0.0018257 seconds, Stopping threads took: 0.0011852 seconds
2021-04-18T15:02:52.255+0700: 28664.112: Total time for which application threads were stopped: 0.0002734 seconds, Stopping threads took: 0.0000345 seconds
2021-04-18T15:04:25.873+0700: 28757.726: Total time for which application threads were stopped: 0.0002025 seconds, Stopping threads took: 0.0000271 seconds
2021-04-18T15:09:25.752+0700: 29057.597: Total time for which application threads were stopped: 0.0002769 seconds, Stopping threads took: 0.0000424 seconds
2021-04-18T15:09:26.049+0700: 29057.894: Total time for which application threads were stopped: 0.0002155 seconds, Stopping threads took: 0.0000321 seconds
2021-04-18T15:10:26.232+0700: 29118.075: Total time for which application threads were stopped: 0.0003901 seconds, Stopping threads took: 0.0001297 seconds
2021-04-18T15:10:36.263+0700: 29128.106: Total time for which application threads were stopped: 0.0004103 seconds, Stopping threads took: 0.0000598 seconds
2021-04-18T15:10:56.316+0700: 29148.158: Total time for which application threads were stopped: 0.0003191 seconds, Stopping threads took: 0.0000533 seconds
2021-04-18T15:11:26.410+0700: 29178.252: Total time for which application threads were stopped: 0.0004142 seconds, Stopping threads took: 0.0000615 seconds
2021-04-18T15:12:25.604+0700: 29237.443: Total time for which application threads were stopped: 0.0004632 seconds, Stopping threads took: 0.0000563 seconds
2021-04-18T15:14:26.159+0700: 29358.022: Total time for which application threads were stopped: 0.0004285 seconds, Stopping threads took: 0.0000398 seconds
2021-04-18T15:14:26.176+0700: 29358.039: Total time for which application threads were stopped: 0.0001844 seconds, Stopping threads took: 0.0000265 seconds
2021-04-18T15:19:26.344+0700: 29658.199: Total time for which application threads were stopped: 0.0002354 seconds, Stopping threads took: 0.0000324 seconds
2021-04-18T15:22:13.285+0700: 29825.134: Total time for which application threads were stopped: 0.0002241 seconds, Stopping threads took: 0.0000320 seconds
2021-04-18T15:22:13.285+0700: 29825.134: Total time for which application threads were stopped: 0.0001622 seconds, Stopping threads took: 0.0000110 seconds
2021-04-18T15:22:13.287+0700: 29825.136: Total time for which application threads were stopped: 0.0003524 seconds, Stopping threads took: 0.0001137 seconds
2021-04-18T15:22:13.293+0700: 29825.142: Total time for which application threads were stopped: 0.0002368 seconds, Stopping threads took: 0.0000445 seconds
2021-04-18T15:22:13.293+0700: 29825.142: Total time for which application threads were stopped: 0.0003060 seconds, Stopping threads took: 0.0000512 seconds
2021-04-18T15:22:13.296+0700: 29825.145: Total time for which application threads were stopped: 0.0015379 seconds, Stopping threads took: 0.0000705 seconds
2021-04-18T15:22:13.299+0700: 29825.149: Total time for which application threads were stopped: 0.0001657 seconds, Stopping threads took: 0.0000236 seconds
2021-04-18T15:24:26.501+0700: 29958.347: Total time for which application threads were stopped: 0.0003368 seconds, Stopping threads took: 0.0000394 seconds
2021-04-18T15:29:26.664+0700: 30258.500: Total time for which application threads were stopped: 0.0037518 seconds, Stopping threads took: 0.0009051 seconds
2021-04-18T15:34:23.401+0700: 30555.254: Total time for which application threads were stopped: 0.0003166 seconds, Stopping threads took: 0.0000516 seconds
2021-04-18T15:34:26.873+0700: 30558.726: Total time for which application threads were stopped: 0.0002145 seconds, Stopping threads took: 0.0000304 seconds
2021-04-18T15:38:25.611+0700: 30797.457: Total time for which application threads were stopped: 0.0003206 seconds, Stopping threads took: 0.0000560 seconds
2021-04-18T15:39:27.018+0700: 30858.862: Total time for which application threads were stopped: 0.0002174 seconds, Stopping threads took: 0.0000302 seconds
2021-04-18T16:04:04.174+0700: 31159.017: Total time for which application threads were stopped: 0.0002291 seconds, Stopping threads took: 0.0000326 seconds
2021-04-18T16:59:12.400+0700: 31459.153: Total time for which application threads were stopped: 0.0003021 seconds, Stopping threads took: 0.0000489 seconds
2021-04-18T17:04:12.563+0700: 31759.308: Total time for which application threads were stopped: 0.0002588 seconds, Stopping threads took: 0.0000336 seconds
2021-04-18T17:05:11.736+0700: 31818.479: Total time for which application threads were stopped: 0.0003423 seconds, Stopping threads took: 0.0000914 seconds
2021-04-18T17:09:11.409+0700: 32058.144: Total time for which application threads were stopped: 0.0003024 seconds, Stopping threads took: 0.0000549 seconds
2021-04-18T17:09:12.757+0700: 32059.493: Total time for which application threads were stopped: 0.0002360 seconds, Stopping threads took: 0.0000339 seconds
2021-04-18T17:14:12.930+0700: 32359.656: Total time for which application threads were stopped: 0.0002329 seconds, Stopping threads took: 0.0000335 seconds
2021-04-18T17:19:13.121+0700: 32659.838: Total time for which application threads were stopped: 0.0002324 seconds, Stopping threads took: 0.0000342 seconds
2021-04-18T17:24:13.290+0700: 32959.998: Total time for which application threads were stopped: 0.0002107 seconds, Stopping threads took: 0.0000294 seconds
2021-04-18T17:29:09.107+0700: 33255.852: Total time for which application threads were stopped: 0.0003922 seconds, Stopping threads took: 0.0000546 seconds
2021-04-18T17:29:13.409+0700: 33260.153: Total time for which application threads were stopped: 0.0002343 seconds, Stopping threads took: 0.0000368 seconds
2021-04-18T17:31:11.767+0700: 33378.509: Total time for which application threads were stopped: 0.0003183 seconds, Stopping threads took: 0.0000487 seconds
2021-04-18T19:32:11.877+0700: 33441.181: Total time for which application threads were stopped: 0.0011290 seconds, Stopping threads took: 0.0001354 seconds
2021-04-18T21:28:39.239+0700: 33500.363: Total time for which application threads were stopped: 0.0002284 seconds, Stopping threads took: 0.0000307 seconds
2021-04-18T21:29:39.267+0700: 33560.389: Total time for which application threads were stopped: 0.0004344 seconds, Stopping threads took: 0.0000316 seconds
2021-04-18T21:29:52.597+0700: 33573.719: Total time for which application threads were stopped: 0.0002173 seconds, Stopping threads took: 0.0000307 seconds
2021-04-18T21:29:52.597+0700: 33573.719: Total time for which application threads were stopped: 0.0001825 seconds, Stopping threads took: 0.0000171 seconds
2021-04-18T21:29:52.614+0700: 33573.736: Total time for which application threads were stopped: 0.0012544 seconds, Stopping threads took: 0.0009475 seconds
2021-04-18T21:29:52.620+0700: 33573.742: Total time for which application threads were stopped: 0.0002286 seconds, Stopping threads took: 0.0000452 seconds
2021-04-18T21:29:52.630+0700: 33573.752: Total time for which application threads were stopped: 0.0002224 seconds, Stopping threads took: 0.0000282 seconds
2021-04-18T21:30:39.290+0700: 33620.411: Total time for which application threads were stopped: 0.0003170 seconds, Stopping threads took: 0.0000456 seconds
2021-04-18T21:34:39.426+0700: 33860.539: Total time for which application threads were stopped: 0.0002037 seconds, Stopping threads took: 0.0000286 seconds
2021-04-18T21:37:14.935+0700: 34016.044: Total time for which application threads were stopped: 0.0003542 seconds, Stopping threads took: 0.0000548 seconds
2021-04-18T21:37:14.935+0700: 34016.044: Total time for which application threads were stopped: 0.0001807 seconds, Stopping threads took: 0.0000341 seconds
2021-04-18T21:37:14.937+0700: 34016.045: Total time for which application threads were stopped: 0.0007708 seconds, Stopping threads took: 0.0000713 seconds
2021-04-18T21:37:14.945+0700: 34016.054: Total time for which application threads were stopped: 0.0013381 seconds, Stopping threads took: 0.0007292 seconds
2021-04-18T21:37:14.958+0700: 34016.067: Total time for which application threads were stopped: 0.0002202 seconds, Stopping threads took: 0.0000294 seconds
2021-04-18T21:37:14.966+0700: 34016.075: Total time for which application threads were stopped: 0.0003466 seconds, Stopping threads took: 0.0000464 seconds
2021-04-18T21:37:14.973+0700: 34016.082: Total time for which application threads were stopped: 0.0003778 seconds, Stopping threads took: 0.0000782 seconds
2021-04-18T21:37:14.979+0700: 34016.088: Total time for which application threads were stopped: 0.0016929 seconds, Stopping threads took: 0.0010578 seconds
2021-04-18T21:37:15.979+0700: 34017.088: Total time for which application threads were stopped: 0.0003704 seconds, Stopping threads took: 0.0000518 seconds
2021-04-18T21:39:39.599+0700: 34160.704: Total time for which application threads were stopped: 0.0001941 seconds, Stopping threads took: 0.0000295 seconds
2021-04-18T21:42:40.151+0700: 34341.250: Total time for which application threads were stopped: 0.0002714 seconds, Stopping threads took: 0.0000432 seconds
2021-04-18T21:44:39.749+0700: 34460.844: Total time for which application threads were stopped: 0.0002430 seconds, Stopping threads took: 0.0000389 seconds
2021-04-18T21:47:07.895+0700: 34609.005: Total time for which application threads were stopped: 0.0002380 seconds, Stopping threads took: 0.0000328 seconds
2021-04-18T21:47:07.896+0700: 34609.005: Total time for which application threads were stopped: 0.0001958 seconds, Stopping threads took: 0.0000214 seconds
2021-04-18T21:47:07.899+0700: 34609.008: Total time for which application threads were stopped: 0.0003021 seconds, Stopping threads took: 0.0000556 seconds
2021-04-18T21:47:07.904+0700: 34609.013: Total time for which application threads were stopped: 0.0002302 seconds, Stopping threads took: 0.0000319 seconds
2021-04-18T21:47:07.908+0700: 34609.017: Total time for which application threads were stopped: 0.0002488 seconds, Stopping threads took: 0.0000333 seconds
2021-04-18T21:47:07.918+0700: 34609.028: Total time for which application threads were stopped: 0.0002949 seconds, Stopping threads took: 0.0000642 seconds
2021-04-18T21:47:07.920+0700: 34609.030: Total time for which application threads were stopped: 0.0002180 seconds, Stopping threads took: 0.0000283 seconds
2021-04-18T21:47:08.923+0700: 34610.033: Total time for which application threads were stopped: 0.0010161 seconds, Stopping threads took: 0.0002401 seconds
2021-04-18T21:47:18.958+0700: 34620.069: Total time for which application threads were stopped: 0.0001913 seconds, Stopping threads took: 0.0000279 seconds
2021-04-18T21:48:16.114+0700: 34677.226: Total time for which application threads were stopped: 0.0002661 seconds, Stopping threads took: 0.0000340 seconds
2021-04-18T21:48:37.174+0700: 34698.285: Total time for which application threads were stopped: 0.0002355 seconds, Stopping threads took: 0.0000416 seconds
2021-04-18T21:49:39.865+0700: 34760.974: Total time for which application threads were stopped: 0.0001957 seconds, Stopping threads took: 0.0000302 seconds
2021-04-18T21:49:42.873+0700: 34763.982: Total time for which application threads were stopped: 0.0002960 seconds, Stopping threads took: 0.0000480 seconds
2021-04-18T21:51:42.233+0700: 34883.338: Total time for which application threads were stopped: 0.0004362 seconds, Stopping threads took: 0.0000814 seconds
2021-04-18T21:54:40.038+0700: 35061.138: Total time for which application threads were stopped: 0.0002289 seconds, Stopping threads took: 0.0000351 seconds
2021-04-18T23:38:15.087+0700: 35181.198: Total time for which application threads were stopped: 0.0003757 seconds, Stopping threads took: 0.0000489 seconds
2021-04-18T23:38:16.097+0700: 35182.208: Total time for which application threads were stopped: 0.0004872 seconds, Stopping threads took: 0.0000960 seconds
2021-04-18T23:42:08.245+0700: 35361.296: Total time for which application threads were stopped: 0.0002552 seconds, Stopping threads took: 0.0000350 seconds
2021-04-18T23:42:40.850+0700: 35393.900: Total time for which application threads were stopped: 0.0005858 seconds, Stopping threads took: 0.0000443 seconds
2021-04-18T23:42:40.850+0700: 35393.900: Total time for which application threads were stopped: 0.0002018 seconds, Stopping threads took: 0.0000209 seconds
2021-04-18T23:42:40.851+0700: 35393.901: Total time for which application threads were stopped: 0.0003436 seconds, Stopping threads took: 0.0000951 seconds
2021-04-18T23:42:40.858+0700: 35393.908: Total time for which application threads were stopped: 0.0004436 seconds, Stopping threads took: 0.0000511 seconds
2021-04-18T23:42:40.892+0700: 35393.942: Total time for which application threads were stopped: 0.0002705 seconds, Stopping threads took: 0.0000359 seconds
2021-04-18T23:42:40.900+0700: 35393.950: Total time for which application threads were stopped: 0.0003013 seconds, Stopping threads took: 0.0000440 seconds
2021-04-18T23:42:40.981+0700: 35394.030: Total time for which application threads were stopped: 0.0006630 seconds, Stopping threads took: 0.0002775 seconds
2021-04-18T23:42:40.984+0700: 35394.034: Total time for which application threads were stopped: 0.0003870 seconds, Stopping threads took: 0.0000665 seconds
2021-04-18T23:42:41.988+0700: 35395.038: Total time for which application threads were stopped: 0.0002867 seconds, Stopping threads took: 0.0000422 seconds
2021-04-18T23:43:09.019+0700: 35422.067: Total time for which application threads were stopped: 0.0003133 seconds, Stopping threads took: 0.0000509 seconds
2021-04-18T23:44:09.205+0700: 35482.254: Total time for which application threads were stopped: 0.0017058 seconds, Stopping threads took: 0.0000611 seconds
2021-04-18T23:46:39.939+0700: 35632.981: Total time for which application threads were stopped: 0.0002929 seconds, Stopping threads took: 0.0000387 seconds
2021-04-18T23:46:39.939+0700: 35632.982: Total time for which application threads were stopped: 0.0002202 seconds, Stopping threads took: 0.0000192 seconds
2021-04-18T23:46:39.963+0700: 35633.006: Total time for which application threads were stopped: 0.0007768 seconds, Stopping threads took: 0.0001856 seconds
2021-04-18T23:46:40.001+0700: 35633.043: Total time for which application threads were stopped: 0.0002092 seconds, Stopping threads took: 0.0000292 seconds
2021-04-18T23:46:40.011+0700: 35633.054: Total time for which application threads were stopped: 0.0002241 seconds, Stopping threads took: 0.0000291 seconds
2021-04-18T23:46:40.011+0700: 35633.054: Total time for which application threads were stopped: 0.0002131 seconds, Stopping threads took: 0.0000157 seconds
2021-04-18T23:46:40.063+0700: 35633.106: Total time for which application threads were stopped: 0.0002933 seconds, Stopping threads took: 0.0000572 seconds
2021-04-18T23:46:40.065+0700: 35633.107: Total time for which application threads were stopped: 0.0005104 seconds, Stopping threads took: 0.0000993 seconds
2021-04-18T23:47:06.142+0700: 35659.184: Total time for which application threads were stopped: 0.0003042 seconds, Stopping threads took: 0.0000468 seconds
2021-04-18T23:47:08.413+0700: 35661.454: Total time for which application threads were stopped: 0.0002298 seconds, Stopping threads took: 0.0000568 seconds
2021-04-18T23:47:24.453+0700: 35677.495: Total time for which application threads were stopped: 0.0003215 seconds, Stopping threads took: 0.0000460 seconds
2021-04-18T23:47:37.495+0700: 35690.536: Total time for which application threads were stopped: 0.0004230 seconds, Stopping threads took: 0.0001084 seconds
2021-04-18T23:48:04.553+0700: 35717.594: Total time for which application threads were stopped: 0.0003210 seconds, Stopping threads took: 0.0000580 seconds
2021-04-18T23:48:12.575+0700: 35725.615: Total time for which application threads were stopped: 0.0005286 seconds, Stopping threads took: 0.0000649 seconds
2021-04-18T23:48:56.691+0700: 35769.730: Total time for which application threads were stopped: 0.0003388 seconds, Stopping threads took: 0.0000719 seconds
2021-04-18T23:49:06.721+0700: 35779.760: Total time for which application threads were stopped: 0.0002051 seconds, Stopping threads took: 0.0000304 seconds
2021-04-18T23:49:18.761+0700: 35791.799: Total time for which application threads were stopped: 0.0004887 seconds, Stopping threads took: 0.0001202 seconds
2021-04-18T23:49:35.809+0700: 35808.847: Total time for which application threads were stopped: 0.0003382 seconds, Stopping threads took: 0.0000455 seconds
2021-04-18T23:49:36.815+0700: 35809.852: Total time for which application threads were stopped: 0.0004749 seconds, Stopping threads took: 0.0000616 seconds
2021-04-18T23:49:43.829+0700: 35816.866: Total time for which application threads were stopped: 0.0002819 seconds, Stopping threads took: 0.0000644 seconds
2021-04-18T23:49:44.829+0700: 35817.867: Total time for which application threads were stopped: 0.0002393 seconds, Stopping threads took: 0.0000427 seconds
2021-04-18T23:49:48.840+0700: 35821.877: Total time for which application threads were stopped: 0.0003154 seconds, Stopping threads took: 0.0000495 seconds
2021-04-18T23:52:02.260+0700: 35955.293: Total time for which application threads were stopped: 0.0002280 seconds, Stopping threads took: 0.0000312 seconds
2021-04-18T23:52:03.263+0700: 35956.296: Total time for which application threads were stopped: 0.0005184 seconds, Stopping threads took: 0.0000548 seconds
2021-04-18T23:52:08.569+0700: 35961.602: Total time for which application threads were stopped: 0.0002758 seconds, Stopping threads took: 0.0000452 seconds
2021-04-18T23:52:27.612+0700: 35980.645: Total time for which application threads were stopped: 0.0002960 seconds, Stopping threads took: 0.0000493 seconds
2021-04-18T23:53:10.724+0700: 36023.755: Total time for which application threads were stopped: 0.0002988 seconds, Stopping threads took: 0.0000477 seconds
2021-04-18T23:53:17.743+0700: 36030.774: Total time for which application threads were stopped: 0.0003370 seconds, Stopping threads took: 0.0000581 seconds
2021-04-18T23:53:48.834+0700: 36061.864: Total time for which application threads were stopped: 0.0003791 seconds, Stopping threads took: 0.0000492 seconds
2021-04-18T23:53:54.851+0700: 36067.881: Total time for which application threads were stopped: 0.0003967 seconds, Stopping threads took: 0.0000608 seconds
2021-04-18T23:53:57.854+0700: 36070.884: Total time for which application threads were stopped: 0.0003076 seconds, Stopping threads took: 0.0000469 seconds
2021-04-18T23:53:59.857+0700: 36072.886: Total time for which application threads were stopped: 0.0002382 seconds, Stopping threads took: 0.0000563 seconds
2021-04-18T23:54:02.865+0700: 36075.895: Total time for which application threads were stopped: 0.0001615 seconds, Stopping threads took: 0.0000334 seconds
2021-04-18T23:54:04.869+0700: 36077.898: Total time for which application threads were stopped: 0.0002289 seconds, Stopping threads took: 0.0000344 seconds
2021-04-18T23:54:06.877+0700: 36079.907: Total time for which application threads were stopped: 0.0003757 seconds, Stopping threads took: 0.0000587 seconds
2021-04-18T23:54:37.964+0700: 36110.993: Total time for which application threads were stopped: 0.0003966 seconds, Stopping threads took: 0.0000584 seconds
2021-04-18T23:54:46.988+0700: 36120.016: Total time for which application threads were stopped: 0.0003139 seconds, Stopping threads took: 0.0000507 seconds
2021-04-18T23:54:51.000+0700: 36124.028: Total time for which application threads were stopped: 0.0004223 seconds, Stopping threads took: 0.0000569 seconds
2021-04-18T23:54:53.004+0700: 36126.032: Total time for which application threads were stopped: 0.0002630 seconds, Stopping threads took: 0.0000395 seconds
2021-04-18T23:55:00.026+0700: 36133.054: Total time for which application threads were stopped: 0.0003024 seconds, Stopping threads took: 0.0000565 seconds
2021-04-18T23:55:08.049+0700: 36141.077: Total time for which application threads were stopped: 0.0003697 seconds, Stopping threads took: 0.0000694 seconds
2021-04-18T23:55:32.112+0700: 36165.139: Total time for which application threads were stopped: 0.0003376 seconds, Stopping threads took: 0.0000649 seconds
2021-04-18T23:57:08.736+0700: 36261.760: Total time for which application threads were stopped: 0.0027153 seconds, Stopping threads took: 0.0007075 seconds
2021-04-18T23:57:31.816+0700: 36284.840: Total time for which application threads were stopped: 0.0002696 seconds, Stopping threads took: 0.0000426 seconds
2021-04-19T00:02:08.820+0700: 36561.879: Total time for which application threads were stopped: 0.0007801 seconds, Stopping threads took: 0.0000323 seconds
2021-04-19T00:03:08.840+0700: 36621.897: Total time for which application threads were stopped: 0.0003475 seconds, Stopping threads took: 0.0000412 seconds
2021-04-19T00:07:08.989+0700: 36862.040: Total time for which application threads were stopped: 0.0001949 seconds, Stopping threads took: 0.0000294 seconds
2021-04-19T00:10:24.528+0700: 37057.573: Total time for which application threads were stopped: 0.0003870 seconds, Stopping threads took: 0.0000637 seconds
2021-04-19T00:12:09.157+0700: 37162.199: Total time for which application threads were stopped: 0.0002197 seconds, Stopping threads took: 0.0000310 seconds
2021-04-19T00:15:09.633+0700: 37342.677: Total time for which application threads were stopped: 0.0002776 seconds, Stopping threads took: 0.0000457 seconds
2021-04-19T00:17:09.310+0700: 37462.351: Total time for which application threads were stopped: 0.0003112 seconds, Stopping threads took: 0.0000256 seconds
2021-04-19T00:21:45.024+0700: 37738.056: Total time for which application threads were stopped: 0.0002171 seconds, Stopping threads took: 0.0000368 seconds
2021-04-19T00:22:09.450+0700: 37762.482: Total time for which application threads were stopped: 0.0006621 seconds, Stopping threads took: 0.0000314 seconds
2021-04-19T00:22:09.456+0700: 37762.488: Total time for which application threads were stopped: 0.0001775 seconds, Stopping threads took: 0.0000270 seconds
2021-04-19T00:23:05.621+0700: 37818.651: Total time for which application threads were stopped: 0.0002316 seconds, Stopping threads took: 0.0000373 seconds
2021-04-19T00:27:09.629+0700: 38062.652: Total time for which application threads were stopped: 0.0002602 seconds, Stopping threads took: 0.0000380 seconds
2021-04-19T00:30:35.100+0700: 38268.135: Total time for which application threads were stopped: 0.0003061 seconds, Stopping threads took: 0.0000492 seconds
2021-04-19T00:32:09.779+0700: 38362.813: Total time for which application threads were stopped: 0.0002061 seconds, Stopping threads took: 0.0000290 seconds
2021-04-19T00:37:09.953+0700: 38662.979: Total time for which application threads were stopped: 0.0002255 seconds, Stopping threads took: 0.0000319 seconds
2021-04-19T00:41:10.521+0700: 38903.540: Total time for which application threads were stopped: 0.0005028 seconds, Stopping threads took: 0.0000567 seconds
2021-04-19T00:42:10.087+0700: 38963.103: Total time for which application threads were stopped: 0.0001914 seconds, Stopping threads took: 0.0000277 seconds
2021-04-19T00:47:10.238+0700: 39263.266: Total time for which application threads were stopped: 0.0002038 seconds, Stopping threads took: 0.0000336 seconds
2021-04-19T00:48:10.415+0700: 39323.444: Total time for which application threads were stopped: 0.0003241 seconds, Stopping threads took: 0.0000613 seconds
2021-04-19T00:52:10.374+0700: 39563.395: Total time for which application threads were stopped: 0.0002641 seconds, Stopping threads took: 0.0000365 seconds
2021-04-19T00:53:10.520+0700: 39623.541: Total time for which application threads were stopped: 0.0002268 seconds, Stopping threads took: 0.0000314 seconds
2021-04-19T06:00:22.164+0700: 39716.283: Total time for which application threads were stopped: 0.0419031 seconds, Stopping threads took: 0.0359719 seconds
2021-04-19T06:00:22.594+0700: 39716.712: Total time for which application threads were stopped: 0.0284583 seconds, Stopping threads took: 0.0146257 seconds
2021-04-19T06:00:23.597+0700: 39717.716: Total time for which application threads were stopped: 0.0002178 seconds, Stopping threads took: 0.0000444 seconds
2021-04-19T06:00:24.418+0700: 39718.537: Total time for which application threads were stopped: 0.0011782 seconds, Stopping threads took: 0.0000757 seconds
2021-04-19T06:00:24.571+0700: 39718.690: Total time for which application threads were stopped: 0.0002113 seconds, Stopping threads took: 0.0000362 seconds
2021-04-19T06:00:24.588+0700: 39718.707: Total time for which application threads were stopped: 0.0001578 seconds, Stopping threads took: 0.0000244 seconds
2021-04-19T06:00:24.615+0700: 39718.734: Total time for which application threads were stopped: 0.0002926 seconds, Stopping threads took: 0.0001218 seconds
2021-04-19T06:00:24.617+0700: 39718.735: Total time for which application threads were stopped: 0.0002196 seconds, Stopping threads took: 0.0000509 seconds
2021-04-19T06:00:24.617+0700: 39718.736: Total time for which application threads were stopped: 0.0001511 seconds, Stopping threads took: 0.0000164 seconds
2021-04-19T06:00:24.617+0700: 39718.736: Total time for which application threads were stopped: 0.0001747 seconds, Stopping threads took: 0.0000457 seconds
2021-04-19T06:00:24.617+0700: 39718.736: Total time for which application threads were stopped: 0.0001275 seconds, Stopping threads took: 0.0000129 seconds
2021-04-19T06:00:24.618+0700: 39718.736: Total time for which application threads were stopped: 0.0001092 seconds, Stopping threads took: 0.0000118 seconds
2021-04-19T06:00:24.618+0700: 39718.736: Total time for which application threads were stopped: 0.0001043 seconds, Stopping threads took: 0.0000111 seconds
2021-04-19T06:00:24.623+0700: 39718.741: Total time for which application threads were stopped: 0.0013008 seconds, Stopping threads took: 0.0000275 seconds
2021-04-19T06:00:25.623+0700: 39719.742: Total time for which application threads were stopped: 0.0002889 seconds, Stopping threads took: 0.0000332 seconds
2021-04-19T06:00:27.291+0700: 39721.178: Total time for which application threads were stopped: 0.0011264 seconds, Stopping threads took: 0.0000249 seconds
2021-04-19T06:00:27.379+0700: 39721.266: Total time for which application threads were stopped: 0.0005592 seconds, Stopping threads took: 0.0002534 seconds
{Heap before GC invocations=18 (full 0):
 garbage-first heap   total 524288K, used 400512K [0x00000007a0000000, 0x00000007a0101000, 0x00000007c0000000)
  region size 1024K, 307 young (314368K), 18 survivors (18432K)
 Metaspace       used 61437K, capacity 64568K, committed 64712K, reserved 1105920K
  class space    used 7256K, capacity 7853K, committed 7936K, reserved 1048576K
2021-04-19T06:00:27.384+0700: 39721.271: [GC pause (G1 Evacuation Pause) (young)
Desired survivor size 20447232 bytes, new threshold 15 (max 15)
- age   1:    1901552 bytes,    1901552 total
- age   2:    3732680 bytes,    5634232 total
- age   3:    4226264 bytes,    9860496 total
- age   4:    4495232 bytes,   14355728 total
, 0.1490905 secs]
   [Parallel Time: 139.4 ms, GC Workers: 4]
      [GC Worker Start (ms): Min: 39721274.2, Avg: 39721274.3, Max: 39721274.3, Diff: 0.1]
      [Ext Root Scanning (ms): Min: 6.2, Avg: 12.2, Max: 29.0, Diff: 22.9, Sum: 48.7]
      [Update RS (ms): Min: 7.6, Avg: 18.4, Max: 23.8, Diff: 16.2, Sum: 73.6]
         [Processed Buffers: Min: 3, Avg: 8.5, Max: 17, Diff: 14, Sum: 34]
      [Scan RS (ms): Min: 0.0, Avg: 0.1, Max: 0.1, Diff: 0.1, Sum: 0.2]
      [Code Root Scanning (ms): Min: 0.0, Avg: 4.0, Max: 8.3, Diff: 8.3, Sum: 15.9]
      [Object Copy (ms): Min: 101.3, Avg: 103.4, Max: 107.1, Diff: 5.8, Sum: 413.8]
      [Termination (ms): Min: 0.0, Avg: 0.5, Max: 0.7, Diff: 0.7, Sum: 1.9]
         [Termination Attempts: Min: 1, Avg: 1.0, Max: 1, Diff: 0, Sum: 4]
      [GC Worker Other (ms): Min: 0.3, Avg: 0.4, Max: 0.6, Diff: 0.3, Sum: 1.7]
      [GC Worker Total (ms): Min: 138.9, Avg: 139.0, Max: 139.0, Diff: 0.1, Sum: 555.8]
      [GC Worker End (ms): Min: 39721413.2, Avg: 39721413.2, Max: 39721413.2, Diff: 0.0]
   [Code Root Fixup: 0.1 ms]
   [Code Root Purge: 0.0 ms]
   [Clear CT: 0.3 ms]
   [Other: 9.3 ms]
      [Choose CSet: 0.0 ms]
      [Ref Proc: 5.4 ms]
      [Ref Enq: 0.1 ms]
      [Redirty Cards: 0.1 ms]
      [Humongous Register: 1.1 ms]
      [Humongous Reclaim: 0.0 ms]
      [Free CSet: 0.7 ms]
   [Eden: 289.0M(289.0M)->0.0B(287.0M) Survivors: 18.0M->20.0M Heap: 391.1M(512.0M)->104.6M(512.0M)]
Heap after GC invocations=19 (full 0):
 garbage-first heap   total 524288K, used 107136K [0x00000007a0000000, 0x00000007a0101000, 0x00000007c0000000)
  region size 1024K, 20 young (20480K), 20 survivors (20480K)
 Metaspace       used 61437K, capacity 64568K, committed 64712K, reserved 1105920K
  class space    used 7256K, capacity 7853K, committed 7936K, reserved 1048576K
}
 [Times: user=0.12 sys=0.20, real=0.15 secs] 
2021-04-19T06:00:27.533+0700: 39721.420: Total time for which application threads were stopped: 0.1518309 seconds, Stopping threads took: 0.0005622 seconds
2021-04-19T06:00:27.534+0700: 39721.421: Total time for which application threads were stopped: 0.0003206 seconds, Stopping threads took: 0.0000835 seconds
2021-04-19T06:00:27.536+0700: 39721.423: Total time for which application threads were stopped: 0.0010593 seconds, Stopping threads took: 0.0000531 seconds
2021-04-19T06:00:27.562+0700: 39721.449: Total time for which application threads were stopped: 0.0007210 seconds, Stopping threads took: 0.0004393 seconds
2021-04-19T06:00:27.563+0700: 39721.450: Total time for which application threads were stopped: 0.0005628 seconds, Stopping threads took: 0.0003630 seconds
2021-04-19T06:00:27.572+0700: 39721.459: Total time for which application threads were stopped: 0.0007870 seconds, Stopping threads took: 0.0005579 seconds
2021-04-19T06:00:27.572+0700: 39721.459: Total time for which application threads were stopped: 0.0001843 seconds, Stopping threads took: 0.0000293 seconds
2021-04-19T06:00:27.573+0700: 39721.460: Total time for which application threads were stopped: 0.0006629 seconds, Stopping threads took: 0.0000343 seconds
2021-04-19T06:00:27.578+0700: 39721.465: Total time for which application threads were stopped: 0.0003751 seconds, Stopping threads took: 0.0000545 seconds
2021-04-19T06:00:27.623+0700: 39721.509: Total time for which application threads were stopped: 0.0004995 seconds, Stopping threads took: 0.0001664 seconds
2021-04-19T06:00:27.627+0700: 39721.514: Total time for which application threads were stopped: 0.0003266 seconds, Stopping threads took: 0.0000326 seconds
2021-04-19T06:00:27.650+0700: 39721.537: Total time for which application threads were stopped: 0.0008479 seconds, Stopping threads took: 0.0004750 seconds
2021-04-19T06:00:27.651+0700: 39721.538: Total time for which application threads were stopped: 0.0003322 seconds, Stopping threads took: 0.0000617 seconds
2021-04-19T06:00:27.653+0700: 39721.540: Total time for which application threads were stopped: 0.0004839 seconds, Stopping threads took: 0.0002019 seconds
2021-04-19T06:00:28.656+0700: 39722.543: Total time for which application threads were stopped: 0.0003511 seconds, Stopping threads took: 0.0000802 seconds
2021-04-19T06:00:30.313+0700: 39724.200: Total time for which application threads were stopped: 0.0010465 seconds, Stopping threads took: 0.0007368 seconds
2021-04-19T06:00:30.316+0700: 39724.203: Total time for which application threads were stopped: 0.0014952 seconds, Stopping threads took: 0.0012282 seconds
2021-04-19T06:00:30.319+0700: 39724.206: Total time for which application threads were stopped: 0.0010887 seconds, Stopping threads took: 0.0004998 seconds
2021-04-19T06:00:30.320+0700: 39724.207: Total time for which application threads were stopped: 0.0013940 seconds, Stopping threads took: 0.0011448 seconds
2021-04-19T06:00:30.327+0700: 39724.214: Total time for which application threads were stopped: 0.0010698 seconds, Stopping threads took: 0.0007957 seconds
2021-04-19T06:00:30.330+0700: 39724.217: Total time for which application threads were stopped: 0.0019932 seconds, Stopping threads took: 0.0002008 seconds
2021-04-19T06:00:30.330+0700: 39724.217: Total time for which application threads were stopped: 0.0002970 seconds, Stopping threads took: 0.0000607 seconds
2021-04-19T06:00:30.332+0700: 39724.219: Total time for which application threads were stopped: 0.0005428 seconds, Stopping threads took: 0.0002849 seconds
2021-04-19T06:00:30.336+0700: 39724.223: Total time for which application threads were stopped: 0.0009019 seconds, Stopping threads took: 0.0006550 seconds
2021-04-19T06:00:30.338+0700: 39724.225: Total time for which application threads were stopped: 0.0003666 seconds, Stopping threads took: 0.0001302 seconds
2021-04-19T06:00:30.378+0700: 39724.265: Total time for which application threads were stopped: 0.0003246 seconds, Stopping threads took: 0.0000365 seconds
2021-04-19T06:00:30.379+0700: 39724.266: Total time for which application threads were stopped: 0.0013506 seconds, Stopping threads took: 0.0000130 seconds
2021-04-19T06:00:30.382+0700: 39724.269: Total time for which application threads were stopped: 0.0003335 seconds, Stopping threads took: 0.0001130 seconds
2021-04-19T06:00:30.393+0700: 39724.280: Total time for which application threads were stopped: 0.0003749 seconds, Stopping threads took: 0.0000447 seconds
2021-04-19T06:00:30.404+0700: 39724.291: Total time for which application threads were stopped: 0.0002503 seconds, Stopping threads took: 0.0000471 seconds
2021-04-19T06:00:30.405+0700: 39724.292: Total time for which application threads were stopped: 0.0003751 seconds, Stopping threads took: 0.0000548 seconds
2021-04-19T06:00:31.406+0700: 39725.293: Total time for which application threads were stopped: 0.0003975 seconds, Stopping threads took: 0.0000531 seconds
2021-04-19T08:00:48.919+0700: 39745.376: Total time for which application threads were stopped: 0.0283160 seconds, Stopping threads took: 0.0254227 seconds
2021-04-19T09:32:41.607+0700: 39765.658: Total time for which application threads were stopped: 0.0089583 seconds, Stopping threads took: 0.0031360 seconds
2021-04-19T09:32:41.611+0700: 39765.662: Total time for which application threads were stopped: 0.0002394 seconds, Stopping threads took: 0.0000373 seconds
2021-04-19T09:32:41.612+0700: 39765.663: Total time for which application threads were stopped: 0.0002408 seconds, Stopping threads took: 0.0000243 seconds
2021-04-19T09:32:41.614+0700: 39765.666: Total time for which application threads were stopped: 0.0009262 seconds, Stopping threads took: 0.0006869 seconds
2021-04-19T09:32:41.616+0700: 39765.668: Total time for which application threads were stopped: 0.0016644 seconds, Stopping threads took: 0.0014083 seconds
2021-04-19T09:32:41.618+0700: 39765.669: Total time for which application threads were stopped: 0.0014415 seconds, Stopping threads took: 0.0011942 seconds
2021-04-19T09:32:41.620+0700: 39765.672: Total time for which application threads were stopped: 0.0003229 seconds, Stopping threads took: 0.0000491 seconds
2021-04-19T09:32:41.633+0700: 39765.685: Total time for which application threads were stopped: 0.0130608 seconds, Stopping threads took: 0.0000207 seconds
2021-04-19T09:32:51.849+0700: 39775.742: Total time for which application threads were stopped: 0.0002419 seconds, Stopping threads took: 0.0000381 seconds
2021-04-19T09:33:00.868+0700: 39784.752: Total time for which application threads were stopped: 0.0002776 seconds, Stopping threads took: 0.0000381 seconds
2021-04-19T09:33:21.671+0700: 39805.547: Total time for which application threads were stopped: 0.0001942 seconds, Stopping threads took: 0.0000242 seconds
2021-04-19T09:33:51.721+0700: 39835.595: Total time for which application threads were stopped: 0.0001974 seconds, Stopping threads took: 0.0000423 seconds
2021-04-19T09:35:21.807+0700: 39925.677: Total time for which application threads were stopped: 0.0001674 seconds, Stopping threads took: 0.0000260 seconds
2021-04-19T09:35:22.812+0700: 39926.682: Total time for which application threads were stopped: 0.0002049 seconds, Stopping threads took: 0.0000334 seconds
2021-04-19T09:50:49.201+0700: 39986.986: Total time for which application threads were stopped: 0.0002023 seconds, Stopping threads took: 0.0000561 seconds
2021-04-19T09:53:49.176+0700: 40166.919: Total time for which application threads were stopped: 0.0001985 seconds, Stopping threads took: 0.0000278 seconds
2021-04-19T09:54:50.347+0700: 40228.088: Total time for which application threads were stopped: 0.0004154 seconds, Stopping threads took: 0.0000894 seconds
2021-04-19T09:55:49.534+0700: 40287.274: Total time for which application threads were stopped: 0.0002686 seconds, Stopping threads took: 0.0000601 seconds
2021-04-19T09:56:49.678+0700: 40347.415: Total time for which application threads were stopped: 0.0006749 seconds, Stopping threads took: 0.0000474 seconds
2021-04-19T09:58:49.467+0700: 40467.201: Total time for which application threads were stopped: 0.0001677 seconds, Stopping threads took: 0.0000239 seconds
2021-04-19T10:03:49.635+0700: 40767.360: Total time for which application threads were stopped: 0.0002064 seconds, Stopping threads took: 0.0000294 seconds
2021-04-19T11:50:41.158+0700: 41067.499: Total time for which application threads were stopped: 0.0003530 seconds, Stopping threads took: 0.0000281 seconds
2021-04-19T11:51:41.181+0700: 41127.520: Total time for which application threads were stopped: 0.0002470 seconds, Stopping threads took: 0.0000346 seconds
2021-04-19T11:55:40.709+0700: 41367.041: Total time for which application threads were stopped: 0.0004964 seconds, Stopping threads took: 0.0001124 seconds
2021-04-19T11:55:41.353+0700: 41367.685: Total time for which application threads were stopped: 0.0003058 seconds, Stopping threads took: 0.0000390 seconds
2021-04-19T12:00:41.534+0700: 41667.857: Total time for which application threads were stopped: 0.0002955 seconds, Stopping threads took: 0.0000409 seconds
2021-04-19T12:05:41.671+0700: 41968.008: Total time for which application threads were stopped: 0.0001596 seconds, Stopping threads took: 0.0000237 seconds
2021-04-19T12:10:41.844+0700: 42268.178: Total time for which application threads were stopped: 0.0002280 seconds, Stopping threads took: 0.0000352 seconds
2021-04-19T12:15:42.014+0700: 42568.339: Total time for which application threads were stopped: 0.0010878 seconds, Stopping threads took: 0.0000378 seconds
2021-04-19T12:15:42.024+0700: 42568.349: Total time for which application threads were stopped: 0.0002687 seconds, Stopping threads took: 0.0000332 seconds
2021-04-19T12:19:42.670+0700: 42808.987: Total time for which application threads were stopped: 0.0003023 seconds, Stopping threads took: 0.0000529 seconds
2021-04-19T12:20:42.195+0700: 42868.511: Total time for which application threads were stopped: 0.0002350 seconds, Stopping threads took: 0.0000347 seconds
2021-04-19T12:25:42.312+0700: 43168.643: Total time for which application threads were stopped: 0.0001722 seconds, Stopping threads took: 0.0000256 seconds
2021-04-19T12:30:42.515+0700: 43468.837: Total time for which application threads were stopped: 0.0002083 seconds, Stopping threads took: 0.0000315 seconds
2021-04-19T12:35:42.732+0700: 43769.045: Total time for which application threads were stopped: 0.0002260 seconds, Stopping threads took: 0.0000325 seconds
2021-04-19T12:40:42.893+0700: 44069.219: Total time for which application threads were stopped: 0.0002251 seconds, Stopping threads took: 0.0000324 seconds
2021-04-19T12:45:43.087+0700: 44369.404: Total time for which application threads were stopped: 0.0002301 seconds, Stopping threads took: 0.0000333 seconds
2021-04-19T12:50:43.300+0700: 44669.608: Total time for which application threads were stopped: 0.0004667 seconds, Stopping threads took: 0.0000801 seconds
2021-04-19T12:55:43.486+0700: 44969.795: Total time for which application threads were stopped: 0.0002352 seconds, Stopping threads took: 0.0000340 seconds
2021-04-19T12:58:44.504+0700: 45150.821: Total time for which application threads were stopped: 0.0003093 seconds, Stopping threads took: 0.0000492 seconds
2021-04-19T13:00:43.669+0700: 45269.982: Total time for which application threads were stopped: 0.0002114 seconds, Stopping threads took: 0.0000308 seconds
2021-04-19T13:02:44.379+0700: 45390.689: Total time for which application threads were stopped: 0.0003678 seconds, Stopping threads took: 0.0001177 seconds
2021-04-19T13:05:43.831+0700: 45570.135: Total time for which application threads were stopped: 0.0002274 seconds, Stopping threads took: 0.0000331 seconds
2021-04-19T13:06:41.171+0700: 45627.473: Total time for which application threads were stopped: 0.0003727 seconds, Stopping threads took: 0.0001140 seconds
2021-04-19T13:10:43.999+0700: 45870.295: Total time for which application threads were stopped: 0.0002104 seconds, Stopping threads took: 0.0000298 seconds
2021-04-19T13:15:44.161+0700: 46170.473: Total time for which application threads were stopped: 0.0002194 seconds, Stopping threads took: 0.0000300 seconds
2021-04-19T13:20:44.335+0700: 46470.638: Total time for which application threads were stopped: 0.0002054 seconds, Stopping threads took: 0.0000295 seconds
2021-04-19T13:25:44.491+0700: 46770.785: Total time for which application threads were stopped: 0.0004160 seconds, Stopping threads took: 0.0000280 seconds
2021-04-19T13:26:44.512+0700: 46830.804: Total time for which application threads were stopped: 0.0003149 seconds, Stopping threads took: 0.0000474 seconds
2021-04-19T13:29:40.524+0700: 47006.833: Total time for which application threads were stopped: 0.0003258 seconds, Stopping threads took: 0.0000494 seconds
2021-04-19T13:30:44.663+0700: 47070.972: Total time for which application threads were stopped: 0.0002074 seconds, Stopping threads took: 0.0000301 seconds
2021-04-19T13:35:44.825+0700: 47371.125: Total time for which application threads were stopped: 0.0002316 seconds, Stopping threads took: 0.0000344 seconds
2021-04-19T13:40:45.052+0700: 47671.343: Total time for which application threads were stopped: 0.0002187 seconds, Stopping threads took: 0.0000305 seconds
2021-04-19T13:43:01.409+0700: 47807.696: Total time for which application threads were stopped: 0.0002474 seconds, Stopping threads took: 0.0000428 seconds
2021-04-19T13:45:45.213+0700: 47971.504: Total time for which application threads were stopped: 0.0002339 seconds, Stopping threads took: 0.0000277 seconds
2021-04-19T13:49:01.978+0700: 48168.279: Total time for which application threads were stopped: 0.0001912 seconds, Stopping threads took: 0.0000272 seconds
2021-04-19T13:49:01.979+0700: 48168.279: Total time for which application threads were stopped: 0.0001462 seconds, Stopping threads took: 0.0000107 seconds
2021-04-19T13:49:02.016+0700: 48168.317: Total time for which application threads were stopped: 0.0003271 seconds, Stopping threads took: 0.0000463 seconds
2021-04-19T13:49:02.045+0700: 48168.345: Total time for which application threads were stopped: 0.0005110 seconds, Stopping threads took: 0.0000226 seconds
2021-04-19T13:49:02.045+0700: 48168.345: Total time for which application threads were stopped: 0.0001833 seconds, Stopping threads took: 0.0000298 seconds
2021-04-19T13:49:02.047+0700: 48168.347: Total time for which application threads were stopped: 0.0002649 seconds, Stopping threads took: 0.0000429 seconds
2021-04-19T13:49:02.156+0700: 48168.456: Total time for which application threads were stopped: 0.0002428 seconds, Stopping threads took: 0.0000589 seconds
2021-04-19T13:49:02.161+0700: 48168.461: Total time for which application threads were stopped: 0.0007265 seconds, Stopping threads took: 0.0000677 seconds
2021-04-19T13:49:02.181+0700: 48168.482: Total time for which application threads were stopped: 0.0007896 seconds, Stopping threads took: 0.0003196 seconds
2021-04-19T13:49:03.186+0700: 48169.486: Total time for which application threads were stopped: 0.0002957 seconds, Stopping threads took: 0.0000567 seconds
2021-04-19T13:50:45.368+0700: 48271.665: Total time for which application threads were stopped: 0.0002083 seconds, Stopping threads took: 0.0000296 seconds
2021-04-19T13:55:45.566+0700: 48571.854: Total time for which application threads were stopped: 0.0034821 seconds, Stopping threads took: 0.0009136 seconds
2021-04-19T14:00:45.717+0700: 48871.997: Total time for which application threads were stopped: 0.0002372 seconds, Stopping threads took: 0.0000386 seconds
2021-04-19T14:05:30.483+0700: 49156.779: Total time for which application threads were stopped: 0.0003405 seconds, Stopping threads took: 0.0000561 seconds
2021-04-19T14:05:41.520+0700: 49167.816: Total time for which application threads were stopped: 0.0002988 seconds, Stopping threads took: 0.0000475 seconds
2021-04-19T14:05:45.850+0700: 49172.145: Total time for which application threads were stopped: 0.0002028 seconds, Stopping threads took: 0.0000301 seconds
2021-04-19T14:10:46.029+0700: 49472.316: Total time for which application threads were stopped: 0.0002286 seconds, Stopping threads took: 0.0000313 seconds
2021-04-19T14:15:46.212+0700: 49772.492: Total time for which application threads were stopped: 0.0028599 seconds, Stopping threads took: 0.0000265 seconds
2021-04-19T14:20:46.347+0700: 50072.637: Total time for which application threads were stopped: 0.0002267 seconds, Stopping threads took: 0.0000340 seconds
2021-04-19T14:25:46.498+0700: 50372.779: Total time for which application threads were stopped: 0.0001935 seconds, Stopping threads took: 0.0000272 seconds
2021-04-19T14:28:47.437+0700: 50553.712: Total time for which application threads were stopped: 0.0002860 seconds, Stopping threads took: 0.0000461 seconds
2021-04-19T14:30:46.704+0700: 50672.976: Total time for which application threads were stopped: 0.0002217 seconds, Stopping threads took: 0.0000303 seconds
2021-04-19T14:35:46.861+0700: 50973.147: Total time for which application threads were stopped: 0.0002930 seconds, Stopping threads took: 0.0000448 seconds
2021-04-19T14:40:47.102+0700: 51273.379: Total time for which application threads were stopped: 0.0028482 seconds, Stopping threads took: 0.0006693 seconds
2021-04-19T14:45:47.296+0700: 51573.564: Total time for which application threads were stopped: 0.0003343 seconds, Stopping threads took: 0.0001344 seconds
2021-04-19T14:50:47.448+0700: 51873.720: Total time for which application threads were stopped: 0.0013385 seconds, Stopping threads took: 0.0000404 seconds
2021-04-19T14:51:47.474+0700: 51933.756: Total time for which application threads were stopped: 0.0002937 seconds, Stopping threads took: 0.0000644 seconds
2021-04-19T14:55:47.627+0700: 52173.902: Total time for which application threads were stopped: 0.0003555 seconds, Stopping threads took: 0.0000591 seconds
2021-04-19T15:00:47.825+0700: 52474.091: Total time for which application threads were stopped: 0.0034378 seconds, Stopping threads took: 0.0007312 seconds
2021-04-19T15:05:48.001+0700: 52774.258: Total time for which application threads were stopped: 0.0003544 seconds, Stopping threads took: 0.0001273 seconds
2021-04-19T15:08:41.450+0700: 52947.725: Total time for which application threads were stopped: 0.0002778 seconds, Stopping threads took: 0.0000505 seconds
2021-04-19T15:10:48.137+0700: 53074.408: Total time for which application threads were stopped: 0.0001677 seconds, Stopping threads took: 0.0000248 seconds
2021-04-19T15:15:48.321+0700: 53374.583: Total time for which application threads were stopped: 0.0002117 seconds, Stopping threads took: 0.0000317 seconds
2021-04-19T15:20:48.505+0700: 53674.758: Total time for which application threads were stopped: 0.0002469 seconds, Stopping threads took: 0.0000372 seconds
2021-04-19T15:24:21.048+0700: 53887.320: Total time for which application threads were stopped: 0.0004242 seconds, Stopping threads took: 0.0000907 seconds
2021-04-19T15:25:48.646+0700: 53974.915: Total time for which application threads were stopped: 0.0016279 seconds, Stopping threads took: 0.0000401 seconds
2021-04-19T15:25:48.654+0700: 53974.924: Total time for which application threads were stopped: 0.0002054 seconds, Stopping threads took: 0.0000308 seconds
2021-04-19T15:27:49.013+0700: 54095.279: Total time for which application threads were stopped: 0.0004743 seconds, Stopping threads took: 0.0000967 seconds
2021-04-19T15:30:48.841+0700: 54275.101: Total time for which application threads were stopped: 0.0002676 seconds, Stopping threads took: 0.0000275 seconds
2021-04-19T15:35:49.051+0700: 54575.302: Total time for which application threads were stopped: 0.0002856 seconds, Stopping threads took: 0.0000400 seconds
2021-04-19T15:40:49.227+0700: 54875.490: Total time for which application threads were stopped: 0.0002247 seconds, Stopping threads took: 0.0000314 seconds
2021-04-19T15:45:49.422+0700: 55175.680: Total time for which application threads were stopped: 0.0001982 seconds, Stopping threads took: 0.0000286 seconds
2021-04-19T15:50:49.668+0700: 55475.918: Total time for which application threads were stopped: 0.0026914 seconds, Stopping threads took: 0.0006862 seconds
2021-04-19T15:55:49.860+0700: 55776.100: Tot