[2021-04-16T16:57:47.921-0700][0.004s] Heap region size: 1M
[2021-04-16T16:57:47.932-0700][0.015s] Using G1
[2021-04-16T16:57:47.932-0700][0.015s] Heap address: 0x00000000e0000000, size: 512 MB, Compressed Oops mode: 32-bit
[2021-04-16T16:57:47.932-0700][0.015s] Mark closed archive regions in map: [0x00000000fff00000, 0x00000000fff6aff8]
[2021-04-16T16:57:47.932-0700][0.015s] Mark open archive regions in map: [0x00000000ffe00000, 0x00000000ffe46ff8]
[2021-04-16T16:57:48.238-0700][0.321s] GC(0) Pause Young (Normal) (G1 Evacuation Pause)
[2021-04-16T16:57:48.238-0700][0.321s] GC(0) Using 10 workers of 10 for evacuation
[2021-04-16T16:57:48.244-0700][0.327s] GC(0)   Pre Evacuate Collection Set: 0.0ms
[2021-04-16T16:57:48.244-0700][0.327s] GC(0)   Evacuate Collection Set: 5.3ms
[2021-04-16T16:57:48.244-0700][0.327s] GC(0)   Post Evacuate Collection Set: 0.3ms
[2021-04-16T16:57:48.244-0700][0.327s] GC(0)   Other: 0.8ms
[2021-04-16T16:57:48.244-0700][0.327s] GC(0) Eden regions: 30->0(304)
[2021-04-16T16:57:48.244-0700][0.327s] GC(0) Survivor regions: 0->3(4)
[2021-04-16T16:57:48.244-0700][0.327s] GC(0) Old regions: 2->2
[2021-04-16T16:57:48.244-0700][0.327s] GC(0) Humongous regions: 0->0
[2021-04-16T16:57:48.244-0700][0.327s] GC(0) Metaspace: 6186K->6186K(1056768K)
[2021-04-16T16:57:48.244-0700][0.327s] GC(0) Pause Young (Normal) (G1 Evacuation Pause) 30M->3M(512M) 6.476ms
[2021-04-16T16:57:48.244-0700][0.327s] GC(0) User=0.07s Sys=0.00s Real=0.01s
[2021-04-16T16:57:49.097-0700][1.180s] GC(1) Pause Young (Concurrent Start) (Metadata GC Threshold)
[2021-04-16T16:57:49.097-0700][1.180s] GC(1) Using 10 workers of 10 for evacuation
[2021-04-16T16:57:49.106-0700][1.189s] GC(1)   Pre Evacuate Collection Set: 0.0ms
[2021-04-16T16:57:49.106-0700][1.189s] GC(1)   Evacuate Collection Set: 8.8ms
[2021-04-16T16:57:49.106-0700][1.189s] GC(1)   Post Evacuate Collection Set: 0.6ms
[2021-04-16T16:57:49.106-0700][1.189s] GC(1)   Other: 0.2ms
[2021-04-16T16:57:49.106-0700][1.190s] GC(1) Eden regions: 108->0(103)
[2021-04-16T16:57:49.106-0700][1.190s] GC(1) Survivor regions: 3->19(39)
[2021-04-16T16:57:49.106-0700][1.190s] GC(1) Old regions: 2->2
[2021-04-16T16:57:49.106-0700][1.190s] GC(1) Humongous regions: 4->4
[2021-04-16T16:57:49.106-0700][1.190s] GC(1) Metaspace: 20386K->20386K(1067008K)
[2021-04-16T16:57:49.106-0700][1.190s] GC(1) Pause Young (Concurrent Start) (Metadata GC Threshold) 115M->23M(512M) 9.676ms
[2021-04-16T16:57:49.106-0700][1.190s] GC(1) User=0.05s Sys=0.01s Real=0.01s
[2021-04-16T16:57:49.107-0700][1.190s] GC(2) Concurrent Cycle
[2021-04-16T16:57:49.107-0700][1.190s] GC(2) Concurrent Clear Claimed Marks
[2021-04-16T16:57:49.107-0700][1.190s] GC(2) Concurrent Clear Claimed Marks 0.032ms
[2021-04-16T16:57:49.107-0700][1.190s] GC(2) Concurrent Scan Root Regions
[2021-04-16T16:57:49.109-0700][1.192s] GC(2) Concurrent Scan Root Regions 2.476ms
[2021-04-16T16:57:49.109-0700][1.192s] GC(2) Concurrent Mark (1.192s)
[2021-04-16T16:57:49.109-0700][1.192s] GC(2) Concurrent Mark From Roots
[2021-04-16T16:57:49.109-0700][1.192s] GC(2) Using 3 workers of 3 for marking
[2021-04-16T16:57:49.111-0700][1.194s] GC(2) Concurrent Mark From Roots 2.320ms
[2021-04-16T16:57:49.111-0700][1.194s] GC(2) Concurrent Preclean
[2021-04-16T16:57:49.111-0700][1.194s] GC(2) Concurrent Preclean 0.044ms
[2021-04-16T16:57:49.111-0700][1.194s] GC(2) Concurrent Mark (1.192s, 1.194s) 2.387ms
[2021-04-16T16:57:49.111-0700][1.195s] GC(2) Pause Remark
[2021-04-16T16:57:49.112-0700][1.195s] GC(2) Cleaned string and symbol table, strings: 8868 processed, 0 removed, symbols: 58779 processed, 29 removed
[2021-04-16T16:57:49.112-0700][1.196s] GC(2) Pause Remark 24M->24M(512M) 0.936ms
[2021-04-16T16:57:49.112-0700][1.196s] GC(2) User=0.01s Sys=0.00s Real=0.00s
[2021-04-16T16:57:49.112-0700][1.196s] GC(2) Concurrent Rebuild Remembered Sets
[2021-04-16T16:57:49.114-0700][1.197s] GC(2) Concurrent Rebuild Remembered Sets 1.468ms
[2021-04-16T16:57:49.114-0700][1.197s] GC(2) Pause Cleanup
[2021-04-16T16:57:49.114-0700][1.197s] GC(2) Pause Cleanup 24M->24M(512M) 0.070ms
[2021-04-16T16:57:49.114-0700][1.197s] GC(2) User=0.00s Sys=0.00s Real=0.00s
[2021-04-16T16:57:49.114-0700][1.197s] GC(2) Concurrent Cleanup for Next Mark
[2021-04-16T16:57:49.114-0700][1.197s] GC(2) Concurrent Cleanup for Next Mark 0.157ms
[2021-04-16T16:57:49.114-0700][1.197s] GC(2) Concurrent Cycle 7.752ms
[2021-04-16T16:57:49.727-0700][1.810s] GC(3) Pause Young (Normal) (G1 Evacuation Pause)
[2021-04-16T16:57:49.727-0700][1.810s] GC(3) Using 10 workers of 10 for evacuation
[2021-04-16T16:57:49.736-0700][1.819s] GC(3)   Pre Evacuate Collection Set: 0.0ms
[2021-04-16T16:57:49.736-0700][1.819s] GC(3)   Evacuate Collection Set: 8.1ms
[2021-04-16T16:57:49.736-0700][1.819s] GC(3)   Post Evacuate Collection Set: 0.5ms
[2021-04-16T16:57:49.736-0700][1.819s] GC(3)   Other: 0.1ms
[2021-04-16T16:57:49.736-0700][1.819s] GC(3) Eden regions: 78->0(129)
[2021-04-16T16:57:49.736-0700][1.819s] GC(3) Survivor regions: 19->5(13)
[2021-04-16T16:57:49.736-0700][1.819s] GC(3) Old regions: 2->21
[2021-04-16T16:57:49.736-0700][1.819s] GC(3) Humongous regions: 4->4
[2021-04-16T16:57:49.736-0700][1.819s] GC(3) Metaspace: 30427K->30427K(1077248K)
[2021-04-16T16:57:49.736-0700][1.819s] GC(3) Pause Young (Normal) (G1 Evacuation Pause) 101M->27M(512M) 8.794ms
[2021-04-16T16:57:49.736-0700][1.819s] GC(3) User=0.08s Sys=0.01s Real=0.01s
[2021-04-16T16:57:50.021-0700][2.104s] GC(4) Pause Young (Concurrent Start) (Metadata GC Threshold)
[2021-04-16T16:57:50.021-0700][2.104s] GC(4) Using 10 workers of 10 for evacuation
[2021-04-16T16:57:50.026-0700][2.109s] GC(4)   Pre Evacuate Collection Set: 0.1ms
[2021-04-16T16:57:50.026-0700][2.109s] GC(4)   Evacuate Collection Set: 4.4ms
[2021-04-16T16:57:50.026-0700][2.109s] GC(4)   Post Evacuate Collection Set: 0.3ms
[2021-04-16T16:57:50.026-0700][2.109s] GC(4)   Other: 0.1ms
[2021-04-16T16:57:50.026-0700][2.109s] GC(4) Eden regions: 54->0(154)
[2021-04-16T16:57:50.026-0700][2.109s] GC(4) Survivor regions: 5->7(17)
[2021-04-16T16:57:50.026-0700][2.109s] GC(4) Old regions: 21->21
[2021-04-16T16:57:50.026-0700][2.109s] GC(4) Humongous regions: 4->4
[2021-04-16T16:57:50.026-0700][2.109s] GC(4) Metaspace: 34794K->34794K(1081344K)
[2021-04-16T16:57:50.026-0700][2.109s] GC(4) Pause Young (Concurrent Start) (Metadata GC Threshold) 81M->29M(512M) 4.931ms
[2021-04-16T16:57:50.026-0700][2.109s] GC(4) User=0.03s Sys=0.00s Real=0.01s
[2021-04-16T16:57:50.026-0700][2.109s] GC(5) Concurrent Cycle
[2021-04-16T16:57:50.026-0700][2.109s] GC(5) Concurrent Clear Claimed Marks
[2021-04-16T16:57:50.026-0700][2.109s] GC(5) Concurrent Clear Claimed Marks 0.021ms
[2021-04-16T16:57:50.026-0700][2.109s] GC(5) Concurrent Scan Root Regions
[2021-04-16T16:57:50.027-0700][2.110s] GC(5) Concurrent Scan Root Regions 1.485ms
[2021-04-16T16:57:50.027-0700][2.110s] GC(5) Concurrent Mark (2.110s)
[2021-04-16T16:57:50.027-0700][2.110s] GC(5) Concurrent Mark From Roots
[2021-04-16T16:57:50.027-0700][2.110s] GC(5) Using 3 workers of 3 for marking
[2021-04-16T16:57:50.043-0700][2.126s] GC(5) Concurrent Mark From Roots 15.841ms
[2021-04-16T16:57:50.043-0700][2.126s] GC(5) Concurrent Preclean
[2021-04-16T16:57:50.043-0700][2.126s] GC(5) Concurrent Preclean 0.199ms
[2021-04-16T16:57:50.043-0700][2.127s] GC(5) Concurrent Mark (2.110s, 2.127s) 16.096ms
[2021-04-16T16:57:50.044-0700][2.127s] GC(5) Pause Remark
[2021-04-16T16:57:50.046-0700][2.129s] GC(5) Cleaned string and symbol table, strings: 15006 processed, 24 removed, symbols: 103634 processed, 79 removed
[2021-04-16T16:57:50.046-0700][2.129s] GC(5) Pause Remark 43M->43M(512M) 2.790ms
[2021-04-16T16:57:50.046-0700][2.129s] GC(5) User=0.02s Sys=0.00s Real=0.00s
[2021-04-16T16:57:50.046-0700][2.129s] GC(5) Concurrent Rebuild Remembered Sets
[2021-04-16T16:57:50.054-0700][2.137s] GC(5) Concurrent Rebuild Remembered Sets 7.510ms
[2021-04-16T16:57:50.054-0700][2.137s] GC(5) Pause Cleanup
[2021-04-16T16:57:50.054-0700][2.137s] GC(5) Pause Cleanup 48M->48M(512M) 0.086ms
[2021-04-16T16:57:50.054-0700][2.137s] GC(5) User=0.00s Sys=0.00s Real=0.00s
[2021-04-16T16:57:50.054-0700][2.137s] GC(5) Concurrent Cleanup for Next Mark
[2021-04-16T16:57:50.054-0700][2.137s] GC(5) Concurrent Cleanup for Next Mark 0.295ms
[2021-04-16T16:57:50.054-0700][2.137s] GC(5) Concurrent Cycle 28.605ms
[2021-04-16T16:57:50.313-0700][2.396s] GC(6) Pause Young (Concurrent Start) (G1 Evacuation Pause)
[2021-04-16T16:57:50.313-0700][2.396s] GC(6) Using 10 workers of 10 for evacuation
[2021-04-16T16:57:50.319-0700][2.402s] GC(6)   Pre Evacuate Collection Set: 0.1ms
[2021-04-16T16:57:50.319-0700][2.402s] GC(6)   Evacuate Collection Set: 5.8ms
[2021-04-16T16:57:50.319-0700][2.402s] GC(6)   Post Evacuate Collection Set: 0.3ms
[2021-04-16T16:57:50.319-0700][2.402s] GC(6)   Other: 0.1ms
[2021-04-16T16:57:50.319-0700][2.402s] GC(6) Eden regions: 154->0(294)
[2021-04-16T16:57:50.319-0700][2.402s] GC(6) Survivor regions: 7->13(21)
[2021-04-16T16:57:50.319-0700][2.402s] GC(6) Old regions: 21->21
[2021-04-16T16:57:50.319-0700][2.402s] GC(6) Humongous regions: 6->5
[2021-04-16T16:57:50.319-0700][2.402s] GC(6) Metaspace: 39991K->39991K(1085440K)
[2021-04-16T16:57:50.319-0700][2.402s] GC(6) Pause Young (Concurrent Start) (G1 Evacuation Pause) 185M->36M(512M) 6.363ms
[2021-04-16T16:57:50.319-0700][2.402s] GC(6) User=0.05s Sys=0.00s Real=0.00s
[2021-04-16T16:57:50.319-0700][2.402s] GC(7) Concurrent Cycle
[2021-04-16T16:57:50.319-0700][2.402s] GC(7) Concurrent Clear Claimed Marks
[2021-04-16T16:57:50.319-0700][2.402s] GC(7) Concurrent Clear Claimed Marks 0.027ms
[2021-04-16T16:57:50.319-0700][2.402s] GC(7) Concurrent Scan Root Regions
[2021-04-16T16:57:50.321-0700][2.404s] GC(7) Concurrent Scan Root Regions 2.276ms
[2021-04-16T16:57:50.321-0700][2.404s] GC(7) Concurrent Mark (2.404s)
[2021-04-16T16:57:50.321-0700][2.404s] GC(7) Concurrent Mark From Roots
[2021-04-16T16:57:50.321-0700][2.404s] GC(7) Using 3 workers of 3 for marking
[2021-04-16T16:57:50.333-0700][2.416s] GC(7) Concurrent Mark From Roots 11.845ms
[2021-04-16T16:57:50.333-0700][2.416s] GC(7) Concurrent Preclean
[2021-04-16T16:57:50.333-0700][2.416s] GC(7) Concurrent Preclean 0.097ms
[2021-04-16T16:57:50.333-0700][2.416s] GC(7) Concurrent Mark (2.404s, 2.416s) 11.977ms
[2021-04-16T16:57:50.334-0700][2.417s] GC(7) Pause Remark
[2021-04-16T16:57:50.336-0700][2.420s] GC(7) Cleaned string and symbol table, strings: 16943 processed, 1 removed, symbols: 117927 processed, 115 removed
[2021-04-16T16:57:50.337-0700][2.420s] GC(7) Pause Remark 40M->40M(512M) 2.928ms
[2021-04-16T16:57:50.337-0700][2.420s] GC(7) User=0.03s Sys=0.00s Real=0.00s
[2021-04-16T16:57:50.337-0700][2.420s] GC(7) Concurrent Rebuild Remembered Sets
[2021-04-16T16:57:50.343-0700][2.426s] GC(7) Concurrent Rebuild Remembered Sets 5.847ms
[2021-04-16T16:57:50.343-0700][2.426s] GC(7) Pause Cleanup
[2021-04-16T16:57:50.343-0700][2.426s] GC(7) Pause Cleanup 41M->41M(512M) 0.095ms
[2021-04-16T16:57:50.343-0700][2.426s] GC(7) User=0.00s Sys=0.00s Real=0.00s
[2021-04-16T16:57:50.343-0700][2.426s] GC(7) Concurrent Cleanup for Next Mark
[2021-04-16T16:57:50.343-0700][2.426s] GC(7) Concurrent Cleanup for Next Mark 0.239ms
[2021-04-16T16:57:50.343-0700][2.426s] GC(7) Concurrent Cycle 24.108ms
[2021-04-16T16:57:50.919-0700][3.002s] GC(8) Pause Young (Normal) (G1 Evacuation Pause)
[2021-04-16T16:57:50.919-0700][3.002s] GC(8) Using 10 workers of 10 for evacuation
[2021-04-16T16:57:50.924-0700][3.007s] GC(8)   Pre Evacuate Collection Set: 0.0ms
[2021-04-16T16:57:50.924-0700][3.007s] GC(8)   Evacuate Collection Set: 4.8ms
[2021-04-16T16:57:50.924-0700][3.007s] GC(8)   Post Evacuate Collection Set: 0.5ms
[2021-04-16T16:57:50.924-0700][3.007s] GC(8)   Other: 0.2ms
[2021-04-16T16:57:50.924-0700][3.007s] GC(8) Eden regions: 294->0(289)
[2021-04-16T16:57:50.924-0700][3.007s] GC(8) Survivor regions: 13->18(39)
[2021-04-16T16:57:50.924-0700][3.007s] GC(8) Old regions: 21->21
[2021-04-16T16:57:50.924-0700][3.007s] GC(8) Humongous regions: 5->5
[2021-04-16T16:57:50.924-0700][3.007s] GC(8) Metaspace: 46038K->46038K(1091584K)
[2021-04-16T16:57:50.924-0700][3.007s] GC(8) Pause Young (Normal) (G1 Evacuation Pause) 330M->41M(512M) 5.501ms
[2021-04-16T16:57:50.924-0700][3.007s] GC(8) User=0.05s Sys=0.01s Real=0.01s
[2021-04-16T16:57:57.716-0700][9.799s] GC(9) Pause Young (Normal) (G1 Evacuation Pause)
[2021-04-16T16:57:57.716-0700][9.799s] GC(9) Using 10 workers of 10 for evacuation
[2021-04-16T16:57:57.729-0700][9.812s] GC(9)   Pre Evacuate Collection Set: 0.0ms
[2021-04-16T16:57:57.729-0700][9.812s] GC(9)   Evacuate Collection Set: 9.9ms
[2021-04-16T16:57:57.729-0700][9.812s] GC(9)   Post Evacuate Collection Set: 2.7ms
[2021-04-16T16:57:57.729-0700][9.812s] GC(9)   Other: 0.2ms
[2021-04-16T16:57:57.729-0700][9.812s] GC(9) Eden regions: 289->0(274)
[2021-04-16T16:57:57.729-0700][9.812s] GC(9) Survivor regions: 18->33(39)
[2021-04-16T16:57:57.729-0700][9.812s] GC(9) Old regions: 21->21
[2021-04-16T16:57:57.729-0700][9.812s] GC(9) Humongous regions: 8->8
[2021-04-16T16:57:57.729-0700][9.812s] GC(9) Metaspace: 54983K->54983K(1099776K)
[2021-04-16T16:57:57.729-0700][9.812s] GC(9) Pause Young (Normal) (G1 Evacuation Pause) 333M->59M(512M) 12.940ms
[2021-04-16T16:57:57.729-0700][9.812s] GC(9) User=0.10s Sys=0.00s Real=0.01s
[2021-04-16T16:58:17.065-0700][29.148s] GC(10) Pause Young (Normal) (G1 Evacuation Pause)
[2021-04-16T16:58:17.065-0700][29.148s] GC(10) Using 10 workers of 10 for evacuation
[2021-04-16T16:58:17.097-0700][29.180s] GC(10)   Pre Evacuate Collection Set: 0.0ms
[2021-04-16T16:58:17.097-0700][29.180s] GC(10)   Evacuate Collection Set: 23.1ms
[2021-04-16T16:58:17.097-0700][29.180s] GC(10)   Post Evacuate Collection Set: 8.6ms
[2021-04-16T16:58:17.097-0700][29.180s] GC(10)   Other: 0.2ms
[2021-04-16T16:58:17.097-0700][29.180s] GC(10) Eden regions: 274->0(270)
[2021-04-16T16:58:17.097-0700][29.180s] GC(10) Survivor regions: 33->37(39)
[2021-04-16T16:58:17.097-0700][29.180s] GC(10) Old regions: 21->38
[2021-04-16T16:58:17.097-0700][29.180s] GC(10) Humongous regions: 8->8
[2021-04-16T16:58:17.097-0700][29.180s] GC(10) Metaspace: 55473K->55473K(1099776K)
[2021-04-16T16:58:17.097-0700][29.180s] GC(10) Pause Young (Normal) (G1 Evacuation Pause) 333M->80M(512M) 31.990ms
[2021-04-16T16:58:17.097-0700][29.180s] GC(10) User=0.21s Sys=0.01s Real=0.03s
[2021-04-16T16:58:35.526-0700][47.609s] GC(11) Pause Young (Normal) (G1 Evacuation Pause)
[2021-04-16T16:58:35.526-0700][47.609s] GC(11) Using 10 workers of 10 for evacuation
[2021-04-16T16:58:35.567-0700][47.650s] GC(11)   Pre Evacuate Collection Set: 0.0ms
[2021-04-16T16:58:35.567-0700][47.650s] GC(11)   Evacuate Collection Set: 30.6ms
[2021-04-16T16:58:35.567-0700][47.650s] GC(11)   Post Evacuate Collection Set: 10.6ms
[2021-04-16T16:58:35.567-0700][47.650s] GC(11)   Other: 0.2ms
[2021-04-16T16:58:35.567-0700][47.650s] GC(11) Eden regions: 270->0(284)
[2021-04-16T16:58:35.567-0700][47.650s] GC(11) Survivor regions: 37->23(39)
[2021-04-16T16:58:35.567-0700][47.650s] GC(11) Old regions: 38->69
[2021-04-16T16:58:35.567-0700][47.650s] GC(11) Humongous regions: 8->8
[2021-04-16T16:58:35.567-0700][47.650s] GC(11) Metaspace: 57635K->57635K(1101824K)
[2021-04-16T16:58:35.567-0700][47.650s] GC(11) Pause Young (Normal) (G1 Evacuation Pause) 350M->97M(512M) 41.534ms
[2021-04-16T16:58:35.567-0700][47.650s] GC(11) User=0.25s Sys=0.01s Real=0.04s
[2021-04-16T16:58:43.017-0700][55.100s] GC(12) Pause Young (Normal) (G1 Evacuation Pause)
[2021-04-16T16:58:43.017-0700][55.100s] GC(12) Using 10 workers of 10 for evacuation
[2021-04-16T16:58:43.037-0700][55.120s] GC(12)   Pre Evacuate Collection Set: 0.0ms
[2021-04-16T16:58:43.037-0700][55.120s] GC(12)   Evacuate Collection Set: 9.8ms
[2021-04-16T16:58:43.037-0700][55.120s] GC(12)   Post Evacuate Collection Set: 9.7ms
[2021-04-16T16:58:43.037-0700][55.120s] GC(12)   Other: 0.2ms
[2021-04-16T16:58:43.037-0700][55.120s] GC(12) Eden regions: 284->0(293)
[2021-04-16T16:58:43.037-0700][55.120s] GC(12) Survivor regions: 23->14(39)
[2021-04-16T16:58:43.037-0700][55.120s] GC(12) Old regions: 69->81
[2021-04-16T16:58:43.037-0700][55.120s] GC(12) Humongous regions: 8->8
[2021-04-16T16:58:43.037-0700][55.120s] GC(12) Metaspace: 58495K->58495K(1101824K)
[2021-04-16T16:58:43.037-0700][55.120s] GC(12) Pause Young (Normal) (G1 Evacuation Pause) 381M->101M(512M) 19.730ms
[2021-04-16T16:58:43.037-0700][55.120s] GC(12) User=0.13s Sys=0.00s Real=0.02s
[2021-04-16T18:53:50.673-0700][6962.756s] GC(13) Pause Young (Normal) (G1 Evacuation Pause)
[2021-04-16T18:53:50.673-0700][6962.756s] GC(13) Using 10 workers of 10 for evacuation
[2021-04-16T18:53:50.677-0700][6962.760s] GC(13)   Pre Evacuate Collection Set: 0.0ms
[2021-04-16T18:53:50.677-0700][6962.760s] GC(13)   Evacuate Collection Set: 3.1ms
[2021-04-16T18:53:50.677-0700][6962.760s] GC(13)   Post Evacuate Collection Set: 0.7ms
[2021-04-16T18:53:50.677-0700][6962.760s] GC(13)   Other: 0.4ms
[2021-04-16T18:53:50.677-0700][6962.760s] GC(13) Eden regions: 293->0(291)
[2021-04-16T18:53:50.677-0700][6962.760s] GC(13) Survivor regions: 14->16(39)
[2021-04-16T18:53:50.677-0700][6962.760s] GC(13) Old regions: 81->81
[2021-04-16T18:53:50.677-0700][6962.760s] GC(13) Humongous regions: 29->8
[2021-04-16T18:53:50.677-0700][6962.760s] GC(13) Metaspace: 60599K->60599K(1103872K)
[2021-04-16T18:53:50.677-0700][6962.760s] GC(13) Pause Young (Normal) (G1 Evacuation Pause) 415M->102M(512M) 4.268ms
[2021-04-16T18:53:50.677-0700][6962.760s] GC(13) User=0.03s Sys=0.00s Real=0.00s
