[2021-04-16T16:55:03.046-0700][0.004s] Heap region size: 1M
[2021-04-16T16:55:03.054-0700][0.013s] Using G1
[2021-04-16T16:55:03.054-0700][0.013s] Heap address: 0x00000000e0000000, size: 512 MB, Compressed Oops mode: 32-bit
[2021-04-16T16:55:03.054-0700][0.013s] Mark closed archive regions in map: [0x00000000fff00000, 0x00000000fff6aff8]
[2021-04-16T16:55:03.054-0700][0.013s] Mark open archive regions in map: [0x00000000ffe00000, 0x00000000ffe46ff8]
[2021-04-16T16:55:03.353-0700][0.312s] GC(0) Pause Young (Normal) (G1 Evacuation Pause)
[2021-04-16T16:55:03.354-0700][0.313s] GC(0) Using 10 workers of 10 for evacuation
[2021-04-16T16:55:03.364-0700][0.323s] GC(0)   Pre Evacuate Collection Set: 0.0ms
[2021-04-16T16:55:03.364-0700][0.323s] GC(0)   Evacuate Collection Set: 8.6ms
[2021-04-16T16:55:03.364-0700][0.323s] GC(0)   Post Evacuate Collection Set: 1.0ms
[2021-04-16T16:55:03.364-0700][0.323s] GC(0)   Other: 0.8ms
[2021-04-16T16:55:03.364-0700][0.323s] GC(0) Eden regions: 30->0(304)
[2021-04-16T16:55:03.364-0700][0.323s] GC(0) Survivor regions: 0->3(4)
[2021-04-16T16:55:03.364-0700][0.323s] GC(0) Old regions: 2->2
[2021-04-16T16:55:03.364-0700][0.323s] GC(0) Humongous regions: 0->0
[2021-04-16T16:55:03.364-0700][0.323s] GC(0) Metaspace: 6192K->6192K(1056768K)
[2021-04-16T16:55:03.364-0700][0.323s] GC(0) Pause Young (Normal) (G1 Evacuation Pause) 30M->3M(512M) 10.501ms
[2021-04-16T16:55:03.364-0700][0.323s] GC(0) User=0.11s Sys=0.00s Real=0.01s
[2021-04-16T16:55:04.213-0700][1.171s] GC(1) Pause Young (Concurrent Start) (Metadata GC Threshold)
[2021-04-16T16:55:04.213-0700][1.171s] GC(1) Using 10 workers of 10 for evacuation
[2021-04-16T16:55:04.222-0700][1.181s] GC(1)   Pre Evacuate Collection Set: 0.0ms
[2021-04-16T16:55:04.222-0700][1.181s] GC(1)   Evacuate Collection Set: 8.9ms
[2021-04-16T16:55:04.222-0700][1.181s] GC(1)   Post Evacuate Collection Set: 0.6ms
[2021-04-16T16:55:04.222-0700][1.181s] GC(1)   Other: 0.2ms
[2021-04-16T16:55:04.222-0700][1.181s] GC(1) Eden regions: 108->0(102)
[2021-04-16T16:55:04.222-0700][1.181s] GC(1) Survivor regions: 3->19(39)
[2021-04-16T16:55:04.222-0700][1.181s] GC(1) Old regions: 2->2
[2021-04-16T16:55:04.222-0700][1.181s] GC(1) Humongous regions: 4->4
[2021-04-16T16:55:04.222-0700][1.181s] GC(1) Metaspace: 20401K->20401K(1067008K)
[2021-04-16T16:55:04.222-0700][1.181s] GC(1) Pause Young (Concurrent Start) (Metadata GC Threshold) 115M->23M(512M) 9.757ms
[2021-04-16T16:55:04.222-0700][1.181s] GC(1) User=0.04s Sys=0.01s Real=0.00s
[2021-04-16T16:55:04.222-0700][1.181s] GC(2) Concurrent Cycle
[2021-04-16T16:55:04.222-0700][1.181s] GC(2) Concurrent Clear Claimed Marks
[2021-04-16T16:55:04.222-0700][1.181s] GC(2) Concurrent Clear Claimed Marks 0.035ms
[2021-04-16T16:55:04.223-0700][1.181s] GC(2) Concurrent Scan Root Regions
[2021-04-16T16:55:04.225-0700][1.184s] GC(2) Concurrent Scan Root Regions 2.361ms
[2021-04-16T16:55:04.225-0700][1.184s] GC(2) Concurrent Mark (1.184s)
[2021-04-16T16:55:04.225-0700][1.184s] GC(2) Concurrent Mark From Roots
[2021-04-16T16:55:04.225-0700][1.184s] GC(2) Using 3 workers of 3 for marking
[2021-04-16T16:55:04.227-0700][1.186s] GC(2) Concurrent Mark From Roots 1.857ms
[2021-04-16T16:55:04.227-0700][1.186s] GC(2) Concurrent Preclean
[2021-04-16T16:55:04.227-0700][1.186s] GC(2) Concurrent Preclean 0.042ms
[2021-04-16T16:55:04.227-0700][1.186s] GC(2) Concurrent Mark (1.184s, 1.186s) 1.923ms
[2021-04-16T16:55:04.227-0700][1.186s] GC(2) Pause Remark
[2021-04-16T16:55:04.228-0700][1.187s] GC(2) Cleaned string and symbol table, strings: 8865 processed, 0 removed, symbols: 58779 processed, 29 removed
[2021-04-16T16:55:04.228-0700][1.187s] GC(2) Pause Remark 24M->24M(512M) 0.955ms
[2021-04-16T16:55:04.228-0700][1.187s] GC(2) User=0.01s Sys=0.00s Real=0.00s
[2021-04-16T16:55:04.228-0700][1.187s] GC(2) Concurrent Rebuild Remembered Sets
[2021-04-16T16:55:04.229-0700][1.188s] GC(2) Concurrent Rebuild Remembered Sets 1.477ms
[2021-04-16T16:55:04.229-0700][1.188s] GC(2) Pause Cleanup
[2021-04-16T16:55:04.229-0700][1.188s] GC(2) Pause Cleanup 24M->24M(512M) 0.079ms
[2021-04-16T16:55:04.229-0700][1.188s] GC(2) User=0.00s Sys=0.00s Real=0.00s
[2021-04-16T16:55:04.229-0700][1.188s] GC(2) Concurrent Cleanup for Next Mark
[2021-04-16T16:55:04.230-0700][1.189s] GC(2) Concurrent Cleanup for Next Mark 0.206ms
[2021-04-16T16:55:04.230-0700][1.189s] GC(2) Concurrent Cycle 7.255ms
[2021-04-16T16:55:04.878-0700][1.836s] GC(3) Pause Young (Normal) (G1 Evacuation Pause)
[2021-04-16T16:55:04.878-0700][1.836s] GC(3) Using 10 workers of 10 for evacuation
[2021-04-16T16:55:04.886-0700][1.845s] GC(3)   Pre Evacuate Collection Set: 0.0ms
[2021-04-16T16:55:04.886-0700][1.845s] GC(3)   Evacuate Collection Set: 7.6ms
[2021-04-16T16:55:04.886-0700][1.845s] GC(3)   Post Evacuate Collection Set: 0.4ms
[2021-04-16T16:55:04.886-0700][1.845s] GC(3)   Other: 0.1ms
[2021-04-16T16:55:04.886-0700][1.845s] GC(3) Eden regions: 77->0(125)
[2021-04-16T16:55:04.886-0700][1.845s] GC(3) Survivor regions: 19->5(12)
[2021-04-16T16:55:04.886-0700][1.845s] GC(3) Old regions: 2->21
[2021-04-16T16:55:04.886-0700][1.845s] GC(3) Humongous regions: 4->4
[2021-04-16T16:55:04.886-0700][1.845s] GC(3) Metaspace: 30344K->30344K(1077248K)
[2021-04-16T16:55:04.886-0700][1.845s] GC(3) Pause Young (Normal) (G1 Evacuation Pause) 100M->27M(512M) 8.255ms
[2021-04-16T16:55:04.886-0700][1.845s] GC(3) User=0.07s Sys=0.02s Real=0.01s
[2021-04-16T16:55:05.186-0700][2.145s] GC(4) Pause Young (Concurrent Start) (Metadata GC Threshold)
[2021-04-16T16:55:05.186-0700][2.145s] GC(4) Using 10 workers of 10 for evacuation
[2021-04-16T16:55:05.191-0700][2.150s] GC(4)   Pre Evacuate Collection Set: 0.1ms
[2021-04-16T16:55:05.191-0700][2.150s] GC(4)   Evacuate Collection Set: 4.5ms
[2021-04-16T16:55:05.191-0700][2.150s] GC(4)   Post Evacuate Collection Set: 0.4ms
[2021-04-16T16:55:05.191-0700][2.150s] GC(4)   Other: 0.1ms
[2021-04-16T16:55:05.191-0700][2.150s] GC(4) Eden regions: 46->0(158)
[2021-04-16T16:55:05.191-0700][2.150s] GC(4) Survivor regions: 5->6(17)
[2021-04-16T16:55:05.191-0700][2.150s] GC(4) Old regions: 21->21
[2021-04-16T16:55:05.191-0700][2.150s] GC(4) Humongous regions: 4->4
[2021-04-16T16:55:05.191-0700][2.150s] GC(4) Metaspace: 34770K->34770K(1081344K)
[2021-04-16T16:55:05.191-0700][2.150s] GC(4) Pause Young (Concurrent Start) (Metadata GC Threshold) 73M->29M(512M) 5.082ms
[2021-04-16T16:55:05.191-0700][2.150s] GC(4) User=0.03s Sys=0.00s Real=0.01s
[2021-04-16T16:55:05.191-0700][2.150s] GC(5) Concurrent Cycle
[2021-04-16T16:55:05.191-0700][2.150s] GC(5) Concurrent Clear Claimed Marks
[2021-04-16T16:55:05.191-0700][2.150s] GC(5) Concurrent Clear Claimed Marks 0.017ms
[2021-04-16T16:55:05.191-0700][2.150s] GC(5) Concurrent Scan Root Regions
[2021-04-16T16:55:05.193-0700][2.152s] GC(5) Concurrent Scan Root Regions 1.444ms
[2021-04-16T16:55:05.193-0700][2.152s] GC(5) Concurrent Mark (2.152s)
[2021-04-16T16:55:05.193-0700][2.152s] GC(5) Concurrent Mark From Roots
[2021-04-16T16:55:05.193-0700][2.152s] GC(5) Using 3 workers of 3 for marking
[2021-04-16T16:55:05.207-0700][2.165s] GC(5) Concurrent Mark From Roots 13.760ms
[2021-04-16T16:55:05.207-0700][2.165s] GC(5) Concurrent Preclean
[2021-04-16T16:55:05.207-0700][2.166s] GC(5) Concurrent Preclean 0.106ms
[2021-04-16T16:55:05.207-0700][2.166s] GC(5) Concurrent Mark (2.152s, 2.166s) 13.907ms
[2021-04-16T16:55:05.207-0700][2.166s] GC(5) Pause Remark
[2021-04-16T16:55:05.209-0700][2.168s] GC(5) Cleaned string and symbol table, strings: 14805 processed, 24 removed, symbols: 102707 processed, 78 removed
[2021-04-16T16:55:05.209-0700][2.168s] GC(5) Pause Remark 34M->34M(512M) 2.100ms
[2021-04-16T16:55:05.209-0700][2.168s] GC(5) User=0.02s Sys=0.00s Real=0.00s
[2021-04-16T16:55:05.209-0700][2.168s] GC(5) Concurrent Rebuild Remembered Sets
[2021-04-16T16:55:05.216-0700][2.174s] GC(5) Concurrent Rebuild Remembered Sets 6.711ms
[2021-04-16T16:55:05.216-0700][2.175s] GC(5) Pause Cleanup
[2021-04-16T16:55:05.216-0700][2.175s] GC(5) Pause Cleanup 42M->42M(512M) 0.066ms
[2021-04-16T16:55:05.216-0700][2.175s] GC(5) User=0.00s Sys=0.00s Real=0.00s
[2021-04-16T16:55:05.216-0700][2.175s] GC(5) Concurrent Cleanup for Next Mark
[2021-04-16T16:55:05.216-0700][2.175s] GC(5) Concurrent Cleanup for Next Mark 0.260ms
[2021-04-16T16:55:05.216-0700][2.175s] GC(5) Concurrent Cycle 24.772ms
[2021-04-16T16:55:05.742-0700][2.701s] GC(6) Pause Young (Normal) (G1 Evacuation Pause)
[2021-04-16T16:55:05.742-0700][2.701s] GC(6) Using 10 workers of 10 for evacuation
[2021-04-16T16:55:05.747-0700][2.706s] GC(6)   Pre Evacuate Collection Set: 0.0ms
[2021-04-16T16:55:05.748-0700][2.706s] GC(6)   Evacuate Collection Set: 4.7ms
[2021-04-16T16:55:05.748-0700][2.706s] GC(6)   Post Evacuate Collection Set: 0.3ms
[2021-04-16T16:55:05.748-0700][2.706s] GC(6)   Other: 0.1ms
[2021-04-16T16:55:05.748-0700][2.706s] GC(6) Eden regions: 158->0(194)
[2021-04-16T16:55:05.748-0700][2.706s] GC(6) Survivor regions: 6->13(21)
[2021-04-16T16:55:05.748-0700][2.706s] GC(6) Old regions: 21->21
[2021-04-16T16:55:05.748-0700][2.706s] GC(6) Humongous regions: 6->5
[2021-04-16T16:55:05.748-0700][2.706s] GC(6) Metaspace: 40806K->40806K(1085440K)
[2021-04-16T16:55:05.748-0700][2.706s] GC(6) Pause Young (Normal) (G1 Evacuation Pause) 189M->37M(512M) 5.223ms
[2021-04-16T16:55:05.748-0700][2.706s] GC(6) User=0.06s Sys=0.01s Real=0.01s
[2021-04-16T16:55:06.197-0700][3.156s] GC(7) Pause Young (Normal) (G1 Evacuation Pause)
[2021-04-16T16:55:06.197-0700][3.156s] GC(7) Using 10 workers of 10 for evacuation
[2021-04-16T16:55:06.204-0700][3.163s] GC(7)   Pre Evacuate Collection Set: 0.0ms
[2021-04-16T16:55:06.204-0700][3.163s] GC(7)   Evacuate Collection Set: 5.1ms
[2021-04-16T16:55:06.204-0700][3.163s] GC(7)   Post Evacuate Collection Set: 1.7ms
[2021-04-16T16:55:06.204-0700][3.163s] GC(7)   Other: 0.1ms
[2021-04-16T16:55:06.204-0700][3.163s] GC(7) Eden regions: 194->0(252)
[2021-04-16T16:55:06.204-0700][3.163s] GC(7) Survivor regions: 13->15(26)
[2021-04-16T16:55:06.204-0700][3.163s] GC(7) Old regions: 21->21
[2021-04-16T16:55:06.204-0700][3.163s] GC(7) Humongous regions: 5->5
[2021-04-16T16:55:06.204-0700][3.163s] GC(7) Metaspace: 44303K->44303K(1089536K)
[2021-04-16T16:55:06.204-0700][3.163s] GC(7) Pause Young (Normal) (G1 Evacuation Pause) 231M->38M(512M) 6.981ms
[2021-04-16T16:55:06.204-0700][3.163s] GC(7) User=0.07s Sys=0.00s Real=0.01s
[2021-04-16T16:55:47.986-0700][44.944s] GC(8) Pause Young (Normal) (G1 Evacuation Pause)
[2021-04-16T16:55:47.986-0700][44.944s] GC(8) Using 10 workers of 10 for evacuation
[2021-04-16T16:55:48.010-0700][44.969s] GC(8)   Pre Evacuate Collection Set: 0.0ms
[2021-04-16T16:55:48.010-0700][44.969s] GC(8)   Evacuate Collection Set: 19.6ms
[2021-04-16T16:55:48.010-0700][44.969s] GC(8)   Post Evacuate Collection Set: 4.8ms
[2021-04-16T16:55:48.010-0700][44.969s] GC(8)   Other: 0.2ms
[2021-04-16T16:55:48.010-0700][44.969s] GC(8) Eden regions: 252->0(279)
[2021-04-16T16:55:48.010-0700][44.969s] GC(8) Survivor regions: 15->28(34)
[2021-04-16T16:55:48.010-0700][44.969s] GC(8) Old regions: 21->21
[2021-04-16T16:55:48.010-0700][44.969s] GC(8) Humongous regions: 8->8
[2021-04-16T16:55:48.010-0700][44.969s] GC(8) Metaspace: 53606K->53606K(1097728K)
[2021-04-16T16:55:48.010-0700][44.969s] GC(8) Pause Young (Normal) (G1 Evacuation Pause) 293M->54M(512M) 24.676ms
[2021-04-16T16:55:48.010-0700][44.969s] GC(8) User=0.16s Sys=0.01s Real=0.02s
[2021-04-16T16:57:05.099-0700][122.058s] GC(9) Pause Young (Concurrent Start) (Metadata GC Threshold)
[2021-04-16T16:57:05.099-0700][122.058s] GC(9) Using 10 workers of 10 for evacuation
[2021-04-16T16:57:05.116-0700][122.075s] GC(9)   Pre Evacuate Collection Set: 0.1ms
[2021-04-16T16:57:05.116-0700][122.075s] GC(9)   Evacuate Collection Set: 15.9ms
[2021-04-16T16:57:05.116-0700][122.075s] GC(9)   Post Evacuate Collection Set: 0.6ms
[2021-04-16T16:57:05.116-0700][122.075s] GC(9)   Other: 0.2ms
[2021-04-16T16:57:05.116-0700][122.075s] GC(9) Eden regions: 197->0(279)
[2021-04-16T16:57:05.116-0700][122.075s] GC(9) Survivor regions: 28->28(39)
[2021-04-16T16:57:05.116-0700][122.075s] GC(9) Old regions: 21->31
[2021-04-16T16:57:05.116-0700][122.075s] GC(9) Humongous regions: 8->8
[2021-04-16T16:57:05.116-0700][122.075s] GC(9) Metaspace: 58367K->58367K(1101824K)
[2021-04-16T16:57:05.116-0700][122.075s] GC(9) Pause Young (Concurrent Start) (Metadata GC Threshold) 251M->65M(512M) 16.901ms
[2021-04-16T16:57:05.116-0700][122.075s] GC(9) User=0.07s Sys=0.01s Real=0.02s
[2021-04-16T16:57:05.116-0700][122.075s] GC(10) Concurrent Cycle
[2021-04-16T16:57:05.116-0700][122.075s] GC(10) Concurrent Clear Claimed Marks
[2021-04-16T16:57:05.116-0700][122.075s] GC(10) Concurrent Clear Claimed Marks 0.057ms
[2021-04-16T16:57:05.116-0700][122.075s] GC(10) Concurrent Scan Root Regions
[2021-04-16T16:57:05.121-0700][122.079s] GC(10) Concurrent Scan Root Regions 4.732ms
[2021-04-16T16:57:05.121-0700][122.080s] GC(10) Concurrent Mark (122.080s)
[2021-04-16T16:57:05.121-0700][122.080s] GC(10) Concurrent Mark From Roots
[2021-04-16T16:57:05.121-0700][122.080s] GC(10) Using 3 workers of 3 for marking
[2021-04-16T16:57:05.135-0700][122.094s] GC(10) Concurrent Mark From Roots 13.987ms
[2021-04-16T16:57:05.135-0700][122.094s] GC(10) Concurrent Preclean
[2021-04-16T16:57:05.135-0700][122.094s] GC(10) Concurrent Preclean 0.123ms
[2021-04-16T16:57:05.135-0700][122.094s] GC(10) Concurrent Mark (122.080s, 122.094s) 14.151ms
[2021-04-16T16:57:05.135-0700][122.094s] GC(10) Pause Remark
[2021-04-16T16:57:05.138-0700][122.096s] GC(10) Cleaned string and symbol table, strings: 26779 processed, 0 removed, symbols: 153635 processed, 784 removed
[2021-04-16T16:57:05.138-0700][122.097s] GC(10) Pause Remark 65M->65M(512M) 2.931ms
[2021-04-16T16:57:05.138-0700][122.097s] GC(10) User=0.03s Sys=0.00s Real=0.00s
[2021-04-16T16:57:05.138-0700][122.097s] GC(10) Concurrent Rebuild Remembered Sets
[2021-04-16T16:57:05.147-0700][122.106s] GC(10) Concurrent Rebuild Remembered Sets 8.693ms
[2021-04-16T16:57:05.147-0700][122.106s] GC(10) Pause Cleanup
[2021-04-16T16:57:05.147-0700][122.106s] GC(10) Pause Cleanup 65M->65M(512M) 0.098ms
[2021-04-16T16:57:05.147-0700][122.106s] GC(10) User=0.00s Sys=0.00s Real=0.00s
[2021-04-16T16:57:05.147-0700][122.106s] GC(10) Concurrent Cleanup for Next Mark
[2021-04-16T16:57:05.147-0700][122.106s] GC(10) Concurrent Cleanup for Next Mark 0.243ms
[2021-04-16T16:57:05.147-0700][122.106s] GC(10) Concurrent Cycle 31.370ms
[2021-04-16T16:57:42.583-0700][159.542s] Heap
[2021-04-16T16:57:42.583-0700][159.542s]  garbage-first heap   total 524288K, used 86066K [0x00000000e0000000, 0x0000000100000000)
[2021-04-16T16:57:42.583-0700][159.542s]   region size 1024K, 48 young (49152K), 28 survivors (28672K)
[2021-04-16T16:57:42.583-0700][159.542s]  Metaspace       used 58633K, capacity 60382K, committed 60544K, reserved 1101824K
[2021-04-16T16:57:42.583-0700][159.542s]   class space    used 7009K, capacity 7716K, committed 7808K, reserved 1048576K
