[2021-04-16T16:56:46.218-0700][0.005s] Heap region size: 1M
[2021-04-16T16:56:46.228-0700][0.015s] Using G1
[2021-04-16T16:56:46.228-0700][0.015s] Heap address: 0x00000000e0000000, size: 512 MB, Compressed Oops mode: 32-bit
[2021-04-16T16:56:46.228-0700][0.015s] Mark closed archive regions in map: [0x00000000fff00000, 0x00000000fff6aff8]
[2021-04-16T16:56:46.228-0700][0.015s] Mark open archive regions in map: [0x00000000ffe00000, 0x00000000ffe46ff8]
[2021-04-16T16:56:46.528-0700][0.315s] GC(0) Pause Young (Normal) (G1 Evacuation Pause)
[2021-04-16T16:56:46.529-0700][0.316s] GC(0) Using 10 workers of 10 for evacuation
[2021-04-16T16:56:46.535-0700][0.321s] GC(0)   Pre Evacuate Collection Set: 0.0ms
[2021-04-16T16:56:46.535-0700][0.321s] GC(0)   Evacuate Collection Set: 5.2ms
[2021-04-16T16:56:46.535-0700][0.321s] GC(0)   Post Evacuate Collection Set: 0.3ms
[2021-04-16T16:56:46.535-0700][0.322s] GC(0)   Other: 0.9ms
[2021-04-16T16:56:46.535-0700][0.322s] GC(0) Eden regions: 30->0(304)
[2021-04-16T16:56:46.535-0700][0.322s] GC(0) Survivor regions: 0->3(4)
[2021-04-16T16:56:46.535-0700][0.322s] GC(0) Old regions: 2->2
[2021-04-16T16:56:46.535-0700][0.322s] GC(0) Humongous regions: 0->0
[2021-04-16T16:56:46.535-0700][0.322s] GC(0) Metaspace: 6188K->6188K(1056768K)
[2021-04-16T16:56:46.535-0700][0.322s] GC(0) Pause Young (Normal) (G1 Evacuation Pause) 30M->3M(512M) 6.448ms
[2021-04-16T16:56:46.535-0700][0.322s] GC(0) User=0.06s Sys=0.00s Real=0.01s
[2021-04-16T16:56:47.269-0700][1.056s] GC(1) Pause Young (Concurrent Start) (Metadata GC Threshold)
[2021-04-16T16:56:47.269-0700][1.056s] GC(1) Using 10 workers of 10 for evacuation
[2021-04-16T16:56:47.280-0700][1.067s] GC(1)   Pre Evacuate Collection Set: 0.0ms
[2021-04-16T16:56:47.280-0700][1.067s] GC(1)   Evacuate Collection Set: 9.8ms
[2021-04-16T16:56:47.280-0700][1.067s] GC(1)   Post Evacuate Collection Set: 0.6ms
[2021-04-16T16:56:47.280-0700][1.067s] GC(1)   Other: 0.2ms
[2021-04-16T16:56:47.280-0700][1.067s] GC(1) Eden regions: 106->0(103)
[2021-04-16T16:56:47.280-0700][1.067s] GC(1) Survivor regions: 3->20(39)
[2021-04-16T16:56:47.280-0700][1.067s] GC(1) Old regions: 2->2
[2021-04-16T16:56:47.280-0700][1.067s] GC(1) Humongous regions: 4->4
[2021-04-16T16:56:47.280-0700][1.067s] GC(1) Metaspace: 20491K->20491K(1069056K)
[2021-04-16T16:56:47.280-0700][1.067s] GC(1) Pause Young (Concurrent Start) (Metadata GC Threshold) 112M->24M(512M) 10.720ms
[2021-04-16T16:56:47.280-0700][1.067s] GC(1) User=0.05s Sys=0.00s Real=0.01s
[2021-04-16T16:56:47.280-0700][1.067s] GC(2) Concurrent Cycle
[2021-04-16T16:56:47.280-0700][1.067s] GC(2) Concurrent Clear Claimed Marks
[2021-04-16T16:56:47.280-0700][1.067s] GC(2) Concurrent Clear Claimed Marks 0.028ms
[2021-04-16T16:56:47.280-0700][1.067s] GC(2) Concurrent Scan Root Regions
[2021-04-16T16:56:47.283-0700][1.069s] GC(2) Concurrent Scan Root Regions 2.400ms
[2021-04-16T16:56:47.283-0700][1.069s] GC(2) Concurrent Mark (1.069s)
[2021-04-16T16:56:47.283-0700][1.069s] GC(2) Concurrent Mark From Roots
[2021-04-16T16:56:47.283-0700][1.069s] GC(2) Using 3 workers of 3 for marking
[2021-04-16T16:56:47.285-0700][1.071s] GC(2) Concurrent Mark From Roots 2.179ms
[2021-04-16T16:56:47.285-0700][1.071s] GC(2) Concurrent Preclean
[2021-04-16T16:56:47.285-0700][1.071s] GC(2) Concurrent Preclean 0.043ms
[2021-04-16T16:56:47.285-0700][1.071s] GC(2) Concurrent Mark (1.069s, 1.071s) 2.241ms
[2021-04-16T16:56:47.285-0700][1.072s] GC(2) Pause Remark
[2021-04-16T16:56:47.286-0700][1.072s] GC(2) Cleaned string and symbol table, strings: 8665 processed, 0 removed, symbols: 61825 processed, 27 removed
[2021-04-16T16:56:47.286-0700][1.072s] GC(2) Pause Remark 24M->24M(512M) 0.950ms
[2021-04-16T16:56:47.286-0700][1.072s] GC(2) User=0.01s Sys=0.00s Real=0.00s
[2021-04-16T16:56:47.286-0700][1.072s] GC(2) Concurrent Rebuild Remembered Sets
[2021-04-16T16:56:47.287-0700][1.074s] GC(2) Concurrent Rebuild Remembered Sets 1.536ms
[2021-04-16T16:56:47.287-0700][1.074s] GC(2) Pause Cleanup
[2021-04-16T16:56:47.287-0700][1.074s] GC(2) Pause Cleanup 25M->25M(512M) 0.067ms
[2021-04-16T16:56:47.287-0700][1.074s] GC(2) User=0.00s Sys=0.00s Real=0.00s
[2021-04-16T16:56:47.287-0700][1.074s] GC(2) Concurrent Cleanup for Next Mark
[2021-04-16T16:56:47.288-0700][1.074s] GC(2) Concurrent Cleanup for Next Mark 0.153ms
[2021-04-16T16:56:47.288-0700][1.074s] GC(2) Concurrent Cycle 7.548ms
[2021-04-16T16:56:47.853-0700][1.640s] GC(3) Pause Young (Normal) (G1 Evacuation Pause)
[2021-04-16T16:56:47.853-0700][1.640s] GC(3) Using 10 workers of 10 for evacuation
[2021-04-16T16:56:47.865-0700][1.651s] GC(3)   Pre Evacuate Collection Set: 0.0ms
[2021-04-16T16:56:47.865-0700][1.651s] GC(3)   Evacuate Collection Set: 10.4ms
[2021-04-16T16:56:47.865-0700][1.651s] GC(3)   Post Evacuate Collection Set: 1.0ms
[2021-04-16T16:56:47.865-0700][1.651s] GC(3)   Other: 0.1ms
[2021-04-16T16:56:47.865-0700][1.651s] GC(3) Eden regions: 76->0(142)
[2021-04-16T16:56:47.865-0700][1.651s] GC(3) Survivor regions: 20->6(12)
[2021-04-16T16:56:47.865-0700][1.651s] GC(3) Old regions: 2->21
[2021-04-16T16:56:47.865-0700][1.651s] GC(3) Humongous regions: 4->4
[2021-04-16T16:56:47.865-0700][1.651s] GC(3) Metaspace: 29110K->29110K(1075200K)
[2021-04-16T16:56:47.865-0700][1.651s] GC(3) Pause Young (Normal) (G1 Evacuation Pause) 100M->28M(512M) 11.604ms
[2021-04-16T16:56:47.865-0700][1.651s] GC(3) User=0.12s Sys=0.01s Real=0.01s
[2021-04-16T16:56:48.628-0700][2.415s] GC(4) Pause Young (Concurrent Start) (Metadata GC Threshold)
[2021-04-16T16:56:48.628-0700][2.415s] GC(4) Using 10 workers of 10 for evacuation
[2021-04-16T16:56:48.632-0700][2.418s] GC(4)   Pre Evacuate Collection Set: 0.1ms
[2021-04-16T16:56:48.632-0700][2.418s] GC(4)   Evacuate Collection Set: 2.9ms
[2021-04-16T16:56:48.632-0700][2.418s] GC(4)   Post Evacuate Collection Set: 0.4ms
[2021-04-16T16:56:48.632-0700][2.418s] GC(4)   Other: 0.1ms
[2021-04-16T16:56:48.632-0700][2.418s] GC(4) Eden regions: 68->0(165)
[2021-04-16T16:56:48.632-0700][2.419s] GC(4) Survivor regions: 6->8(19)
[2021-04-16T16:56:48.632-0700][2.419s] GC(4) Old regions: 21->21
[2021-04-16T16:56:48.632-0700][2.419s] GC(4) Humongous regions: 4->4
[2021-04-16T16:56:48.632-0700][2.419s] GC(4) Metaspace: 34741K->34741K(1081344K)
[2021-04-16T16:56:48.632-0700][2.419s] GC(4) Pause Young (Concurrent Start) (Metadata GC Threshold) 96M->30M(512M) 3.495ms
[2021-04-16T16:56:48.632-0700][2.419s] GC(4) User=0.02s Sys=0.00s Real=0.01s
[2021-04-16T16:56:48.632-0700][2.419s] GC(5) Concurrent Cycle
[2021-04-16T16:56:48.632-0700][2.419s] GC(5) Concurrent Clear Claimed Marks
[2021-04-16T16:56:48.632-0700][2.419s] GC(5) Concurrent Clear Claimed Marks 0.018ms
[2021-04-16T16:56:48.632-0700][2.419s] GC(5) Concurrent Scan Root Regions
[2021-04-16T16:56:48.633-0700][2.420s] GC(5) Concurrent Scan Root Regions 0.980ms
[2021-04-16T16:56:48.633-0700][2.420s] GC(5) Concurrent Mark (2.420s)
[2021-04-16T16:56:48.633-0700][2.420s] GC(5) Concurrent Mark From Roots
[2021-04-16T16:56:48.633-0700][2.420s] GC(5) Using 3 workers of 3 for marking
[2021-04-16T16:56:48.640-0700][2.427s] GC(5) Concurrent Mark From Roots 7.046ms
[2021-04-16T16:56:48.640-0700][2.427s] GC(5) Concurrent Preclean
[2021-04-16T16:56:48.640-0700][2.427s] GC(5) Concurrent Preclean 0.106ms
[2021-04-16T16:56:48.640-0700][2.427s] GC(5) Concurrent Mark (2.420s, 2.427s) 7.201ms
[2021-04-16T16:56:48.640-0700][2.427s] GC(5) Pause Remark
[2021-04-16T16:56:48.642-0700][2.428s] GC(5) Cleaned string and symbol table, strings: 14990 processed, 26 removed, symbols: 101860 processed, 64 removed
[2021-04-16T16:56:48.642-0700][2.429s] GC(5) Pause Remark 31M->31M(512M) 1.552ms
[2021-04-16T16:56:48.642-0700][2.429s] GC(5) User=0.02s Sys=0.00s Real=0.00s
[2021-04-16T16:56:48.642-0700][2.429s] GC(5) Concurrent Rebuild Remembered Sets
[2021-04-16T16:56:48.646-0700][2.433s] GC(5) Concurrent Rebuild Remembered Sets 4.577ms
[2021-04-16T16:56:48.647-0700][2.433s] GC(5) Pause Cleanup
[2021-04-16T16:56:48.647-0700][2.433s] GC(5) Pause Cleanup 32M->32M(512M) 0.080ms
[2021-04-16T16:56:48.647-0700][2.433s] GC(5) User=0.00s Sys=0.00s Real=0.00s
[2021-04-16T16:56:48.647-0700][2.433s] GC(5) Concurrent Cleanup for Next Mark
[2021-04-16T16:56:48.647-0700][2.434s] GC(5) Concurrent Cleanup for Next Mark 0.237ms
[2021-04-16T16:56:48.647-0700][2.434s] GC(5) Concurrent Cycle 15.105ms
[2021-04-16T16:56:48.936-0700][2.722s] GC(6) Pause Young (Normal) (G1 Evacuation Pause)
[2021-04-16T16:56:48.936-0700][2.722s] GC(6) Using 10 workers of 10 for evacuation
[2021-04-16T16:56:48.941-0700][2.728s] GC(6)   Pre Evacuate Collection Set: 0.0ms
[2021-04-16T16:56:48.941-0700][2.728s] GC(6)   Evacuate Collection Set: 5.2ms
[2021-04-16T16:56:48.941-0700][2.728s] GC(6)   Post Evacuate Collection Set: 0.4ms
[2021-04-16T16:56:48.941-0700][2.728s] GC(6)   Other: 0.1ms
[2021-04-16T16:56:48.941-0700][2.728s] GC(6) Eden regions: 165->0(204)
[2021-04-16T16:56:48.941-0700][2.728s] GC(6) Survivor regions: 8->16(22)
[2021-04-16T16:56:48.941-0700][2.728s] GC(6) Old regions: 21->21
[2021-04-16T16:56:48.941-0700][2.728s] GC(6) Humongous regions: 6->5
[2021-04-16T16:56:48.941-0700][2.728s] GC(6) Metaspace: 40353K->40353K(1085440K)
[2021-04-16T16:56:48.941-0700][2.728s] GC(6) Pause Young (Normal) (G1 Evacuation Pause) 197M->39M(512M) 5.845ms
[2021-04-16T16:56:48.941-0700][2.728s] GC(6) User=0.05s Sys=0.01s Real=0.00s
[2021-04-16T16:56:49.285-0700][3.072s] GC(7) Pause Young (Normal) (G1 Evacuation Pause)
[2021-04-16T16:56:49.285-0700][3.072s] GC(7) Using 10 workers of 10 for evacuation
[2021-04-16T16:56:49.290-0700][3.077s] GC(7)   Pre Evacuate Collection Set: 0.0ms
[2021-04-16T16:56:49.290-0700][3.077s] GC(7)   Evacuate Collection Set: 4.6ms
[2021-04-16T16:56:49.290-0700][3.077s] GC(7)   Post Evacuate Collection Set: 0.4ms
[2021-04-16T16:56:49.290-0700][3.077s] GC(7)   Other: 0.1ms
[2021-04-16T16:56:49.290-0700][3.077s] GC(7) Eden regions: 204->0(293)
[2021-04-16T16:56:49.290-0700][3.077s] GC(7) Survivor regions: 16->14(28)
[2021-04-16T16:56:49.290-0700][3.077s] GC(7) Old regions: 21->25
[2021-04-16T16:56:49.290-0700][3.077s] GC(7) Humongous regions: 5->5
[2021-04-16T16:56:49.290-0700][3.077s] GC(7) Metaspace: 43328K->43328K(1089536K)
[2021-04-16T16:56:49.290-0700][3.077s] GC(7) Pause Young (Normal) (G1 Evacuation Pause) 243M->42M(512M) 5.120ms
[2021-04-16T16:56:49.290-0700][3.077s] GC(7) User=0.05s Sys=0.01s Real=0.00s
[2021-04-16T16:56:50.001-0700][3.788s] GC(8) Pause Young (Normal) (G1 Evacuation Pause)
[2021-04-16T16:56:50.001-0700][3.788s] GC(8) Using 10 workers of 10 for evacuation
[2021-04-16T16:56:50.009-0700][3.796s] GC(8)   Pre Evacuate Collection Set: 0.0ms
[2021-04-16T16:56:50.009-0700][3.796s] GC(8)   Evacuate Collection Set: 7.1ms
[2021-04-16T16:56:50.009-0700][3.796s] GC(8)   Post Evacuate Collection Set: 0.6ms
[2021-04-16T16:56:50.009-0700][3.796s] GC(8)   Other: 0.2ms
[2021-04-16T16:56:50.009-0700][3.796s] GC(8) Eden regions: 293->0(279)
[2021-04-16T16:56:50.009-0700][3.796s] GC(8) Survivor regions: 14->28(39)
[2021-04-16T16:56:50.009-0700][3.796s] GC(8) Old regions: 25->25
[2021-04-16T16:56:50.009-0700][3.796s] GC(8) Humongous regions: 8->8
[2021-04-16T16:56:50.009-0700][3.796s] GC(8) Metaspace: 53661K->53661K(1097728K)
[2021-04-16T16:56:50.009-0700][3.796s] GC(8) Pause Young (Normal) (G1 Evacuation Pause) 338M->58M(512M) 7.942ms
[2021-04-16T16:56:50.009-0700][3.796s] GC(8) User=0.08s Sys=0.01s Real=0.01s
[2021-04-16T16:57:53.876-0700][67.662s] GC(9) Pause Young (Concurrent Start) (Metadata GC Threshold)
[2021-04-16T16:57:53.876-0700][67.662s] GC(9) Using 10 workers of 10 for evacuation
[2021-04-16T16:57:53.897-0700][67.684s] GC(9)   Pre Evacuate Collection Set: 0.1ms
[2021-04-16T16:57:53.897-0700][67.684s] GC(9)   Evacuate Collection Set: 20.2ms
[2021-04-16T16:57:53.897-0700][67.684s] GC(9)   Post Evacuate Collection Set: 1.2ms
[2021-04-16T16:57:53.897-0700][67.684s] GC(9)   Other: 0.2ms
[2021-04-16T16:57:53.897-0700][67.684s] GC(9) Eden regions: 146->0(283)
[2021-04-16T16:57:53.897-0700][67.684s] GC(9) Survivor regions: 28->24(39)
[2021-04-16T16:57:53.897-0700][67.684s] GC(9) Old regions: 25->34
[2021-04-16T16:57:53.897-0700][67.684s] GC(9) Humongous regions: 8->8
[2021-04-16T16:57:53.898-0700][67.684s] GC(9) Metaspace: 58511K->58511K(1101824K)
[2021-04-16T16:57:53.898-0700][67.684s] GC(9) Pause Young (Concurrent Start) (Metadata GC Threshold) 204M->64M(512M) 21.802ms
[2021-04-16T16:57:53.898-0700][67.684s] GC(9) User=0.07s Sys=0.01s Real=0.02s
[2021-04-16T16:57:53.898-0700][67.684s] GC(10) Concurrent Cycle
[2021-04-16T16:57:53.898-0700][67.684s] GC(10) Concurrent Clear Claimed Marks
[2021-04-16T16:57:53.898-0700][67.684s] GC(10) Concurrent Clear Claimed Marks 0.084ms
[2021-04-16T16:57:53.898-0700][67.684s] GC(10) Concurrent Scan Root Regions
[2021-04-16T16:57:53.902-0700][67.688s] GC(10) Concurrent Scan Root Regions 3.973ms
[2021-04-16T16:57:53.902-0700][67.688s] GC(10) Concurrent Mark (67.688s)
[2021-04-16T16:57:53.902-0700][67.688s] GC(10) Concurrent Mark From Roots
[2021-04-16T16:57:53.902-0700][67.688s] GC(10) Using 3 workers of 3 for marking
[2021-04-16T16:57:53.915-0700][67.701s] GC(10) Concurrent Mark From Roots 12.913ms
[2021-04-16T16:57:53.915-0700][67.701s] GC(10) Concurrent Preclean
[2021-04-16T16:57:53.915-0700][67.701s] GC(10) Concurrent Preclean 0.126ms
[2021-04-16T16:57:53.915-0700][67.701s] GC(10) Concurrent Mark (67.688s, 67.701s) 13.077ms
[2021-04-16T16:57:53.915-0700][67.702s] GC(10) Pause Remark
[2021-04-16T16:57:53.923-0700][67.710s] GC(10) Cleaned string and symbol table, strings: 27391 processed, 5 removed, symbols: 156650 processed, 790 removed
[2021-04-16T16:57:53.924-0700][67.710s] GC(10) Pause Remark 67M->67M(512M) 8.531ms
[2021-04-16T16:57:53.924-0700][67.710s] GC(10) User=0.08s Sys=0.00s Real=0.01s
[2021-04-16T16:57:53.924-0700][67.710s] GC(10) Concurrent Rebuild Remembered Sets
[2021-04-16T16:57:53.931-0700][67.717s] GC(10) Concurrent Rebuild Remembered Sets 6.933ms
[2021-04-16T16:57:53.931-0700][67.717s] GC(10) Pause Cleanup
[2021-04-16T16:57:53.931-0700][67.718s] GC(10) Pause Cleanup 67M->67M(512M) 0.086ms
[2021-04-16T16:57:53.931-0700][67.718s] GC(10) User=0.00s Sys=0.00s Real=0.00s
[2021-04-16T16:57:53.931-0700][67.718s] GC(10) Concurrent Cleanup for Next Mark
[2021-04-16T16:57:53.931-0700][67.718s] GC(10) Concurrent Cleanup for Next Mark 0.236ms
[2021-04-16T16:57:53.931-0700][67.718s] GC(10) Concurrent Cycle 33.592ms
[2021-04-16T16:58:07.685-0700][81.472s] GC(11) Pause Young (Normal) (G1 Evacuation Pause)
[2021-04-16T16:58:07.685-0700][81.472s] GC(11) Using 10 workers of 10 for evacuation
[2021-04-16T16:58:07.705-0700][81.492s] GC(11)   Pre Evacuate Collection Set: 0.0ms
[2021-04-16T16:58:07.705-0700][81.492s] GC(11)   Evacuate Collection Set: 18.6ms
[2021-04-16T16:58:07.705-0700][81.492s] GC(11)   Post Evacuate Collection Set: 1.1ms
[2021-04-16T16:58:07.705-0700][81.492s] GC(11)   Other: 0.2ms
[2021-04-16T16:58:07.705-0700][81.492s] GC(11) Eden regions: 283->0(269)
[2021-04-16T16:58:07.705-0700][81.492s] GC(11) Survivor regions: 24->38(39)
[2021-04-16T16:58:07.705-0700][81.492s] GC(11) Old regions: 34->37
[2021-04-16T16:58:07.705-0700][81.492s] GC(11) Humongous regions: 12->8
[2021-04-16T16:58:07.705-0700][81.492s] GC(11) Metaspace: 60571K->60571K(1103872K)
[2021-04-16T16:58:07.705-0700][81.492s] GC(11) Pause Young (Normal) (G1 Evacuation Pause) 351M->81M(512M) 19.996ms
[2021-04-16T16:58:07.705-0700][81.492s] GC(11) User=0.18s Sys=0.00s Real=0.02s
[2021-04-16T16:58:25.972-0700][99.759s] GC(12) Pause Young (Normal) (G1 Evacuation Pause)
[2021-04-16T16:58:25.972-0700][99.759s] GC(12) Using 10 workers of 10 for evacuation
[2021-04-16T16:58:25.985-0700][99.772s] GC(12)   Pre Evacuate Collection Set: 0.0ms
[2021-04-16T16:58:25.985-0700][99.772s] GC(12)   Evacuate Collection Set: 11.5ms
[2021-04-16T16:58:25.985-0700][99.772s] GC(12)   Post Evacuate Collection Set: 0.9ms
[2021-04-16T16:58:25.985-0700][99.772s] GC(12)   Other: 0.2ms
[2021-04-16T16:58:25.985-0700][99.772s] GC(12) Eden regions: 269->0(276)
[2021-04-16T16:58:25.985-0700][99.772s] GC(12) Survivor regions: 38->31(39)
[2021-04-16T16:58:25.985-0700][99.772s] GC(12) Old regions: 37->57
[2021-04-16T16:58:25.985-0700][99.772s] GC(12) Humongous regions: 8->8
[2021-04-16T16:58:25.985-0700][99.772s] GC(12) Metaspace: 61236K->61236K(1103872K)
[2021-04-16T16:58:25.985-0700][99.772s] GC(12) Pause Young (Normal) (G1 Evacuation Pause) 350M->94M(512M) 12.681ms
[2021-04-16T16:58:25.985-0700][99.772s] GC(12) User=0.13s Sys=0.01s Real=0.01s
[2021-04-16T16:58:34.444-0700][108.230s] GC(13) Pause Young (Normal) (G1 Evacuation Pause)
[2021-04-16T16:58:34.444-0700][108.230s] GC(13) Using 10 workers of 10 for evacuation
[2021-04-16T16:58:34.461-0700][108.247s] GC(13)   Pre Evacuate Collection Set: 0.0ms
[2021-04-16T16:58:34.461-0700][108.247s] GC(13)   Evacuate Collection Set: 10.6ms
[2021-04-16T16:58:34.461-0700][108.248s] GC(13)   Post Evacuate Collection Set: 6.2ms
[2021-04-16T16:58:34.461-0700][108.248s] GC(13)   Other: 0.2ms
[2021-04-16T16:58:34.461-0700][108.248s] GC(13) Eden regions: 276->0(280)
[2021-04-16T16:58:34.461-0700][108.248s] GC(13) Survivor regions: 31->27(39)
[2021-04-16T16:58:34.461-0700][108.248s] GC(13) Old regions: 57->70
[2021-04-16T16:58:34.461-0700][108.248s] GC(13) Humongous regions: 8->8
[2021-04-16T16:58:34.461-0700][108.248s] GC(13) Metaspace: 62179K->62179K(1105920K)
[2021-04-16T16:58:34.461-0700][108.248s] GC(13) Pause Young (Normal) (G1 Evacuation Pause) 370M->102M(512M) 17.142ms
[2021-04-16T16:58:34.461-0700][108.248s] GC(13) User=0.15s Sys=0.00s Real=0.01s
[2021-04-16T16:58:35.435-0700][109.222s] GC(14) Pause Young (Normal) (G1 Evacuation Pause)
[2021-04-16T16:58:35.435-0700][109.222s] GC(14) Using 10 workers of 10 for evacuation
[2021-04-16T16:58:35.456-0700][109.243s] GC(14)   Pre Evacuate Collection Set: 0.0ms
[2021-04-16T16:58:35.456-0700][109.243s] GC(14)   Evacuate Collection Set: 19.2ms
[2021-04-16T16:58:35.456-0700][109.243s] GC(14)   Post Evacuate Collection Set: 1.8ms
[2021-04-16T16:58:35.456-0700][109.243s] GC(14)   Other: 0.2ms
[2021-04-16T16:58:35.456-0700][109.243s] GC(14) Eden regions: 280->0(285)
[2021-04-16T16:58:35.456-0700][109.243s] GC(14) Survivor regions: 27->22(39)
[2021-04-16T16:58:35.456-0700][109.243s] GC(14) Old regions: 70->83
[2021-04-16T16:58:35.456-0700][109.243s] GC(14) Humongous regions: 8->8
[2021-04-16T16:58:35.456-0700][109.243s] GC(14) Metaspace: 63342K->63342K(1107968K)
[2021-04-16T16:58:35.456-0700][109.243s] GC(14) Pause Young (Normal) (G1 Evacuation Pause) 382M->110M(512M) 21.238ms
[2021-04-16T16:58:35.457-0700][109.243s] GC(14) User=0.16s Sys=0.01s Real=0.02s
[2021-04-16T16:58:36.283-0700][110.069s] GC(15) Pause Young (Normal) (G1 Evacuation Pause)
[2021-04-16T16:58:36.283-0700][110.069s] GC(15) Using 10 workers of 10 for evacuation
[2021-04-16T16:58:36.290-0700][110.077s] GC(15)   Pre Evacuate Collection Set: 0.0ms
[2021-04-16T16:58:36.290-0700][110.077s] GC(15)   Evacuate Collection Set: 7.3ms
[2021-04-16T16:58:36.290-0700][110.077s] GC(15)   Post Evacuate Collection Set: 0.3ms
[2021-04-16T16:58:36.290-0700][110.077s] GC(15)   Other: 0.2ms
[2021-04-16T16:58:36.290-0700][110.077s] GC(15) Eden regions: 285->0(276)
[2021-04-16T16:58:36.290-0700][110.077s] GC(15) Survivor regions: 22->31(39)
[2021-04-16T16:58:36.290-0700][110.077s] GC(15) Old regions: 83->83
[2021-04-16T16:58:36.290-0700][110.077s] GC(15) Humongous regions: 8->8
[2021-04-16T16:58:36.290-0700][110.077s] GC(15) Metaspace: 63378K->63378K(1107968K)
[2021-04-16T16:58:36.290-0700][110.077s] GC(15) Pause Young (Normal) (G1 Evacuation Pause) 395M->119M(512M) 7.810ms
[2021-04-16T16:58:36.290-0700][110.077s] GC(15) User=0.05s Sys=0.00s Real=0.00s
[2021-04-16T16:58:42.984-0700][116.771s] GC(16) Pause Young (Normal) (G1 Evacuation Pause)
[2021-04-16T16:58:42.984-0700][116.771s] GC(16) Using 10 workers of 10 for evacuation
[2021-04-16T16:58:42.993-0700][116.780s] GC(16)   Pre Evacuate Collection Set: 0.0ms
[2021-04-16T16:58:42.993-0700][116.780s] GC(16)   Evacuate Collection Set: 7.5ms
[2021-04-16T16:58:42.993-0700][116.780s] GC(16)   Post Evacuate Collection Set: 1.1ms
[2021-04-16T16:58:42.993-0700][116.780s] GC(16)   Other: 0.2ms
[2021-04-16T16:58:42.993-0700][116.780s] GC(16) Eden regions: 276->0(297)
[2021-04-16T16:58:42.993-0700][116.780s] GC(16) Survivor regions: 31->10(39)
[2021-04-16T16:58:42.993-0700][116.780s] GC(16) Old regions: 83->98
[2021-04-16T16:58:42.993-0700][116.780s] GC(16) Humongous regions: 8->8
[2021-04-16T16:58:42.993-0700][116.780s] GC(16) Metaspace: 64243K->64243K(1107968K)
[2021-04-16T16:58:42.993-0700][116.780s] GC(16) Pause Young (Normal) (G1 Evacuation Pause) 395M->113M(512M) 8.847ms
[2021-04-16T16:58:42.993-0700][116.780s] GC(16) User=0.05s Sys=0.02s Real=0.01s
[2021-04-16T17:21:18.973-0700][1472.760s] GC(17) Pause Young (Normal) (G1 Evacuation Pause)
[2021-04-16T17:21:18.973-0700][1472.760s] GC(17) Using 10 workers of 10 for evacuation
[2021-04-16T17:21:18.980-0700][1472.766s] GC(17)   Pre Evacuate Collection Set: 0.0ms
[2021-04-16T17:21:18.980-0700][1472.767s] GC(17)   Evacuate Collection Set: 5.4ms
[2021-04-16T17:21:18.980-0700][1472.767s] GC(17)   Post Evacuate Collection Set: 0.6ms
[2021-04-16T17:21:18.980-0700][1472.767s] GC(17)   Other: 0.5ms
[2021-04-16T17:21:18.980-0700][1472.767s] GC(17) Eden regions: 297->0(296)
[2021-04-16T17:21:18.980-0700][1472.767s] GC(17) Survivor regions: 10->11(39)
[2021-04-16T17:21:18.980-0700][1472.767s] GC(17) Old regions: 98->98
[2021-04-16T17:21:18.980-0700][1472.767s] GC(17) Humongous regions: 40->8
[2021-04-16T17:21:18.980-0700][1472.767s] GC(17) Metaspace: 66465K->66465K(1110016K)
[2021-04-16T17:21:18.980-0700][1472.767s] GC(17) Pause Young (Normal) (G1 Evacuation Pause) 442M->114M(512M) 6.506ms
[2021-04-16T17:21:18.980-0700][1472.767s] GC(17) User=0.06s Sys=0.00s Real=0.00s
[2021-04-16T19:53:05.415-0700][10579.202s] GC(18) Pause Young (Normal) (G1 Evacuation Pause)
[2021-04-16T19:53:05.415-0700][10579.202s] GC(18) Using 10 workers of 10 for evacuation
[2021-04-16T19:53:05.424-0700][10579.211s] GC(18)   Pre Evacuate Collection Set: 0.0ms
[2021-04-16T19:53:05.424-0700][10579.211s] GC(18)   Evacuate Collection Set: 6.7ms
[2021-04-16T19:53:05.424-0700][10579.211s] GC(18)   Post Evacuate Collection Set: 1.9ms
[2021-04-16T19:53:05.424-0700][10579.211s] GC(18)   Other: 0.2ms
[2021-04-16T19:53:05.424-0700][10579.211s] GC(18) Eden regions: 296->0(295)
[2021-04-16T19:53:05.424-0700][10579.211s] GC(18) Survivor regions: 11->12(39)
[2021-04-16T19:53:05.424-0700][10579.211s] GC(18) Old regions: 98->98
[2021-04-16T19:53:05.424-0700][10579.211s] GC(18) Humongous regions: 8->8
[2021-04-16T19:53:05.424-0700][10579.211s] GC(18) Metaspace: 68129K->68129K(1112064K)
[2021-04-16T19:53:05.424-0700][10579.211s] GC(18) Pause Young (Normal) (G1 Evacuation Pause) 410M->115M(512M) 8.985ms
[2021-04-16T19:53:05.424-0700][10579.211s] GC(18) User=0.05s Sys=0.00s Real=0.01s
[2021-04-16T22:04:53.803-0700][18487.589s] GC(19) Pause Young (Normal) (G1 Evacuation Pause)
[2021-04-16T22:04:53.803-0700][18487.589s] GC(19) Using 10 workers of 10 for evacuation
[2021-04-16T22:04:53.810-0700][18487.597s] GC(19)   Pre Evacuate Collection Set: 0.0ms
[2021-04-16T22:04:53.810-0700][18487.597s] GC(19)   Evacuate Collection Set: 6.8ms
[2021-04-16T22:04:53.810-0700][18487.597s] GC(19)   Post Evacuate Collection Set: 0.6ms
[2021-04-16T22:04:53.810-0700][18487.597s] GC(19)   Other: 0.4ms
[2021-04-16T22:04:53.810-0700][18487.597s] GC(19) Eden regions: 295->0(294)
[2021-04-16T22:04:53.810-0700][18487.597s] GC(19) Survivor regions: 12->13(39)
[2021-04-16T22:04:53.810-0700][18487.597s] GC(19) Old regions: 98->98
[2021-04-16T22:04:53.810-0700][18487.597s] GC(19) Humongous regions: 8->8
[2021-04-16T22:04:53.810-0700][18487.597s] GC(19) Metaspace: 68788K->68788K(1112064K)
[2021-04-16T22:04:53.811-0700][18487.597s] GC(19) Pause Young (Normal) (G1 Evacuation Pause) 410M->116M(512M) 7.894ms
[2021-04-16T22:04:53.811-0700][18487.597s] GC(19) User=0.06s Sys=0.00s Real=0.01s
