Java HotSpot(TM) 64-Bit Server VM (25.241-b07) for bsd-amd64 JRE (1.8.0_241-b07), built on Dec 11 2019 02:29:59 by "java_re" with gcc 4.2.1 (Based on Apple Inc. build 5658) (LLVM build 2336.11.00)
Memory: 4k page, physical 8388608k(369468k free)

/proc/meminfo:

CommandLine flags: -XX:+AlwaysPreTouch -XX:+ExplicitGCInvokesConcurrent -XX:GCLogFileSize=20971520 -XX:InitialHeapSize=536870912 -XX:MaxGCPauseMillis=250 -XX:MaxHeapSize=536870912 -XX:NumberOfGCLogFiles=9 -XX:-OmitStackTraceInFastThrow -XX:OnOutOfMemoryError=/Users/athulpramod/Desktop/Project/IndexingSearching/solr-8.8.1/bin/oom_solr.sh 8983 /Users/athulpramod/Desktop/Project/IndexingSearching/solr-8.8.1/example/cloud/node1/solr/../logs -XX:+ParallelRefProcEnabled -XX:+PerfDisableSharedMem -XX:+PrintGC -XX:+PrintGCApplicationStoppedTime -XX:+PrintGCDateStamps -XX:+PrintGCDetails -XX:+PrintGCTimeStamps -XX:+PrintHeapAtGC -XX:+PrintTenuringDistribution -XX:ThreadStackSize=256 -XX:+UseCompressedClassPointers -XX:+UseCompressedOops -XX:+UseG1GC -XX:+UseGCLogFileRotation -XX:-UseLargePages 
2021-04-17T19:26:45.579+0700: 0.552: Total time for which application threads were stopped: 0.0000933 seconds, Stopping threads took: 0.0000136 seconds
2021-04-17T19:26:45.805+0700: 0.778: Total time for which application threads were stopped: 0.0001849 seconds, Stopping threads took: 0.0000152 seconds
2021-04-17T19:26:46.054+0700: 1.027: Total time for which application threads were stopped: 0.0001589 seconds, Stopping threads took: 0.0000107 seconds
{Heap before GC invocations=0 (full 0):
 garbage-first heap   total 524288K, used 25600K [0x00000007a0000000, 0x00000007a0101000, 0x00000007c0000000)
  region size 1024K, 25 young (25600K), 0 survivors (0K)
 Metaspace       used 9309K, capacity 9586K, committed 9728K, reserved 1058816K
  class space    used 1130K, capacity 1225K, committed 1280K, reserved 1048576K
2021-04-17T19:26:46.234+0700: 1.207: [GC pause (G1 Evacuation Pause) (young)
Desired survivor size 2097152 bytes, new threshold 15 (max 15)
, 0.0093753 secs]
   [Parallel Time: 3.6 ms, GC Workers: 4]
      [GC Worker Start (ms): Min: 1207.4, Avg: 1207.4, Max: 1207.4, Diff: 0.0]
      [Ext Root Scanning (ms): Min: 0.3, Avg: 0.7, Max: 1.0, Diff: 0.8, Sum: 2.6]
      [Update RS (ms): Min: 0.0, Avg: 0.0, Max: 0.0, Diff: 0.0, Sum: 0.0]
         [Processed Buffers: Min: 0, Avg: 0.0, Max: 0, Diff: 0, Sum: 0]
      [Scan RS (ms): Min: 0.0, Avg: 0.0, Max: 0.0, Diff: 0.0, Sum: 0.0]
      [Code Root Scanning (ms): Min: 0.0, Avg: 0.6, Max: 1.6, Diff: 1.6, Sum: 2.3]
      [Object Copy (ms): Min: 1.4, Avg: 2.3, Max: 2.8, Diff: 1.4, Sum: 9.2]
      [Termination (ms): Min: 0.0, Avg: 0.0, Max: 0.0, Diff: 0.0, Sum: 0.0]
         [Termination Attempts: Min: 1, Avg: 2.0, Max: 5, Diff: 4, Sum: 8]
      [GC Worker Other (ms): Min: 0.0, Avg: 0.0, Max: 0.0, Diff: 0.0, Sum: 0.1]
      [GC Worker Total (ms): Min: 3.5, Avg: 3.6, Max: 3.6, Diff: 0.0, Sum: 14.2]
      [GC Worker End (ms): Min: 1211.0, Avg: 1211.0, Max: 1211.0, Diff: 0.0]
   [Code Root Fixup: 0.0 ms]
   [Code Root Purge: 0.0 ms]
   [Clear CT: 0.1 ms]
   [Other: 5.7 ms]
      [Choose CSet: 0.0 ms]
      [Ref Proc: 5.3 ms]
      [Ref Enq: 0.1 ms]
      [Redirty Cards: 0.1 ms]
      [Humongous Register: 0.1 ms]
      [Humongous Reclaim: 0.0 ms]
      [Free CSet: 0.1 ms]
   [Eden: 25.0M(25.0M)->0.0B(32.0M) Survivors: 0.0B->4096.0K Heap: 25.0M(512.0M)->4779.0K(512.0M)]
Heap after GC invocations=1 (full 0):
 garbage-first heap   total 524288K, used 4779K [0x00000007a0000000, 0x00000007a0101000, 0x00000007c0000000)
  region size 1024K, 4 young (4096K), 4 survivors (4096K)
 Metaspace       used 9309K, capacity 9586K, committed 9728K, reserved 1058816K
  class space    used 1130K, capacity 1225K, committed 1280K, reserved 1048576K
}
 [Times: user=0.03 sys=0.00, real=0.01 secs] 
2021-04-17T19:26:46.243+0700: 1.217: Total time for which application threads were stopped: 0.0096878 seconds, Stopping threads took: 0.0000085 seconds
2021-04-17T19:26:46.435+0700: 1.409: Total time for which application threads were stopped: 0.0003387 seconds, Stopping threads took: 0.0000192 seconds
2021-04-17T19:26:46.943+0700: 1.917: Total time for which application threads were stopped: 0.0001792 seconds, Stopping threads took: 0.0000108 seconds
2021-04-17T19:26:47.198+0700: 2.172: Total time for which application threads were stopped: 0.0002622 seconds, Stopping threads took: 0.0000165 seconds
{Heap before GC invocations=1 (full 0):
 garbage-first heap   total 524288K, used 35499K [0x00000007a0000000, 0x00000007a0101000, 0x00000007c0000000)
  region size 1024K, 32 young (32768K), 4 survivors (4096K)
 Metaspace       used 15850K, capacity 16192K, committed 16512K, reserved 1062912K
  class space    used 1948K, capacity 2065K, committed 2176K, reserved 1048576K
2021-04-17T19:26:47.327+0700: 2.300: [GC pause (G1 Evacuation Pause) (young)
Desired survivor size 2097152 bytes, new threshold 1 (max 15)
- age   1:    2220208 bytes,    2220208 total
, 0.0179521 secs]
   [Parallel Time: 16.2 ms, GC Workers: 4]
      [GC Worker Start (ms): Min: 2300.3, Avg: 2300.3, Max: 2300.4, Diff: 0.1]
      [Ext Root Scanning (ms): Min: 0.3, Avg: 1.0, Max: 1.6, Diff: 1.3, Sum: 3.9]
      [Update RS (ms): Min: 1.5, Avg: 1.8, Max: 2.8, Diff: 1.4, Sum: 7.3]
         [Processed Buffers: Min: 1, Avg: 1.5, Max: 2, Diff: 1, Sum: 6]
      [Scan RS (ms): Min: 0.2, Avg: 0.5, Max: 0.9, Diff: 0.7, Sum: 2.1]
      [Code Root Scanning (ms): Min: 0.0, Avg: 0.4, Max: 1.4, Diff: 1.4, Sum: 1.5]
      [Object Copy (ms): Min: 12.1, Avg: 12.4, Max: 12.7, Diff: 0.6, Sum: 49.6]
      [Termination (ms): Min: 0.0, Avg: 0.0, Max: 0.0, Diff: 0.0, Sum: 0.0]
         [Termination Attempts: Min: 1, Avg: 6.5, Max: 14, Diff: 13, Sum: 26]
      [GC Worker Other (ms): Min: 0.0, Avg: 0.0, Max: 0.0, Diff: 0.0, Sum: 0.1]
      [GC Worker Total (ms): Min: 16.1, Avg: 16.1, Max: 16.1, Diff: 0.1, Sum: 64.4]
      [GC Worker End (ms): Min: 2316.4, Avg: 2316.4, Max: 2316.4, Diff: 0.0]
   [Code Root Fixup: 0.0 ms]
   [Code Root Purge: 0.0 ms]
   [Clear CT: 0.1 ms]
   [Other: 1.6 ms]
      [Choose CSet: 0.0 ms]
      [Ref Proc: 1.3 ms]
      [Ref Enq: 0.1 ms]
      [Redirty Cards: 0.0 ms]
      [Humongous Register: 0.0 ms]
      [Humongous Reclaim: 0.0 ms]
      [Free CSet: 0.1 ms]
   [Eden: 28.0M(28.0M)->0.0B(277.0M) Survivors: 4096.0K->4096.0K Heap: 34.7M(512.0M)->15.1M(512.0M)]
Heap after GC invocations=2 (full 0):
 garbage-first heap   total 524288K, used 15428K [0x00000007a0000000, 0x00000007a0101000, 0x00000007c0000000)
  region size 1024K, 4 young (4096K), 4 survivors (4096K)
 Metaspace       used 15850K, capacity 16192K, committed 16512K, reserved 1062912K
  class space    used 1948K, capacity 2065K, committed 2176K, reserved 1048576K
}
 [Times: user=0.07 sys=0.00, real=0.02 secs] 
2021-04-17T19:26:47.345+0700: 2.318: Total time for which application threads were stopped: 0.0181759 seconds, Stopping threads took: 0.0000162 seconds
2021-04-17T19:26:47.557+0700: 2.531: Total time for which application threads were stopped: 0.0002366 seconds, Stopping threads took: 0.0000268 seconds
2021-04-17T19:26:47.568+0700: 2.542: Total time for which application threads were stopped: 0.0002125 seconds, Stopping threads took: 0.0000253 seconds
2021-04-17T19:26:47.670+0700: 2.643: Total time for which application threads were stopped: 0.0002353 seconds, Stopping threads took: 0.0000149 seconds
2021-04-17T19:26:47.700+0700: 2.673: Total time for which application threads were stopped: 0.0002725 seconds, Stopping threads took: 0.0000164 seconds
{Heap before GC invocations=2 (full 0):
 garbage-first heap   total 524288K, used 36932K [0x00000007a0000000, 0x00000007a0101000, 0x00000007c0000000)
  region size 1024K, 25 young (25600K), 4 survivors (4096K)
 Metaspace       used 18778K, capacity 19142K, committed 19328K, reserved 1067008K
  class space    used 2292K, capacity 2404K, committed 2432K, reserved 1048576K
2021-04-17T19:26:47.846+0700: 2.819: [GC pause (G1 Evacuation Pause) (young)
Desired survivor size 2097152 bytes, new threshold 1 (max 15)
- age   1:    4194072 bytes,    4194072 total
, 0.0103895 secs]
   [Parallel Time: 9.0 ms, GC Workers: 4]
      [GC Worker Start (ms): Min: 2819.4, Avg: 2819.4, Max: 2819.4, Diff: 0.0]
      [Ext Root Scanning (ms): Min: 0.6, Avg: 0.8, Max: 1.2, Diff: 0.6, Sum: 3.3]
      [Update RS (ms): Min: 0.0, Avg: 0.4, Max: 0.7, Diff: 0.7, Sum: 1.6]
         [Processed Buffers: Min: 1, Avg: 3.0, Max: 7, Diff: 6, Sum: 12]
      [Scan RS (ms): Min: 0.9, Avg: 1.2, Max: 1.4, Diff: 0.5, Sum: 4.7]
      [Code Root Scanning (ms): Min: 0.0, Avg: 0.1, Max: 0.2, Diff: 0.2, Sum: 0.5]
      [Object Copy (ms): Min: 6.3, Avg: 6.4, Max: 6.6, Diff: 0.3, Sum: 25.8]
      [Termination (ms): Min: 0.0, Avg: 0.0, Max: 0.0, Diff: 0.0, Sum: 0.0]
         [Termination Attempts: Min: 1, Avg: 1.0, Max: 1, Diff: 0, Sum: 4]
      [GC Worker Other (ms): Min: 0.0, Avg: 0.0, Max: 0.0, Diff: 0.0, Sum: 0.0]
      [GC Worker Total (ms): Min: 8.9, Avg: 9.0, Max: 9.0, Diff: 0.0, Sum: 35.8]
      [GC Worker End (ms): Min: 2828.3, Avg: 2828.3, Max: 2828.4, Diff: 0.0]
   [Code Root Fixup: 0.0 ms]
   [Code Root Purge: 0.0 ms]
   [Clear CT: 0.0 ms]
   [Other: 1.3 ms]
      [Choose CSet: 0.0 ms]
      [Ref Proc: 1.0 ms]
      [Ref Enq: 0.0 ms]
      [Redirty Cards: 0.0 ms]
      [Humongous Register: 0.0 ms]
      [Humongous Reclaim: 0.0 ms]
      [Free CSet: 0.0 ms]
   [Eden: 21.0M(21.0M)->0.0B(290.0M) Survivors: 4096.0K->4096.0K Heap: 36.1M(512.0M)->22.5M(512.0M)]
Heap after GC invocations=3 (full 0):
 garbage-first heap   total 524288K, used 23040K [0x00000007a0000000, 0x00000007a0101000, 0x00000007c0000000)
  region size 1024K, 4 young (4096K), 4 survivors (4096K)
 Metaspace       used 18778K, capacity 19142K, committed 19328K, reserved 1067008K
  class space    used 2292K, capacity 2404K, committed 2432K, reserved 1048576K
}
 [Times: user=0.04 sys=0.01, real=0.01 secs] 
2021-04-17T19:26:47.856+0700: 2.830: Total time for which application threads were stopped: 0.0106808 seconds, Stopping threads took: 0.0000140 seconds
2021-04-17T19:26:48.191+0700: 3.165: Total time for which application threads were stopped: 0.0003281 seconds, Stopping threads took: 0.0000285 seconds
{Heap before GC invocations=3 (full 0):
 garbage-first heap   total 524288K, used 64000K [0x00000007a0000000, 0x00000007a0101000, 0x00000007c0000000)
  region size 1024K, 45 young (46080K), 4 survivors (4096K)
 Metaspace       used 20682K, capacity 21110K, committed 21296K, reserved 1069056K
  class space    used 2493K, capacity 2626K, committed 2688K, reserved 1048576K
2021-04-17T19:26:48.463+0700: 3.436: [GC pause (Metadata GC Threshold) (young) (initial-mark)
Desired survivor size 19398656 bytes, new threshold 15 (max 15)
- age   1:    1254712 bytes,    1254712 total
, 0.0127060 secs]
   [Parallel Time: 6.4 ms, GC Workers: 4]
      [GC Worker Start (ms): Min: 3436.3, Avg: 3437.0, Max: 3437.7, Diff: 1.4]
      [Ext Root Scanning (ms): Min: 0.1, Avg: 1.2, Max: 1.9, Diff: 1.8, Sum: 4.6]
      [Update RS (ms): Min: 0.0, Avg: 0.7, Max: 1.1, Diff: 1.1, Sum: 2.8]
         [Processed Buffers: Min: 0, Avg: 3.5, Max: 8, Diff: 8, Sum: 14]
      [Scan RS (ms): Min: 0.0, Avg: 0.3, Max: 0.5, Diff: 0.5, Sum: 1.0]
      [Code Root Scanning (ms): Min: 0.0, Avg: 0.1, Max: 0.3, Diff: 0.3, Sum: 0.3]
      [Object Copy (ms): Min: 2.3, Avg: 2.9, Max: 3.6, Diff: 1.3, Sum: 11.7]
      [Termination (ms): Min: 0.0, Avg: 0.5, Max: 0.7, Diff: 0.7, Sum: 2.2]
         [Termination Attempts: Min: 1, Avg: 2.5, Max: 3, Diff: 2, Sum: 10]
      [GC Worker Other (ms): Min: 0.0, Avg: 0.0, Max: 0.0, Diff: 0.0, Sum: 0.0]
      [GC Worker Total (ms): Min: 5.0, Avg: 5.7, Max: 6.3, Diff: 1.4, Sum: 22.7]
      [GC Worker End (ms): Min: 3442.6, Avg: 3442.6, Max: 3442.7, Diff: 0.0]
   [Code Root Fixup: 0.0 ms]
   [Code Root Purge: 0.0 ms]
   [Clear CT: 0.1 ms]
   [Other: 6.2 ms]
      [Choose CSet: 0.0 ms]
      [Ref Proc: 5.9 ms]
      [Ref Enq: 0.1 ms]
      [Redirty Cards: 0.1 ms]
      [Humongous Register: 0.0 ms]
      [Humongous Reclaim: 0.0 ms]
      [Free CSet: 0.0 ms]
   [Eden: 41.0M(290.0M)->0.0B(299.0M) Survivors: 4096.0K->8192.0K Heap: 63.5M(512.0M)->25.9M(512.0M)]
Heap after GC invocations=4 (full 0):
 garbage-first heap   total 524288K, used 26562K [0x00000007a0000000, 0x00000007a0101000, 0x00000007c0000000)
  region size 1024K, 8 young (8192K), 8 survivors (8192K)
 Metaspace       used 20682K, capacity 21110K, committed 21296K, reserved 1069056K
  class space    used 2493K, capacity 2626K, committed 2688K, reserved 1048576K
}
 [Times: user=0.05 sys=0.00, real=0.01 secs] 
2021-04-17T19:26:48.475+0700: 3.449: [GC concurrent-root-region-scan-start]
2021-04-17T19:26:48.476+0700: 3.449: Total time for which application threads were stopped: 0.0131150 seconds, Stopping threads took: 0.0000152 seconds
2021-04-17T19:26:48.479+0700: 3.453: [GC concurrent-root-region-scan-end, 0.0037340 secs]
2021-04-17T19:26:48.479+0700: 3.453: [GC concurrent-mark-start]
2021-04-17T19:26:48.508+0700: 3.482: Total time for which application threads were stopped: 0.0002441 seconds, Stopping threads took: 0.0000148 seconds
2021-04-17T19:26:48.512+0700: 3.485: [GC concurrent-mark-end, 0.0324930 secs]
2021-04-17T19:26:48.512+0700: 3.485: [GC remark 2021-04-17T19:26:48.512+0700: 3.485: [Finalize Marking, 0.0007277 secs] 2021-04-17T19:26:48.513+0700: 3.486: [GC ref-proc, 0.0051358 secs] 2021-04-17T19:26:48.518+0700: 3.491: [Unloading, 0.0036784 secs], 0.0098136 secs]
 [Times: user=0.03 sys=0.00, real=0.01 secs] 
2021-04-17T19:26:48.522+0700: 3.495: Total time for which application threads were stopped: 0.0099649 seconds, Stopping threads took: 0.0000145 seconds
2021-04-17T19:26:48.522+0700: 3.495: [GC cleanup 27M->25M(512M), 0.0006368 secs]
 [Times: user=0.00 sys=0.00, real=0.00 secs] 
2021-04-17T19:26:48.523+0700: 3.496: Total time for which application threads were stopped: 0.0007341 seconds, Stopping threads took: 0.0000235 seconds
2021-04-17T19:26:48.523+0700: 3.496: [GC concurrent-cleanup-start]
2021-04-17T19:26:48.523+0700: 3.496: [GC concurrent-cleanup-end, 0.0000236 secs]
2021-04-17T19:26:49.308+0700: 4.282: Total time for which application threads were stopped: 0.0004537 seconds, Stopping threads took: 0.0000364 seconds
2021-04-17T19:26:49.336+0700: 4.309: Total time for which application threads were stopped: 0.0003725 seconds, Stopping threads took: 0.0000357 seconds
2021-04-17T19:26:49.337+0700: 4.311: Total time for which application threads were stopped: 0.0003637 seconds, Stopping threads took: 0.0000317 seconds
2021-04-17T19:26:49.395+0700: 4.369: Total time for which application threads were stopped: 0.0003212 seconds, Stopping threads took: 0.0000391 seconds
2021-04-17T19:26:49.396+0700: 4.369: Total time for which application threads were stopped: 0.0002880 seconds, Stopping threads took: 0.0000275 seconds
2021-04-17T19:26:49.428+0700: 4.401: Total time for which application threads were stopped: 0.0001164 seconds, Stopping threads took: 0.0000203 seconds
2021-04-17T19:26:49.428+0700: 4.402: Total time for which application threads were stopped: 0.0000884 seconds, Stopping threads took: 0.0000141 seconds
2021-04-17T19:26:49.491+0700: 4.464: Total time for which application threads were stopped: 0.0003674 seconds, Stopping threads took: 0.0000163 seconds
2021-04-17T19:26:49.600+0700: 4.573: Total time for which application threads were stopped: 0.0001310 seconds, Stopping threads took: 0.0000336 seconds
2021-04-17T19:26:49.600+0700: 4.573: Total time for which application threads were stopped: 0.0000660 seconds, Stopping threads took: 0.0000079 seconds
2021-04-17T19:26:49.600+0700: 4.574: Total time for which application threads were stopped: 0.0000555 seconds, Stopping threads took: 0.0000072 seconds
2021-04-17T19:26:49.601+0700: 4.574: Total time for which application threads were stopped: 0.0000451 seconds, Stopping threads took: 0.0000068 seconds
2021-04-17T19:26:49.637+0700: 4.611: Total time for which application threads were stopped: 0.0003070 seconds, Stopping threads took: 0.0000258 seconds
2021-04-17T19:26:49.711+0700: 4.685: Total time for which application threads were stopped: 0.0001359 seconds, Stopping threads took: 0.0000152 seconds
2021-04-17T19:26:49.736+0700: 4.709: Total time for which application threads were stopped: 0.0003471 seconds, Stopping threads took: 0.0000162 seconds
2021-04-17T19:26:49.867+0700: 4.841: Total time for which application threads were stopped: 0.0003386 seconds, Stopping threads took: 0.0000141 seconds
2021-04-17T19:26:49.961+0700: 4.934: Total time for which application threads were stopped: 0.0001331 seconds, Stopping threads took: 0.0000394 seconds
2021-04-17T19:26:49.968+0700: 4.942: Total time for which application threads were stopped: 0.0001234 seconds, Stopping threads took: 0.0000385 seconds
2021-04-17T19:26:50.071+0700: 5.044: Total time for which application threads were stopped: 0.0001090 seconds, Stopping threads took: 0.0000320 seconds
2021-04-17T19:26:50.209+0700: 5.183: Total time for which application threads were stopped: 0.0001180 seconds, Stopping threads took: 0.0000194 seconds
2021-04-17T19:26:50.210+0700: 5.184: Total time for which application threads were stopped: 0.0001608 seconds, Stopping threads took: 0.0000139 seconds
2021-04-17T19:26:50.218+0700: 5.192: Total time for which application threads were stopped: 0.0000950 seconds, Stopping threads took: 0.0000189 seconds
2021-04-17T19:26:50.244+0700: 5.218: Total time for which application threads were stopped: 0.0000951 seconds, Stopping threads took: 0.0000205 seconds
2021-04-17T19:26:50.250+0700: 5.223: Total time for which application threads were stopped: 0.0000785 seconds, Stopping threads took: 0.0000169 seconds
2021-04-17T19:26:50.250+0700: 5.223: Total time for which application threads were stopped: 0.0000466 seconds, Stopping threads took: 0.0000081 seconds
2021-04-17T19:26:50.250+0700: 5.224: Total time for which application threads were stopped: 0.0000394 seconds, Stopping threads took: 0.0000067 seconds
2021-04-17T19:26:50.250+0700: 5.224: Total time for which application threads were stopped: 0.0000721 seconds, Stopping threads took: 0.0000291 seconds
2021-04-17T19:26:50.250+0700: 5.224: Total time for which application threads were stopped: 0.0000603 seconds, Stopping threads took: 0.0000211 seconds
2021-04-17T19:26:50.250+0700: 5.224: Total time for which application threads were stopped: 0.0000411 seconds, Stopping threads took: 0.0000064 seconds
2021-04-17T19:26:50.250+0700: 5.224: Total time for which application threads were stopped: 0.0000397 seconds, Stopping threads took: 0.0000067 seconds
2021-04-17T19:26:50.250+0700: 5.224: Total time for which application threads were stopped: 0.0000375 seconds, Stopping threads took: 0.0000063 seconds
2021-04-17T19:26:50.251+0700: 5.224: Total time for which application threads were stopped: 0.0000386 seconds, Stopping threads took: 0.0000067 seconds
2021-04-17T19:26:50.251+0700: 5.224: Total time for which application threads were stopped: 0.0000905 seconds, Stopping threads took: 0.0000387 seconds
2021-04-17T19:26:50.251+0700: 5.224: Total time for which application threads were stopped: 0.0000536 seconds, Stopping threads took: 0.0000193 seconds
2021-04-17T19:26:50.251+0700: 5.224: Total time for which application threads were stopped: 0.0000621 seconds, Stopping threads took: 0.0000225 seconds
2021-04-17T19:26:50.251+0700: 5.225: Total time for which application threads were stopped: 0.0001096 seconds, Stopping threads took: 0.0000232 seconds
2021-04-17T19:26:50.285+0700: 5.258: Total time for which application threads were stopped: 0.0000967 seconds, Stopping threads took: 0.0000187 seconds
2021-04-17T19:26:50.313+0700: 5.287: Total time for which application threads were stopped: 0.0001289 seconds, Stopping threads took: 0.0000504 seconds
2021-04-17T19:26:50.314+0700: 5.287: Total time for which application threads were stopped: 0.0002056 seconds, Stopping threads took: 0.0001227 seconds
2021-04-17T19:26:50.314+0700: 5.287: Total time for which application threads were stopped: 0.0000808 seconds, Stopping threads took: 0.0000167 seconds
2021-04-17T19:26:50.558+0700: 5.532: Total time for which application threads were stopped: 0.0002182 seconds, Stopping threads took: 0.0000394 seconds
2021-04-17T19:26:50.760+0700: 5.733: Total time for which application threads were stopped: 0.0001134 seconds, Stopping threads took: 0.0000432 seconds
2021-04-17T19:26:50.760+0700: 5.733: Total time for which application threads were stopped: 0.0000598 seconds, Stopping threads took: 0.0000133 seconds
2021-04-17T19:26:50.760+0700: 5.734: Total time for which application threads were stopped: 0.0000670 seconds, Stopping threads took: 0.0000264 seconds
2021-04-17T19:26:50.760+0700: 5.734: Total time for which application threads were stopped: 0.0000505 seconds, Stopping threads took: 0.0000118 seconds
2021-04-17T19:26:50.767+0700: 5.740: Total time for which application threads were stopped: 0.0000823 seconds, Stopping threads took: 0.0000221 seconds
2021-04-17T19:26:50.772+0700: 5.746: Total time for which application threads were stopped: 0.0001013 seconds, Stopping threads took: 0.0000240 seconds
2021-04-17T19:26:50.772+0700: 5.746: Total time for which application threads were stopped: 0.0000723 seconds, Stopping threads took: 0.0000135 seconds
2021-04-17T19:26:50.773+0700: 5.746: Total time for which application threads were stopped: 0.0000869 seconds, Stopping threads took: 0.0000367 seconds
2021-04-17T19:26:50.773+0700: 5.746: Total time for which application threads were stopped: 0.0000761 seconds, Stopping threads took: 0.0000287 seconds
2021-04-17T19:26:50.781+0700: 5.755: Total time for which application threads were stopped: 0.0001019 seconds, Stopping threads took: 0.0000241 seconds
2021-04-17T19:26:50.818+0700: 5.791: Total time for which application threads were stopped: 0.0001103 seconds, Stopping threads took: 0.0000204 seconds
2021-04-17T19:26:50.819+0700: 5.792: Total time for which application threads were stopped: 0.0001994 seconds, Stopping threads took: 0.0001000 seconds
2021-04-17T19:26:50.823+0700: 5.797: Total time for which application threads were stopped: 0.0001117 seconds, Stopping threads took: 0.0000381 seconds
2021-04-17T19:26:50.823+0700: 5.797: Total time for which application threads were stopped: 0.0000626 seconds, Stopping threads took: 0.0000122 seconds
2021-04-17T19:26:50.829+0700: 5.803: Total time for which application threads were stopped: 0.0001039 seconds, Stopping threads took: 0.0000232 seconds
2021-04-17T19:26:50.829+0700: 5.803: Total time for which application threads were stopped: 0.0000969 seconds, Stopping threads took: 0.0000152 seconds
2021-04-17T19:26:50.830+0700: 5.804: Total time for which application threads were stopped: 0.0002997 seconds, Stopping threads took: 0.0002360 seconds
2021-04-17T19:26:50.831+0700: 5.804: Total time for which application threads were stopped: 0.0000898 seconds, Stopping threads took: 0.0000162 seconds
2021-04-17T19:26:50.832+0700: 5.805: Total time for which application threads were stopped: 0.0003641 seconds, Stopping threads took: 0.0002826 seconds
2021-04-17T19:26:50.832+0700: 5.806: Total time for which application threads were stopped: 0.0001014 seconds, Stopping threads took: 0.0000332 seconds
2021-04-17T19:26:50.836+0700: 5.809: Total time for which application threads were stopped: 0.0000769 seconds, Stopping threads took: 0.0000185 seconds
2021-04-17T19:26:50.839+0700: 5.813: Total time for which application threads were stopped: 0.0000908 seconds, Stopping threads took: 0.0000198 seconds
2021-04-17T19:26:50.840+0700: 5.813: Total time for which application threads were stopped: 0.0000863 seconds, Stopping threads took: 0.0000125 seconds
2021-04-17T19:26:50.840+0700: 5.813: Total time for which application threads were stopped: 0.0000693 seconds, Stopping threads took: 0.0000132 seconds
2021-04-17T19:26:50.841+0700: 5.815: Total time for which application threads were stopped: 0.0000922 seconds, Stopping threads took: 0.0000195 seconds
2021-04-17T19:26:50.847+0700: 5.820: Total time for which application threads were stopped: 0.0001076 seconds, Stopping threads took: 0.0000248 seconds
2021-04-17T19:26:50.847+0700: 5.821: Total time for which application threads were stopped: 0.0000759 seconds, Stopping threads took: 0.0000139 seconds
2021-04-17T19:26:50.850+0700: 5.824: Total time for which application threads were stopped: 0.0001061 seconds, Stopping threads took: 0.0000243 seconds
2021-04-17T19:26:50.859+0700: 5.833: Total time for which application threads were stopped: 0.0001406 seconds, Stopping threads took: 0.0000474 seconds
2021-04-17T19:26:50.880+0700: 5.853: Total time for which application threads were stopped: 0.0001267 seconds, Stopping threads took: 0.0000242 seconds
2021-04-17T19:26:50.880+0700: 5.853: Total time for which application threads were stopped: 0.0001156 seconds, Stopping threads took: 0.0000301 seconds
2021-04-17T19:26:50.881+0700: 5.854: Total time for which application threads were stopped: 0.0000753 seconds, Stopping threads took: 0.0000151 seconds
2021-04-17T19:26:50.881+0700: 5.855: Total time for which application threads were stopped: 0.0000813 seconds, Stopping threads took: 0.0000150 seconds
2021-04-17T19:26:50.883+0700: 5.857: Total time for which application threads were stopped: 0.0001033 seconds, Stopping threads took: 0.0000209 seconds
2021-04-17T19:26:50.887+0700: 5.861: Total time for which application threads were stopped: 0.0000949 seconds, Stopping threads took: 0.0000234 seconds
2021-04-17T19:26:50.890+0700: 5.864: Total time for which application threads were stopped: 0.0001342 seconds, Stopping threads took: 0.0000449 seconds
2021-04-17T19:26:50.893+0700: 5.866: Total time for which application threads were stopped: 0.0001131 seconds, Stopping threads took: 0.0000275 seconds
2021-04-17T19:26:50.903+0700: 5.876: Total time for which application threads were stopped: 0.0001336 seconds, Stopping threads took: 0.0000458 seconds
2021-04-17T19:26:50.904+0700: 5.878: Total time for which application threads were stopped: 0.0001209 seconds, Stopping threads took: 0.0000398 seconds
2021-04-17T19:26:50.906+0700: 5.879: Total time for which application threads were stopped: 0.0001140 seconds, Stopping threads took: 0.0000421 seconds
2021-04-17T19:26:50.907+0700: 5.880: Total time for which application threads were stopped: 0.0000887 seconds, Stopping threads took: 0.0000183 seconds
2021-04-17T19:26:50.908+0700: 5.881: Total time for which application threads were stopped: 0.0000972 seconds, Stopping threads took: 0.0000227 seconds
2021-04-17T19:26:50.909+0700: 5.882: Total time for which application threads were stopped: 0.0000958 seconds, Stopping threads took: 0.0000323 seconds
2021-04-17T19:26:50.910+0700: 5.883: Total time for which application threads were stopped: 0.0000734 seconds, Stopping threads took: 0.0000165 seconds
2021-04-17T19:26:50.911+0700: 5.884: Total time for which application threads were stopped: 0.0001093 seconds, Stopping threads took: 0.0000456 seconds
2021-04-17T19:26:50.912+0700: 5.885: Total time for which application threads were stopped: 0.0001030 seconds, Stopping threads took: 0.0000441 seconds
2021-04-17T19:26:50.912+0700: 5.886: Total time for which application threads were stopped: 0.0000978 seconds, Stopping threads took: 0.0000195 seconds
2021-04-17T19:26:50.913+0700: 5.887: Total time for which application threads were stopped: 0.0000907 seconds, Stopping threads took: 0.0000320 seconds
2021-04-17T19:26:50.925+0700: 5.899: Total time for which application threads were stopped: 0.0001292 seconds, Stopping threads took: 0.0000265 seconds
2021-04-17T19:26:50.926+0700: 5.899: Total time for which application threads were stopped: 0.0001333 seconds, Stopping threads took: 0.0000548 seconds
2021-04-17T19:26:50.932+0700: 5.906: Total time for which application threads were stopped: 0.0001095 seconds, Stopping threads took: 0.0000266 seconds
2021-04-17T19:26:50.933+0700: 5.906: Total time for which application threads were stopped: 0.0001105 seconds, Stopping threads took: 0.0000352 seconds
2021-04-17T19:26:50.935+0700: 5.909: Total time for which application threads were stopped: 0.0005707 seconds, Stopping threads took: 0.0000439 seconds
2021-04-17T19:26:50.936+0700: 5.910: Total time for which application threads were stopped: 0.0000821 seconds, Stopping threads took: 0.0000191 seconds
2021-04-17T19:26:50.946+0700: 5.919: Total time for which application threads were stopped: 0.0001555 seconds, Stopping threads took: 0.0000528 seconds
2021-04-17T19:26:50.971+0700: 5.945: Total time for which application threads were stopped: 0.0001237 seconds, Stopping threads took: 0.0000261 seconds
2021-04-17T19:26:50.997+0700: 5.970: Total time for which application threads were stopped: 0.0001316 seconds, Stopping threads took: 0.0000265 seconds
2021-04-17T19:26:50.998+0700: 5.971: Total time for which application threads were stopped: 0.0000781 seconds, Stopping threads took: 0.0000196 seconds
2021-04-17T19:26:51.009+0700: 5.982: Total time for which application threads were stopped: 0.0001256 seconds, Stopping threads took: 0.0000258 seconds
2021-04-17T19:26:51.015+0700: 5.989: Total time for which application threads were stopped: 0.0000922 seconds, Stopping threads took: 0.0000224 seconds
2021-04-17T19:26:51.017+0700: 5.991: Total time for which application threads were stopped: 0.0002843 seconds, Stopping threads took: 0.0000230 seconds
2021-04-17T19:26:51.025+0700: 5.999: Total time for which application threads were stopped: 0.0001318 seconds, Stopping threads took: 0.0000293 seconds
2021-04-17T19:26:51.025+0700: 5.999: Total time for which application threads were stopped: 0.0000898 seconds, Stopping threads took: 0.0000175 seconds
2021-04-17T19:26:51.026+0700: 5.999: Total time for which application threads were stopped: 0.0000708 seconds, Stopping threads took: 0.0000120 seconds
2021-04-17T19:26:51.050+0700: 6.023: Total time for which application threads were stopped: 0.0001951 seconds, Stopping threads took: 0.0000869 seconds
2021-04-17T19:26:51.050+0700: 6.024: Total time for which application threads were stopped: 0.0001591 seconds, Stopping threads took: 0.0000851 seconds
2021-04-17T19:26:51.050+0700: 6.024: Total time for which application threads were stopped: 0.0002298 seconds, Stopping threads took: 0.0000802 seconds
2021-04-17T19:26:51.052+0700: 6.025: Total time for which application threads were stopped: 0.0001659 seconds, Stopping threads took: 0.0000462 seconds
2021-04-17T19:26:51.052+0700: 6.026: Total time for which application threads were stopped: 0.0001091 seconds, Stopping threads took: 0.0000263 seconds
2021-04-17T19:26:51.056+0700: 6.029: Total time for which application threads were stopped: 0.0003133 seconds, Stopping threads took: 0.0000485 seconds
2021-04-17T19:26:51.070+0700: 6.043: Total time for which application threads were stopped: 0.0005939 seconds, Stopping threads took: 0.0000264 seconds
{Heap before GC invocations=5 (full 0):
 garbage-first heap   total 524288K, used 230850K [0x00000007a0000000, 0x00000007a0101000, 0x00000007c0000000)
  region size 1024K, 211 young (216064K), 8 survivors (8192K)
 Metaspace       used 35333K, capacity 36356K, committed 36476K, reserved 1081344K
  class space    used 4223K, capacity 4490K, committed 4556K, reserved 1048576K
2021-04-17T19:26:51.383+0700: 6.356: [GC pause (Metadata GC Threshold) (young) (initial-mark)
Desired survivor size 20447232 bytes, new threshold 15 (max 15)
- age   1:    1329096 bytes,    1329096 total
- age   2:    1211736 bytes,    2540832 total
, 0.0138733 secs]
   [Parallel Time: 10.8 ms, GC Workers: 4]
      [GC Worker Start (ms): Min: 6356.4, Avg: 6356.4, Max: 6356.4, Diff: 0.0]
      [Ext Root Scanning (ms): Min: 1.6, Avg: 1.8, Max: 2.2, Diff: 0.6, Sum: 7.1]
      [Update RS (ms): Min: 0.4, Avg: 0.6, Max: 0.8, Diff: 0.4, Sum: 2.2]
         [Processed Buffers: Min: 1, Avg: 4.2, Max: 10, Diff: 9, Sum: 17]
      [Scan RS (ms): Min: 0.0, Avg: 0.0, Max: 0.1, Diff: 0.0, Sum: 0.1]
      [Code Root Scanning (ms): Min: 0.0, Avg: 0.3, Max: 0.7, Diff: 0.7, Sum: 1.4]
      [Object Copy (ms): Min: 7.7, Avg: 8.0, Max: 8.2, Diff: 0.5, Sum: 31.8]
      [Termination (ms): Min: 0.0, Avg: 0.0, Max: 0.0, Diff: 0.0, Sum: 0.0]
         [Termination Attempts: Min: 1, Avg: 5.0, Max: 9, Diff: 8, Sum: 20]
      [GC Worker Other (ms): Min: 0.0, Avg: 0.0, Max: 0.0, Diff: 0.0, Sum: 0.1]
      [GC Worker Total (ms): Min: 10.7, Avg: 10.7, Max: 10.7, Diff: 0.1, Sum: 42.8]
      [GC Worker End (ms): Min: 6367.1, Avg: 6367.1, Max: 6367.1, Diff: 0.0]
   [Code Root Fixup: 0.0 ms]
   [Code Root Purge: 0.0 ms]
   [Clear CT: 0.1 ms]
   [Other: 2.9 ms]
      [Choose CSet: 0.0 ms]
      [Ref Proc: 2.3 ms]
      [Ref Enq: 0.1 ms]
      [Redirty Cards: 0.0 ms]
      [Humongous Register: 0.0 ms]
      [Humongous Reclaim: 0.0 ms]
      [Free CSet: 0.2 ms]
   [Eden: 203.0M(299.0M)->0.0B(283.0M) Survivors: 8192.0K->24.0M Heap: 225.9M(512.0M)->40.0M(512.0M)]
Heap after GC invocations=6 (full 0):
 garbage-first heap   total 524288K, used 40960K [0x00000007a0000000, 0x00000007a0101000, 0x00000007c0000000)
  region size 1024K, 24 young (24576K), 24 survivors (24576K)
 Metaspace       used 35333K, capacity 36356K, committed 36476K, reserved 1081344K
  class space    used 4223K, capacity 4490K, committed 4556K, reserved 1048576K
}
 [Times: user=0.05 sys=0.00, real=0.01 secs] 
2021-04-17T19:26:51.397+0700: 6.370: [GC concurrent-root-region-scan-start]
2021-04-17T19:26:51.397+0700: 6.370: Total time for which application threads were stopped: 0.0144655 seconds, Stopping threads took: 0.0000274 seconds
2021-04-17T19:26:51.398+0700: 6.372: Total time for which application threads were stopped: 0.0007166 seconds, Stopping threads took: 0.0004429 seconds
2021-04-17T19:26:51.399+0700: 6.372: Total time for which application threads were stopped: 0.0001355 seconds, Stopping threads took: 0.0000326 seconds
2021-04-17T19:26:51.401+0700: 6.374: Total time for which application threads were stopped: 0.0001307 seconds, Stopping threads took: 0.0000161 seconds
2021-04-17T19:26:51.401+0700: 6.374: Total time for which application threads were stopped: 0.0001112 seconds, Stopping threads took: 0.0000146 seconds
2021-04-17T19:26:51.401+0700: 6.375: Total time for which application threads were stopped: 0.0000893 seconds, Stopping threads took: 0.0000110 seconds
2021-04-17T19:26:51.401+0700: 6.375: Total time for which application threads were stopped: 0.0000909 seconds, Stopping threads took: 0.0000106 seconds
2021-04-17T19:26:51.410+0700: 6.384: [GC concurrent-root-region-scan-end, 0.0136290 secs]
2021-04-17T19:26:51.410+0700: 6.384: [GC concurrent-mark-start]
2021-04-17T19:26:51.448+0700: 6.421: [GC concurrent-mark-end, 0.0372656 secs]
2021-04-17T19:26:51.448+0700: 6.421: [GC remark 2021-04-17T19:26:51.448+0700: 6.421: [Finalize Marking, 0.0001303 secs] 2021-04-17T19:26:51.448+0700: 6.421: [GC ref-proc, 0.0007999 secs] 2021-04-17T19:26:51.449+0700: 6.422: [Unloading, 0.0062098 secs], 0.0073988 secs]
 [Times: user=0.02 sys=0.00, real=0.01 secs] 
2021-04-17T19:26:51.455+0700: 6.429: Total time for which application threads were stopped: 0.0076030 seconds, Stopping threads took: 0.0000378 seconds
2021-04-17T19:26:51.455+0700: 6.429: [GC cleanup 45M->45M(512M), 0.0005333 secs]
 [Times: user=0.00 sys=0.01, real=0.00 secs] 
2021-04-17T19:26:51.456+0700: 6.429: Total time for which application threads were stopped: 0.0006957 seconds, Stopping threads took: 0.0000529 seconds
2021-04-17T19:26:51.650+0700: 6.623: Total time for which application threads were stopped: 0.0002748 seconds, Stopping threads took: 0.0001207 seconds
2021-04-17T19:26:51.650+0700: 6.624: Total time for which application threads were stopped: 0.0001504 seconds, Stopping threads took: 0.0000637 seconds
2021-04-17T19:26:51.651+0700: 6.624: Total time for which application threads were stopped: 0.0001006 seconds, Stopping threads took: 0.0000329 seconds
2021-04-17T19:26:51.651+0700: 6.624: Total time for which application threads were stopped: 0.0000999 seconds, Stopping threads took: 0.0000278 seconds
2021-04-17T19:26:51.651+0700: 6.624: Total time for which application threads were stopped: 0.0001207 seconds, Stopping threads took: 0.0000259 seconds
2021-04-17T19:26:51.653+0700: 6.627: Total time for which application threads were stopped: 0.0002173 seconds, Stopping threads took: 0.0000501 seconds
2021-04-17T19:26:51.656+0700: 6.629: Total time for which application threads were stopped: 0.0002513 seconds, Stopping threads took: 0.0000768 seconds
2021-04-17T19:26:51.656+0700: 6.630: Total time for which application threads were stopped: 0.0001549 seconds, Stopping threads took: 0.0000363 seconds
2021-04-17T19:26:51.657+0700: 6.630: Total time for which application threads were stopped: 0.0002316 seconds, Stopping threads took: 0.0000861 seconds
2021-04-17T19:26:51.661+0700: 6.635: Total time for which application threads were stopped: 0.0001556 seconds, Stopping threads took: 0.0000450 seconds
2021-04-17T19:26:51.666+0700: 6.640: Total time for which application threads were stopped: 0.0001682 seconds, Stopping threads took: 0.0000566 seconds
2021-04-17T19:26:51.670+0700: 6.643: Total time for which application threads were stopped: 0.0001893 seconds, Stopping threads took: 0.0000395 seconds
2021-04-17T19:26:51.686+0700: 6.659: Total time for which application threads were stopped: 0.0003426 seconds, Stopping threads took: 0.0001662 seconds
2021-04-17T19:26:51.691+0700: 6.665: Total time for which application threads were stopped: 0.0002061 seconds, Stopping threads took: 0.0000539 seconds
2021-04-17T19:26:51.692+0700: 6.666: Total time for which application threads were stopped: 0.0001360 seconds, Stopping threads took: 0.0000477 seconds
2021-04-17T19:26:51.694+0700: 6.668: Total time for which application threads were stopped: 0.0001380 seconds, Stopping threads took: 0.0000507 seconds
2021-04-17T19:26:51.719+0700: 6.693: Total time for which application threads were stopped: 0.0002134 seconds, Stopping threads took: 0.0000517 seconds
2021-04-17T19:26:51.773+0700: 6.746: Total time for which application threads were stopped: 0.0002118 seconds, Stopping threads took: 0.0000643 seconds
2021-04-17T19:26:51.788+0700: 6.761: Total time for which application threads were stopped: 0.0010512 seconds, Stopping threads took: 0.0009025 seconds
2021-04-17T19:26:51.800+0700: 6.774: Total time for which application threads were stopped: 0.0012867 seconds, Stopping threads took: 0.0011319 seconds
2021-04-17T19:26:51.859+0700: 6.832: Total time for which application threads were stopped: 0.0002582 seconds, Stopping threads took: 0.0000956 seconds
2021-04-17T19:26:51.860+0700: 6.833: Total time for which application threads were stopped: 0.0001833 seconds, Stopping threads took: 0.0000465 seconds
2021-04-17T19:26:51.863+0700: 6.836: Total time for which application threads were stopped: 0.0002084 seconds, Stopping threads took: 0.0000682 seconds
2021-04-17T19:26:51.868+0700: 6.842: Total time for which application threads were stopped: 0.0002104 seconds, Stopping threads took: 0.0000638 seconds
2021-04-17T19:26:51.885+0700: 6.858: Total time for which application threads were stopped: 0.0002368 seconds, Stopping threads took: 0.0000978 seconds
2021-04-17T19:26:51.902+0700: 6.875: Total time for which application threads were stopped: 0.0013012 seconds, Stopping threads took: 0.0011624 seconds
2021-04-17T19:26:51.903+0700: 6.877: Total time for which application threads were stopped: 0.0001798 seconds, Stopping threads took: 0.0000434 seconds
2021-04-17T19:26:51.907+0700: 6.880: Total time for which application threads were stopped: 0.0009426 seconds, Stopping threads took: 0.0007886 seconds
2021-04-17T19:26:51.907+0700: 6.881: Total time for which application threads were stopped: 0.0003673 seconds, Stopping threads took: 0.0000401 seconds
2021-04-17T19:26:51.944+0700: 6.918: Total time for which application threads were stopped: 0.0003024 seconds, Stopping threads took: 0.0001245 seconds
2021-04-17T19:26:52.003+0700: 6.976: Total time for which application threads were stopped: 0.0001934 seconds, Stopping threads took: 0.0000552 seconds
2021-04-17T19:26:52.003+0700: 6.977: Total time for which application threads were stopped: 0.0001055 seconds, Stopping threads took: 0.0000142 seconds
2021-04-17T19:26:52.238+0700: 7.211: Total time for which application threads were stopped: 0.0002053 seconds, Stopping threads took: 0.0000286 seconds
2021-04-17T19:26:52.238+0700: 7.211: Total time for which application threads were stopped: 0.0001413 seconds, Stopping threads took: 0.0000393 seconds
2021-04-17T19:26:52.240+0700: 7.213: Total time for which application threads were stopped: 0.0001759 seconds, Stopping threads took: 0.0000269 seconds
2021-04-17T19:26:52.242+0700: 7.215: Total time for which application threads were stopped: 0.0001512 seconds, Stopping threads took: 0.0000256 seconds
2021-04-17T19:26:52.247+0700: 7.220: Total time for which application threads were stopped: 0.0001456 seconds, Stopping threads took: 0.0000292 seconds
2021-04-17T19:26:52.247+0700: 7.220: Total time for which application threads were stopped: 0.0001052 seconds, Stopping threads took: 0.0000148 seconds
2021-04-17T19:26:52.247+0700: 7.221: Total time for which application threads were stopped: 0.0000806 seconds, Stopping threads took: 0.0000110 seconds
2021-04-17T19:26:52.247+0700: 7.221: Total time for which application threads were stopped: 0.0000868 seconds, Stopping threads took: 0.0000116 seconds
2021-04-17T19:26:52.248+0700: 7.221: Total time for which application threads were stopped: 0.0000930 seconds, Stopping threads took: 0.0000196 seconds
2021-04-17T19:26:52.248+0700: 7.221: Total time for which application threads were stopped: 0.0000999 seconds, Stopping threads took: 0.0000152 seconds
2021-04-17T19:26:52.248+0700: 7.221: Total time for which application threads were stopped: 0.0000890 seconds, Stopping threads took: 0.0000126 seconds
2021-04-17T19:26:52.248+0700: 7.221: Total time for which application threads were stopped: 0.0000759 seconds, Stopping threads took: 0.0000124 seconds
2021-04-17T19:26:52.249+0700: 7.223: Total time for which application threads were stopped: 0.0001062 seconds, Stopping threads took: 0.0000147 seconds
2021-04-17T19:26:52.252+0700: 7.226: Total time for which application threads were stopped: 0.0001337 seconds, Stopping threads took: 0.0000388 seconds
2021-04-17T19:26:52.288+0700: 7.261: Total time for which application threads were stopped: 0.0001264 seconds, Stopping threads took: 0.0000266 seconds
2021-04-17T19:26:52.341+0700: 7.315: Total time for which application threads were stopped: 0.0002204 seconds, Stopping threads took: 0.0000522 seconds
2021-04-17T19:26:52.368+0700: 7.341: Total time for which application threads were stopped: 0.0001342 seconds, Stopping threads took: 0.0000393 seconds
2021-04-17T19:26:52.368+0700: 7.342: Total time for which application threads were stopped: 0.0001050 seconds, Stopping threads took: 0.0000242 seconds
2021-04-17T19:26:52.394+0700: 7.367: Total time for which application threads were stopped: 0.0002086 seconds, Stopping threads took: 0.0000461 seconds
2021-04-17T19:26:52.419+0700: 7.393: Total time for which application threads were stopped: 0.0001806 seconds, Stopping threads took: 0.0000502 seconds
2021-04-17T19:26:52.421+0700: 7.394: Total time for which application threads were stopped: 0.0001687 seconds, Stopping threads took: 0.0000437 seconds
2021-04-17T19:26:52.522+0700: 7.495: Total time for which application threads were stopped: 0.0006000 seconds, Stopping threads took: 0.0000277 seconds
2021-04-17T19:26:52.649+0700: 7.622: Total time for which application threads were stopped: 0.0004938 seconds, Stopping threads took: 0.0000395 seconds
2021-04-17T19:26:52.926+0700: 7.899: Total time for which application threads were stopped: 0.0025838 seconds, Stopping threads took: 0.0023151 seconds
2021-04-17T19:26:52.936+0700: 7.910: Total time for which application threads were stopped: 0.0001576 seconds, Stopping threads took: 0.0000441 seconds
2021-04-17T19:26:52.938+0700: 7.911: Total time for which application threads were stopped: 0.0001833 seconds, Stopping threads took: 0.0000509 seconds
2021-04-17T19:26:52.946+0700: 7.919: Total time for which application threads were stopped: 0.0003706 seconds, Stopping threads took: 0.0001695 seconds
2021-04-17T19:26:53.950+0700: 8.924: Total time for which application threads were stopped: 0.0003927 seconds, Stopping threads took: 0.0001176 seconds
2021-04-17T19:26:54.953+0700: 9.927: Total time for which application threads were stopped: 0.0002777 seconds, Stopping threads took: 0.0000863 seconds
2021-04-17T19:26:55.956+0700: 10.930: Total time for which application threads were stopped: 0.0003315 seconds, Stopping threads took: 0.0000533 seconds
2021-04-17T19:26:56.957+0700: 11.930: Total time for which application threads were stopped: 0.0002964 seconds, Stopping threads took: 0.0001012 seconds
2021-04-17T19:26:57.962+0700: 12.935: Total time for which application threads were stopped: 0.0003260 seconds, Stopping threads took: 0.0000904 seconds
2021-04-17T19:26:58.965+0700: 13.939: Total time for which application threads were stopped: 0.0002673 seconds, Stopping threads took: 0.0000501 seconds
2021-04-17T19:26:59.968+0700: 14.942: Total time for which application threads were stopped: 0.0002446 seconds, Stopping threads took: 0.0000494 seconds
2021-04-17T19:27:00.972+0700: 15.946: Total time for which application threads were stopped: 0.0002791 seconds, Stopping threads took: 0.0000807 seconds
2021-04-17T19:27:03.853+0700: 18.826: Total time for which application threads were stopped: 0.0001136 seconds, Stopping threads took: 0.0000235 seconds
2021-04-17T19:27:03.878+0700: 18.851: Total time for which application threads were stopped: 0.0001564 seconds, Stopping threads took: 0.0000263 seconds
2021-04-17T19:27:04.879+0700: 19.852: Total time for which application threads were stopped: 0.0001525 seconds, Stopping threads took: 0.0000296 seconds
2021-04-17T19:27:05.881+0700: 20.854: Total time for which application threads were stopped: 0.0001861 seconds, Stopping threads took: 0.0000317 seconds
2021-04-17T19:27:06.885+0700: 21.858: Total time for which application threads were stopped: 0.0002190 seconds, Stopping threads took: 0.0000317 seconds
2021-04-17T19:27:07.888+0700: 22.861: Total time for which application threads were stopped: 0.0004157 seconds, Stopping threads took: 0.0000520 seconds
2021-04-17T19:27:08.892+0700: 23.865: Total time for which application threads were stopped: 0.0004035 seconds, Stopping threads took: 0.0000657 seconds
2021-04-17T19:27:09.894+0700: 24.867: Total time for which application threads were stopped: 0.0003861 seconds, Stopping threads took: 0.0000840 seconds
2021-04-17T19:27:10.894+0700: 25.867: Total time for which application threads were stopped: 0.0002384 seconds, Stopping threads took: 0.0000433 seconds
2021-04-17T19:27:11.895+0700: 26.867: Total time for which application threads were stopped: 0.0002746 seconds, Stopping threads took: 0.0000446 seconds
2021-04-17T19:27:12.897+0700: 27.870: Total time for which application threads were stopped: 0.0002368 seconds, Stopping threads took: 0.0000508 seconds
2021-04-17T19:27:13.898+0700: 28.871: Total time for which application threads were stopped: 0.0002958 seconds, Stopping threads took: 0.0000622 seconds
2021-04-17T19:27:14.902+0700: 29.874: Total time for which application threads were stopped: 0.0002605 seconds, Stopping threads took: 0.0000485 seconds
2021-04-17T19:27:15.907+0700: 30.880: Total time for which application threads were stopped: 0.0005407 seconds, Stopping threads took: 0.0001093 seconds
2021-04-17T19:27:17.913+0700: 32.885: Total time for which application threads were stopped: 0.0002601 seconds, Stopping threads took: 0.0000524 seconds
2021-04-17T19:27:18.917+0700: 33.890: Total time for which application threads were stopped: 0.0002872 seconds, Stopping threads took: 0.0000593 seconds
2021-04-17T19:27:19.918+0700: 34.890: Total time for which application threads were stopped: 0.0001418 seconds, Stopping threads took: 0.0000281 seconds
2021-04-17T19:27:21.698+0700: 36.671: Total time for which application threads were stopped: 0.0001341 seconds, Stopping threads took: 0.0000386 seconds
2021-04-17T19:27:21.699+0700: 36.672: Total time for which application threads were stopped: 0.0001301 seconds, Stopping threads took: 0.0000491 seconds
2021-04-17T19:27:21.700+0700: 36.673: Total time for which application threads were stopped: 0.0001234 seconds, Stopping threads took: 0.0000340 seconds
2021-04-17T19:27:21.700+0700: 36.673: Total time for which application threads were stopped: 0.0001008 seconds, Stopping threads took: 0.0000372 seconds
2021-04-17T19:27:21.700+0700: 36.673: Total time for which application threads were stopped: 0.0000907 seconds, Stopping threads took: 0.0000405 seconds
2021-04-17T19:27:21.700+0700: 36.673: Total time for which application threads were stopped: 0.0000532 seconds, Stopping threads took: 0.0000083 seconds
2021-04-17T19:27:21.701+0700: 36.673: Total time for which application threads were stopped: 0.0000764 seconds, Stopping threads took: 0.0000296 seconds
2021-04-17T19:27:21.701+0700: 36.673: Total time for which application threads were stopped: 0.0000998 seconds, Stopping threads took: 0.0000533 seconds
2021-04-17T19:27:21.701+0700: 36.673: Total time for which application threads were stopped: 0.0001083 seconds, Stopping threads took: 0.0000355 seconds
2021-04-17T19:27:21.701+0700: 36.674: Total time for which application threads were stopped: 0.0000669 seconds, Stopping threads took: 0.0000185 seconds
2021-04-17T19:27:21.701+0700: 36.674: Total time for which application threads were stopped: 0.0000967 seconds, Stopping threads took: 0.0000210 seconds
2021-04-17T19:27:21.701+0700: 36.674: Total time for which application threads were stopped: 0.0000980 seconds, Stopping threads took: 0.0000465 seconds
2021-04-17T19:27:21.701+0700: 36.674: Total time for which application threads were stopped: 0.0000552 seconds, Stopping threads took: 0.0000085 seconds
2021-04-17T19:27:21.702+0700: 36.674: Total time for which application threads were stopped: 0.0000795 seconds, Stopping threads took: 0.0000289 seconds
2021-04-17T19:27:21.702+0700: 36.674: Total time for which application threads were stopped: 0.0001067 seconds, Stopping threads took: 0.0000329 seconds
2021-04-17T19:27:21.702+0700: 36.674: Total time for which application threads were stopped: 0.0000846 seconds, Stopping threads took: 0.0000119 seconds
2021-04-17T19:27:21.702+0700: 36.675: Total time for which application threads were stopped: 0.0000803 seconds, Stopping threads took: 0.0000114 seconds
2021-04-17T19:27:21.702+0700: 36.675: Total time for which application threads were stopped: 0.0000590 seconds, Stopping threads took: 0.0000092 seconds
2021-04-17T19:27:21.702+0700: 36.675: Total time for which application threads were stopped: 0.0000806 seconds, Stopping threads took: 0.0000338 seconds
2021-04-17T19:27:21.702+0700: 36.675: Total time for which application threads were stopped: 0.0000738 seconds, Stopping threads took: 0.0000278 seconds
2021-04-17T19:27:21.702+0700: 36.675: Total time for which application threads were stopped: 0.0000573 seconds, Stopping threads took: 0.0000082 seconds
2021-04-17T19:27:21.703+0700: 36.675: Total time for which application threads were stopped: 0.0002638 seconds, Stopping threads took: 0.0000107 seconds
2021-04-17T19:27:21.717+0700: 36.689: Total time for which application threads were stopped: 0.0011093 seconds, Stopping threads took: 0.0009026 seconds
2021-04-17T19:27:21.750+0700: 36.723: Total time for which application threads were stopped: 0.0009239 seconds, Stopping threads took: 0.0008185 seconds
2021-04-17T19:27:21.860+0700: 36.833: Total time for which application threads were stopped: 0.0001956 seconds, Stopping threads took: 0.0000470 seconds
2021-04-17T19:27:21.869+0700: 36.841: Total time for which application threads were stopped: 0.0001990 seconds, Stopping threads took: 0.0000426 seconds
2021-04-17T19:27:21.879+0700: 36.852: Total time for which application threads were stopped: 0.0001767 seconds, Stopping threads took: 0.0000487 seconds
2021-04-17T19:27:21.882+0700: 36.854: Total time for which application threads were stopped: 0.0001647 seconds, Stopping threads took: 0.0000476 seconds
2021-04-17T19:27:21.883+0700: 36.856: Total time for which application threads were stopped: 0.0001581 seconds, Stopping threads took: 0.0000262 seconds
{Heap before GC invocations=7 (full 0):
 garbage-first heap   total 524288K, used 331649K [0x00000007a0000000, 0x00000007a0101000, 0x00000007c0000000)
  region size 1024K, 307 young (314368K), 24 survivors (24576K)
 Metaspace       used 43137K, capacity 44816K, committed 45004K, reserved 1089536K
  class space    used 5138K, capacity 5478K, committed 5580K, reserved 1048576K
2021-04-17T19:27:21.898+0700: 36.870: [GC pause (G1 Evacuation Pause) (young)
Desired survivor size 20447232 bytes, new threshold 15 (max 15)
- age   1:    8939896 bytes,    8939896 total
- age   2:    1257088 bytes,   10196984 total
- age   3:    1194424 bytes,   11391408 total
, 0.0390307 secs]
   [Parallel Time: 29.1 ms, GC Workers: 4]
      [GC Worker Start (ms): Min: 36870.6, Avg: 36870.6, Max: 36870.7, Diff: 0.1]
      [Ext Root Scanning (ms): Min: 2.3, Avg: 3.3, Max: 6.0, Diff: 3.7, Sum: 13.3]
      [Update RS (ms): Min: 0.0, Avg: 0.5, Max: 1.2, Diff: 1.2, Sum: 2.2]
         [Processed Buffers: Min: 0, Avg: 4.8, Max: 16, Diff: 16, Sum: 19]
      [Scan RS (ms): Min: 0.0, Avg: 0.0, Max: 0.1, Diff: 0.1, Sum: 0.2]
      [Code Root Scanning (ms): Min: 0.0, Avg: 0.9, Max: 2.1, Diff: 2.1, Sum: 3.7]
      [Object Copy (ms): Min: 19.1, Avg: 20.4, Max: 23.2, Diff: 4.1, Sum: 81.7]
      [Termination (ms): Min: 0.0, Avg: 2.1, Max: 3.9, Diff: 3.9, Sum: 8.5]
         [Termination Attempts: Min: 1, Avg: 1.8, Max: 3, Diff: 2, Sum: 7]
      [GC Worker Other (ms): Min: 0.0, Avg: 0.0, Max: 0.0, Diff: 0.0, Sum: 0.0]
      [GC Worker Total (ms): Min: 25.7, Avg: 27.4, Max: 29.1, Diff: 3.4, Sum: 109.5]
      [GC Worker End (ms): Min: 36896.4, Avg: 36898.0, Max: 36899.7, Diff: 3.3]
   [Code Root Fixup: 0.1 ms]
   [Code Root Purge: 0.0 ms]
   [Clear CT: 0.1 ms]
   [Other: 9.7 ms]
      [Choose CSet: 0.0 ms]
      [Ref Proc: 9.0 ms]
      [Ref Enq: 0.1 ms]
      [Redirty Cards: 0.0 ms]
      [Humongous Register: 0.0 ms]
      [Humongous Reclaim: 0.0 ms]
      [Free CSet: 0.4 ms]
   [Eden: 283.0M(283.0M)->0.0B(283.0M) Survivors: 24.0M->24.0M Heap: 323.9M(512.0M)->39.5M(512.0M)]
Heap after GC invocations=8 (full 0):
 garbage-first heap   total 524288K, used 40448K [0x00000007a0000000, 0x00000007a0101000, 0x00000007c0000000)
  region size 1024K, 24 young (24576K), 24 survivors (24576K)
 Metaspace       used 43137K, capacity 44816K, committed 45004K, reserved 1089536K
  class space    used 5138K, capacity 5478K, committed 5580K, reserved 1048576K
}
 [Times: user=0.07 sys=0.02, real=0.04 secs] 
2021-04-17T19:27:21.937+0700: 36.910: Total time for which application threads were stopped: 0.0394219 seconds, Stopping threads took: 0.0000427 seconds
2021-04-17T19:27:21.946+0700: 36.918: Total time for which application threads were stopped: 0.0001905 seconds, Stopping threads took: 0.0000548 seconds
2021-04-17T19:27:21.949+0700: 36.921: Total time for which application threads were stopped: 0.0002655 seconds, Stopping threads took: 0.0001368 seconds
2021-04-17T19:27:21.949+0700: 36.922: Total time for which application threads were stopped: 0.0001619 seconds, Stopping threads took: 0.0000513 seconds
2021-04-17T19:27:22.000+0700: 36.972: Total time for which application threads were stopped: 0.0002079 seconds, Stopping threads took: 0.0000450 seconds
2021-04-17T19:27:22.001+0700: 36.973: Total time for which application threads were stopped: 0.0001319 seconds, Stopping threads took: 0.0000278 seconds
2021-04-17T19:27:22.061+0700: 37.034: Total time for which application threads were stopped: 0.0001663 seconds, Stopping threads took: 0.0000302 seconds
2021-04-17T19:27:22.063+0700: 37.035: Total time for which application threads were stopped: 0.0001598 seconds, Stopping threads took: 0.0000313 seconds
2021-04-17T19:27:22.063+0700: 37.036: Total time for which application threads were stopped: 0.0001259 seconds, Stopping threads took: 0.0000182 seconds
2021-04-17T19:27:22.063+0700: 37.036: Total time for which application threads were stopped: 0.0001123 seconds, Stopping threads took: 0.0000250 seconds
2021-04-17T19:27:22.063+0700: 37.036: Total time for which application threads were stopped: 0.0000971 seconds, Stopping threads took: 0.0000125 seconds
2021-04-17T19:27:22.064+0700: 37.036: Total time for which application threads were stopped: 0.0001246 seconds, Stopping threads took: 0.0000272 seconds
2021-04-17T19:27:22.064+0700: 37.036: Total time for which application threads were stopped: 0.0001103 seconds, Stopping threads took: 0.0000271 seconds
2021-04-17T19:27:22.103+0700: 37.076: Total time for which application threads were stopped: 0.0001721 seconds, Stopping threads took: 0.0000316 seconds
2021-04-17T19:27:22.111+0700: 37.083: Total time for which application threads were stopped: 0.0001263 seconds, Stopping threads took: 0.0000263 seconds
2021-04-17T19:27:22.119+0700: 37.091: Total time for which application threads were stopped: 0.0001532 seconds, Stopping threads took: 0.0000238 seconds
2021-04-17T19:27:22.119+0700: 37.092: Total time for which application threads were stopped: 0.0001448 seconds, Stopping threads took: 0.0000399 seconds
2021-04-17T19:27:22.269+0700: 37.242: Total time for which application threads were stopped: 0.0003042 seconds, Stopping threads took: 0.0000285 seconds
2021-04-17T19:27:22.320+0700: 37.293: Total time for which application threads were stopped: 0.0004607 seconds, Stopping threads took: 0.0000657 seconds
2021-04-17T19:27:22.340+0700: 37.313: Total time for which application threads were stopped: 0.0001770 seconds, Stopping threads took: 0.0000319 seconds
2021-04-17T19:27:22.386+0700: 37.358: Total time for which application threads were stopped: 0.0003369 seconds, Stopping threads took: 0.0001497 seconds
2021-04-17T19:27:22.386+0700: 37.359: Total time for which application threads were stopped: 0.0001569 seconds, Stopping threads took: 0.0000491 seconds
2021-04-17T19:27:22.387+0700: 37.359: Total time for which application threads were stopped: 0.0001513 seconds, Stopping threads took: 0.0000376 seconds
2021-04-17T19:27:22.388+0700: 37.361: Total time for which application threads were stopped: 0.0001324 seconds, Stopping threads took: 0.0000275 seconds
2021-04-17T19:27:22.389+0700: 37.361: Total time for which application threads were stopped: 0.0001436 seconds, Stopping threads took: 0.0000465 seconds
2021-04-17T19:27:22.389+0700: 37.361: Total time for which application threads were stopped: 0.0001102 seconds, Stopping threads took: 0.0000283 seconds
2021-04-17T19:27:22.414+0700: 37.387: Total time for which application threads were stopped: 0.0007218 seconds, Stopping threads took: 0.0000667 seconds
2021-04-17T19:27:22.419+0700: 37.392: Total time for which application threads were stopped: 0.0002285 seconds, Stopping threads took: 0.0000708 seconds
2021-04-17T19:27:22.711+0700: 37.684: Total time for which application threads were stopped: 0.0002476 seconds, Stopping threads took: 0.0000466 seconds
2021-04-17T19:27:22.718+0700: 37.690: Total time for which application threads were stopped: 0.0004252 seconds, Stopping threads took: 0.0002584 seconds
2021-04-17T19:27:22.728+0700: 37.700: Total time for which application threads were stopped: 0.0003354 seconds, Stopping threads took: 0.0001881 seconds
2021-04-17T19:27:22.731+0700: 37.703: Total time for which application threads were stopped: 0.0003375 seconds, Stopping threads took: 0.0000474 seconds
2021-04-17T19:27:22.743+0700: 37.715: Total time for which application threads were stopped: 0.0103447 seconds, Stopping threads took: 0.0101340 seconds
2021-04-17T19:27:23.006+0700: 37.978: Total time for which application threads were stopped: 0.0002987 seconds, Stopping threads took: 0.0000524 seconds
2021-04-17T19:27:23.006+0700: 37.978: Total time for which application threads were stopped: 0.0001557 seconds, Stopping threads took: 0.0000205 seconds
2021-04-17T19:27:23.336+0700: 38.308: Total time for which application threads were stopped: 0.0077411 seconds, Stopping threads took: 0.0075164 seconds
2021-04-17T19:27:23.336+0700: 38.308: Total time for which application threads were stopped: 0.0001410 seconds, Stopping threads took: 0.0000205 seconds
2021-04-17T19:27:23.465+0700: 38.437: Total time for which application threads were stopped: 0.0001826 seconds, Stopping threads took: 0.0000293 seconds
2021-04-17T19:27:23.466+0700: 38.438: Total time for which application threads were stopped: 0.0005074 seconds, Stopping threads took: 0.0003559 seconds
2021-04-17T19:27:23.476+0700: 38.449: Total time for which application threads were stopped: 0.0002375 seconds, Stopping threads took: 0.0000682 seconds
2021-04-17T19:27:23.479+0700: 38.451: Total time for which application threads were stopped: 0.0002739 seconds, Stopping threads took: 0.0001053 seconds
2021-04-17T19:27:23.517+0700: 38.489: Total time for which application threads were stopped: 0.0187600 seconds, Stopping threads took: 0.0185617 seconds
{Heap before GC invocations=8 (full 0):
 garbage-first heap   total 524288K, used 330240K [0x00000007a0000000, 0x00000007a0101000, 0x00000007c0000000)
  region size 1024K, 307 young (314368K), 24 survivors (24576K)
 Metaspace       used 46570K, capacity 48392K, committed 48588K, reserved 1091584K
  class space    used 5595K, capacity 5988K, committed 6092K, reserved 1048576K
2021-04-17T19:27:23.560+0700: 38.533: [GC pause (G1 Evacuation Pause) (young)
Desired survivor size 20447232 bytes, new threshold 15 (max 15)
- age   1:    4664688 bytes,    4664688 total
- age   2:    8612072 bytes,   13276760 total
- age   3:    1252472 bytes,   14529232 total
- age   4:    1179984 bytes,   15709216 total
, 0.1007954 secs]
   [Parallel Time: 18.4 ms, GC Workers: 4]
      [GC Worker Start (ms): Min: 38532.7, Avg: 38532.7, Max: 38532.8, Diff: 0.0]
      [Ext Root Scanning (ms): Min: 1.2, Avg: 1.6, Max: 2.7, Diff: 1.5, Sum: 6.6]
      [Update RS (ms): Min: 0.0, Avg: 0.5, Max: 0.7, Diff: 0.7, Sum: 2.1]
         [Processed Buffers: Min: 0, Avg: 4.0, Max: 8, Diff: 8, Sum: 16]
      [Scan RS (ms): Min: 0.0, Avg: 0.0, Max: 0.1, Diff: 0.0, Sum: 0.2]
      [Code Root Scanning (ms): Min: 0.0, Avg: 1.0, Max: 1.9, Diff: 1.9, Sum: 4.1]
      [Object Copy (ms): Min: 14.4, Avg: 15.1, Max: 15.9, Diff: 1.6, Sum: 60.3]
      [Termination (ms): Min: 0.0, Avg: 0.0, Max: 0.1, Diff: 0.1, Sum: 0.1]
         [Termination Attempts: Min: 1, Avg: 1.0, Max: 1, Diff: 0, Sum: 4]
      [GC Worker Other (ms): Min: 0.0, Avg: 0.0, Max: 0.0, Diff: 0.0, Sum: 0.0]
      [GC Worker Total (ms): Min: 18.3, Avg: 18.3, Max: 18.3, Diff: 0.0, Sum: 73.3]
      [GC Worker End (ms): Min: 38551.1, Avg: 38551.1, Max: 38551.1, Diff: 0.0]
   [Code Root Fixup: 0.1 ms]
   [Code Root Purge: 0.0 ms]
   [Clear CT: 0.2 ms]
   [Other: 82.1 ms]
      [Choose CSet: 0.0 ms]
      [Ref Proc: 81.3 ms]
      [Ref Enq: 0.1 ms]
      [Redirty Cards: 0.0 ms]
      [Humongous Register: 0.0 ms]
      [Humongous Reclaim: 0.0 ms]
      [Free CSet: 0.4 ms]
   [Eden: 283.0M(283.0M)->0.0B(278.0M) Survivors: 24.0M->29.0M Heap: 322.5M(512.0M)->45.0M(512.0M)]
Heap after GC invocations=9 (full 0):
 garbage-first heap   total 524288K, used 46080K [0x00000007a0000000, 0x00000007a0101000, 0x00000007c0000000)
  region size 1024K, 29 young (29696K), 29 survivors (29696K)
 Metaspace       used 46570K, capacity 48392K, committed 48588K, reserved 1091584K
  class space    used 5595K, capacity 5988K, committed 6092K, reserved 1048576K
}
 [Times: user=0.13 sys=0.01, real=0.10 secs] 
2021-04-17T19:27:23.661+0700: 38.634: Total time for which application threads were stopped: 0.1012819 seconds, Stopping threads took: 0.0000676 seconds
2021-04-17T19:27:23.667+0700: 38.640: Total time for which application threads were stopped: 0.0002489 seconds, Stopping threads took: 0.0000721 seconds
2021-04-17T19:27:23.668+0700: 38.640: Total time for which application threads were stopped: 0.0002272 seconds, Stopping threads took: 0.0000471 seconds
2021-04-17T19:27:23.681+0700: 38.653: Total time for which application threads were stopped: 0.0007741 seconds, Stopping threads took: 0.0000508 seconds
2021-04-17T19:27:23.682+0700: 38.655: Total time for which application threads were stopped: 0.0002458 seconds, Stopping threads took: 0.0000466 seconds
2021-04-17T19:27:23.686+0700: 38.659: Total time for which application threads were stopped: 0.0002932 seconds, Stopping threads took: 0.0000549 seconds
2021-04-17T19:27:23.689+0700: 38.661: Total time for which application threads were stopped: 0.0002662 seconds, Stopping threads took: 0.0000559 seconds
2021-04-17T19:27:23.690+0700: 38.663: Total time for which application threads were stopped: 0.0002946 seconds, Stopping threads took: 0.0000530 seconds
2021-04-17T19:27:24.257+0700: 39.230: Total time for which application threads were stopped: 0.0005408 seconds, Stopping threads took: 0.0002241 seconds
2021-04-17T19:27:24.259+0700: 39.232: Total time for which application threads were stopped: 0.0002147 seconds, Stopping threads took: 0.0000470 seconds
2021-04-17T19:27:24.266+0700: 39.238: Total time for which application threads were stopped: 0.0002572 seconds, Stopping threads took: 0.0000300 seconds
2021-04-17T19:27:24.334+0700: 39.306: Total time for which application threads were stopped: 0.0008835 seconds, Stopping threads took: 0.0000345 seconds
2021-04-17T19:27:24.463+0700: 39.436: Total time for which application threads were stopped: 0.0010624 seconds, Stopping threads took: 0.0000880 seconds
2021-04-17T19:27:24.476+0700: 39.449: Total time for which application threads were stopped: 0.0002514 seconds, Stopping threads took: 0.0000481 seconds
2021-04-17T19:27:24.494+0700: 39.466: Total time for which application threads were stopped: 0.0004001 seconds, Stopping threads took: 0.0002118 seconds
2021-04-17T19:27:24.495+0700: 39.467: Total time for which application threads were stopped: 0.0009139 seconds, Stopping threads took: 0.0000239 seconds
2021-04-17T19:27:24.526+0700: 39.498: Total time for which application threads were stopped: 0.0008370 seconds, Stopping threads took: 0.0000745 seconds
2021-04-17T19:27:24.619+0700: 39.592: Total time for which application threads were stopped: 0.0002674 seconds, Stopping threads took: 0.0000592 seconds
2021-04-17T19:27:24.637+0700: 39.610: Total time for which application threads were stopped: 0.0008835 seconds, Stopping threads took: 0.0000557 seconds
2021-04-17T19:27:24.653+0700: 39.626: Total time for which application threads were stopped: 0.0003210 seconds, Stopping threads took: 0.0001509 seconds
2021-04-17T19:27:24.654+0700: 39.626: Total time for which application threads were stopped: 0.0001815 seconds, Stopping threads took: 0.0000258 seconds
2021-04-17T19:27:24.657+0700: 39.629: Total time for which application threads were stopped: 0.0002066 seconds, Stopping threads took: 0.0000322 seconds
2021-04-17T19:27:24.657+0700: 39.630: Total time for which application threads were stopped: 0.0002135 seconds, Stopping threads took: 0.0000517 seconds
2021-04-17T19:27:24.675+0700: 39.648: Total time for which application threads were stopped: 0.0008430 seconds, Stopping threads took: 0.0000514 seconds
2021-04-17T19:27:24.681+0700: 39.653: Total time for which application threads were stopped: 0.0002057 seconds, Stopping threads took: 0.0000341 seconds
2021-04-17T19:27:24.781+0700: 39.754: Total time for which application threads were stopped: 0.0002811 seconds, Stopping threads took: 0.0000480 seconds
2021-04-17T19:27:24.864+0700: 39.836: Total time for which application threads were stopped: 0.0002485 seconds, Stopping threads took: 0.0000455 seconds
2021-04-17T19:27:24.885+0700: 39.857: Total time for which application threads were stopped: 0.0007893 seconds, Stopping threads took: 0.0000316 seconds
2021-04-17T19:27:24.905+0700: 39.878: Total time for which application threads were stopped: 0.0002945 seconds, Stopping threads took: 0.0000671 seconds
2021-04-17T19:27:24.925+0700: 39.897: Total time for which application threads were stopped: 0.0002374 seconds, Stopping threads took: 0.0000428 seconds
2021-04-17T19:27:24.936+0700: 39.909: Total time for which application threads were stopped: 0.0003454 seconds, Stopping threads took: 0.0001700 seconds
2021-04-17T19:27:25.001+0700: 39.973: Total time for which application threads were stopped: 0.0002788 seconds, Stopping threads took: 0.0000717 seconds
2021-04-17T19:27:25.002+0700: 39.974: Total time for which application threads were stopped: 0.0002251 seconds, Stopping threads took: 0.0000509 seconds
2021-04-17T19:27:25.004+0700: 39.977: Total time for which application threads were stopped: 0.0002681 seconds, Stopping threads took: 0.0001209 seconds
2021-04-17T19:27:25.005+0700: 39.978: Total time for which application threads were stopped: 0.0002035 seconds, Stopping threads took: 0.0000508 seconds
2021-04-17T19:27:25.007+0700: 39.980: Total time for which application threads were stopped: 0.0004901 seconds, Stopping threads took: 0.0003154 seconds
2021-04-17T19:27:25.008+0700: 39.980: Total time for which application threads were stopped: 0.0002114 seconds, Stopping threads took: 0.0000554 seconds
2021-04-17T19:27:25.010+0700: 39.982: Total time for which application threads were stopped: 0.0002310 seconds, Stopping threads took: 0.0000551 seconds
2021-04-17T19:27:25.013+0700: 39.986: Total time for which application threads were stopped: 0.0002324 seconds, Stopping threads took: 0.0000621 seconds
2021-04-17T19:27:25.014+0700: 39.986: Total time for which application threads were stopped: 0.0002072 seconds, Stopping threads took: 0.0000521 seconds
2021-04-17T19:27:25.021+0700: 39.993: Total time for which application threads were stopped: 0.0002558 seconds, Stopping threads took: 0.0000621 seconds
2021-04-17T19:27:25.025+0700: 39.998: Total time for which application threads were stopped: 0.0002509 seconds, Stopping threads took: 0.0000607 seconds
2021-04-17T19:27:25.040+0700: 40.012: Total time for which application threads were stopped: 0.0018625 seconds, Stopping threads took: 0.0016699 seconds
2021-04-17T19:27:25.069+0700: 40.041: Total time for which application threads were stopped: 0.0003701 seconds, Stopping threads took: 0.0001603 seconds
2021-04-17T19:27:25.073+0700: 40.045: Total time for which application threads were stopped: 0.0002251 seconds, Stopping threads took: 0.0000541 seconds
2021-04-17T19:27:25.075+0700: 40.048: Total time for which application threads were stopped: 0.0007487 seconds, Stopping threads took: 0.0005716 seconds
{Heap before GC invocations=9 (full 0):
 garbage-first heap   total 524288K, used 330752K [0x00000007a0000000, 0x00000007a0101000, 0x00000007c0000000)
  region size 1024K, 307 young (314368K), 29 survivors (29696K)
 Metaspace       used 51875K, capacity 54212K, committed 54476K, reserved 1097728K
  class space    used 6306K, capacity 6760K, committed 6860K, reserved 1048576K
2021-04-17T19:27:25.201+0700: 40.173: [GC pause (G1 Evacuation Pause) (young)
Desired survivor size 20447232 bytes, new threshold 3 (max 15)
- age   1:    8822696 bytes,    8822696 total
- age   2:    4018312 bytes,   12841008 total
- age   3:    8044992 bytes,   20886000 total
- age   4:    1251448 bytes,   22137448 total
- age   5:    1179896 bytes,   23317344 total
, 0.0661003 secs]
   [Parallel Time: 30.8 ms, GC Workers: 4]
      [GC Worker Start (ms): Min: 40173.4, Avg: 40173.4, Max: 40173.4, Diff: 0.1]
      [Ext Root Scanning (ms): Min: 2.4, Avg: 2.7, Max: 3.2, Diff: 0.8, Sum: 10.9]
      [Update RS (ms): Min: 0.5, Avg: 0.6, Max: 0.7, Diff: 0.2, Sum: 2.4]
         [Processed Buffers: Min: 1, Avg: 4.0, Max: 8, Diff: 7, Sum: 16]
      [Scan RS (ms): Min: 0.0, Avg: 0.0, Max: 0.1, Diff: 0.0, Sum: 0.2]
      [Code Root Scanning (ms): Min: 0.3, Avg: 1.2, Max: 2.1, Diff: 1.8, Sum: 4.7]
      [Object Copy (ms): Min: 24.7, Avg: 26.1, Max: 27.2, Diff: 2.4, Sum: 104.6]
      [Termination (ms): Min: 0.0, Avg: 0.0, Max: 0.0, Diff: 0.0, Sum: 0.0]
         [Termination Attempts: Min: 1, Avg: 1.2, Max: 2, Diff: 1, Sum: 5]
      [GC Worker Other (ms): Min: 0.0, Avg: 0.0, Max: 0.0, Diff: 0.0, Sum: 0.1]
      [GC Worker Total (ms): Min: 30.7, Avg: 30.7, Max: 30.8, Diff: 0.1, Sum: 122.9]
      [GC Worker End (ms): Min: 40204.1, Avg: 40204.1, Max: 40204.1, Diff: 0.0]
   [Code Root Fixup: 0.2 ms]
   [Code Root Purge: 0.1 ms]
   [Clear CT: 0.1 ms]
   [Other: 35.0 ms]
      [Choose CSet: 0.0 ms]
      [Ref Proc: 34.1 ms]
      [Ref Enq: 0.1 ms]
      [Redirty Cards: 0.1 ms]
      [Humongous Register: 0.0 ms]
      [Humongous Reclaim: 0.0 ms]
      [Free CSet: 0.5 ms]
   [Eden: 278.0M(278.0M)->0.0B(274.0M) Survivors: 29.0M->33.0M Heap: 323.0M(512.0M)->58.6M(512.0M)]
Heap after GC invocations=10 (full 0):
 garbage-first heap   total 524288K, used 59981K [0x00000007a0000000, 0x00000007a0101000, 0x00000007c0000000)
  region size 1024K, 33 young (33792K), 33 survivors (33792K)
 Metaspace       used 51875K, capacity 54212K, committed 54476K, reserved 1097728K
  class space    used 6306K, capacity 6760K, committed 6860K, reserved 1048576K
}
 [Times: user=0.18 sys=0.01, real=0.06 secs] 
2021-04-17T19:27:25.267+0700: 40.240: Total time for which application threads were stopped: 0.0666685 seconds, Stopping threads took: 0.0000749 seconds
2021-04-17T19:27:25.484+0700: 40.456: Total time for which application threads were stopped: 0.0003284 seconds, Stopping threads took: 0.0000571 seconds
2021-04-17T19:27:25.558+0700: 40.531: Total time for which application threads were stopped: 0.0001941 seconds, Stopping threads took: 0.0000341 seconds
2021-04-17T19:27:25.574+0700: 40.547: Total time for which application threads were stopped: 0.0002308 seconds, Stopping threads took: 0.0000520 seconds
2021-04-17T19:27:25.574+0700: 40.547: Total time for which application threads were stopped: 0.0001568 seconds, Stopping threads took: 0.0000174 seconds
2021-04-17T19:27:25.575+0700: 40.547: Total time for which application threads were stopped: 0.0001528 seconds, Stopping threads took: 0.0000319 seconds
2021-04-17T19:27:25.575+0700: 40.547: Total time for which application threads were stopped: 0.0001239 seconds, Stopping threads took: 0.0000133 seconds
2021-04-17T19:27:25.575+0700: 40.547: Total time for which application threads were stopped: 0.0001152 seconds, Stopping threads took: 0.0000118 seconds
2021-04-17T19:27:25.578+0700: 40.550: Total time for which application threads were stopped: 0.0002533 seconds, Stopping threads took: 0.0000826 seconds
2021-04-17T19:27:25.578+0700: 40.551: Total time for which application threads were stopped: 0.0002050 seconds, Stopping threads took: 0.0000439 seconds
2021-04-17T19:27:25.578+0700: 40.551: Total time for which application threads were stopped: 0.0001608 seconds, Stopping threads took: 0.0000315 seconds
2021-04-17T19:27:25.578+0700: 40.551: Total time for which application threads were stopped: 0.0001271 seconds, Stopping threads took: 0.0000139 seconds
2021-04-17T19:27:25.579+0700: 40.552: Total time for which application threads were stopped: 0.0004949 seconds, Stopping threads took: 0.0000281 seconds
2021-04-17T19:27:25.583+0700: 40.556: Total time for which application threads were stopped: 0.0002194 seconds, Stopping threads took: 0.0000334 seconds
2021-04-17T19:27:25.599+0700: 40.572: Total time for which application threads were stopped: 0.0008820 seconds, Stopping threads took: 0.0000645 seconds
2021-04-17T19:27:25.620+0700: 40.593: Total time for which application threads were stopped: 0.0002548 seconds, Stopping threads took: 0.0000513 seconds
2021-04-17T19:27:25.660+0700: 40.632: Total time for which application threads were stopped: 0.0002518 seconds, Stopping threads took: 0.0000451 seconds
2021-04-17T19:27:25.664+0700: 40.637: Total time for which application threads were stopped: 0.0008791 seconds, Stopping threads took: 0.0000539 seconds
2021-04-17T19:27:25.696+0700: 40.668: Total time for which application threads were stopped: 0.0002712 seconds, Stopping threads took: 0.0000661 seconds
2021-04-17T19:27:25.697+0700: 40.670: Total time for which application threads were stopped: 0.0002714 seconds, Stopping threads took: 0.0000930 seconds
2021-04-17T19:27:25.824+0700: 40.797: Total time for which application threads were stopped: 0.0010963 seconds, Stopping threads took: 0.0000426 seconds
2021-04-17T19:27:25.868+0700: 40.840: Total time for which application threads were stopped: 0.0001825 seconds, Stopping threads took: 0.0000258 seconds
2021-04-17T19:27:25.888+0700: 40.860: Total time for which application threads were stopped: 0.0006490 seconds, Stopping threads took: 0.0000265 seconds
2021-04-17T19:27:25.896+0700: 40.868: Total time for which application threads were stopped: 0.0001955 seconds, Stopping threads took: 0.0000466 seconds
2021-04-17T19:27:25.896+0700: 40.869: Total time for which application threads were stopped: 0.0001637 seconds, Stopping threads took: 0.0000421 seconds
2021-04-17T19:27:25.896+0700: 40.869: Total time for which application threads were stopped: 0.0001033 seconds, Stopping threads took: 0.0000241 seconds
2021-04-17T19:27:25.897+0700: 40.869: Total time for which application threads were stopped: 0.0001003 seconds, Stopping threads took: 0.0000227 seconds
2021-04-17T19:27:25.897+0700: 40.869: Total time for which application threads were stopped: 0.0000994 seconds, Stopping threads took: 0.0000221 seconds
2021-04-17T19:27:25.897+0700: 40.869: Total time for which application threads were stopped: 0.0000989 seconds, Stopping threads took: 0.0000250 seconds
2021-04-17T19:27:25.897+0700: 40.869: Total time for which application threads were stopped: 0.0001030 seconds, Stopping threads took: 0.0000245 seconds
2021-04-17T19:27:25.898+0700: 40.871: Total time for which application threads were stopped: 0.0001771 seconds, Stopping threads took: 0.0000492 seconds
2021-04-17T19:27:25.980+0700: 40.952: Total time for which application threads were stopped: 0.0002919 seconds, Stopping threads took: 0.0000486 seconds
2021-04-17T19:27:25.982+0700: 40.954: Total time for which application threads were stopped: 0.0002967 seconds, Stopping threads took: 0.0000981 seconds
2021-04-17T19:27:26.094+0700: 41.066: Total time for which application threads were stopped: 0.0003236 seconds, Stopping threads took: 0.0000422 seconds
2021-04-17T19:27:26.108+0700: 41.081: Total time for which application threads were stopped: 0.0003120 seconds, Stopping threads took: 0.0000664 seconds
2021-04-17T19:27:26.109+0700: 41.082: Total time for which application threads were stopped: 0.0003128 seconds, Stopping threads took: 0.0001103 seconds
2021-04-17T19:27:26.111+0700: 41.083: Total time for which application threads were stopped: 0.0002668 seconds, Stopping threads took: 0.0000656 seconds
2021-04-17T19:27:26.221+0700: 41.194: Total time for which application threads were stopped: 0.0002908 seconds, Stopping threads took: 0.0000594 seconds
2021-04-17T19:27:26.228+0700: 41.201: Total time for which application threads were stopped: 0.0002273 seconds, Stopping threads took: 0.0000363 seconds
2021-04-17T19:27:26.228+0700: 41.201: Total time for which application threads were stopped: 0.0002048 seconds, Stopping threads took: 0.0000369 seconds
2021-04-17T19:27:26.229+0700: 41.201: Total time for which application threads were stopped: 0.0001517 seconds, Stopping threads took: 0.0000281 seconds
2021-04-17T19:27:26.229+0700: 41.201: Total time for which application threads were stopped: 0.0001573 seconds, Stopping threads took: 0.0000271 seconds
2021-04-17T19:27:26.229+0700: 41.201: Total time for which application threads were stopped: 0.0001515 seconds, Stopping threads took: 0.0000277 seconds
2021-04-17T19:27:26.229+0700: 41.202: Total time for which application threads were stopped: 0.0001617 seconds, Stopping threads took: 0.0000277 seconds
2021-04-17T19:27:26.292+0700: 41.265: Total time for which application threads were stopped: 0.0003223 seconds, Stopping threads took: 0.0000669 seconds
2021-04-17T19:27:26.293+0700: 41.265: Total time for which application threads were stopped: 0.0002102 seconds, Stopping threads took: 0.0000389 seconds
2021-04-17T19:27:26.293+0700: 41.265: Total time for which application threads were stopped: 0.0002111 seconds, Stopping threads took: 0.0000516 seconds
2021-04-17T19:27:26.293+0700: 41.266: Total time for which application threads were stopped: 0.0001398 seconds, Stopping threads took: 0.0000127 seconds
2021-04-17T19:27:26.293+0700: 41.266: Total time for which application threads were stopped: 0.0001721 seconds, Stopping threads took: 0.0000305 seconds
2021-04-17T19:27:26.294+0700: 41.266: Total time for which application threads were stopped: 0.0001553 seconds, Stopping threads took: 0.0000275 seconds
2021-04-17T19:27:26.309+0700: 41.281: Total time for which application threads were stopped: 0.0002473 seconds, Stopping threads took: 0.0000594 seconds
2021-04-17T19:27:26.309+0700: 41.282: Total time for which application threads were stopped: 0.0002410 seconds, Stopping threads took: 0.0000397 seconds
2021-04-17T19:27:26.338+0700: 41.311: Total time for which application threads were stopped: 0.0004359 seconds, Stopping threads took: 0.0002414 seconds
2021-04-17T19:27:26.340+0700: 41.312: Total time for which application threads were stopped: 0.0010068 seconds, Stopping threads took: 0.0008260 seconds
2021-04-17T19:27:26.340+0700: 41.313: Total time for which application threads were stopped: 0.0002181 seconds, Stopping threads took: 0.0000445 seconds
2021-04-17T19:27:26.343+0700: 41.315: Total time for which application threads were stopped: 0.0002831 seconds, Stopping threads took: 0.0000697 seconds
2021-04-17T19:27:26.345+0700: 41.317: Total time for which application threads were stopped: 0.0002388 seconds, Stopping threads took: 0.0000529 seconds
2021-04-17T19:27:26.749+0700: 41.721: Total time for which application threads were stopped: 0.0038526 seconds, Stopping threads took: 0.0035648 seconds
2021-04-17T19:27:27.014+0700: 41.987: Total time for which application threads were stopped: 0.0006179 seconds, Stopping threads took: 0.0002841 seconds
2021-04-17T19:27:27.065+0700: 42.037: Total time for which application threads were stopped: 0.0226446 seconds, Stopping threads took: 0.0224345 seconds
2021-04-17T19:27:27.070+0700: 42.042: Total time for which application threads were stopped: 0.0003716 seconds, Stopping threads took: 0.0001110 seconds
2021-04-17T19:27:27.119+0700: 42.092: Total time for which application threads were stopped: 0.0008451 seconds, Stopping threads took: 0.0004878 seconds
2021-04-17T19:27:27.124+0700: 42.097: Total time for which application threads were stopped: 0.0003782 seconds, Stopping threads took: 0.0001678 seconds
2021-04-17T19:27:27.172+0700: 42.145: Total time for which application threads were stopped: 0.0126993 seconds, Stopping threads took: 0.0124776 seconds
2021-04-17T19:27:27.182+0700: 42.155: Total time for which application threads were stopped: 0.0011259 seconds, Stopping threads took: 0.0001050 seconds
2021-04-17T19:27:27.195+0700: 42.167: Total time for which application threads were stopped: 0.0011935 seconds, Stopping threads took: 0.0000756 seconds
2021-04-17T19:27:27.197+0700: 42.170: Total time for which application threads were stopped: 0.0004143 seconds, Stopping threads took: 0.0001297 seconds
2021-04-17T19:27:27.198+0700: 42.170: Total time for which application threads were stopped: 0.0002979 seconds, Stopping threads took: 0.0000556 seconds
2021-04-17T19:27:27.328+0700: 42.301: Total time for which application threads were stopped: 0.0012696 seconds, Stopping threads took: 0.0010115 seconds
{Heap before GC invocations=10 (full 0):
 garbage-first heap   total 524288K, used 340557K [0x00000007a0000000, 0x00000007a0101000, 0x00000007c0000000)
  region size 1024K, 307 young (314368K), 33 survivors (33792K)
 Metaspace       used 54807K, capacity 57326K, committed 57420K, reserved 1099776K
  class space    used 6690K, capacity 7163K, committed 7244K, reserved 1048576K
2021-04-17T19:27:27.335+0700: 42.308: [GC pause (G1 Evacuation Pause) (young)
Desired survivor size 20447232 bytes, new threshold 3 (max 15)
- age   1:   10997304 bytes,   10997304 total
- age   2:    8235680 bytes,   19232984 total
- age   3:    3950272 bytes,   23183256 total
, 0.1023175 secs]
   [Parallel Time: 38.0 ms, GC Workers: 4]
      [GC Worker Start (ms): Min: 42308.0, Avg: 42308.0, Max: 42308.0, Diff: 0.0]
      [Ext Root Scanning (ms): Min: 1.2, Avg: 2.3, Max: 4.4, Diff: 3.3, Sum: 9.2]
      [Update RS (ms): Min: 0.1, Avg: 1.7, Max: 2.4, Diff: 2.3, Sum: 6.8]
         [Processed Buffers: Min: 3, Avg: 13.0, Max: 25, Diff: 22, Sum: 52]
      [Scan RS (ms): Min: 0.6, Avg: 0.7, Max: 0.8, Diff: 0.2, Sum: 2.9]
      [Code Root Scanning (ms): Min: 0.1, Avg: 0.8, Max: 1.7, Diff: 1.6, Sum: 3.1]
      [Object Copy (ms): Min: 31.6, Avg: 32.4, Max: 33.6, Diff: 2.0, Sum: 129.5]
      [Termination (ms): Min: 0.0, Avg: 0.0, Max: 0.0, Diff: 0.0, Sum: 0.0]
         [Termination Attempts: Min: 1, Avg: 2.5, Max: 4, Diff: 3, Sum: 10]
      [GC Worker Other (ms): Min: 0.0, Avg: 0.0, Max: 0.0, Diff: 0.0, Sum: 0.1]
      [GC Worker Total (ms): Min: 37.9, Avg: 37.9, Max: 37.9, Diff: 0.0, Sum: 151.6]
      [GC Worker End (ms): Min: 42345.9, Avg: 42345.9, Max: 42345.9, Diff: 0.0]
   [Code Root Fixup: 0.1 ms]
   [Code Root Purge: 0.1 ms]
   [Clear CT: 0.1 ms]
   [Other: 64.1 ms]
      [Choose CSet: 0.0 ms]
      [Ref Proc: 63.4 ms]
      [Ref Enq: 0.1 ms]
      [Redirty Cards: 0.1 ms]
      [Humongous Register: 0.0 ms]
      [Humongous Reclaim: 0.0 ms]
      [Free CSet: 0.3 ms]
   [Eden: 274.0M(274.0M)->0.0B(273.0M) Survivors: 33.0M->34.0M Heap: 332.6M(512.0M)->65.5M(512.0M)]
Heap after GC invocations=11 (full 0):
 garbage-first heap   total 524288K, used 67072K [0x00000007a0000000, 0x00000007a0101000, 0x00000007c0000000)
  region size 1024K, 34 young (34816K), 34 survivors (34816K)
 Metaspace       used 54807K, capacity 57326K, committed 57420K, reserved 1099776K
  class space    used 6690K, capacity 7163K, committed 7244K, reserved 1048576K
}
 [Times: user=0.19 sys=0.01, real=0.10 secs] 
2021-04-17T19:27:27.438+0700: 42.411: Total time for which application threads were stopped: 0.1032758 seconds, Stopping threads took: 0.0002228 seconds
2021-04-17T19:27:27.440+0700: 42.412: Total time for which application threads were stopped: 0.0003087 seconds, Stopping threads took: 0.0000657 seconds
2021-04-17T19:27:27.451+0700: 42.423: Total time for which application threads were stopped: 0.0003568 seconds, Stopping threads took: 0.0000763 seconds
2021-04-17T19:27:27.469+0700: 42.442: Total time for which application threads were stopped: 0.0050790 seconds, Stopping threads took: 0.0048343 seconds
2021-04-17T19:27:27.494+0700: 42.466: Total time for which application threads were stopped: 0.0003103 seconds, Stopping threads took: 0.0000699 seconds
2021-04-17T19:27:27.504+0700: 42.476: Total time for which application threads were stopped: 0.0083834 seconds, Stopping threads took: 0.0081245 seconds
2021-04-17T19:27:27.511+0700: 42.484: Total time for which application threads were stopped: 0.0006170 seconds, Stopping threads took: 0.0003941 seconds
2021-04-17T19:27:27.513+0700: 42.486: Total time for which application threads were stopped: 0.0004062 seconds, Stopping threads took: 0.0001799 seconds
2021-04-17T19:27:27.537+0700: 42.509: Total time for which application threads were stopped: 0.0078740 seconds, Stopping threads took: 0.0076476 seconds
2021-04-17T19:27:27.592+0700: 42.564: Total time for which application threads were stopped: 0.0068586 seconds, Stopping threads took: 0.0066084 seconds
2021-04-17T19:27:27.605+0700: 42.578: Total time for which application threads were stopped: 0.0078076 seconds, Stopping threads took: 0.0075871 seconds
2021-04-17T19:27:27.607+0700: 42.579: Total time for which application threads were stopped: 0.0004486 seconds, Stopping threads took: 0.0002600 seconds
2021-04-17T19:27:27.623+0700: 42.596: Total time for which application threads were stopped: 0.0069858 seconds, Stopping threads took: 0.0067754 seconds
2021-04-17T19:27:27.636+0700: 42.608: Total time for which application threads were stopped: 0.0057972 seconds, Stopping threads took: 0.0055439 seconds
2021-04-17T19:27:27.640+0700: 42.613: Total time for which application threads were stopped: 0.0006714 seconds, Stopping threads took: 0.0000771 seconds
2021-04-17T19:27:27.641+0700: 42.614: Total time for which application threads were stopped: 0.0002424 seconds, Stopping threads took: 0.0000574 seconds
2021-04-17T19:27:27.646+0700: 42.618: Total time for which application threads were stopped: 0.0008324 seconds, Stopping threads took: 0.0004847 seconds
2021-04-17T19:27:27.655+0700: 42.628: Total time for which application threads were stopped: 0.0003673 seconds, Stopping threads took: 0.0001251 seconds
2021-04-17T19:27:27.700+0700: 42.673: Total time for which application threads were stopped: 0.0268722 seconds, Stopping threads took: 0.0266384 seconds
2021-04-17T19:27:27.702+0700: 42.674: Total time for which application threads were stopped: 0.0002883 seconds, Stopping threads took: 0.0000735 seconds
2021-04-17T19:27:27.702+0700: 42.674: Total time for which application threads were stopped: 0.0002027 seconds, Stopping threads took: 0.0000237 seconds
2021-04-17T19:27:27.702+0700: 42.675: Total time for which application threads were stopped: 0.0002537 seconds, Stopping threads took: 0.0000740 seconds
2021-04-17T19:27:27.735+0700: 42.707: Total time for which application threads were stopped: 0.0155325 seconds, Stopping threads took: 0.0152920 seconds
2021-04-17T19:27:27.735+0700: 42.708: Total time for which application threads were stopped: 0.0002924 seconds, Stopping threads took: 0.0000931 seconds
2021-04-17T19:27:27.735+0700: 42.708: Total time for which application threads were stopped: 0.0001879 seconds, Stopping threads took: 0.0000203 seconds
2021-04-17T19:27:27.736+0700: 42.708: Total time for which application threads were stopped: 0.0001793 seconds, Stopping threads took: 0.0000190 seconds
2021-04-17T19:27:27.878+0700: 42.850: Total time for which application threads were stopped: 0.0002879 seconds, Stopping threads took: 0.0000727 seconds
2021-04-17T19:27:28.035+0700: 43.008: Total time for which application threads were stopped: 0.0122809 seconds, Stopping threads took: 0.0120164 seconds
2021-04-17T19:27:28.526+0700: 43.498: Total time for which application threads were stopped: 0.0003287 seconds, Stopping threads took: 0.0000623 seconds
2021-04-17T19:27:28.529+0700: 43.501: Total time for which application threads were stopped: 0.0012678 seconds, Stopping threads took: 0.0010266 seconds
2021-04-17T19:27:28.534+0700: 43.506: Total time for which application threads were stopped: 0.0001940 seconds, Stopping threads took: 0.0000310 seconds
2021-04-17T19:27:28.608+0700: 43.580: Total time for which application threads were stopped: 0.0002257 seconds, Stopping threads took: 0.0000477 seconds
2021-04-17T19:27:28.608+0700: 43.581: Total time for which application threads were stopped: 0.0001930 seconds, Stopping threads took: 0.0000286 seconds
2021-04-17T19:27:28.674+0700: 43.647: Total time for which application threads were stopped: 0.0002292 seconds, Stopping threads took: 0.0000340 seconds
2021-04-17T19:27:28.675+0700: 43.648: Total time for which application threads were stopped: 0.0002284 seconds, Stopping threads took: 0.0000327 seconds
2021-04-17T19:27:28.693+0700: 43.665: Total time for which application threads were stopped: 0.0002351 seconds, Stopping threads took: 0.0000476 seconds
2021-04-17T19:27:28.693+0700: 43.666: Total time for which application threads were stopped: 0.0002364 seconds, Stopping threads took: 0.0000586 seconds
2021-04-17T19:27:28.949+0700: 43.921: Total time for which application threads were stopped: 0.0003047 seconds, Stopping threads took: 0.0000646 seconds
2021-04-17T19:27:28.950+0700: 43.922: Total time for which application threads were stopped: 0.0002169 seconds, Stopping threads took: 0.0000333 seconds
2021-04-17T19:27:29.124+0700: 44.096: Total time for which application threads were stopped: 0.0002539 seconds, Stopping threads took: 0.0000398 seconds
2021-04-17T19:27:29.794+0700: 44.766: Total time for which application threads were stopped: 0.0003824 seconds, Stopping threads took: 0.0000669 seconds
2021-04-17T19:27:29.887+0700: 44.859: Total time for which application threads were stopped: 0.0070278 seconds, Stopping threads took: 0.0067866 seconds
{Heap before GC invocations=11 (full 0):
 garbage-first heap   total 524288K, used 346624K [0x00000007a0000000, 0x00000007a0101000, 0x00000007c0000000)
  region size 1024K, 307 young (314368K), 34 survivors (34816K)
 Metaspace       used 55534K, capacity 58082K, committed 58188K, reserved 1099776K
  class space    used 6750K, capacity 7241K, committed 7244K, reserved 1048576K
2021-04-17T19:27:30.022+0700: 44.994: [GC pause (G1 Evacuation Pause) (young)
Desired survivor size 20447232 bytes, new threshold 2 (max 15)
- age   1:   11238368 bytes,   11238368 total
- age   2:    9249728 bytes,   20488096 total
- age   3:    8217304 bytes,   28705400 total
, 0.1298274 secs]
   [Parallel Time: 46.5 ms, GC Workers: 4]
      [GC Worker Start (ms): Min: 44994.1, Avg: 44994.2, Max: 44994.2, Diff: 0.0]
      [Ext Root Scanning (ms): Min: 1.3, Avg: 1.5, Max: 2.0, Diff: 0.7, Sum: 6.0]
      [Update RS (ms): Min: 2.7, Avg: 2.8, Max: 2.9, Diff: 0.2, Sum: 11.3]
         [Processed Buffers: Min: 5, Avg: 11.8, Max: 16, Diff: 11, Sum: 47]
      [Scan RS (ms): Min: 0.1, Avg: 0.2, Max: 0.3, Diff: 0.2, Sum: 0.9]
      [Code Root Scanning (ms): Min: 0.0, Avg: 0.3, Max: 0.5, Diff: 0.5, Sum: 1.1]
      [Object Copy (ms): Min: 41.4, Avg: 41.6, Max: 41.9, Diff: 0.5, Sum: 166.4]
      [Termination (ms): Min: 0.0, Avg: 0.0, Max: 0.0, Diff: 0.0, Sum: 0.0]
         [Termination Attempts: Min: 1, Avg: 1.0, Max: 1, Diff: 0, Sum: 4]
      [GC Worker Other (ms): Min: 0.0, Avg: 0.0, Max: 0.1, Diff: 0.0, Sum: 0.1]
      [GC Worker Total (ms): Min: 46.4, Avg: 46.5, Max: 46.5, Diff: 0.1, Sum: 185.9]
      [GC Worker End (ms): Min: 45040.6, Avg: 45040.6, Max: 45040.6, Diff: 0.0]
   [Code Root Fixup: 0.0 ms]
   [Code Root Purge: 0.0 ms]
   [Clear CT: 0.2 ms]
   [Other: 83.1 ms]
      [Choose CSet: 0.0 ms]
      [Ref Proc: 82.6 ms]
      [Ref Enq: 0.0 ms]
      [Redirty Cards: 0.1 ms]
      [Humongous Register: 0.0 ms]
      [Humongous Reclaim: 0.0 ms]
      [Free CSet: 0.1 ms]
   [Eden: 273.0M(273.0M)->0.0B(285.0M) Survivors: 34.0M->22.0M Heap: 338.5M(512.0M)->72.0M(512.0M)]
Heap after GC invocations=12 (full 0):
 garbage-first heap   total 524288K, used 73728K [0x00000007a0000000, 0x00000007a0101000, 0x00000007c0000000)
  region size 1024K, 22 young (22528K), 22 survivors (22528K)
 Metaspace       used 55534K, capacity 58082K, committed 58188K, reserved 1099776K
  class space    used 6750K, capacity 7241K, committed 7244K, reserved 1048576K
}
 [Times: user=0.20 sys=0.01, real=0.13 secs] 
2021-04-17T19:27:30.152+0700: 45.124: Total time for which application threads were stopped: 0.1302919 seconds, Stopping threads took: 0.0000376 seconds
2021-04-17T19:27:30.154+0700: 45.126: Total time for which application threads were stopped: 0.0003188 seconds, Stopping threads took: 0.0000887 seconds
2021-04-17T19:27:30.154+0700: 45.127: Total time for which application threads were stopped: 0.0002505 seconds, Stopping threads took: 0.0000419 seconds
2021-04-17T19:27:30.161+0700: 45.133: Total time for which application threads were stopped: 0.0002990 seconds, Stopping threads took: 0.0000380 seconds
2021-04-17T19:27:30.193+0700: 45.165: Total time for which application threads were stopped: 0.0002650 seconds, Stopping threads took: 0.0000633 seconds
2021-04-17T19:27:30.197+0700: 45.169: Total time for which application threads were stopped: 0.0002811 seconds, Stopping threads took: 0.0000748 seconds
2021-04-17T19:27:30.406+0700: 45.378: Total time for which application threads were stopped: 0.0003440 seconds, Stopping threads took: 0.0000790 seconds
2021-04-17T19:27:30.433+0700: 45.406: Total time for which application threads were stopped: 0.0006239 seconds, Stopping threads took: 0.0003819 seconds
2021-04-17T19:27:30.440+0700: 45.412: Total time for which application threads were stopped: 0.0002889 seconds, Stopping threads took: 0.0000674 seconds
2021-04-17T19:27:30.448+0700: 45.420: Total time for which application threads were stopped: 0.0002980 seconds, Stopping threads took: 0.0000605 seconds
2021-04-17T19:27:30.449+0700: 45.421: Total time for which application threads were stopped: 0.0002498 seconds, Stopping threads took: 0.0000531 seconds
2021-04-17T19:27:30.497+0700: 45.469: Total time for which application threads were stopped: 0.0004537 seconds, Stopping threads took: 0.0002077 seconds
2021-04-17T19:27:30.498+0700: 45.470: Total time for which application threads were stopped: 0.0002057 seconds, Stopping threads took: 0.0000320 seconds
2021-04-17T19:27:30.514+0700: 45.487: Total time for which application threads were stopped: 0.0002759 seconds, Stopping threads took: 0.0000670 seconds
2021-04-17T19:27:30.519+0700: 45.491: Total time for which application threads were stopped: 0.0002715 seconds, Stopping threads took: 0.0000782 seconds
2021-04-17T19:27:30.959+0700: 45.931: Total time for which application threads were stopped: 0.0002390 seconds, Stopping threads took: 0.0001122 seconds
2021-04-17T19:27:30.959+0700: 45.932: Total time for which application threads were stopped: 0.0001683 seconds, Stopping threads took: 0.0000676 seconds
2021-04-17T19:27:30.959+0700: 45.932: Total time for which application threads were stopped: 0.0001414 seconds, Stopping threads took: 0.0000653 seconds
2021-04-17T19:27:30.971+0700: 45.943: Total time for which application threads were stopped: 0.0006593 seconds, Stopping threads took: 0.0003619 seconds
2021-04-17T19:27:30.971+0700: 45.943: Total time for which application threads were stopped: 0.0002333 seconds, Stopping threads took: 0.0000396 seconds
2021-04-17T19:27:30.972+0700: 45.944: Total time for which application threads were stopped: 0.0003616 seconds, Stopping threads took: 0.0000526 seconds
2021-04-17T19:27:30.983+0700: 45.956: Total time for which application threads were stopped: 0.0002768 seconds, Stopping threads took: 0.0000705 seconds
2021-04-17T19:27:30.984+0700: 45.956: Total time for which application threads were stopped: 0.0001911 seconds, Stopping threads took: 0.0000242 seconds
2021-04-17T19:27:30.984+0700: 45.956: Total time for which application threads were stopped: 0.0001562 seconds, Stopping threads took: 0.0000181 seconds
2021-04-17T19:27:30.984+0700: 45.957: Total time for which application threads were stopped: 0.0001933 seconds, Stopping threads took: 0.0000446 seconds
2021-04-17T19:27:30.993+0700: 45.965: Total time for which application threads were stopped: 0.0002566 seconds, Stopping threads took: 0.0000682 seconds
2021-04-17T19:27:30.993+0700: 45.965: Total time for which application threads were stopped: 0.0001813 seconds, Stopping threads took: 0.0000206 seconds
2021-04-17T19:27:30.993+0700: 45.966: Total time for which application threads were stopped: 0.0001627 seconds, Stopping threads took: 0.0000164 seconds
2021-04-17T19:27:30.993+0700: 45.966: Total time for which application threads were stopped: 0.0001335 seconds, Stopping threads took: 0.0000138 seconds
2021-04-17T19:27:31.109+0700: 46.082: Total time for which application threads were stopped: 0.0002566 seconds, Stopping threads took: 0.0000496 seconds
2021-04-17T19:27:31.117+0700: 46.089: Total time for which application threads were stopped: 0.0002784 seconds, Stopping threads took: 0.0000830 seconds
2021-04-17T19:27:31.118+0700: 46.090: Total time for which application threads were stopped: 0.0002149 seconds, Stopping threads took: 0.0000462 seconds
2021-04-17T19:27:31.388+0700: 46.360: Total time for which application threads were stopped: 0.0002603 seconds, Stopping threads took: 0.0000389 seconds
2021-04-17T19:27:31.400+0700: 46.372: Total time for which application threads were stopped: 0.0002528 seconds, Stopping threads took: 0.0000658 seconds
2021-04-17T19:27:31.425+0700: 46.398: Total time for which application threads were stopped: 0.0119382 seconds, Stopping threads took: 0.0117185 seconds
2021-04-17T19:27:31.426+0700: 46.398: Total time for which application threads were stopped: 0.0001896 seconds, Stopping threads took: 0.0000227 seconds
2021-04-17T19:27:31.426+0700: 46.398: Total time for which application threads were stopped: 0.0001404 seconds, Stopping threads took: 0.0000127 seconds
2021-04-17T19:27:31.426+0700: 46.398: Total time for which application threads were stopped: 0.0001283 seconds, Stopping threads took: 0.0000125 seconds
2021-04-17T19:27:31.426+0700: 46.398: Total time for which application threads were stopped: 0.0001355 seconds, Stopping threads took: 0.0000125 seconds
2021-04-17T19:27:31.426+0700: 46.399: Total time for which application threads were stopped: 0.0001396 seconds, Stopping threads took: 0.0000128 seconds
2021-04-17T19:27:31.426+0700: 46.399: Total time for which application threads were stopped: 0.0001359 seconds, Stopping threads took: 0.0000126 seconds
2021-04-17T19:27:31.427+0700: 46.399: Total time for which application threads were stopped: 0.0001962 seconds, Stopping threads took: 0.0000757 seconds
2021-04-17T19:27:31.428+0700: 46.400: Total time for which application threads were stopped: 0.0013547 seconds, Stopping threads took: 0.0010958 seconds
2021-04-17T19:27:31.428+0700: 46.401: Total time for which application threads were stopped: 0.0001933 seconds, Stopping threads took: 0.0000432 seconds
2021-04-17T19:27:31.429+0700: 46.401: Total time for which application threads were stopped: 0.0006633 seconds, Stopping threads took: 0.0004786 seconds
2021-04-17T19:27:31.429+0700: 46.402: Total time for which application threads were stopped: 0.0001848 seconds, Stopping threads took: 0.0000440 seconds
2021-04-17T19:27:31.430+0700: 46.402: Total time for which application threads were stopped: 0.0002039 seconds, Stopping threads took: 0.0000580 seconds
2021-04-17T19:27:31.430+0700: 46.402: Total time for which application threads were stopped: 0.0001805 seconds, Stopping threads took: 0.0000392 seconds
2021-04-17T19:27:31.430+0700: 46.402: Total time for which application threads were stopped: 0.0001294 seconds, Stopping threads took: 0.0000123 seconds
2021-04-17T19:27:31.430+0700: 46.402: Total time for which application threads were stopped: 0.0001266 seconds, Stopping threads took: 0.0000122 seconds
2021-04-17T19:27:31.430+0700: 46.403: Total time for which application threads were stopped: 0.0002000 seconds, Stopping threads took: 0.0000673 seconds
2021-04-17T19:27:31.431+0700: 46.403: Total time for which application threads were stopped: 0.0001476 seconds, Stopping threads took: 0.0000291 seconds
2021-04-17T19:27:31.431+0700: 46.403: Total time for which application threads were stopped: 0.0001625 seconds, Stopping threads took: 0.0000384 seconds
2021-04-17T19:27:31.431+0700: 46.404: Total time for which application threads were stopped: 0.0006189 seconds, Stopping threads took: 0.0000534 seconds
2021-04-17T19:27:31.444+0700: 46.416: Total time for which application threads were stopped: 0.0002600 seconds, Stopping threads took: 0.0000526 seconds
2021-04-17T19:27:31.507+0700: 46.479: Total time for which application threads were stopped: 0.0003220 seconds, Stopping threads took: 0.0000767 seconds
2021-04-17T19:27:31.629+0700: 46.601: Total time for which application threads were stopped: 0.0007690 seconds, Stopping threads took: 0.0000532 seconds
2021-04-17T19:27:31.663+0700: 46.636: Total time for which application threads were stopped: 0.0129050 seconds, Stopping threads took: 0.0126615 seconds
2021-04-17T19:27:31.664+0700: 46.636: Total time for which application threads were stopped: 0.0002203 seconds, Stopping threads took: 0.0000264 seconds
2021-04-17T19:27:31.670+0700: 46.643: Total time for which application threads were stopped: 0.0004208 seconds, Stopping threads took: 0.0002081 seconds
2021-04-17T19:27:31.671+0700: 46.643: Total time for which application threads were stopped: 0.0001925 seconds, Stopping threads took: 0.0000205 seconds
2021-04-17T19:27:31.683+0700: 46.656: Total time for which application threads were stopped: 0.0008596 seconds, Stopping threads took: 0.0006242 seconds
2021-04-17T19:27:31.685+0700: 46.657: Total time for which application threads were stopped: 0.0002592 seconds, Stopping threads took: 0.0000662 seconds
2021-04-17T19:27:31.685+0700: 46.658: Total time for which application threads were stopped: 0.0001938 seconds, Stopping threads took: 0.0000368 seconds
2021-04-17T19:27:31.686+0700: 46.658: Total time for which application threads were stopped: 0.0001612 seconds, Stopping threads took: 0.0000157 seconds
2021-04-17T19:27:31.686+0700: 46.658: Total time for which application threads were stopped: 0.0002063 seconds, Stopping threads took: 0.0000377 seconds
2021-04-17T19:27:31.686+0700: 46.659: Total time for which application threads were stopped: 0.0002176 seconds, Stopping threads took: 0.0000194 seconds
2021-04-17T19:27:31.700+0700: 46.672: Total time for which application threads were stopped: 0.0003660 seconds, Stopping threads took: 0.0001413 seconds
2021-04-17T19:27:31.707+0700: 46.679: Total time for which application threads were stopped: 0.0002750 seconds, Stopping threads took: 0.0000633 seconds
2021-04-17T19:27:31.709+0700: 46.681: Total time for which application threads were stopped: 0.0002773 seconds, Stopping threads took: 0.0000391 seconds
2021-04-17T19:27:31.715+0700: 46.688: Total time for which application threads were stopped: 0.0002458 seconds, Stopping threads took: 0.0000583 seconds
2021-04-17T19:27:31.735+0700: 46.707: Total time for which application threads were stopped: 0.0006440 seconds, Stopping threads took: 0.0004265 seconds
2021-04-17T19:27:31.748+0700: 46.720: Total time for which application threads were stopped: 0.0003076 seconds, Stopping threads took: 0.0000550 seconds
2021-04-17T19:27:31.762+0700: 46.735: Total time for which application threads were stopped: 0.0002654 seconds, Stopping threads took: 0.0000384 seconds
2021-04-17T19:27:31.763+0700: 46.735: Total time for which application threads were stopped: 0.0001997 seconds, Stopping threads took: 0.0000229 seconds
{Heap before GC invocations=12 (full 0):
 garbage-first heap   total 524288K, used 149632K [0x00000007a0000000, 0x00000007a0101000, 0x00000007c0000000)
  region size 1024K, 95 young (97280K), 22 survivors (22528K)
 Metaspace       used 58404K, capacity 61209K, committed 61220K, reserved 1103872K
  class space    used 7129K, capacity 7628K, committed 7628K, reserved 1048576K
2021-04-17T19:27:31.764+0700: 46.736: [GC pause (Metadata GC Threshold) (young) (initial-mark)
Desired survivor size 20447232 bytes, new threshold 15 (max 15)
- age   1:    9382920 bytes,    9382920 total
- age   2:   10196120 bytes,   19579040 total
, 0.0537753 secs]
   [Parallel Time: 29.4 ms, GC Workers: 4]
      [GC Worker Start (ms): Min: 46736.3, Avg: 46736.4, Max: 46736.4, Diff: 0.1]
      [Ext Root Scanning (ms): Min: 2.8, Avg: 3.2, Max: 3.4, Diff: 0.7, Sum: 12.9]
      [Update RS (ms): Min: 1.8, Avg: 1.9, Max: 2.2, Diff: 0.3, Sum: 7.8]
         [Processed Buffers: Min: 9, Avg: 16.2, Max: 23, Diff: 14, Sum: 65]
      [Scan RS (ms): Min: 0.5, Avg: 0.7, Max: 0.9, Diff: 0.4, Sum: 2.7]
      [Code Root Scanning (ms): Min: 0.0, Avg: 0.1, Max: 0.3, Diff: 0.3, Sum: 0.5]
      [Object Copy (ms): Min: 22.8, Avg: 23.1, Max: 23.5, Diff: 0.7, Sum: 92.2]
      [Termination (ms): Min: 0.0, Avg: 0.2, Max: 0.2, Diff: 0.2, Sum: 0.7]
         [Termination Attempts: Min: 1, Avg: 1.0, Max: 1, Diff: 0, Sum: 4]
      [GC Worker Other (ms): Min: 0.0, Avg: 0.0, Max: 0.0, Diff: 0.0, Sum: 0.0]
      [GC Worker Total (ms): Min: 29.2, Avg: 29.2, Max: 29.3, Diff: 0.1, Sum: 116.9]
      [GC Worker End (ms): Min: 46765.5, Avg: 46765.6, Max: 46765.6, Diff: 0.1]
   [Code Root Fixup: 0.0 ms]
   [Code Root Purge: 0.0 ms]
   [Clear CT: 0.1 ms]
   [Other: 24.3 ms]
      [Choose CSet: 0.0 ms]
      [Ref Proc: 23.8 ms]
      [Ref Enq: 0.1 ms]
      [Redirty Cards: 0.1 ms]
      [Humongous Register: 0.0 ms]
      [Humongous Reclaim: 0.0 ms]
      [Free CSet: 0.1 ms]
   [Eden: 73.0M(285.0M)->0.0B(277.0M) Survivors: 22.0M->30.0M Heap: 146.4M(512.0M)->82.1M(512.0M)]
Heap after GC invocations=13 (full 0):
 garbage-first heap   total 524288K, used 84096K [0x00000007a0000000, 0x00000007a0101000, 0x00000007c0000000)
  region size 1024K, 30 young (30720K), 30 survivors (30720K)
 Metaspace       used 58404K, capacity 61209K, committed 61220K, reserved 1103872K
  class space    used 7129K, capacity 7628K, committed 7628K, reserved 1048576K
}
 [Times: user=0.13 sys=0.00, real=0.05 secs] 
2021-04-17T19:27:31.818+0700: 46.790: [GC concurrent-root-region-scan-start]
2021-04-17T19:27:31.818+0700: 46.790: Total time for which application threads were stopped: 0.0543668 seconds, Stopping threads took: 0.0000326 seconds
2021-04-17T19:27:31.818+0700: 46.791: Total time for which application threads were stopped: 0.0003263 seconds, Stopping threads took: 0.0001075 seconds
2021-04-17T19:27:31.819+0700: 46.792: Total time for which application threads were stopped: 0.0002517 seconds, Stopping threads took: 0.0000567 seconds
2021-04-17T19:27:31.821+0700: 46.793: Total time for which application threads were stopped: 0.0002554 seconds, Stopping threads took: 0.0000502 seconds
2021-04-17T19:27:31.821+0700: 46.794: Total time for which application threads were stopped: 0.0002087 seconds, Stopping threads took: 0.0000228 seconds
2021-04-17T19:27:31.822+0700: 46.794: Total time for which application threads were stopped: 0.0001841 seconds, Stopping threads took: 0.0000174 seconds
2021-04-17T19:27:31.823+0700: 46.795: Total time for which application threads were stopped: 0.0002053 seconds, Stopping threads took: 0.0000234 seconds
2021-04-17T19:27:31.823+0700: 46.795: Total time for which application threads were stopped: 0.0001895 seconds, Stopping threads took: 0.0000177 seconds
2021-04-17T19:27:31.823+0700: 46.796: Total time for which application threads were stopped: 0.0001873 seconds, Stopping threads took: 0.0000149 seconds
2021-04-17T19:27:31.825+0700: 46.797: Total time for which application threads were stopped: 0.0002490 seconds, Stopping threads took: 0.0000473 seconds
2021-04-17T19:27:31.825+0700: 46.798: Total time for which application threads were stopped: 0.0001863 seconds, Stopping threads took: 0.0000176 seconds
2021-04-17T19:27:31.827+0700: 46.799: Total time for which application threads were stopped: 0.0002188 seconds, Stopping threads took: 0.0000335 seconds
2021-04-17T19:27:31.830+0700: 46.802: Total time for which application threads were stopped: 0.0002530 seconds, Stopping threads took: 0.0000380 seconds
2021-04-17T19:27:31.830+0700: 46.803: Total time for which application threads were stopped: 0.0001908 seconds, Stopping threads took: 0.0000202 seconds
2021-04-17T19:27:31.837+0700: 46.809: Total time for which application threads were stopped: 0.0002375 seconds, Stopping threads took: 0.0000377 seconds
2021-04-17T19:27:31.838+0700: 46.811: Total time for which application threads were stopped: 0.0002400 seconds, Stopping threads took: 0.0000491 seconds
2021-04-17T19:27:31.857+0700: 46.829: Total time for which application threads were stopped: 0.0012692 seconds, Stopping threads took: 0.0000651 seconds
2021-04-17T19:27:31.864+0700: 46.836: [GC concurrent-root-region-scan-end, 0.0458919 secs]
2021-04-17T19:27:31.864+0700: 46.836: [GC concurrent-mark-start]
2021-04-17T19:27:31.882+0700: 46.854: Total time for which application threads were stopped: 0.0002918 seconds, Stopping threads took: 0.0000648 seconds
2021-04-17T19:27:31.882+0700: 46.854: Total time for which application threads were stopped: 0.0002065 seconds, Stopping threads took: 0.0000289 seconds
2021-04-17T19:27:31.882+0700: 46.855: Total time for which application threads were stopped: 0.0001545 seconds, Stopping threads took: 0.0000147 seconds
2021-04-17T19:27:32.050+0700: 47.022: [GC concurrent-mark-end, 0.1862946 secs]
2021-04-17T19:27:32.050+0700: 47.023: [GC remark 2021-04-17T19:27:32.050+0700: 47.023: [Finalize Marking, 0.0013231 secs] 2021-04-17T19:27:32.052+0700: 47.024: [GC ref-proc, 0.0337424 secs] 2021-04-17T19:27:32.086+0700: 47.058: [Unloading, 0.0201432 secs], 0.0562630 secs]
 [Times: user=0.08 sys=0.01, real=0.05 secs] 
2021-04-17T19:27:32.107+0700: 47.079: Total time for which application threads were stopped: 0.0566199 seconds, Stopping threads took: 0.0000403 seconds
2021-04-17T19:27:32.107+0700: 47.079: [GC cleanup 87M->87M(512M), 0.0015596 secs]
 [Times: user=0.00 sys=0.00, real=0.00 secs] 
2021-04-17T19:27:32.109+0700: 47.081: Total time for which application threads were stopped: 0.0019214 seconds, Stopping threads took: 0.0000598 seconds
2021-04-17T19:27:33.111+0700: 48.083: Total time for which application threads were stopped: 0.0002263 seconds, Stopping threads took: 0.0000396 seconds
2021-04-17T19:27:33.328+0700: 48.300: Total time for which application threads were stopped: 0.0005266 seconds, Stopping threads took: 0.0001749 seconds
2021-04-17T19:27:33.329+0700: 48.301: Total time for which application threads were stopped: 0.0002702 seconds, Stopping threads took: 0.0000726 seconds
2021-04-17T19:27:34.161+0700: 49.133: Total time for which application threads were stopped: 0.0004444 seconds, Stopping threads took: 0.0000629 seconds
2021-04-17T19:27:34.162+0700: 49.134: Total time for which application threads were stopped: 0.0002652 seconds, Stopping threads took: 0.0000550 seconds
2021-04-17T19:27:35.167+0700: 50.139: Total time for which application threads were stopped: 0.0004560 seconds, Stopping threads took: 0.0001315 seconds
2021-04-17T19:27:36.170+0700: 51.142: Total time for which application threads were stopped: 0.0003450 seconds, Stopping threads took: 0.0000575 seconds
2021-04-17T19:27:39.178+0700: 54.150: Total time for which application threads were stopped: 0.0004721 seconds, Stopping threads took: 0.0000831 seconds
2021-04-17T19:27:40.180+0700: 55.152: Total time for which application threads were stopped: 0.0003141 seconds, Stopping threads took: 0.0000601 seconds
2021-04-17T19:27:41.185+0700: 56.157: Total time for which application threads were stopped: 0.0004843 seconds, Stopping threads took: 0.0000718 seconds
2021-04-17T19:27:42.186+0700: 57.158: Total time for which application threads were stopped: 0.0003551 seconds, Stopping threads took: 0.0000621 seconds
2021-04-17T19:27:43.192+0700: 58.164: Total time for which application threads were stopped: 0.0004786 seconds, Stopping threads took: 0.0000741 seconds
2021-04-17T19:27:45.198+0700: 60.170: Total time for which application threads were stopped: 0.0004361 seconds, Stopping threads took: 0.0001180 seconds
2021-04-17T19:27:45.496+0700: 60.468: Total time for which application threads were stopped: 0.0002196 seconds, Stopping threads took: 0.0000591 seconds
2021-04-17T19:27:45.728+0700: 60.700: Total time for which application threads were stopped: 0.0125995 seconds, Stopping threads took: 0.0122826 seconds
2021-04-17T19:27:45.869+0700: 60.841: Total time for which application threads were stopped: 0.0002551 seconds, Stopping threads took: 0.0000332 seconds
2021-04-17T19:27:45.870+0700: 60.842: Total time for which application threads were stopped: 0.0002080 seconds, Stopping threads took: 0.0000279 seconds
2021-04-17T19:27:45.870+0700: 60.842: Total time for which application threads were stopped: 0.0002276 seconds, Stopping threads took: 0.0000445 seconds
2021-04-17T19:27:45.871+0700: 60.843: Total time for which application threads were stopped: 0.0002341 seconds, Stopping threads took: 0.0000612 seconds
2021-04-17T19:27:45.872+0700: 60.843: Total time for which application threads were stopped: 0.0002113 seconds, Stopping threads took: 0.0000462 seconds
2021-04-17T19:27:45.874+0700: 60.846: Total time for which application threads were stopped: 0.0002493 seconds, Stopping threads took: 0.0000596 seconds
2021-04-17T19:27:45.875+0700: 60.847: Total time for which application threads were stopped: 0.0002179 seconds, Stopping threads took: 0.0000345 seconds
2021-04-17T19:27:45.876+0700: 60.848: Total time for which application threads were stopped: 0.0002143 seconds, Stopping threads took: 0.0000324 seconds
2021-04-17T19:27:45.878+0700: 60.850: Total time for which application threads were stopped: 0.0002322 seconds, Stopping threads took: 0.0000369 seconds
2021-04-17T19:27:45.879+0700: 60.851: Total time for which application threads were stopped: 0.0001968 seconds, Stopping threads took: 0.0000287 seconds
2021-04-17T19:27:45.879+0700: 60.851: Total time for which application threads were stopped: 0.0002395 seconds, Stopping threads took: 0.0000601 seconds
2021-04-17T19:27:45.881+0700: 60.853: Total time for which application threads were stopped: 0.0002510 seconds, Stopping threads took: 0.0000539 seconds
2021-04-17T19:27:45.882+0700: 60.854: Total time for which application threads were stopped: 0.0002411 seconds, Stopping threads took: 0.0000570 seconds
2021-04-17T19:27:45.890+0700: 60.861: Total time for which application threads were stopped: 0.0002210 seconds, Stopping threads took: 0.0000359 seconds
2021-04-17T19:27:45.890+0700: 60.862: Total time for which application threads were stopped: 0.0001960 seconds, Stopping threads took: 0.0000414 seconds
2021-04-17T19:27:45.900+0700: 60.871: Total time for which application threads were stopped: 0.0002397 seconds, Stopping threads took: 0.0000356 seconds
2021-04-17T19:27:45.900+0700: 60.872: Total time for which application threads were stopped: 0.0002242 seconds, Stopping threads took: 0.0000466 seconds
2021-04-17T19:27:45.901+0700: 60.873: Total time for which application threads were stopped: 0.0001865 seconds, Stopping threads took: 0.0000408 seconds
2021-04-17T19:27:45.901+0700: 60.873: Total time for which application threads were stopped: 0.0004437 seconds, Stopping threads took: 0.0002861 seconds
2021-04-17T19:27:45.902+0700: 60.874: Total time for which application threads were stopped: 0.0005933 seconds, Stopping threads took: 0.0000194 seconds
2021-04-17T19:27:46.015+0700: 60.986: Total time for which application threads were stopped: 0.0002623 seconds, Stopping threads took: 0.0000354 seconds
2021-04-17T19:27:46.015+0700: 60.987: Total time for which application threads were stopped: 0.0001717 seconds, Stopping threads took: 0.0000372 seconds
2021-04-17T19:27:46.015+0700: 60.987: Total time for which application threads were stopped: 0.0001456 seconds, Stopping threads took: 0.0000179 seconds
2021-04-17T19:27:46.016+0700: 60.987: Total time for which application threads were stopped: 0.0001430 seconds, Stopping threads took: 0.0000158 seconds
2021-04-17T19:27:46.016+0700: 60.988: Total time for which application threads were stopped: 0.0001590 seconds, Stopping threads took: 0.0000315 seconds
2021-04-17T19:27:46.017+0700: 60.989: Total time for which application threads were stopped: 0.0002163 seconds, Stopping threads took: 0.0000305 seconds
2021-04-17T19:27:46.025+0700: 60.997: Total time for which application threads were stopped: 0.0002411 seconds, Stopping threads took: 0.0000371 seconds
2021-04-17T19:27:46.025+0700: 60.997: Total time for which application threads were stopped: 0.0001856 seconds, Stopping threads took: 0.0000244 seconds
2021-04-17T19:27:46.025+0700: 60.997: Total time for which application threads were stopped: 0.0001810 seconds, Stopping threads took: 0.0000203 seconds
2021-04-17T19:27:46.028+0700: 61.000: Total time for which application threads were stopped: 0.0002338 seconds, Stopping threads took: 0.0000371 seconds
2021-04-17T19:27:46.028+0700: 61.000: Total time for which application threads were stopped: 0.0001858 seconds, Stopping threads took: 0.0000190 seconds
2021-04-17T19:27:46.028+0700: 61.000: Total time for which application threads were stopped: 0.0001593 seconds, Stopping threads took: 0.0000317 seconds
2021-04-17T19:27:46.028+0700: 61.000: Total time for which application threads were stopped: 0.0001519 seconds, Stopping threads took: 0.0000297 seconds
2021-04-17T19:27:46.029+0700: 61.000: Total time for which application threads were stopped: 0.0001495 seconds, Stopping threads took: 0.0000289 seconds
2021-04-17T19:27:46.029+0700: 61.001: Total time for which application threads were stopped: 0.0001495 seconds, Stopping threads took: 0.0000289 seconds
2021-04-17T19:27:46.029+0700: 61.001: Total time for which application threads were stopped: 0.0001633 seconds, Stopping threads took: 0.0000303 seconds
2021-04-17T19:27:46.029+0700: 61.001: Total time for which application threads were stopped: 0.0001456 seconds, Stopping threads took: 0.0000294 seconds
2021-04-17T19:27:46.029+0700: 61.001: Total time for which application threads were stopped: 0.0001442 seconds, Stopping threads took: 0.0000286 seconds
2021-04-17T19:27:46.030+0700: 61.001: Total time for which application threads were stopped: 0.0001482 seconds, Stopping threads took: 0.0000293 seconds
2021-04-17T19:27:46.030+0700: 61.002: Total time for which application threads were stopped: 0.0001483 seconds, Stopping threads took: 0.0000294 seconds
2021-04-17T19:27:46.030+0700: 61.002: Total time for which application threads were stopped: 0.0001462 seconds, Stopping threads took: 0.0000292 seconds
2021-04-17T19:27:46.030+0700: 61.002: Total time for which application threads were stopped: 0.0001490 seconds, Stopping threads took: 0.0000288 seconds
2021-04-17T19:27:46.030+0700: 61.002: Total time for which application threads were stopped: 0.0001458 seconds, Stopping threads took: 0.0000297 seconds
2021-04-17T19:27:46.031+0700: 61.002: Total time for which application threads were stopped: 0.0001478 seconds, Stopping threads took: 0.0000291 seconds
2021-04-17T19:27:46.031+0700: 61.003: Total time for which application threads were stopped: 0.0001377 seconds, Stopping threads took: 0.0000290 seconds
2021-04-17T19:27:46.031+0700: 61.003: Total time for which application threads were stopped: 0.0004730 seconds, Stopping threads took: 0.0000236 seconds
2021-04-17T19:27:46.038+0700: 61.010: Total time for which application threads were stopped: 0.0002971 seconds, Stopping threads took: 0.0000792 seconds
2021-04-17T19:27:46.045+0700: 61.016: Total time for which application threads were stopped: 0.0002148 seconds, Stopping threads took: 0.0000348 seconds
2021-04-17T19:27:46.045+0700: 61.017: Total time for which application threads were stopped: 0.0001661 seconds, Stopping threads took: 0.0000208 seconds
2021-04-17T19:27:46.046+0700: 61.018: Total time for which application threads were stopped: 0.0010460 seconds, Stopping threads took: 0.0000469 seconds
2021-04-17T19:27:46.095+0700: 61.067: Total time for which application threads were stopped: 0.0002319 seconds, Stopping threads took: 0.0000375 seconds
2021-04-17T19:27:46.095+0700: 61.067: Total time for which application threads were stopped: 0.0001831 seconds, Stopping threads took: 0.0000257 seconds
2021-04-17T19:27:46.095+0700: 61.067: Total time for which application threads were stopped: 0.0001606 seconds, Stopping threads took: 0.0000196 seconds
2021-04-17T19:27:46.127+0700: 61.099: Total time for which application threads were stopped: 0.0003340 seconds, Stopping threads took: 0.0000807 seconds
2021-04-17T19:27:46.127+0700: 61.099: Total time for which application threads were stopped: 0.0002303 seconds, Stopping threads took: 0.0000647 seconds
2021-04-17T19:27:46.135+0700: 61.107: Total time for which application threads were stopped: 0.0003627 seconds, Stopping threads took: 0.0001066 seconds
2021-04-17T19:27:46.144+0700: 61.116: Total time for which application threads were stopped: 0.0004303 seconds, Stopping threads took: 0.0002130 seconds
2021-04-17T19:27:46.146+0700: 61.118: Total time for which application threads were stopped: 0.0003052 seconds, Stopping threads took: 0.0000544 seconds
2021-04-17T19:27:46.149+0700: 61.121: Total time for which application threads were stopped: 0.0002774 seconds, Stopping threads took: 0.0000613 seconds
2021-04-17T19:27:46.153+0700: 61.125: Total time for which application threads were stopped: 0.0002965 seconds, Stopping threads took: 0.0000675 seconds
2021-04-17T19:27:46.158+0700: 61.130: Total time for which application threads were stopped: 0.0003008 seconds, Stopping threads took: 0.0000753 seconds
2021-04-17T19:27:46.166+0700: 61.138: Total time for which application threads were stopped: 0.0002924 seconds, Stopping threads took: 0.0000582 seconds
2021-04-17T19:27:46.167+0700: 61.139: Total time for which application threads were stopped: 0.0002246 seconds, Stopping threads took: 0.0000302 seconds
2021-04-17T19:27:46.264+0700: 61.236: Total time for which application threads were stopped: 0.0002816 seconds, Stopping threads took: 0.0000467 seconds
2021-04-17T19:27:46.276+0700: 61.247: Total time for which application threads were stopped: 0.0002164 seconds, Stopping threads took: 0.0000392 seconds
2021-04-17T19:27:46.276+0700: 61.248: Total time for which application threads were stopped: 0.0001637 seconds, Stopping threads took: 0.0000207 seconds
2021-04-17T19:27:46.276+0700: 61.248: Total time for which application threads were stopped: 0.0001207 seconds, Stopping threads took: 0.0000124 seconds
2021-04-17T19:27:46.276+0700: 61.248: Total time for which application threads were stopped: 0.0001261 seconds, Stopping threads took: 0.0000118 seconds
2021-04-17T19:27:46.279+0700: 61.251: Total time for which application threads were stopped: 0.0002357 seconds, Stopping threads took: 0.0000382 seconds
2021-04-17T19:27:46.279+0700: 61.251: Total time for which application threads were stopped: 0.0001831 seconds, Stopping threads took: 0.0000321 seconds
2021-04-17T19:27:46.280+0700: 61.251: Total time for which application threads were stopped: 0.0001574 seconds, Stopping threads took: 0.0000182 seconds
2021-04-17T19:27:46.280+0700: 61.252: Total time for which application threads were stopped: 0.0001749 seconds, Stopping threads took: 0.0000163 seconds
2021-04-17T19:27:46.280+0700: 61.252: Total time for which application threads were stopped: 0.0001442 seconds, Stopping threads took: 0.0000150 seconds
2021-04-17T19:27:46.281+0700: 61.253: Total time for which application threads were stopped: 0.0001938 seconds, Stopping threads took: 0.0000263 seconds
2021-04-17T19:27:46.282+0700: 61.253: Total time for which application threads were stopped: 0.0001606 seconds, Stopping threads took: 0.0000195 seconds
2021-04-17T19:27:46.282+0700: 61.254: Total time for which application threads were stopped: 0.0001446 seconds, Stopping threads took: 0.0000148 seconds
2021-04-17T19:27:46.283+0700: 61.255: Total time for which application threads were stopped: 0.0002239 seconds, Stopping threads took: 0.0000462 seconds
2021-04-17T19:27:46.284+0700: 61.256: Total time for which application threads were stopped: 0.0001885 seconds, Stopping threads took: 0.0000271 seconds
2021-04-17T19:27:46.284+0700: 61.256: Total time for which application threads were stopped: 0.0001629 seconds, Stopping threads took: 0.0000169 seconds
2021-04-17T19:27:46.285+0700: 61.257: Total time for which application threads were stopped: 0.0001360 seconds, Stopping threads took: 0.0000139 seconds
2021-04-17T19:27:46.285+0700: 61.257: Total time for which application threads were stopped: 0.0001484 seconds, Stopping threads took: 0.0000145 seconds
2021-04-17T19:27:46.286+0700: 61.258: Total time for which application threads were stopped: 0.0001940 seconds, Stopping threads took: 0.0000263 seconds
2021-04-17T19:27:46.287+0700: 61.258: Total time for which application threads were stopped: 0.0001647 seconds, Stopping threads took: 0.0000192 seconds
2021-04-17T19:27:46.287+0700: 61.259: Total time for which application threads were stopped: 0.0001480 seconds, Stopping threads took: 0.0000161 seconds
2021-04-17T19:27:46.288+0700: 61.259: Total time for which application threads were stopped: 0.0001560 seconds, Stopping threads took: 0.0000167 seconds
2021-04-17T19:27:46.288+0700: 61.260: Total time for which application threads were stopped: 0.0001440 seconds, Stopping threads took: 0.0000143 seconds
2021-04-17T19:27:46.288+0700: 61.260: Total time for which application threads were stopped: 0.0001304 seconds, Stopping threads took: 0.0000128 seconds
2021-04-17T19:27:46.289+0700: 61.261: Total time for which application threads were stopped: 0.0004282 seconds, Stopping threads took: 0.0000126 seconds
2021-04-17T19:27:46.361+0700: 61.333: Total time for which application threads were stopped: 0.0003142 seconds, Stopping threads took: 0.0000415 seconds
2021-04-17T19:27:46.361+0700: 61.333: Total time for which application threads were stopped: 0.0001875 seconds, Stopping threads took: 0.0000234 seconds
2021-04-17T19:27:46.361+0700: 61.333: Total time for which application threads were stopped: 0.0001715 seconds, Stopping threads took: 0.0000200 seconds
2021-04-17T19:27:46.362+0700: 61.334: Total time for which application threads were stopped: 0.0001923 seconds, Stopping threads took: 0.0000188 seconds
2021-04-17T19:27:46.363+0700: 61.335: Total time for which application threads were stopped: 0.0001854 seconds, Stopping threads took: 0.0000226 seconds
2021-04-17T19:27:46.363+0700: 61.335: Total time for which application threads were stopped: 0.0001576 seconds, Stopping threads took: 0.0000163 seconds
2021-04-17T19:27:46.363+0700: 61.335: Total time for which application threads were stopped: 0.0002073 seconds, Stopping threads took: 0.0000130 seconds
2021-04-17T19:27:46.364+0700: 61.335: Total time for which application threads were stopped: 0.0001164 seconds, Stopping threads took: 0.0000136 seconds
2021-04-17T19:27:46.371+0700: 61.343: Total time for which application threads were stopped: 0.0002775 seconds, Stopping threads took: 0.0000574 seconds
2021-04-17T19:27:46.372+0700: 61.344: Total time for which application threads were stopped: 0.0002478 seconds, Stopping threads took: 0.0000474 seconds
2021-04-17T19:27:46.372+0700: 61.344: Total time for which application threads were stopped: 0.0001865 seconds, Stopping threads took: 0.0000234 seconds
2021-04-17T19:27:46.402+0700: 61.374: Total time for which application threads were stopped: 0.0002702 seconds, Stopping threads took: 0.0000420 seconds
2021-04-17T19:27:46.402+0700: 61.374: Total time for which application threads were stopped: 0.0002611 seconds, Stopping threads took: 0.0000249 seconds
2021-04-17T19:27:46.403+0700: 61.374: Total time for which application threads were stopped: 0.0001592 seconds, Stopping threads took: 0.0000171 seconds
2021-04-17T19:27:46.403+0700: 61.375: Total time for which application threads were stopped: 0.0001342 seconds, Stopping threads took: 0.0000143 seconds
2021-04-17T19:27:46.403+0700: 61.375: Total time for which application threads were stopped: 0.0001227 seconds, Stopping threads took: 0.0000133 seconds
{Heap before GC invocations=14 (full 0):
 garbage-first heap   total 524288K, used 367744K [0x00000007a0000000, 0x00000007a0101000, 0x00000007c0000000)
  region size 1024K, 307 young (314368K), 30 survivors (30720K)
 Metaspace       used 58890K, capacity 61703K, committed 61808K, reserved 1103872K
  class space    used 7163K, capacity 7687K, committed 7756K, reserved 1048576K
2021-04-17T19:27:46.585+0700: 61.557: [GC pause (G1 Evacuation Pause) (young)
Desired survivor size 20447232 bytes, new threshold 3 (max 15)
- age   1:    8130208 bytes,    8130208 total
- age   2:    7453528 bytes,   15583736 total
- age   3:   10191016 bytes,   25774752 total
, 0.0409273 secs]
   [Parallel Time: 36.4 ms, GC Workers: 4]
      [GC Worker Start (ms): Min: 61556.7, Avg: 61556.7, Max: 61556.7, Diff: 0.0]
      [Ext Root Scanning (ms): Min: 0.7, Avg: 1.0, Max: 1.6, Diff: 0.9, Sum: 4.1]
      [Update RS (ms): Min: 1.0, Avg: 1.5, Max: 1.9, Diff: 0.8, Sum: 5.9]
         [Processed Buffers: Min: 7, Avg: 13.8, Max: 20, Diff: 13, Sum: 55]
      [Scan RS (ms): Min: 0.0, Avg: 0.0, Max: 0.1, Diff: 0.1, Sum: 0.2]
      [Code Root Scanning (ms): Min: 0.0, Avg: 0.2, Max: 0.5, Diff: 0.5, Sum: 0.9]
      [Object Copy (ms): Min: 33.5, Avg: 33.6, Max: 33.7, Diff: 0.2, Sum: 134.3]
      [Termination (ms): Min: 0.0, Avg: 0.0, Max: 0.0, Diff: 0.0, Sum: 0.0]
         [Termination Attempts: Min: 1, Avg: 1.2, Max: 2, Diff: 1, Sum: 5]
      [GC Worker Other (ms): Min: 0.0, Avg: 0.0, Max: 0.0, Diff: 0.0, Sum: 0.1]
      [GC Worker Total (ms): Min: 36.4, Avg: 36.4, Max: 36.4, Diff: 0.0, Sum: 145.6]
      [GC Worker End (ms): Min: 61593.1, Avg: 61593.1, Max: 61593.1, Diff: 0.0]
   [Code Root Fixup: 0.0 ms]
   [Code Root Purge: 0.0 ms]
   [Clear CT: 0.1 ms]
   [Other: 4.3 ms]
      [Choose CSet: 0.0 ms]
      [Ref Proc: 3.9 ms]
      [Ref Enq: 0.1 ms]
      [Redirty Cards: 0.1 ms]
      [Humongous Register: 0.0 ms]
      [Humongous Reclaim: 0.0 ms]
      [Free CSet: 0.1 ms]
   [Eden: 277.0M(277.0M)->0.0B(276.0M) Survivors: 30.0M->31.0M Heap: 359.1M(512.0M)->94.6M(512.0M)]
Heap after GC invocations=15 (full 0):
 garbage-first heap   total 524288K, used 96896K [0x00000007a0000000, 0x00000007a0101000, 0x00000007c0000000)
  region size 1024K, 31 young (31744K), 31 survivors (31744K)
 Metaspace       used 58890K, capacity 61703K, committed 61808K, reserved 1103872K
  class space    used 7163K, capacity 7687K, committed 7756K, reserved 1048576K
}
 [Times: user=0.15 sys=0.00, real=0.04 secs] 
2021-04-17T19:27:46.626+0700: 61.598: Total time for which application threads were stopped: 0.0413577 seconds, Stopping threads took: 0.0000645 seconds
2021-04-17T19:27:46.630+0700: 61.602: Total time for which application threads were stopped: 0.0003128 seconds, Stopping threads took: 0.0001604 seconds
2021-04-17T19:27:46.630+0700: 61.602: Total time for which application threads were stopped: 0.0002399 seconds, Stopping threads took: 0.0001058 seconds
2021-04-17T19:27:46.645+0700: 61.617: Total time for which application threads were stopped: 0.0002911 seconds, Stopping threads took: 0.0000545 seconds
2021-04-17T19:27:46.645+0700: 61.617: Total time for which application threads were stopped: 0.0001689 seconds, Stopping threads took: 0.0000434 seconds
2021-04-17T19:27:46.645+0700: 61.617: Total time for which application threads were stopped: 0.0001333 seconds, Stopping threads took: 0.0000533 seconds
2021-04-17T19:27:46.648+0700: 61.619: Total time for which application threads were stopped: 0.0001925 seconds, Stopping threads took: 0.0000493 seconds
2021-04-17T19:27:46.652+0700: 61.624: Total time for which application threads were stopped: 0.0002396 seconds, Stopping threads took: 0.0000599 seconds
2021-04-17T19:27:46.652+0700: 61.624: Total time for which application threads were stopped: 0.0001969 seconds, Stopping threads took: 0.0000422 seconds
2021-04-17T19:27:46.660+0700: 61.632: Total time for which application threads were stopped: 0.0002017 seconds, Stopping threads took: 0.0000545 seconds
2021-04-17T19:27:46.661+0700: 61.633: Total time for which application threads were stopped: 0.0002050 seconds, Stopping threads took: 0.0000334 seconds
2021-04-17T19:27:46.661+0700: 61.633: Total time for which application threads were stopped: 0.0002084 seconds, Stopping threads took: 0.0000388 seconds
2021-04-17T19:27:46.664+0700: 61.636: Total time for which application threads were stopped: 0.0001677 seconds, Stopping threads took: 0.0000310 seconds
2021-04-17T19:27:46.665+0700: 61.636: Total time for which application threads were stopped: 0.0001405 seconds, Stopping threads took: 0.0000335 seconds
2021-04-17T19:27:46.665+0700: 61.637: Total time for which application threads were stopped: 0.0000954 seconds, Stopping threads took: 0.0000241 seconds
2021-04-17T19:27:46.678+0700: 61.650: Total time for which application threads were stopped: 0.0002445 seconds, Stopping threads took: 0.0000488 seconds
2021-04-17T19:27:46.678+0700: 61.650: Total time for which application threads were stopped: 0.0001591 seconds, Stopping threads took: 0.0000424 seconds
2021-04-17T19:27:46.680+0700: 61.652: Total time for which application threads were stopped: 0.0001242 seconds, Stopping threads took: 0.0000191 seconds
2021-04-17T19:27:46.680+0700: 61.652: Total time for which application threads were stopped: 0.0001188 seconds, Stopping threads took: 0.0000281 seconds
2021-04-17T19:27:46.680+0700: 61.652: Total time for which application threads were stopped: 0.0001412 seconds, Stopping threads took: 0.0000257 seconds
2021-04-17T19:27:46.683+0700: 61.655: Total time for which application threads were stopped: 0.0002529 seconds, Stopping threads took: 0.0000546 seconds
2021-04-17T19:27:47.686+0700: 62.658: Total time for which application threads were stopped: 0.0003784 seconds, Stopping threads took: 0.0000598 seconds
2021-04-17T19:27:51.494+0700: 66.465: Total time for which application threads were stopped: 0.0002440 seconds, Stopping threads took: 0.0000474 seconds
2021-04-17T19:27:51.495+0700: 66.466: Total time for which application threads were stopped: 0.0003206 seconds, Stopping threads took: 0.0001195 seconds
2021-04-17T19:27:51.495+0700: 66.467: Total time for which application threads were stopped: 0.0001675 seconds, Stopping threads took: 0.0000198 seconds
2021-04-17T19:27:51.527+0700: 66.499: Total time for which application threads were stopped: 0.0003748 seconds, Stopping threads took: 0.0000509 seconds
2021-04-17T19:27:52.529+0700: 67.501: Total time for which application threads were stopped: 0.0007829 seconds, Stopping threads took: 0.0000781 seconds
2021-04-17T19:27:56.553+0700: 71.524: Total time for which application threads were stopped: 0.0082765 seconds, Stopping threads took: 0.0080037 seconds
2021-04-17T19:27:56.921+0700: 71.893: Total time for which application threads were stopped: 0.0003549 seconds, Stopping threads took: 0.0000615 seconds
2021-04-17T19:27:56.921+0700: 71.893: Total time for which application threads were stopped: 0.0002076 seconds, Stopping threads took: 0.0000292 seconds
2021-04-17T19:27:56.923+0700: 71.895: Total time for which application threads were stopped: 0.0002648 seconds, Stopping threads took: 0.0000577 seconds
2021-04-17T19:27:56.924+0700: 71.895: Total time for which application threads were stopped: 0.0002227 seconds, Stopping threads took: 0.0000481 seconds
2021-04-17T19:27:56.924+0700: 71.896: Total time for which application threads were stopped: 0.0001763 seconds, Stopping threads took: 0.0000358 seconds
2021-04-17T19:27:56.925+0700: 71.896: Total time for which application threads were stopped: 0.0001799 seconds, Stopping threads took: 0.0000350 seconds
2021-04-17T19:27:56.934+0700: 71.906: Total time for which application threads were stopped: 0.0002736 seconds, Stopping threads took: 0.0000647 seconds
2021-04-17T19:27:56.938+0700: 71.910: Total time for which application threads were stopped: 0.0002528 seconds, Stopping threads took: 0.0000561 seconds
2021-04-17T19:27:56.938+0700: 71.910: Total time for which application threads were stopped: 0.0002076 seconds, Stopping threads took: 0.0000295 seconds
2021-04-17T19:27:56.994+0700: 71.965: Total time for which application threads were stopped: 0.0002415 seconds, Stopping threads took: 0.0000586 seconds
2021-04-17T19:27:56.994+0700: 71.965: Total time for which application threads were stopped: 0.0001689 seconds, Stopping threads took: 0.0000213 seconds
2021-04-17T19:27:56.994+0700: 71.966: Total time for which application threads were stopped: 0.0001530 seconds, Stopping threads took: 0.0000293 seconds
2021-04-17T19:27:57.057+0700: 72.028: Total time for which application threads were stopped: 0.0004712 seconds, Stopping threads took: 0.0002406 seconds
2021-04-17T19:27:57.062+0700: 72.034: Total time for which application threads were stopped: 0.0003001 seconds, Stopping threads took: 0.0000838 seconds
2021-04-17T19:27:57.063+0700: 72.034: Total time for which application threads were stopped: 0.0002542 seconds, Stopping threads took: 0.0000550 seconds
2021-04-17T19:27:57.068+0700: 72.040: Total time for which application threads were stopped: 0.0005488 seconds, Stopping threads took: 0.0002821 seconds
2021-04-17T19:27:57.147+0700: 72.118: Total time for which application threads were stopped: 0.0002734 seconds, Stopping threads took: 0.0000465 seconds
2021-04-17T19:27:57.157+0700: 72.129: Total time for which application threads were stopped: 0.0002079 seconds, Stopping threads took: 0.0000548 seconds
2021-04-17T19:27:57.158+0700: 72.129: Total time for which application threads were stopped: 0.0002112 seconds, Stopping threads took: 0.0000365 seconds
2021-04-17T19:27:57.158+0700: 72.130: Total time for which application threads were stopped: 0.0005533 seconds, Stopping threads took: 0.0000483 seconds
2021-04-17T19:27:57.163+0700: 72.134: Total time for which application threads were stopped: 0.0002752 seconds, Stopping threads took: 0.0000606 seconds
2021-04-17T19:27:57.277+0700: 72.248: Total time for which application threads were stopped: 0.0002596 seconds, Stopping threads took: 0.0000384 seconds
2021-04-17T19:27:57.277+0700: 72.249: Total time for which application threads were stopped: 0.0002999 seconds, Stopping threads took: 0.0000838 seconds
2021-04-17T19:27:57.278+0700: 72.249: Total time for which application threads were stopped: 0.0002126 seconds, Stopping threads took: 0.0000286 seconds
2021-04-17T19:27:57.278+0700: 72.250: Total time for which application threads were stopped: 0.0002023 seconds, Stopping threads took: 0.0000301 seconds
2021-04-17T19:27:57.278+0700: 72.250: Total time for which application threads were stopped: 0.0002093 seconds, Stopping threads took: 0.0000430 seconds
2021-04-17T19:27:57.279+0700: 72.250: Total time for which application threads were stopped: 0.0002039 seconds, Stopping threads took: 0.0000405 seconds
2021-04-17T19:27:57.279+0700: 72.251: Total time for which application threads were stopped: 0.0002003 seconds, Stopping threads took: 0.0000354 seconds
2021-04-17T19:27:57.293+0700: 72.265: Total time for which application threads were stopped: 0.0003267 seconds, Stopping threads took: 0.0000781 seconds
2021-04-17T19:27:57.295+0700: 72.266: Total time for which application threads were stopped: 0.0003101 seconds, Stopping threads took: 0.0000469 seconds
2021-04-17T19:27:57.297+0700: 72.268: Total time for which application threads were stopped: 0.0003061 seconds, Stopping threads took: 0.0000510 seconds
2021-04-17T19:27:57.463+0700: 72.434: Total time for which application threads were stopped: 0.0002914 seconds, Stopping threads took: 0.0000475 seconds
2021-04-17T19:27:57.474+0700: 72.445: Total time for which application threads were stopped: 0.0002502 seconds, Stopping threads took: 0.0000438 seconds
2021-04-17T19:27:57.663+0700: 72.634: Total time for which application threads were stopped: 0.0002852 seconds, Stopping threads took: 0.0000552 seconds
2021-04-17T19:27:57.666+0700: 72.637: Total time for which application threads were stopped: 0.0002464 seconds, Stopping threads took: 0.0000628 seconds
2021-04-17T19:27:57.666+0700: 72.638: Total time for which application threads were stopped: 0.0001850 seconds, Stopping threads took: 0.0000282 seconds
2021-04-17T19:27:57.666+0700: 72.638: Total time for which application threads were stopped: 0.0001590 seconds, Stopping threads took: 0.0000207 seconds
2021-04-17T19:27:57.667+0700: 72.638: Total time for which application threads were stopped: 0.0001421 seconds, Stopping threads took: 0.0000180 seconds
2021-04-17T19:27:57.677+0700: 72.649: Total time for which application threads were stopped: 0.0002467 seconds, Stopping threads took: 0.0000664 seconds
2021-04-17T19:27:57.680+0700: 72.651: Total time for which application threads were stopped: 0.0002692 seconds, Stopping threads took: 0.0000884 seconds
2021-04-17T19:27:57.680+0700: 72.652: Total time for which application threads were stopped: 0.0002049 seconds, Stopping threads took: 0.0000416 seconds
2021-04-17T19:27:57.698+0700: 72.669: Total time for which application threads were stopped: 0.0002207 seconds, Stopping threads took: 0.0000385 seconds
2021-04-17T19:27:57.698+0700: 72.670: Total time for which application threads were stopped: 0.0001745 seconds, Stopping threads took: 0.0000232 seconds
2021-04-17T19:27:57.698+0700: 72.670: Total time for which application threads were stopped: 0.0001524 seconds, Stopping threads took: 0.0000192 seconds
2021-04-17T19:27:57.747+0700: 72.719: Total time for which application threads were stopped: 0.0002210 seconds, Stopping threads took: 0.0000375 seconds
2021-04-17T19:27:57.755+0700: 72.726: Total time for which application threads were stopped: 0.0002254 seconds, Stopping threads took: 0.0000372 seconds
2021-04-17T19:27:57.756+0700: 72.727: Total time for which application threads were stopped: 0.0002030 seconds, Stopping threads took: 0.0000267 seconds
2021-04-17T19:27:58.759+0700: 73.731: Total time for which application threads were stopped: 0.0003427 seconds, Stopping threads took: 0.0000569 seconds
2021-04-17T19:28:03.769+0700: 78.741: Total time for which application threads were stopped: 0.0003437 seconds, Stopping threads took: 0.0000510 seconds
2021-04-17T19:28:05.017+0700: 79.988: Total time for which application threads were stopped: 0.0004526 seconds, Stopping threads took: 0.0000452 seconds
{Heap before GC invocations=15 (full 0):
 garbage-first heap   total 524288K, used 379520K [0x00000007a0000000, 0x00000007a0101000, 0x00000007c0000000)
  region size 1024K, 307 young (314368K), 31 survivors (31744K)
 Metaspace       used 59586K, capacity 62545K, committed 62704K, reserved 1103872K
  class space    used 7244K, capacity 7808K, committed 7884K, reserved 1048576K
2021-04-17T19:28:05.077+0700: 80.048: [GC pause (G1 Evacuation Pause) (young)
Desired survivor size 20447232 bytes, new threshold 3 (max 15)
- age   1:   13958640 bytes,   13958640 total
- age   2:    6415088 bytes,   20373728 total
- age   3:    5470496 bytes,   25844224 total
, 0.0336689 secs]
   [Parallel Time: 31.8 ms, GC Workers: 4]
      [GC Worker Start (ms): Min: 80048.3, Avg: 80048.3, Max: 80048.3, Diff: 0.0]
      [Ext Root Scanning (ms): Min: 0.7, Avg: 1.0, Max: 1.4, Diff: 0.7, Sum: 4.2]
      [Update RS (ms): Min: 1.0, Avg: 1.3, Max: 1.7, Diff: 0.7, Sum: 5.2]
         [Processed Buffers: Min: 3, Avg: 14.5, Max: 26, Diff: 23, Sum: 58]
      [Scan RS (ms): Min: 0.7, Avg: 1.0, Max: 1.1, Diff: 0.3, Sum: 3.9]
      [Code Root Scanning (ms): Min: 0.0, Avg: 0.2, Max: 0.3, Diff: 0.3, Sum: 0.7]
      [Object Copy (ms): Min: 27.9, Avg: 28.2, Max: 28.5, Diff: 0.6, Sum: 112.8]
      [Termination (ms): Min: 0.0, Avg: 0.0, Max: 0.0, Diff: 0.0, Sum: 0.0]
         [Termination Attempts: Min: 1, Avg: 1.0, Max: 1, Diff: 0, Sum: 4]
      [GC Worker Other (ms): Min: 0.0, Avg: 0.0, Max: 0.0, Diff: 0.0, Sum: 0.1]
      [GC Worker Total (ms): Min: 31.7, Avg: 31.7, Max: 31.7, Diff: 0.0, Sum: 126.8]
      [GC Worker End (ms): Min: 80080.0, Avg: 80080.0, Max: 80080.1, Diff: 0.0]
   [Code Root Fixup: 0.1 ms]
   [Code Root Purge: 0.0 ms]
   [Clear CT: 0.1 ms]
   [Other: 1.7 ms]
      [Choose CSet: 0.0 ms]
      [Ref Proc: 1.3 ms]
      [Ref Enq: 0.1 ms]
      [Redirty Cards: 0.1 ms]
      [Humongous Register: 0.0 ms]
      [Humongous Reclaim: 0.0 ms]
      [Free CSet: 0.1 ms]
   [Eden: 276.0M(276.0M)->0.0B(276.0M) Survivors: 31.0M->31.0M Heap: 370.6M(512.0M)->101.1M(512.0M)]
Heap after GC invocations=16 (full 0):
 garbage-first heap   total 524288K, used 103552K [0x00000007a0000000, 0x00000007a0101000, 0x00000007c0000000)
  region size 1024K, 31 young (31744K), 31 survivors (31744K)
 Metaspace       used 59586K, capacity 62545K, committed 62704K, reserved 1103872K
  class space    used 7244K, capacity 7808K, committed 7884K, reserved 1048576K
}
 [Times: user=0.12 sys=0.01, real=0.04 secs] 
2021-04-17T19:28:05.111+0700: 80.082: Total time for which application threads were stopped: 0.0341270 seconds, Stopping threads took: 0.0000344 seconds
2021-04-17T19:28:05.245+0700: 80.216: Total time for which application threads were stopped: 0.0017942 seconds, Stopping threads took: 0.0015175 seconds
2021-04-17T19:28:05.265+0700: 80.236: Total time for which application threads were stopped: 0.0047536 seconds, Stopping threads took: 0.0036706 seconds
2021-04-17T19:28:05.343+0700: 80.314: Total time for which application threads were stopped: 0.0003433 seconds, Stopping threads took: 0.0001357 seconds
2021-04-17T19:28:05.349+0700: 80.320: Total time for which application threads were stopped: 0.0002579 seconds, Stopping threads took: 0.0000508 seconds
2021-04-17T19:28:05.374+0700: 80.345: Total time for which application threads were stopped: 0.0003116 seconds, Stopping threads took: 0.0000866 seconds
2021-04-17T19:28:05.387+0700: 80.359: Total time for which application threads were stopped: 0.0003874 seconds, Stopping threads took: 0.0001073 seconds
2021-04-17T19:28:05.390+0700: 80.362: Total time for which application threads were stopped: 0.0012091 seconds, Stopping threads took: 0.0000634 seconds
2021-04-17T19:28:05.392+0700: 80.363: Total time for which application threads were stopped: 0.0003141 seconds, Stopping threads took: 0.0000639 seconds
2021-04-17T19:28:05.396+0700: 80.367: Total time for which application threads were stopped: 0.0004107 seconds, Stopping threads took: 0.0001338 seconds
2021-04-17T19:28:05.397+0700: 80.368: Total time for which application threads were stopped: 0.0002939 seconds, Stopping threads took: 0.0000520 seconds
2021-04-17T19:28:05.416+0700: 80.387: Total time for which application threads were stopped: 0.0003056 seconds, Stopping threads took: 0.0000769 seconds
2021-04-17T19:28:05.417+0700: 80.388: Total time for which application threads were stopped: 0.0002623 seconds, Stopping threads took: 0.0000649 seconds
2021-04-17T19:28:05.818+0700: 80.790: Total time for which application threads were stopped: 0.0005546 seconds, Stopping threads took: 0.0000599 seconds
2021-04-17T19:28:05.822+0700: 80.793: Total time for which application threads were stopped: 0.0012414 seconds, Stopping threads took: 0.0000381 seconds
2021-04-17T19:28:05.825+0700: 80.796: Total time for which application threads were stopped: 0.0002713 seconds, Stopping threads took: 0.0000392 seconds
2021-04-17T19:28:05.826+0700: 80.797: Total time for which application threads were stopped: 0.0002829 seconds, Stopping threads took: 0.0000506 seconds
2021-04-17T19:28:05.827+0700: 80.799: Total time for which application threads were stopped: 0.0002987 seconds, Stopping threads took: 0.0000422 seconds
2021-04-17T19:28:05.829+0700: 80.801: Total time for which application threads were stopped: 0.0002667 seconds, Stopping threads took: 0.0000383 seconds
2021-04-17T19:28:06.705+0700: 81.677: Total time for which application threads were stopped: 0.0129465 seconds, Stopping threads took: 0.0124262 seconds
2021-04-17T19:28:06.711+0700: 81.683: Total time for which application threads were stopped: 0.0003391 seconds, Stopping threads took: 0.0000559 seconds
2021-04-17T19:28:07.725+0700: 82.697: Total time for which application threads were stopped: 0.0137930 seconds, Stopping threads took: 0.0134328 seconds
{Heap before GC invocations=16 (full 0):
 garbage-first heap   total 524288K, used 386176K [0x00000007a0000000, 0x00000007a0101000, 0x00000007c0000000)
  region size 1024K, 307 young (314368K), 31 survivors (31744K)
 Metaspace       used 61081K, capacity 64063K, committed 64332K, reserved 1105920K
  class space    used 7332K, capacity 7887K, committed 8012K, reserved 1048576K
2021-04-17T19:28:08.013+0700: 82.984: [GC pause (G1 Evacuation Pause) (young)
Desired survivor size 20447232 bytes, new threshold 2 (max 15)
- age   1:   10839192 bytes,   10839192 total
- age   2:   10983168 bytes,   21822360 total
- age   3:    6414792 bytes,   28237152 total
, 0.0549574 secs]
   [Parallel Time: 50.9 ms, GC Workers: 4]
      [GC Worker Start (ms): Min: 82984.6, Avg: 82988.4, Max: 82993.0, Diff: 8.4]
      [Ext Root Scanning (ms): Min: 0.0, Avg: 1.2, Max: 2.4, Diff: 2.4, Sum: 4.9]
      [Update RS (ms): Min: 0.0, Avg: 1.9, Max: 3.8, Diff: 3.8, Sum: 7.7]
         [Processed Buffers: Min: 0, Avg: 13.0, Max: 29, Diff: 29, Sum: 52]
      [Scan RS (ms): Min: 0.0, Avg: 0.9, Max: 1.3, Diff: 1.2, Sum: 3.6]
      [Code Root Scanning (ms): Min: 0.0, Avg: 0.5, Max: 0.8, Diff: 0.8, Sum: 2.1]
      [Object Copy (ms): Min: 42.2, Avg: 42.5, Max: 42.7, Diff: 0.4, Sum: 169.8]
      [Termination (ms): Min: 0.0, Avg: 0.0, Max: 0.1, Diff: 0.1, Sum: 0.1]
         [Termination Attempts: Min: 1, Avg: 40.8, Max: 68, Diff: 67, Sum: 163]
      [GC Worker Other (ms): Min: 0.0, Avg: 0.0, Max: 0.0, Diff: 0.0, Sum: 0.1]
      [GC Worker Total (ms): Min: 42.5, Avg: 47.1, Max: 50.8, Diff: 8.4, Sum: 188.3]
      [GC Worker End (ms): Min: 83035.5, Avg: 83035.5, Max: 83035.5, Diff: 0.0]
   [Code Root Fixup: 0.1 ms]
   [Code Root Purge: 0.1 ms]
   [Clear CT: 0.1 ms]
   [Other: 3.8 ms]
      [Choose CSet: 0.0 ms]
      [Ref Proc: 3.0 ms]
      [Ref Enq: 0.1 ms]
      [Redirty Cards: 0.1 ms]
      [Humongous Register: 0.0 ms]
      [Humongous Reclaim: 0.0 ms]
      [Free CSet: 0.3 ms]
   [Eden: 276.0M(276.0M)->0.0B(285.0M) Survivors: 31.0M->22.0M Heap: 377.1M(512.0M)->110.6M(512.0M)]
Heap after GC invocations=17 (full 0):
 garbage-first heap   total 524288K, used 113280K [0x00000007a0000000, 0x00000007a0101000, 0x00000007c0000000)
  region size 1024K, 22 young (22528K), 22 survivors (22528K)
 Metaspace       used 61081K, capacity 64063K, committed 64332K, reserved 1105920K
  class space    used 7332K, capacity 7887K, committed 8012K, reserved 1048576K
}
 [Times: user=0.16 sys=0.02, real=0.05 secs] 
2021-04-17T19:28:08.069+0700: 83.040: Total time for which application threads were stopped: 0.0556942 seconds, Stopping threads took: 0.0000610 seconds
2021-04-17T19:28:08.078+0700: 83.049: Total time for which application threads were stopped: 0.0003208 seconds, Stopping threads took: 0.0000486 seconds
2021-04-17T19:28:08.283+0700: 83.254: Total time for which application threads were stopped: 0.0144510 seconds, Stopping threads took: 0.0140575 seconds
2021-04-17T19:28:09.308+0700: 84.280: Total time for which application threads were stopped: 0.0218586 seconds, Stopping threads took: 0.0215089 seconds
2021-04-17T19:28:10.317+0700: 85.288: Total time for which application threads were stopped: 0.0055155 seconds, Stopping threads took: 0.0052354 seconds
2021-04-17T19:28:11.321+0700: 86.292: Total time for which application threads were stopped: 0.0003744 seconds, Stopping threads took: 0.0000668 seconds
{Heap before GC invocations=17 (full 0):
 garbage-first heap   total 524288K, used 405120K [0x00000007a0000000, 0x00000007a0101000, 0x00000007c0000000)
  region size 1024K, 307 young (314368K), 22 survivors (22528K)
 Metaspace       used 61287K, capacity 64323K, committed 64588K, reserved 1105920K
  class space    used 7332K, capacity 7887K, committed 8012K, reserved 1048576K
2021-04-17T19:28:11.695+0700: 86.666: [GC pause (G1 Evacuation Pause) (young)
Desired survivor size 20447232 bytes, new threshold 15 (max 15)
- age   1:    9262432 bytes,    9262432 total
- age   2:   10212328 bytes,   19474760 total
, 0.0342148 secs]
   [Parallel Time: 21.5 ms, GC Workers: 4]
      [GC Worker Start (ms): Min: 86666.0, Avg: 86666.1, Max: 86666.1, Diff: 0.0]
      [Ext Root Scanning (ms): Min: 0.9, Avg: 1.1, Max: 1.2, Diff: 0.3, Sum: 4.2]
      [Update RS (ms): Min: 3.7, Avg: 3.7, Max: 3.8, Diff: 0.1, Sum: 15.0]
         [Processed Buffers: Min: 5, Avg: 13.5, Max: 34, Diff: 29, Sum: 54]
      [Scan RS (ms): Min: 0.5, Avg: 0.6, Max: 0.7, Diff: 0.2, Sum: 2.4]
      [Code Root Scanning (ms): Min: 0.0, Avg: 0.4, Max: 1.3, Diff: 1.3, Sum: 1.6]
      [Object Copy (ms): Min: 14.6, Avg: 15.6, Max: 16.0, Diff: 1.5, Sum: 62.4]
      [Termination (ms): Min: 0.0, Avg: 0.0, Max: 0.0, Diff: 0.0, Sum: 0.0]
         [Termination Attempts: Min: 1, Avg: 1.0, Max: 1, Diff: 0, Sum: 4]
      [GC Worker Other (ms): Min: 0.0, Avg: 0.0, Max: 0.0, Diff: 0.0, Sum: 0.1]
      [GC Worker Total (ms): Min: 21.4, Avg: 21.4, Max: 21.4, Diff: 0.0, Sum: 85.7]
      [GC Worker End (ms): Min: 86687.5, Avg: 86687.5, Max: 86687.5, Diff: 0.0]
   [Code Root Fixup: 0.0 ms]
   [Code Root Purge: 0.0 ms]
   [Clear CT: 0.2 ms]
   [Other: 12.5 ms]
      [Choose CSet: 0.0 ms]
      [Ref Proc: 11.9 ms]
      [Ref Enq: 0.0 ms]
      [Redirty Cards: 0.1 ms]
      [Humongous Register: 0.0 ms]
      [Humongous Reclaim: 0.0 ms]
      [Free CSet: 0.2 ms]
   [Eden: 285.0M(285.0M)->0.0B(275.0M) Survivors: 22.0M->32.0M Heap: 395.6M(512.0M)->120.6M(512.0M)]
Heap after GC invocations=18 (full 0):
 garbage-first heap   total 524288K, used 123520K [0x00000007a0000000, 0x00000007a0101000, 0x00000007c0000000)
  region size 1024K, 32 young (32768K), 32 survivors (32768K)
 Metaspace       used 61287K, capacity 64323K, committed 64588K, reserved 1105920K
  class space    used 7332K, capacity 7887K, committed 8012K, reserved 1048576K
}
 [Times: user=0.10 sys=0.00, real=0.03 secs] 
2021-04-17T19:28:11.729+0700: 86.700: Total time for which application threads were stopped: 0.0347723 seconds, Stopping threads took: 0.0000573 seconds
2021-04-17T19:28:12.420+0700: 87.391: Total time for which application threads were stopped: 0.0004008 seconds, Stopping threads took: 0.0000956 seconds
2021-04-17T19:28:12.421+0700: 87.392: Total time for which application threads were stopped: 0.0002884 seconds, Stopping threads took: 0.0000406 seconds
2021-04-17T19:28:12.424+0700: 87.395: Total time for which application threads were stopped: 0.0003217 seconds, Stopping threads took: 0.0000690 seconds
2021-04-17T19:28:12.426+0700: 87.397: Total time for which application threads were stopped: 0.0003058 seconds, Stopping threads took: 0.0000651 seconds
2021-04-17T19:28:12.438+0700: 87.409: Total time for which application threads were stopped: 0.0002822 seconds, Stopping threads took: 0.0000560 seconds
2021-04-17T19:28:12.439+0700: 87.410: Total time for which application threads were stopped: 0.0002492 seconds, Stopping threads took: 0.0000473 seconds
2021-04-17T19:28:12.440+0700: 87.411: Total time for which application threads were stopped: 0.0002651 seconds, Stopping threads took: 0.0000268 seconds
2021-04-17T19:28:12.454+0700: 87.425: Total time for which application threads were stopped: 0.0002851 seconds, Stopping threads took: 0.0000514 seconds
2021-04-17T19:28:12.455+0700: 87.426: Total time for which application threads were stopped: 0.0002431 seconds, Stopping threads took: 0.0000273 seconds
2021-04-17T19:28:12.738+0700: 87.709: Total time for which application threads were stopped: 0.0014010 seconds, Stopping threads took: 0.0000378 seconds
2021-04-17T19:28:12.948+0700: 87.919: Total time for which application threads were stopped: 0.0013978 seconds, Stopping threads took: 0.0000378 seconds
2021-04-17T19:28:13.960+0700: 88.931: Total time for which application threads were stopped: 0.0077325 seconds, Stopping threads took: 0.0074264 seconds
2021-04-17T19:28:14.484+0700: 89.455: Total time for which application threads were stopped: 0.0002900 seconds, Stopping threads took: 0.0000369 seconds
2021-04-17T19:28:14.485+0700: 89.456: Total time for which application threads were stopped: 0.0002478 seconds, Stopping threads took: 0.0000368 seconds
2021-04-17T19:28:14.486+0700: 89.457: Total time for which application threads were stopped: 0.0002416 seconds, Stopping threads took: 0.0000308 seconds
2021-04-17T19:28:14.489+0700: 89.460: Total time for which application threads were stopped: 0.0013667 seconds, Stopping threads took: 0.0000348 seconds
2021-04-17T19:28:14.517+0700: 89.488: Total time for which application threads were stopped: 0.0002790 seconds, Stopping threads took: 0.0000380 seconds
2021-04-17T19:28:14.522+0700: 89.493: Total time for which application threads were stopped: 0.0002794 seconds, Stopping threads took: 0.0000432 seconds
2021-04-17T19:28:14.592+0700: 89.563: Total time for which application threads were stopped: 0.0003123 seconds, Stopping threads took: 0.0000798 seconds
2021-04-17T19:28:14.603+0700: 89.574: Total time for which application threads were stopped: 0.0003133 seconds, Stopping threads took: 0.0000555 seconds
2021-04-17T19:28:14.604+0700: 89.575: Total time for which application threads were stopped: 0.0002702 seconds, Stopping threads took: 0.0000502 seconds
2021-04-17T19:28:14.604+0700: 89.575: Total time for which application threads were stopped: 0.0002062 seconds, Stopping threads took: 0.0000216 seconds
2021-04-17T19:28:14.605+0700: 89.576: Total time for which application threads were stopped: 0.0002039 seconds, Stopping threads took: 0.0000410 seconds
2021-04-17T19:28:14.605+0700: 89.576: Total time for which application threads were stopped: 0.0001829 seconds, Stopping threads took: 0.0000366 seconds
2021-04-17T19:28:14.605+0700: 89.576: Total time for which application threads were stopped: 0.0001800 seconds, Stopping threads took: 0.0000337 seconds
2021-04-17T19:28:14.606+0700: 89.577: Total time for which application threads were stopped: 0.0001988 seconds, Stopping threads took: 0.0000379 seconds
2021-04-17T19:28:14.630+0700: 89.601: Total time for which application threads were stopped: 0.0003265 seconds, Stopping threads took: 0.0000633 seconds
2021-04-17T19:28:14.695+0700: 89.666: Total time for which application threads were stopped: 0.0004072 seconds, Stopping threads took: 0.0000628 seconds
2021-04-17T19:28:14.697+0700: 89.668: Total time for which application threads were stopped: 0.0014367 seconds, Stopping threads took: 0.0011842 seconds
2021-04-17T19:28:14.697+0700: 89.668: Total time for which application threads were stopped: 0.0002454 seconds, Stopping threads took: 0.0000297 seconds
2021-04-17T19:28:14.701+0700: 89.672: Total time for which application threads were stopped: 0.0002951 seconds, Stopping threads took: 0.0000561 seconds
2021-04-17T19:28:14.727+0700: 89.698: Total time for which application threads were stopped: 0.0003067 seconds, Stopping threads took: 0.0000620 seconds
2021-04-17T19:28:14.727+0700: 89.698: Total time for which application threads were stopped: 0.0002640 seconds, Stopping threads took: 0.0000434 seconds
2021-04-17T19:28:15.423+0700: 90.394: Total time for which application threads were stopped: 0.0005059 seconds, Stopping threads took: 0.0002614 seconds
2021-04-17T19:28:15.629+0700: 90.599: Total time for which application threads were stopped: 0.0002981 seconds, Stopping threads took: 0.0000609 seconds
2021-04-17T19:28:15.631+0700: 90.602: Total time for which application threads were stopped: 0.0002844 seconds, Stopping threads took: 0.0000619 seconds
2021-04-17T19:28:15.631+0700: 90.602: Total time for which application threads were stopped: 0.0002478 seconds, Stopping threads took: 0.0000522 seconds
2021-04-17T19:28:15.645+0700: 90.616: Total time for which application threads were stopped: 0.0003144 seconds, Stopping threads took: 0.0000394 seconds
2021-04-17T19:28:15.647+0700: 90.618: Total time for which application threads were stopped: 0.0002551 seconds, Stopping threads took: 0.0000394 seconds
2021-04-17T19:28:15.662+0700: 90.633: Total time for which application threads were stopped: 0.0002702 seconds, Stopping threads took: 0.0000381 seconds
2021-04-17T19:28:15.664+0700: 90.635: Total time for which application threads were stopped: 0.0002732 seconds, Stopping threads took: 0.0000563 seconds
2021-04-17T19:28:15.664+0700: 90.635: Total time for which application threads were stopped: 0.0002258 seconds, Stopping threads took: 0.0000384 seconds
2021-04-17T19:28:15.664+0700: 90.635: Total time for which application threads were stopped: 0.0001985 seconds, Stopping threads took: 0.0000391 seconds
2021-04-17T19:28:15.672+0700: 90.643: Total time for which application threads were stopped: 0.0003051 seconds, Stopping threads took: 0.0000666 seconds
2021-04-17T19:28:15.672+0700: 90.643: Total time for which application threads were stopped: 0.0002160 seconds, Stopping threads took: 0.0000307 seconds
2021-04-17T19:28:16.675+0700: 91.646: Total time for which application threads were stopped: 0.0003159 seconds, Stopping threads took: 0.0000444 seconds
2021-04-17T19:28:18.679+0700: 93.650: Total time for which application threads were stopped: 0.0003161 seconds, Stopping threads took: 0.0000798 seconds
2021-04-17T19:28:24.144+0700: 99.115: Total time for which application threads were stopped: 0.0003335 seconds, Stopping threads took: 0.0000623 seconds
2021-04-17T19:28:24.145+0700: 99.116: Total time for which application threads were stopped: 0.0002846 seconds, Stopping threads took: 0.0000314 seconds
2021-04-17T19:28:24.147+0700: 99.117: Total time for which application threads were stopped: 0.0002870 seconds, Stopping threads took: 0.0000418 seconds
2021-04-17T19:28:24.183+0700: 99.154: Total time for which application threads were stopped: 0.0026661 seconds, Stopping threads took: 0.0023656 seconds
2021-04-17T19:28:24.210+0700: 99.180: Total time for which application threads were stopped: 0.0020691 seconds, Stopping threads took: 0.0017260 seconds
2021-04-17T19:28:24.211+0700: 99.182: Total time for which application threads were stopped: 0.0002906 seconds, Stopping threads took: 0.0000389 seconds
2021-04-17T19:28:24.220+0700: 99.191: Total time for which application threads were stopped: 0.0003116 seconds, Stopping threads took: 0.0000446 seconds
2021-04-17T19:28:24.226+0700: 99.197: Total time for which application threads were stopped: 0.0004798 seconds, Stopping threads took: 0.0001936 seconds
2021-04-17T19:28:24.232+0700: 99.202: Total time for which application threads were stopped: 0.0014914 seconds, Stopping threads took: 0.0011784 seconds
2021-04-17T19:28:24.236+0700: 99.206: Total time for which application threads were stopped: 0.0004721 seconds, Stopping threads took: 0.0000416 seconds
2021-04-17T19:28:24.265+0700: 99.236: Total time for which application threads were stopped: 0.0075537 seconds, Stopping threads took: 0.0072130 seconds
2021-04-17T19:28:24.268+0700: 99.239: Total time for which application threads were stopped: 0.0003996 seconds, Stopping threads took: 0.0000884 seconds
2021-04-17T19:28:24.378+0700: 99.349: Total time for which application threads were stopped: 0.0248486 seconds, Stopping threads took: 0.0244407 seconds
{Heap before GC invocations=18 (full 0):
 garbage-first heap   total 524288K, used 405120K [0x00000007a0000000, 0x00000007a0101000, 0x00000007c0000000)
  region size 1024K, 307 young (314368K), 32 survivors (32768K)
 Metaspace       used 62130K, capacity 65245K, committed 65356K, reserved 1105920K
  class space    used 7401K, capacity 7970K, committed 8012K, reserved 1048576K
2021-04-17T19:28:24.640+0700: 99.611: [GC pause (G1 Evacuation Pause) (young)
Desired survivor size 20447232 bytes, new threshold 3 (max 15)
- age   1:   12205040 bytes,   12205040 total
- age   2:    7576408 bytes,   19781448 total
- age   3:   10211280 bytes,   29992728 total
, 0.0635168 secs]
   [Parallel Time: 37.3 ms, GC Workers: 4]
      [GC Worker Start (ms): Min: 99611.3, Avg: 99611.3, Max: 99611.3, Diff: 0.1]
      [Ext Root Scanning (ms): Min: 1.1, Avg: 1.1, Max: 1.3, Diff: 0.2, Sum: 4.5]
      [Update RS (ms): Min: 1.3, Avg: 1.3, Max: 1.5, Diff: 0.2, Sum: 5.3]
         [Processed Buffers: Min: 2, Avg: 12.8, Max: 32, Diff: 30, Sum: 51]
      [Scan RS (ms): Min: 0.0, Avg: 0.0, Max: 0.1, Diff: 0.1, Sum: 0.2]
      [Code Root Scanning (ms): Min: 0.0, Avg: 0.5, Max: 1.0, Diff: 1.0, Sum: 1.9]
      [Object Copy (ms): Min: 21.3, Avg: 22.2, Max: 22.5, Diff: 1.2, Sum: 88.7]
      [Termination (ms): Min: 0.0, Avg: 6.3, Max: 12.2, Diff: 12.2, Sum: 25.2]
         [Termination Attempts: Min: 1, Avg: 1.2, Max: 2, Diff: 1, Sum: 5]
      [GC Worker Other (ms): Min: 0.0, Avg: 0.0, Max: 0.0, Diff: 0.0, Sum: 0.1]
      [GC Worker Total (ms): Min: 25.7, Avg: 31.4, Max: 37.2, Diff: 11.5, Sum: 125.8]
      [GC Worker End (ms): Min: 99637.0, Avg: 99642.7, Max: 99648.5, Diff: 11.5]
   [Code Root Fixup: 0.0 ms]
   [Code Root Purge: 0.0 ms]
   [Clear CT: 0.3 ms]
   [Other: 25.9 ms]
      [Choose CSet: 0.0 ms]
      [Ref Proc: 25.2 ms]
      [Ref Enq: 0.0 ms]
      [Redirty Cards: 0.1 ms]
      [Humongous Register: 0.0 ms]
      [Humongous Reclaim: 0.0 ms]
      [Free CSet: 0.2 ms]
   [Eden: 275.0M(275.0M)->0.0B(290.0M) Survivors: 32.0M->17.0M Heap: 395.6M(512.0M)->115.1M(512.0M)]
Heap after GC invocations=19 (full 0):
 garbage-first heap   total 524288K, used 117888K [0x00000007a0000000, 0x00000007a0101000, 0x00000007c0000000)
  region size 1024K, 17 young (17408K), 17 survivors (17408K)
 Metaspace       used 62130K, capacity 65245K, committed 65356K, reserved 1105920K
  class space    used 7401K, capacity 7970K, committed 8012K, reserved 1048576K
}
 [Times: user=0.12 sys=0.01, real=0.06 secs] 
2021-04-17T19:28:24.704+0700: 99.675: Total time for which application threads were stopped: 0.0641639 seconds, Stopping threads took: 0.0000676 seconds
2021-04-17T19:28:24.717+0700: 99.688: Total time for which application threads were stopped: 0.0004319 seconds, Stopping threads took: 0.0000832 seconds
2021-04-17T19:28:24.720+0700: 99.690: Total time for which application threads were stopped: 0.0003422 seconds, Stopping threads took: 0.0000546 seconds
2021-04-17T19:28:24.720+0700: 99.691: Total time for which application threads were stopped: 0.0003174 seconds, Stopping threads took: 0.0000601 seconds
2021-04-17T19:28:24.723+0700: 99.694: Total time for which application threads were stopped: 0.0005676 seconds, Stopping threads took: 0.0002890 seconds
2021-04-17T19:28:24.730+0700: 99.701: Total time for which application threads were stopped: 0.0003562 seconds, Stopping threads took: 0.0000756 seconds
2021-04-17T19:28:24.733+0700: 99.704: Total time for which application threads were stopped: 0.0007403 seconds, Stopping threads took: 0.0003785 seconds
2021-04-17T19:28:25.738+0700: 100.708: Total time for which application threads were stopped: 0.0003363 seconds, Stopping threads took: 0.0000642 seconds
2021-04-17T19:28:26.749+0700: 101.719: Total time for which application threads were stopped: 0.0087067 seconds, Stopping threads took: 0.0083278 seconds
2021-04-17T19:28:27.422+0700: 102.393: Total time for which application threads were stopped: 0.0004366 seconds, Stopping threads took: 0.0000897 seconds
2021-04-17T19:28:27.817+0700: 102.787: Total time for which application threads were stopped: 0.0003373 seconds, Stopping threads took: 0.0000576 seconds
2021-04-17T19:28:27.817+0700: 102.788: Total time for which application threads were stopped: 0.0003036 seconds, Stopping threads took: 0.0000483 seconds
2021-04-17T19:28:27.819+0700: 102.790: Total time for which application threads were stopped: 0.0002683 seconds, Stopping threads took: 0.0000559 seconds
2021-04-17T19:28:27.821+0700: 102.792: Total time for which application threads were stopped: 0.0002653 seconds, Stopping threads took: 0.0000628 seconds
2021-04-17T19:28:27.822+0700: 102.792: Total time for which application threads were stopped: 0.0002677 seconds, Stopping threads took: 0.0000446 seconds
2021-04-17T19:28:27.822+0700: 102.792: Total time for which application threads were stopped: 0.0002564 seconds, Stopping threads took: 0.0000200 seconds
2021-04-17T19:28:27.836+0700: 102.806: Total time for which application threads were stopped: 0.0002840 seconds, Stopping threads took: 0.0000408 seconds
2021-04-17T19:28:27.837+0700: 102.807: Total time for which application threads were stopped: 0.0002856 seconds, Stopping threads took: 0.0000393 seconds
2021-04-17T19:28:27.838+0700: 102.809: Total time for which application threads were stopped: 0.0007425 seconds, Stopping threads took: 0.0000562 seconds
2021-04-17T19:28:27.840+0700: 102.810: Total time for which application threads were stopped: 0.0003230 seconds, Stopping threads took: 0.0000573 seconds
2021-04-17T19:28:27.840+0700: 102.811: Total time for which application threads were stopped: 0.0002936 seconds, Stopping threads took: 0.0000530 seconds
2021-04-17T19:28:27.841+0700: 102.812: Total time for which application threads were stopped: 0.0003854 seconds, Stopping threads took: 0.0000568 seconds
2021-04-17T19:28:27.842+0700: 102.813: Total time for which application threads were stopped: 0.0003150 seconds, Stopping threads took: 0.0000287 seconds
2021-04-17T19:28:27.844+0700: 102.814: Total time for which application threads were stopped: 0.0004713 seconds, Stopping threads took: 0.0000616 seconds
2021-04-17T19:28:27.845+0700: 102.815: Total time for which application threads were stopped: 0.0004596 seconds, Stopping threads took: 0.0000396 seconds
2021-04-17T19:28:27.845+0700: 102.815: Total time for which application threads were stopped: 0.0003491 seconds, Stopping threads took: 0.0000397 seconds
2021-04-17T19:28:27.845+0700: 102.816: Total time for which application threads were stopped: 0.0002392 seconds, Stopping threads took: 0.0000563 seconds
2021-04-17T19:28:27.847+0700: 102.818: Total time for which application threads were stopped: 0.0003215 seconds, Stopping threads took: 0.0000582 seconds
2021-04-17T19:28:27.860+0700: 102.830: Total time for which application threads were stopped: 0.0005613 seconds, Stopping threads took: 0.0000604 seconds
2021-04-17T19:28:27.860+0700: 102.831: Total time for which application threads were stopped: 0.0003679 seconds, Stopping threads took: 0.0000354 seconds
2021-04-17T19:28:27.860+0700: 102.831: Total time for which application threads were stopped: 0.0002388 seconds, Stopping threads took: 0.0000206 seconds
2021-04-17T19:28:27.873+0700: 102.844: Total time for which application threads were stopped: 0.0003022 seconds, Stopping threads took: 0.0000440 seconds
2021-04-17T19:28:27.874+0700: 102.844: Total time for which application threads were stopped: 0.0002604 seconds, Stopping threads took: 0.0000277 seconds
2021-04-17T19:28:27.876+0700: 102.846: Total time for which application threads were stopped: 0.0002762 seconds, Stopping threads took: 0.0000333 seconds
2021-04-17T19:28:28.804+0700: 103.775: Total time for which application threads were stopped: 0.0147167 seconds, Stopping threads took: 0.0142975 seconds
2021-04-17T19:28:28.909+0700: 103.879: Total time for which application threads were stopped: 0.0002592 seconds, Stopping threads took: 0.0000591 seconds
2021-04-17T19:28:28.909+0700: 103.880: Total time for which application threads were stopped: 0.0002362 seconds, Stopping threads took: 0.0000269 seconds
2021-04-17T19:28:28.910+0700: 103.880: Total time for which application threads were stopped: 0.0002138 seconds, Stopping threads took: 0.0000340 seconds
2021-04-17T19:28:28.915+0700: 103.885: Total time for which application threads were stopped: 0.0002893 seconds, Stopping threads took: 0.0000422 seconds
2021-04-17T19:28:28.917+0700: 103.888: Total time for which application threads were stopped: 0.0002971 seconds, Stopping threads took: 0.0000425 seconds
2021-04-17T19:28:28.953+0700: 103.923: Total time for which application threads were stopped: 0.0002898 seconds, Stopping threads took: 0.0000550 seconds
2021-04-17T19:28:28.954+0700: 103.925: Total time for which application threads were stopped: 0.0002856 seconds, Stopping threads took: 0.0000522 seconds
2021-04-17T19:28:28.954+0700: 103.925: Total time for which application threads were stopped: 0.0002617 seconds, Stopping threads took: 0.0000471 seconds
2021-04-17T19:28:28.955+0700: 103.926: Total time for which application threads were stopped: 0.0006465 seconds, Stopping threads took: 0.0000433 seconds
2021-04-17T19:28:28.956+0700: 103.926: Total time for which application threads were stopped: 0.0002937 seconds, Stopping threads took: 0.0000492 seconds
2021-04-17T19:28:28.967+0700: 103.938: Total time for which application threads were stopped: 0.0005757 seconds, Stopping threads took: 0.0000652 seconds
2021-04-17T19:28:28.968+0700: 103.938: Total time for which application threads were stopped: 0.0003253 seconds, Stopping threads took: 0.0000454 seconds
2021-04-17T19:28:28.968+0700: 103.939: Total time for which application threads were stopped: 0.0002705 seconds, Stopping threads took: 0.0000288 seconds
2021-04-17T19:28:28.969+0700: 103.939: Total time for which application threads were stopped: 0.0002314 seconds, Stopping threads took: 0.0000227 seconds
2021-04-17T19:28:28.970+0700: 103.940: Total time for which application threads were stopped: 0.0003398 seconds, Stopping threads took: 0.0000888 seconds
2021-04-17T19:28:28.972+0700: 103.943: Total time for which application threads were stopped: 0.0013870 seconds, Stopping threads took: 0.0011297 seconds
2021-04-17T19:28:28.972+0700: 103.943: Total time for which application threads were stopped: 0.0002479 seconds, Stopping threads took: 0.0000427 seconds
2021-04-17T19:28:28.973+0700: 103.944: Total time for which application threads were stopped: 0.0002878 seconds, Stopping threads took: 0.0000553 seconds
2021-04-17T19:28:28.974+0700: 103.944: Total time for which application threads were stopped: 0.0003491 seconds, Stopping threads took: 0.0000607 seconds
2021-04-17T19:28:28.974+0700: 103.945: Total time for which application threads were stopped: 0.0002697 seconds, Stopping threads took: 0.0000262 seconds
2021-04-17T19:28:28.974+0700: 103.945: Total time for which application threads were stopped: 0.0002149 seconds, Stopping threads took: 0.0000183 seconds
2021-04-17T19:28:28.976+0700: 103.947: Total time for which application threads were stopped: 0.0003023 seconds, Stopping threads took: 0.0000384 seconds
2021-04-17T19:28:28.987+0700: 103.957: Total time for which application threads were stopped: 0.0004083 seconds, Stopping threads took: 0.0000842 seconds
2021-04-17T19:28:28.987+0700: 103.958: Total time for which application threads were stopped: 0.0003210 seconds, Stopping threads took: 0.0000632 seconds
2021-04-17T19:28:28.994+0700: 103.964: Total time for which application threads were stopped: 0.0004176 seconds, Stopping threads took: 0.0000896 seconds
2021-04-17T19:28:29.010+0700: 103.981: Total time for which application threads were stopped: 0.0003319 seconds, Stopping threads took: 0.0000439 seconds
2021-04-17T19:28:29.012+0700: 103.983: Total time for which application threads were stopped: 0.0003105 seconds, Stopping threads took: 0.0000404 seconds
2021-04-17T19:28:29.353+0700: 104.324: Total time for which application threads were stopped: 0.0003307 seconds, Stopping threads took: 0.0000671 seconds
2021-04-17T19:28:29.355+0700: 104.326: Total time for which application threads were stopped: 0.0002856 seconds, Stopping threads took: 0.0000424 seconds
2021-04-17T19:28:29.355+0700: 104.326: Total time for which application threads were stopped: 0.0002632 seconds, Stopping threads took: 0.0000552 seconds
2021-04-17T19:28:29.360+0700: 104.331: Total time for which application threads were stopped: 0.0003303 seconds, Stopping threads took: 0.0000933 seconds
2021-04-17T19:28:29.362+0700: 104.333: Total time for which application threads were stopped: 0.0003754 seconds, Stopping threads took: 0.0000404 seconds
2021-04-17T19:28:29.413+0700: 104.383: Total time for which application threads were stopped: 0.0002995 seconds, Stopping threads took: 0.0000602 seconds
2021-04-17T19:28:29.415+0700: 104.386: Total time for which application threads were stopped: 0.0003468 seconds, Stopping threads took: 0.0000809 seconds
2021-04-17T19:28:29.418+0700: 104.389: Total time for which application threads were stopped: 0.0003522 seconds, Stopping threads took: 0.0000817 seconds
2021-04-17T19:28:29.419+0700: 104.390: Total time for which application threads were stopped: 0.0003125 seconds, Stopping threads took: 0.0000635 seconds
2021-04-17T19:28:29.440+0700: 104.410: Total time for which application threads were stopped: 0.0003038 seconds, Stopping threads took: 0.0000437 seconds
2021-04-17T19:28:29.440+0700: 104.411: Total time for which application threads were stopped: 0.0002477 seconds, Stopping threads took: 0.0000288 seconds
2021-04-17T19:28:29.491+0700: 104.462: Total time for which application threads were stopped: 0.0003270 seconds, Stopping threads took: 0.0000665 seconds
2021-04-17T19:28:30.492+0700: 105.463: Total time for which application threads were stopped: 0.0004166 seconds, Stopping threads took: 0.0000480 seconds
2021-04-17T19:28:38.357+0700: 113.327: Total time for which application threads were stopped: 0.0014423 seconds, Stopping threads took: 0.0000368 seconds
2021-04-17T19:28:38.470+0700: 113.440: Total time for which application threads were stopped: 0.0003489 seconds, Stopping threads took: 0.0000507 seconds
2021-04-17T19:28:38.513+0700: 113.483: Total time for which application threads were stopped: 0.0006897 seconds, Stopping threads took: 0.0000397 seconds
2021-04-17T19:28:38.545+0700: 113.515: Total time for which application threads were stopped: 0.0003099 seconds, Stopping threads took: 0.0000658 seconds
2021-04-17T19:28:38.608+0700: 113.578: Total time for which application threads were stopped: 0.0129559 seconds, Stopping threads took: 0.0125448 seconds
2021-04-17T19:28:38.611+0700: 113.581: Total time for which application threads were stopped: 0.0004677 seconds, Stopping threads took: 0.0001488 seconds
2021-04-17T19:28:38.611+0700: 113.582: Total time for which application threads were stopped: 0.0002628 seconds, Stopping threads took: 0.0000597 seconds
2021-04-17T19:28:38.641+0700: 113.612: Total time for which application threads were stopped: 0.0008090 seconds, Stopping threads took: 0.0000500 seconds
2021-04-17T19:28:38.753+0700: 113.723: Total time for which application threads were stopped: 0.0002827 seconds, Stopping threads took: 0.0000594 seconds
2021-04-17T19:28:39.607+0700: 114.577: Total time for which application threads were stopped: 0.0004017 seconds, Stopping threads took: 0.0000940 seconds
2021-04-17T19:28:39.614+0700: 114.585: Total time for which application threads were stopped: 0.0016236 seconds, Stopping threads took: 0.0000647 seconds
2021-04-17T19:28:39.618+0700: 114.589: Total time for which application threads were stopped: 0.0003305 seconds, Stopping threads took: 0.0000469 seconds
2021-04-17T19:28:40.620+0700: 115.590: Total time for which application threads were stopped: 0.0006027 seconds, Stopping threads took: 0.0000647 seconds
2021-04-17T19:28:44.632+0700: 119.602: Total time for which application threads were stopped: 0.0002785 seconds, Stopping threads took: 0.0000432 seconds
2021-04-17T19:28:45.315+0700: 120.285: Total time for which application threads were stopped: 0.0003037 seconds, Stopping threads took: 0.0000875 seconds
2021-04-17T19:28:45.315+0700: 120.285: Total time for which application threads were stopped: 0.0001796 seconds, Stopping threads took: 0.0000201 seconds
2021-04-17T19:28:45.316+0700: 120.286: Total time for which application threads were stopped: 0.0002129 seconds, Stopping threads took: 0.0000209 seconds
2021-04-17T19:28:45.317+0700: 120.287: Total time for which application threads were stopped: 0.0012310 seconds, Stopping threads took: 0.0009922 seconds
2021-04-17T19:28:45.317+0700: 120.287: Total time for which application threads were stopped: 0.0002450 seconds, Stopping threads took: 0.0000426 seconds
2021-04-17T19:28:45.319+0700: 120.289: Total time for which application threads were stopped: 0.0002858 seconds, Stopping threads took: 0.0000670 seconds
2021-04-17T19:28:45.319+0700: 120.289: Total time for which application threads were stopped: 0.0002094 seconds, Stopping threads took: 0.0000419 seconds
2021-04-17T19:28:45.319+0700: 120.289: Total time for which application threads were stopped: 0.0002193 seconds, Stopping threads took: 0.0000349 seconds
2021-04-17T19:28:45.320+0700: 120.290: Total time for which application threads were stopped: 0.0002249 seconds, Stopping threads took: 0.0000369 seconds
2021-04-17T19:28:45.320+0700: 120.290: Total time for which application threads were stopped: 0.0002189 seconds, Stopping threads took: 0.0000393 seconds
2021-04-17T19:28:45.320+0700: 120.290: Total time for which application threads were stopped: 0.0002078 seconds, Stopping threads took: 0.0000315 seconds
2021-04-17T19:28:45.320+0700: 120.290: Total time for which application threads were stopped: 0.0002193 seconds, Stopping threads took: 0.0000350 seconds
2021-04-17T19:28:45.323+0700: 120.293: Total time for which application threads were stopped: 0.0022591 seconds, Stopping threads took: 0.0000357 seconds
2021-04-17T19:28:45.324+0700: 120.294: Total time for which application threads were stopped: 0.0003053 seconds, Stopping threads took: 0.0000595 seconds
2021-04-17T19:28:45.324+0700: 120.295: Total time for which application threads were stopped: 0.0002512 seconds, Stopping threads took: 0.0000430 seconds
2021-04-17T19:28:46.328+0700: 121.298: Total time for which application threads were stopped: 0.0003205 seconds, Stopping threads took: 0.0000463 seconds
2021-04-17T19:28:46.965+0700: 121.935: Total time for which application threads were stopped: 0.0003613 seconds, Stopping threads took: 0.0000799 seconds
2021-04-17T19:28:46.965+0700: 121.935: Total time for which application threads were stopped: 0.0003047 seconds, Stopping threads took: 0.0000729 seconds
2021-04-17T19:28:46.967+0700: 121.937: Total time for which application threads were stopped: 0.0003457 seconds, Stopping threads took: 0.0000959 seconds
2021-04-17T19:28:46.967+0700: 121.937: Total time for which application threads were stopped: 0.0003345 seconds, Stopping threads took: 0.0000921 seconds
2021-04-17T19:28:46.968+0700: 121.938: Total time for which application threads were stopped: 0.0002749 seconds, Stopping threads took: 0.0000877 seconds
2021-04-17T19:28:46.968+0700: 121.938: Total time for which application threads were stopped: 0.0001720 seconds, Stopping threads took: 0.0000413 seconds
2021-04-17T19:28:46.969+0700: 121.939: Total time for which application threads were stopped: 0.0001963 seconds, Stopping threads took: 0.0000221 seconds
2021-04-17T19:28:46.969+0700: 121.939: Total time for which application threads were stopped: 0.0002135 seconds, Stopping threads took: 0.0000233 seconds
2021-04-17T19:28:46.970+0700: 121.940: Total time for which application threads were stopped: 0.0002559 seconds, Stopping threads took: 0.0000230 seconds
2021-04-17T19:28:46.970+0700: 121.940: Total time for which application threads were stopped: 0.0002260 seconds, Stopping threads took: 0.0000262 seconds
2021-04-17T19:28:46.971+0700: 121.941: Total time for which application threads were stopped: 0.0003253 seconds, Stopping threads took: 0.0000349 seconds
2021-04-17T19:28:46.972+0700: 121.942: Total time for which application threads were stopped: 0.0003134 seconds, Stopping threads took: 0.0000287 seconds
2021-04-17T19:28:46.985+0700: 121.955: Total time for which application threads were stopped: 0.0014575 seconds, Stopping threads took: 0.0000373 seconds
2021-04-17T19:28:47.006+0700: 121.976: Total time for which application threads were stopped: 0.0004022 seconds, Stopping threads took: 0.0000480 seconds
2021-04-17T19:28:47.008+0700: 121.978: Total time for which application threads were stopped: 0.0004076 seconds, Stopping threads took: 0.0000685 seconds
2021-04-17T19:28:47.008+0700: 121.978: Total time for which application threads were stopped: 0.0003020 seconds, Stopping threads took: 0.0000624 seconds
2021-04-17T19:28:47.009+0700: 121.979: Total time for which application threads were stopped: 0.0003112 seconds, Stopping threads took: 0.0000675 seconds
2021-04-17T19:28:47.009+0700: 121.979: Total time for which application threads were stopped: 0.0002582 seconds, Stopping threads took: 0.0000455 seconds
2021-04-17T19:28:47.010+0700: 121.980: Total time for which application threads were stopped: 0.0003696 seconds, Stopping threads took: 0.0001056 seconds
2021-04-17T19:28:47.011+0700: 121.981: Total time for which application threads were stopped: 0.0002988 seconds, Stopping threads took: 0.0000732 seconds
2021-04-17T19:28:47.011+0700: 121.981: Total time for which application threads were stopped: 0.0002643 seconds, Stopping threads took: 0.0000380 seconds
2021-04-17T19:28:47.011+0700: 121.981: Total time for which application threads were stopped: 0.0002844 seconds, Stopping threads took: 0.0001205 seconds
2021-04-17T19:28:47.016+0700: 121.986: Total time for which application threads were stopped: 0.0013406 seconds, Stopping threads took: 0.0000433 seconds
2021-04-17T19:28:47.018+0700: 121.988: Total time for which application threads were stopped: 0.0003063 seconds, Stopping threads took: 0.0000632 seconds
2021-04-17T19:28:47.019+0700: 121.989: Total time for which application threads were stopped: 0.0002421 seconds, Stopping threads took: 0.0000445 seconds
2021-04-17T19:28:48.021+0700: 122.991: Total time for which application threads were stopped: 0.0004129 seconds, Stopping threads took: 0.0000509 seconds
2021-04-17T19:28:50.303+0700: 125.273: Total time for which application threads were stopped: 0.0006112 seconds, Stopping threads took: 0.0001970 seconds
2021-04-17T19:28:50.308+0700: 125.278: Total time for which application threads were stopped: 0.0003440 seconds, Stopping threads took: 0.0000454 seconds
2021-04-17T19:28:50.317+0700: 125.287: Total time for which application threads were stopped: 0.0010873 seconds, Stopping threads took: 0.0006725 seconds
2021-04-17T19:28:50.335+0700: 125.305: Total time for which application threads were stopped: 0.0003033 seconds, Stopping threads took: 0.0000641 seconds
2021-04-17T19:28:50.336+0700: 125.306: Total time for which application threads were stopped: 0.0003225 seconds, Stopping threads took: 0.0000591 seconds
2021-04-17T19:28:50.337+0700: 125.307: Total time for which application threads were stopped: 0.0002946 seconds, Stopping threads took: 0.0000371 seconds
2021-04-17T19:28:50.338+0700: 125.308: Total time for which application threads were stopped: 0.0002907 seconds, Stopping threads took: 0.0000584 seconds
2021-04-17T19:28:50.341+0700: 125.311: Total time for which application threads were stopped: 0.0003183 seconds, Stopping threads took: 0.0000704 seconds
2021-04-17T19:28:50.349+0700: 125.319: Total time for which application threads were stopped: 0.0003227 seconds, Stopping threads took: 0.0000608 seconds
2021-04-17T19:28:50.350+0700: 125.320: Total time for which application threads were stopped: 0.0006982 seconds, Stopping threads took: 0.0000657 seconds
2021-04-17T19:28:50.351+0700: 125.321: Total time for which application threads were stopped: 0.0002197 seconds, Stopping threads took: 0.0000508 seconds
2021-04-17T19:28:51.353+0700: 126.323: Total time for which application threads were stopped: 0.0003578 seconds, Stopping threads took: 0.0000807 seconds
2021-04-17T19:28:52.355+0700: 127.325: Total time for which application threads were stopped: 0.0004963 seconds, Stopping threads took: 0.0001966 seconds
2021-04-17T19:29:16.123+0700: 151.092: Total time for which application threads were stopped: 0.0003319 seconds, Stopping threads took: 0.0000573 seconds
2021-04-17T19:29:16.136+0700: 151.105: Total time for which application threads were stopped: 0.0003938 seconds, Stopping threads took: 0.0000667 seconds
2021-04-17T19:29:16.139+0700: 151.109: Total time for which application threads were stopped: 0.0002889 seconds, Stopping threads took: 0.0000394 seconds
2021-04-17T19:29:16.160+0700: 151.129: Total time for which application threads were stopped: 0.0003542 seconds, Stopping threads took: 0.0000726 seconds
2021-04-17T19:29:16.163+0700: 151.132: Total time for which application threads were stopped: 0.0003189 seconds, Stopping threads took: 0.0000397 seconds
2021-04-17T19:29:16.193+0700: 151.162: Total time for which application threads were stopped: 0.0003904 seconds, Stopping threads took: 0.0001383 seconds
2021-04-17T19:29:16.197+0700: 151.166: Total time for which application threads were stopped: 0.0003133 seconds, Stopping threads took: 0.0000639 seconds
2021-04-17T19:29:16.214+0700: 151.183: Total time for which application threads were stopped: 0.0003215 seconds, Stopping threads took: 0.0000687 seconds
2021-04-17T19:29:16.217+0700: 151.186: Total time for which application threads were stopped: 0.0004092 seconds, Stopping threads took: 0.0001078 seconds
2021-04-17T19:29:16.226+0700: 151.195: Total time for which application threads were stopped: 0.0013231 seconds, Stopping threads took: 0.0008881 seconds
2021-04-17T19:29:16.233+0700: 151.202: Total time for which application threads were stopped: 0.0002949 seconds, Stopping threads took: 0.0000584 seconds
2021-04-17T19:29:16.241+0700: 151.210: Total time for which application threads were stopped: 0.0003575 seconds, Stopping threads took: 0.0000628 seconds
2021-04-17T19:29:16.244+0700: 151.213: Total time for which application threads were stopped: 0.0006187 seconds, Stopping threads took: 0.0003815 seconds
2021-04-17T19:29:16.246+0700: 151.215: Total time for which application threads were stopped: 0.0003021 seconds, Stopping threads took: 0.0000657 seconds
2021-04-17T19:29:16.250+0700: 151.219: Total time for which application threads were stopped: 0.0002470 seconds, Stopping threads took: 0.0000545 seconds
2021-04-17T19:29:16.257+0700: 151.226: Total time for which application threads were stopped: 0.0027886 seconds, Stopping threads took: 0.0024490 seconds
2021-04-17T19:29:16.262+0700: 151.231: Total time for which application threads were stopped: 0.0013806 seconds, Stopping threads took: 0.0010880 seconds
2021-04-17T19:29:16.280+0700: 151.249: Total time for which application threads were stopped: 0.0003453 seconds, Stopping threads took: 0.0000655 seconds
2021-04-17T19:29:16.288+0700: 151.257: Total time for which application threads were stopped: 0.0003422 seconds, Stopping threads took: 0.0000757 seconds
2021-04-17T19:29:16.290+0700: 151.259: Total time for which application threads were stopped: 0.0003701 seconds, Stopping threads took: 0.0001127 seconds
2021-04-17T19:29:16.294+0700: 151.263: Total time for which application threads were stopped: 0.0003054 seconds, Stopping threads took: 0.0000407 seconds
2021-04-17T19:29:16.299+0700: 151.269: Total time for which application threads were stopped: 0.0003676 seconds, Stopping threads took: 0.0000743 seconds
2021-04-17T19:29:16.304+0700: 151.273: Total time for which application threads were stopped: 0.0007008 seconds, Stopping threads took: 0.0004471 seconds
2021-04-17T19:29:16.304+0700: 151.273: Total time for which application threads were stopped: 0.0003098 seconds, Stopping threads took: 0.0000984 seconds
2021-04-17T19:29:16.306+0700: 151.275: Total time for which application threads were stopped: 0.0002926 seconds, Stopping threads took: 0.0000410 seconds
2021-04-17T19:29:16.312+0700: 151.281: Total time for which application threads were stopped: 0.0003116 seconds, Stopping threads took: 0.0000580 seconds
2021-04-17T19:29:16.315+0700: 151.284: Total time for which application threads were stopped: 0.0006598 seconds, Stopping threads took: 0.0004154 seconds
2021-04-17T19:29:16.316+0700: 151.285: Total time for which application threads were stopped: 0.0011350 seconds, Stopping threads took: 0.0009017 seconds
2021-04-17T19:29:16.318+0700: 151.287: Total time for which application threads were stopped: 0.0005184 seconds, Stopping threads took: 0.0000725 seconds
2021-04-17T19:29:16.328+0700: 151.297: Total time for which application threads were stopped: 0.0003678 seconds, Stopping threads took: 0.0000409 seconds
2021-04-17T19:29:16.330+0700: 151.300: Total time for which application threads were stopped: 0.0016893 seconds, Stopping threads took: 0.0000389 seconds
2021-04-17T19:29:16.353+0700: 151.322: Total time for which application threads were stopped: 0.0016829 seconds, Stopping threads took: 0.0000746 seconds
2021-04-17T19:29:16.362+0700: 151.331: Total time for which application threads were stopped: 0.0014549 seconds, Stopping threads took: 0.0000378 seconds
2021-04-17T19:29:16.386+0700: 151.355: Total time for which application threads were stopped: 0.0164644 seconds, Stopping threads took: 0.0157961 seconds
2021-04-17T19:29:16.396+0700: 151.365: Total time for which application threads were stopped: 0.0013985 seconds, Stopping threads took: 0.0011181 seconds
2021-04-17T19:29:16.403+0700: 151.372: Total time for which application threads were stopped: 0.0003498 seconds, Stopping threads took: 0.0000631 seconds
2021-04-17T19:29:16.422+0700: 151.391: Total time for which application threads were stopped: 0.0006387 seconds, Stopping threads took: 0.0000849 seconds
2021-04-17T19:29:16.436+0700: 151.405: Total time for which application threads were stopped: 0.0017810 seconds, Stopping threads took: 0.0015100 seconds
2021-04-17T19:29:16.465+0700: 151.434: Total time for which application threads were stopped: 0.0128013 seconds, Stopping threads took: 0.0125137 seconds
2021-04-17T19:29:16.500+0700: 151.469: Total time for which application threads were stopped: 0.0148396 seconds, Stopping threads took: 0.0145209 seconds
2021-04-17T19:29:16.507+0700: 151.476: Total time for which application threads were stopped: 0.0013397 seconds, Stopping threads took: 0.0010817 seconds
2021-04-17T19:29:16.508+0700: 151.477: Total time for which application threads were stopped: 0.0002937 seconds, Stopping threads took: 0.0000374 seconds
2021-04-17T19:29:16.510+0700: 151.479: Total time for which application threads were stopped: 0.0007507 seconds, Stopping threads took: 0.0001132 seconds
2021-04-17T19:29:16.522+0700: 151.491: Total time for which application threads were stopped: 0.0004114 seconds, Stopping threads took: 0.0001133 seconds
2021-04-17T19:29:16.537+0700: 151.506: Total time for which application threads were stopped: 0.0005075 seconds, Stopping threads took: 0.0002500 seconds
2021-04-17T19:29:16.572+0700: 151.541: Total time for which application threads were stopped: 0.0003534 seconds, Stopping threads took: 0.0000551 seconds
2021-04-17T19:29:22.449+0700: 157.418: Total time for which application threads were stopped: 0.0006877 seconds, Stopping threads took: 0.0000693 seconds
2021-04-17T19:29:22.508+0700: 157.477: Total time for which application threads were stopped: 0.0003441 seconds, Stopping threads took: 0.0000481 seconds
2021-04-17T19:29:23.510+0700: 158.479: Total time for which application threads were stopped: 0.0006506 seconds, Stopping threads took: 0.0001489 seconds
2021-04-17T19:29:24.514+0700: 159.483: Total time for which application threads were stopped: 0.0003888 seconds, Stopping threads took: 0.0001102 seconds
2021-04-17T19:29:35.535+0700: 170.503: Total time for which application threads were stopped: 0.0003830 seconds, Stopping threads took: 0.0000598 seconds
2021-04-17T19:29:36.540+0700: 171.508: Total time for which application threads were stopped: 0.0005596 seconds, Stopping threads took: 0.0000798 seconds
2021-04-17T19:29:38.541+0700: 173.509: Total time for which application threads were stopped: 0.0004454 seconds, Stopping threads took: 0.0000537 seconds
2021-04-17T19:29:40.544+0700: 175.513: Total time for which application threads were stopped: 0.0003491 seconds, Stopping threads took: 0.0000526 seconds
2021-04-17T19:29:52.572+0700: 187.540: Total time for which application threads were stopped: 0.0003617 seconds, Stopping threads took: 0.0000595 seconds
2021-04-17T19:30:03.608+0700: 198.576: Total time for which application threads were stopped: 0.0004120 seconds, Stopping threads took: 0.0000628 seconds
2021-04-17T19:30:14.641+0700: 209.608: Total time for which application threads were stopped: 0.0002915 seconds, Stopping threads took: 0.0000475 seconds
2021-04-17T19:30:17.650+0700: 212.617: Total time for which application threads were stopped: 0.0004097 seconds, Stopping threads took: 0.0000619 seconds
2021-04-17T19:30:22.660+0700: 217.627: Total time for which application threads were stopped: 0.0002734 seconds, Stopping threads took: 0.0000452 seconds
2021-04-17T19:30:24.666+0700: 219.633: Total time for which application threads were stopped: 0.0004090 seconds, Stopping threads took: 0.0000704 seconds
2021-04-17T19:30:25.670+0700: 220.637: Total time for which application threads were stopped: 0.0003962 seconds, Stopping threads took: 0.0000792 seconds
2021-04-17T19:30:26.673+0700: 221.640: Total time for which application threads were stopped: 0.0004561 seconds, Stopping threads took: 0.0001119 seconds
2021-04-17T19:30:28.679+0700: 223.646: Total time for which application threads were stopped: 0.0005211 seconds, Stopping threads took: 0.0000625 seconds
2021-04-17T19:30:29.681+0700: 224.648: Total time for which application threads were stopped: 0.0003005 seconds, Stopping threads took: 0.0000689 seconds
2021-04-17T19:30:34.691+0700: 229.658: Total time for which application threads were stopped: 0.0003026 seconds, Stopping threads took: 0.0000443 seconds
2021-04-17T19:30:36.697+0700: 231.663: Total time for which application threads were stopped: 0.0004108 seconds, Stopping threads took: 0.0000584 seconds
2021-04-17T19:30:37.701+0700: 232.668: Total time for which application threads were stopped: 0.0005513 seconds, Stopping threads took: 0.0001325 seconds
2021-04-17T19:30:38.703+0700: 233.670: Total time for which application threads were stopped: 0.0004433 seconds, Stopping threads took: 0.0000667 seconds
2021-04-17T19:30:51.745+0700: 246.711: Total time for which application threads were stopped: 0.0004171 seconds, Stopping threads took: 0.0000650 seconds
2021-04-17T19:31:09.116+0700: 264.082: Total time for which application threads were stopped: 0.0003794 seconds, Stopping threads took: 0.0000450 seconds
2021-04-17T19:31:09.135+0700: 264.101: Total time for which application threads were stopped: 0.0003400 seconds, Stopping threads took: 0.0000422 seconds
2021-04-17T19:31:09.146+0700: 264.112: Total time for which application threads were stopped: 0.0003313 seconds, Stopping threads took: 0.0000611 seconds
2021-04-17T19:31:09.154+0700: 264.119: Total time for which application threads were stopped: 0.0005061 seconds, Stopping threads took: 0.0002137 seconds
2021-04-17T19:31:09.169+0700: 264.134: Total time for which application threads were stopped: 0.0007399 seconds, Stopping threads took: 0.0000394 seconds
2021-04-17T19:31:09.184+0700: 264.149: Total time for which application threads were stopped: 0.0002900 seconds, Stopping threads took: 0.0000383 seconds
2021-04-17T19:31:09.207+0700: 264.173: Total time for which application threads were stopped: 0.0003264 seconds, Stopping threads took: 0.0000586 seconds
2021-04-17T19:31:09.224+0700: 264.189: Total time for which application threads were stopped: 0.0002774 seconds, Stopping threads took: 0.0000374 seconds
2021-04-17T19:31:09.232+0700: 264.198: Total time for which application threads were stopped: 0.0002984 seconds, Stopping threads took: 0.0000389 seconds
2021-04-17T19:31:09.233+0700: 264.199: Total time for which application threads were stopped: 0.0003136 seconds, Stopping threads took: 0.0000615 seconds
2021-04-17T19:31:09.236+0700: 264.202: Total time for which application threads were stopped: 0.0003134 seconds, Stopping threads took: 0.0000376 seconds
2021-04-17T19:31:09.245+0700: 264.210: Total time for which application threads were stopped: 0.0003150 seconds, Stopping threads took: 0.0000655 seconds
2021-04-17T19:31:09.255+0700: 264.221: Total time for which application threads were stopped: 0.0002630 seconds, Stopping threads took: 0.0000593 seconds
2021-04-17T19:31:09.259+0700: 264.225: Total time for which application threads were stopped: 0.0002855 seconds, Stopping threads took: 0.0000389 seconds
2021-04-17T19:31:10.262+0700: 265.227: Total time for which application threads were stopped: 0.0004545 seconds, Stopping threads took: 0.0000828 seconds
2021-04-17T19:31:22.417+0700: 277.383: Total time for which application threads were stopped: 0.0006583 seconds, Stopping threads took: 0.0000823 seconds
2021-04-17T19:31:22.427+0700: 277.392: Total time for which application threads were stopped: 0.0004025 seconds, Stopping threads took: 0.0000920 seconds
2021-04-17T19:31:22.430+0700: 277.396: Total time for which application threads were stopped: 0.0003732 seconds, Stopping threads took: 0.0000641 seconds
2021-04-17T19:31:22.433+0700: 277.398: Total time for which application threads were stopped: 0.0003358 seconds, Stopping threads took: 0.0000429 seconds
2021-04-17T19:31:22.455+0700: 277.420: Total time for which application threads were stopped: 0.0004436 seconds, Stopping threads took: 0.0001166 seconds
2021-04-17T19:31:22.458+0700: 277.423: Total time for which application threads were stopped: 0.0003715 seconds, Stopping threads took: 0.0000898 seconds
2021-04-17T19:31:22.477+0700: 277.443: Total time for which application threads were stopped: 0.0003279 seconds, Stopping threads took: 0.0000602 seconds
2021-04-17T19:31:22.480+0700: 277.445: Total time for which application threads were stopped: 0.0003215 seconds, Stopping threads took: 0.0000380 seconds
2021-04-17T19:31:22.488+0700: 277.454: Total time for which application threads were stopped: 0.0003902 seconds, Stopping threads took: 0.0000948 seconds
2021-04-17T19:31:22.490+0700: 277.455: Total time for which application threads were stopped: 0.0003424 seconds, Stopping threads took: 0.0000720 seconds
2021-04-17T19:31:22.498+0700: 277.463: Total time for which application threads were stopped: 0.0002756 seconds, Stopping threads took: 0.0000592 seconds
2021-04-17T19:31:22.500+0700: 277.465: Total time for which application threads were stopped: 0.0002748 seconds, Stopping threads took: 0.0000583 seconds
2021-04-17T19:31:22.507+0700: 277.473: Total time for which application threads were stopped: 0.0002839 seconds, Stopping threads took: 0.0000399 seconds
2021-04-17T19:31:22.515+0700: 277.480: Total time for which application threads were stopped: 0.0002758 seconds, Stopping threads took: 0.0000537 seconds
2021-04-17T19:31:22.517+0700: 277.483: Total time for which application threads were stopped: 0.0003160 seconds, Stopping threads took: 0.0000640 seconds
2021-04-17T19:31:22.521+0700: 277.487: Total time for which application threads were stopped: 0.0007444 seconds, Stopping threads took: 0.0004550 seconds
2021-04-17T19:31:22.525+0700: 277.490: Total time for which application threads were stopped: 0.0003250 seconds, Stopping threads took: 0.0000668 seconds
2021-04-17T19:31:22.525+0700: 277.491: Total time for which application threads were stopped: 0.0005081 seconds, Stopping threads took: 0.0000508 seconds
2021-04-17T19:31:22.531+0700: 277.496: Total time for which application threads were stopped: 0.0003265 seconds, Stopping threads took: 0.0000418 seconds
2021-04-17T19:31:22.536+0700: 277.501: Total time for which application threads were stopped: 0.0006874 seconds, Stopping threads took: 0.0000406 seconds
2021-04-17T19:31:22.537+0700: 277.502: Total time for which application threads were stopped: 0.0003039 seconds, Stopping threads took: 0.0000567 seconds
2021-04-17T19:31:22.541+0700: 277.506: Total time for which application threads were stopped: 0.0003110 seconds, Stopping threads took: 0.0000407 seconds
2021-04-17T19:31:22.555+0700: 277.520: Total time for which application threads were stopped: 0.0016791 seconds, Stopping threads took: 0.0000540 seconds
2021-04-17T19:31:22.558+0700: 277.524: Total time for which application threads were stopped: 0.0003156 seconds, Stopping threads took: 0.0000668 seconds
2021-04-17T19:31:22.562+0700: 277.527: Total time for which application threads were stopped: 0.0006950 seconds, Stopping threads took: 0.0000562 seconds
2021-04-17T19:31:22.564+0700: 277.529: Total time for which application threads were stopped: 0.0003299 seconds, Stopping threads took: 0.0000569 seconds
2021-04-17T19:31:22.570+0700: 277.535: Total time for which application threads were stopped: 0.0003130 seconds, Stopping threads took: 0.0000730 seconds
2021-04-17T19:31:22.587+0700: 277.552: Total time for which application threads were stopped: 0.0003183 seconds, Stopping threads took: 0.0000571 seconds
2021-04-17T19:31:22.599+0700: 277.564: Total time for which application threads were stopped: 0.0003227 seconds, Stopping threads took: 0.0000388 seconds
2021-04-17T19:31:22.604+0700: 277.569: Total time for which application threads were stopped: 0.0003013 seconds, Stopping threads took: 0.0000612 seconds
2021-04-17T19:31:22.617+0700: 277.583: Total time for which application threads were stopped: 0.0003318 seconds, Stopping threads took: 0.0000412 seconds
2021-04-17T19:31:22.619+0700: 277.584: Total time for which application threads were stopped: 0.0002887 seconds, Stopping threads took: 0.0000362 seconds
2021-04-17T19:31:22.624+0700: 277.590: Total time for which application threads were stopped: 0.0003209 seconds, Stopping threads took: 0.0000353 seconds
2021-04-17T19:31:22.642+0700: 277.607: Total time for which application threads were stopped: 0.0011820 seconds, Stopping threads took: 0.0008747 seconds
2021-04-17T19:31:22.646+0700: 277.611: Total time for which application threads were stopped: 0.0003502 seconds, Stopping threads took: 0.0000656 seconds
2021-04-17T19:31:22.667+0700: 277.632: Total time for which application threads were stopped: 0.0003477 seconds, Stopping threads took: 0.0000754 seconds
2021-04-17T19:31:22.687+0700: 277.653: Total time for which application threads were stopped: 0.0002995 seconds, Stopping threads took: 0.0000423 seconds
2021-04-17T19:31:22.697+0700: 277.662: Total time for which application threads were stopped: 0.0003302 seconds, Stopping threads took: 0.0000436 seconds
2021-04-17T19:31:22.703+0700: 277.668: Total time for which application threads were stopped: 0.0003700 seconds, Stopping threads took: 0.0000625 seconds
2021-04-17T19:31:33.944+0700: 288.909: Total time for which application threads were stopped: 0.0002742 seconds, Stopping threads took: 0.0000429 seconds
2021-04-17T19:31:33.946+0700: 288.911: Total time for which application threads were stopped: 0.0004291 seconds, Stopping threads took: 0.0000680 seconds
2021-04-17T19:31:33.957+0700: 288.922: Total time for which application threads were stopped: 0.0003407 seconds, Stopping threads took: 0.0000721 seconds
2021-04-17T19:31:33.962+0700: 288.927: Total time for which application threads were stopped: 0.0004411 seconds, Stopping threads took: 0.0001474 seconds
2021-04-17T19:31:33.965+0700: 288.930: Total time for which application threads were stopped: 0.0006316 seconds, Stopping threads took: 0.0000415 seconds
2021-04-17T19:31:33.966+0700: 288.931: Total time for which application threads were stopped: 0.0003051 seconds, Stopping threads took: 0.0000713 seconds
2021-04-17T19:31:33.973+0700: 288.938: Total time for which application threads were stopped: 0.0003111 seconds, Stopping threads took: 0.0000398 seconds
2021-04-17T19:31:34.002+0700: 288.967: Total time for which application threads were stopped: 0.0008356 seconds, Stopping threads took: 0.0005657 seconds
2021-04-17T19:31:34.026+0700: 288.991: Total time for which application threads were stopped: 0.0002941 seconds, Stopping threads took: 0.0000390 seconds
2021-04-17T19:31:34.068+0700: 289.033: Total time for which application threads were stopped: 0.0002884 seconds, Stopping threads took: 0.0000355 seconds
2021-04-17T19:31:34.080+0700: 289.045: Total time for which application threads were stopped: 0.0003914 seconds, Stopping threads took: 0.0000621 seconds
2021-04-17T19:31:35.086+0700: 290.051: Total time for which application threads were stopped: 0.0007785 seconds, Stopping threads took: 0.0001404 seconds
2021-04-17T19:31:37.666+0700: 292.631: Total time for which application threads were stopped: 0.0003656 seconds, Stopping threads took: 0.0000633 seconds
2021-04-17T19:31:37.671+0700: 292.636: Total time for which application threads were stopped: 0.0003952 seconds, Stopping threads took: 0.0000499 seconds
2021-04-17T19:31:37.689+0700: 292.654: Total time for which application threads were stopped: 0.0004136 seconds, Stopping threads took: 0.0000716 seconds
2021-04-17T19:31:37.710+0700: 292.675: Total time for which application threads were stopped: 0.0006836 seconds, Stopping threads took: 0.0000540 seconds
2021-04-17T19:31:37.739+0700: 292.704: Total time for which application threads were stopped: 0.0003620 seconds, Stopping threads took: 0.0000431 seconds
2021-04-17T19:31:37.751+0700: 292.716: Total time for which application threads were stopped: 0.0004512 seconds, Stopping threads took: 0.0000687 seconds
2021-04-17T19:31:37.779+0700: 292.744: Total time for which application threads were stopped: 0.0021671 seconds, Stopping threads took: 0.0016666 seconds
2021-04-17T19:31:37.811+0700: 292.776: Total time for which application threads were stopped: 0.0012123 seconds, Stopping threads took: 0.0001098 seconds
2021-04-17T19:31:37.819+0700: 292.784: Total time for which application threads were stopped: 0.0003448 seconds, Stopping threads took: 0.0000429 seconds
2021-04-17T19:31:37.847+0700: 292.812: Total time for which application threads were stopped: 0.0007824 seconds, Stopping threads took: 0.0000661 seconds
2021-04-17T19:31:50.887+0700: 305.851: Total time for which application threads were stopped: 0.0004963 seconds, Stopping threads took: 0.0001363 seconds
2021-04-17T19:31:51.891+0700: 306.855: Total time for which application threads were stopped: 0.0004898 seconds, Stopping threads took: 0.0001167 seconds
2021-04-17T19:31:54.895+0700: 309.860: Total time for which application threads were stopped: 0.0003601 seconds, Stopping threads took: 0.0000524 seconds
2021-04-17T19:31:55.843+0700: 310.808: Total time for which application threads were stopped: 0.0003497 seconds, Stopping threads took: 0.0000742 seconds
2021-04-17T19:31:55.849+0700: 310.814: Total time for which application threads were stopped: 0.0003635 seconds, Stopping threads took: 0.0000805 seconds
2021-04-17T19:31:55.858+0700: 310.822: Total time for which application threads were stopped: 0.0003940 seconds, Stopping threads took: 0.0000709 seconds
2021-04-17T19:31:55.874+0700: 310.838: Total time for which application threads were stopped: 0.0003262 seconds, Stopping threads took: 0.0000633 seconds
2021-04-17T19:31:55.879+0700: 310.843: Total time for which application threads were stopped: 0.0003592 seconds, Stopping threads took: 0.0000850 seconds
2021-04-17T19:31:55.904+0700: 310.868: Total time for which application threads were stopped: 0.0003017 seconds, Stopping threads took: 0.0000619 seconds
2021-04-17T19:31:55.906+0700: 310.871: Total time for which application threads were stopped: 0.0002812 seconds, Stopping threads took: 0.0000418 seconds
2021-04-17T19:31:56.907+0700: 311.871: Total time for which application threads were stopped: 0.0003995 seconds, Stopping threads took: 0.0000648 seconds
2021-04-17T19:32:14.958+0700: 329.921: Total time for which application threads were stopped: 0.0003595 seconds, Stopping threads took: 0.0000529 seconds
2021-04-17T19:32:46.755+0700: 361.717: Total time for which application threads were stopped: 0.0002691 seconds, Stopping threads took: 0.0000393 seconds
2021-04-17T19:32:46.764+0700: 361.727: Total time for which application threads were stopped: 0.0003022 seconds, Stopping threads took: 0.0000816 seconds
2021-04-17T19:32:46.778+0700: 361.741: Total time for which application threads were stopped: 0.0003287 seconds, Stopping threads took: 0.0000392 seconds
2021-04-17T19:32:46.797+0700: 361.759: Total time for which application threads were stopped: 0.0002664 seconds, Stopping threads took: 0.0000405 seconds
2021-04-17T19:32:46.850+0700: 361.812: Total time for which application threads were stopped: 0.0003425 seconds, Stopping threads took: 0.0000756 seconds
2021-04-17T19:32:46.863+0700: 361.826: Total time for which application threads were stopped: 0.0003214 seconds, Stopping threads took: 0.0000404 seconds
2021-04-17T19:32:46.867+0700: 361.830: Total time for which application threads were stopped: 0.0003122 seconds, Stopping threads took: 0.0000412 seconds
2021-04-17T19:32:46.886+0700: 361.849: Total time for which application threads were stopped: 0.0003708 seconds, Stopping threads took: 0.0000646 seconds
2021-04-17T19:32:47.891+0700: 362.853: Total time for which application threads were stopped: 0.0006043 seconds, Stopping threads took: 0.0000821 seconds
2021-04-17T19:32:51.905+0700: 366.868: Total time for which application threads were stopped: 0.0005637 seconds, Stopping threads took: 0.0000627 seconds
2021-04-17T19:33:28.000+0700: 402.961: Total time for which application threads were stopped: 0.0033526 seconds, Stopping threads took: 0.0009972 seconds
2021-04-17T19:33:30.007+0700: 404.969: Total time for which application threads were stopped: 0.0005567 seconds, Stopping threads took: 0.0000829 seconds
2021-04-17T19:33:52.068+0700: 427.029: Total time for which application threads were stopped: 0.0002536 seconds, Stopping threads took: 0.0000544 seconds
2021-04-17T19:34:17.105+0700: 452.083: Total time for which application threads were stopped: 0.0004342 seconds, Stopping threads took: 0.0000700 seconds
2021-04-17T19:34:19.111+0700: 454.090: Total time for which application threads were stopped: 0.0004231 seconds, Stopping threads took: 0.0000753 seconds
{Heap before GC invocations=19 (full 0):
 garbage-first heap   total 524288K, used 442032K [0x00000007a0000000, 0x00000007a0101000, 0x00000007c0000000)
  region size 1024K, 307 young (314368K), 17 survivors (17408K)
 Metaspace       used 64257K, capacity 67463K, committed 67660K, reserved 1107968K
  class space    used 7589K, capacity 8197K, committed 8268K, reserved 1048576K
2021-04-17T19:34:39.075+0700: 474.057: [GC pause (G1 Evacuation Pause) (young)
Desired survivor size 20447232 bytes, new threshold 15 (max 15)
- age   1:    6309160 bytes,    6309160 total
- age   2:    3245712 bytes,    9554872 total
- age   3:    4330168 bytes,   13885040 total
, 0.1001004 secs]
   [Parallel Time: 87.5 ms, GC Workers: 4]
      [GC Worker Start (ms): Min: 474060.7, Avg: 474060.8, Max: 474061.0, Diff: 0.2]
      [Ext Root Scanning (ms): Min: 3.3, Avg: 7.6, Max: 20.2, Diff: 16.8, Sum: 30.5]
      [Update RS (ms): Min: 0.0, Avg: 9.8, Max: 14.7, Diff: 14.7, Sum: 39.1]
         [Processed Buffers: Min: 0, Avg: 19.8, Max: 36, Diff: 36, Sum: 79]
      [Scan RS (ms): Min: 0.1, Avg: 1.4, Max: 2.7, Diff: 2.6, Sum: 5.5]
      [Code Root Scanning (ms): Min: 0.3, Avg: 1.3, Max: 1.8, Diff: 1.5, Sum: 5.1]
      [Object Copy (ms): Min: 65.9, Avg: 66.8, Max: 67.7, Diff: 1.8, Sum: 267.1]
      [Termination (ms): Min: 0.0, Avg: 0.5, Max: 0.6, Diff: 0.6, Sum: 1.9]
         [Termination Attempts: Min: 1, Avg: 1.2, Max: 2, Diff: 1, Sum: 5]
      [GC Worker Other (ms): Min: 0.0, Avg: 0.0, Max: 0.0, Diff: 0.0, Sum: 0.2]
      [GC Worker Total (ms): Min: 87.2, Avg: 87.3, Max: 87.4, Diff: 0.3, Sum: 349.3]
      [GC Worker End (ms): Min: 474148.1, Avg: 474148.1, Max: 474148.2, Diff: 0.0]
   [Code Root Fixup: 0.1 ms]
   [Code Root Purge: 0.1 ms]
   [Clear CT: 1.0 ms]
   [Other: 11.4 ms]
      [Choose CSet: 0.0 ms]
      [Ref Proc: 6.8 ms]
      [Ref Enq: 0.1 ms]
      [Redirty Cards: 0.0 ms]
      [Humongous Register: 0.9 ms]
      [Humongous Reclaim: 0.1 ms]
      [Free CSet: 0.9 ms]
   [Eden: 290.0M(290.0M)->0.0B(288.0M) Survivors: 17.0M->19.0M Heap: 431.7M(512.0M)->117.6M(512.0M)]
Heap after GC invocations=20 (full 0):
 garbage-first heap   total 524288K, used 120448K [0x00000007a0000000, 0x00000007a0101000, 0x00000007c0000000)
  region size 1024K, 19 young (19456K), 19 survivors (19456K)
 Metaspace       used 64257K, capacity 67463K, committed 67660K, reserved 1107968K
  class space    used 7589K, capacity 8197K, committed 8268K, reserved 1048576K
}
 [Times: user=0.09 sys=0.17, real=0.10 secs] 
2021-04-17T19:34:39.175+0700: 474.157: Total time for which application threads were stopped: 0.1006337 seconds, Stopping threads took: 0.0000730 seconds
2021-04-17T19:34:39.176+0700: 474.158: Total time for which application threads were stopped: 0.0002063 seconds, Stopping threads took: 0.0000391 seconds
2021-04-17T19:34:39.176+0700: 474.159: Total time for which application threads were stopped: 0.0002002 seconds, Stopping threads took: 0.0000527 seconds
2021-04-17T19:34:39.176+0700: 474.159: Total time for which application threads were stopped: 0.0001150 seconds, Stopping threads took: 0.0000238 seconds
2021-04-17T19:34:39.177+0700: 474.159: Total time for which application threads were stopped: 0.0003776 seconds, Stopping threads took: 0.0000939 seconds
2021-04-17T19:34:39.177+0700: 474.159: Total time for which application threads were stopped: 0.0001215 seconds, Stopping threads took: 0.0000238 seconds
2021-04-17T19:34:39.177+0700: 474.160: Total time for which application threads were stopped: 0.0001244 seconds, Stopping threads took: 0.0000245 seconds
2021-04-17T19:34:39.177+0700: 474.160: Total time for which application threads were stopped: 0.0001066 seconds, Stopping threads took: 0.0000222 seconds
2021-04-17T19:34:39.178+0700: 474.160: Total time for which application threads were stopped: 0.0001365 seconds, Stopping threads took: 0.0000521 seconds
2021-04-17T19:34:39.212+0700: 474.195: Total time for which application threads were stopped: 0.0003143 seconds, Stopping threads took: 0.0000555 seconds
2021-04-17T19:34:39.214+0700: 474.197: Total time for which application threads were stopped: 0.0003073 seconds, Stopping threads took: 0.0000889 seconds
2021-04-17T19:34:39.216+0700: 474.199: Total time for which application threads were stopped: 0.0002941 seconds, Stopping threads took: 0.0000495 seconds
2021-04-17T19:34:39.259+0700: 474.241: Total time for which application threads were stopped: 0.0003557 seconds, Stopping threads took: 0.0000397 seconds
2021-04-17T19:34:39.266+0700: 474.248: Total time for which application threads were stopped: 0.0006716 seconds, Stopping threads took: 0.0000579 seconds
2021-04-17T19:34:39.268+0700: 474.250: Total time for which application threads were stopped: 0.0003199 seconds, Stopping threads took: 0.0000401 seconds
2021-04-17T19:34:39.284+0700: 474.266: Total time for which application threads were stopped: 0.0005906 seconds, Stopping threads took: 0.0000751 seconds
2021-04-17T19:34:39.321+0700: 474.303: Total time for which application threads were stopped: 0.0003749 seconds, Stopping threads took: 0.0000602 seconds
2021-04-17T19:34:51.350+0700: 486.332: Total time for which application threads were stopped: 0.0003957 seconds, Stopping threads took: 0.0000580 seconds
2021-04-17T19:34:52.353+0700: 487.336: Total time for which application threads were stopped: 0.0013898 seconds, Stopping threads took: 0.0002007 seconds
2021-04-17T19:35:34.464+0700: 529.446: Total time for which application threads were stopped: 0.0006868 seconds, Stopping threads took: 0.0000816 seconds
2021-04-17T19:35:44.502+0700: 539.484: Total time for which application threads were stopped: 0.0004215 seconds, Stopping threads took: 0.0000622 seconds
2021-04-17T19:35:52.520+0700: 547.502: Total time for which application threads were stopped: 0.0004296 seconds, Stopping threads took: 0.0000754 seconds
2021-04-17T19:35:59.543+0700: 554.525: Total time for which application threads were stopped: 0.0006285 seconds, Stopping threads took: 0.0000799 seconds
2021-04-17T19:36:33.646+0700: 588.626: Total time for which application threads were stopped: 0.0004692 seconds, Stopping threads took: 0.0000849 seconds
2021-04-17T19:36:36.655+0700: 591.636: Total time for which application threads were stopped: 0.0004799 seconds, Stopping threads took: 0.0000781 seconds
2021-04-17T19:36:39.666+0700: 594.646: Total time for which application threads were stopped: 0.0005003 seconds, Stopping threads took: 0.0000652 seconds
2021-04-17T19:36:50.095+0700: 605.075: Total time for which application threads were stopped: 0.0002679 seconds, Stopping threads took: 0.0000438 seconds
2021-04-17T19:36:50.096+0700: 605.076: Total time for which application threads were stopped: 0.0003285 seconds, Stopping threads took: 0.0000533 seconds
2021-04-17T19:36:52.106+0700: 607.085: Total time for which application threads were stopped: 0.0004661 seconds, Stopping threads took: 0.0000632 seconds
2021-04-17T19:36:53.111+0700: 608.091: Total time for which application threads were stopped: 0.0004329 seconds, Stopping threads took: 0.0000794 seconds
2021-04-17T19:37:01.140+0700: 616.120: Total time for which application threads were stopped: 0.0005025 seconds, Stopping threads took: 0.0000793 seconds
2021-04-17T19:37:03.147+0700: 618.127: Total time for which application threads were stopped: 0.0004175 seconds, Stopping threads took: 0.0000680 seconds
2021-04-17T19:37:08.161+0700: 623.140: Total time for which application threads were stopped: 0.0004297 seconds, Stopping threads took: 0.0000777 seconds
2021-04-17T19:37:40.254+0700: 655.233: Total time for which application threads were stopped: 0.0004412 seconds, Stopping threads took: 0.0000590 seconds
2021-04-17T19:37:52.291+0700: 667.269: Total time for which application threads were stopped: 0.0003539 seconds, Stopping threads took: 0.0000533 seconds
2021-04-17T19:39:52.656+0700: 787.630: Total time for which application threads were stopped: 0.0016282 seconds, Stopping threads took: 0.0002374 seconds
2021-04-17T19:40:52.803+0700: 847.775: Total time for which application threads were stopped: 0.0004822 seconds, Stopping threads took: 0.0000694 seconds
2021-04-17T19:41:50.121+0700: 905.092: Total time for which application threads were stopped: 0.0005003 seconds, Stopping threads took: 0.0000673 seconds
2021-04-17T19:41:50.122+0700: 905.093: Total time for which application threads were stopped: 0.0005629 seconds, Stopping threads took: 0.0001011 seconds
2021-04-17T19:41:52.125+0700: 907.096: Total time for which application threads were stopped: 0.0004139 seconds, Stopping threads took: 0.0000624 seconds
2021-04-17T19:41:53.128+0700: 908.099: Total time for which application threads were stopped: 0.0006136 seconds, Stopping threads took: 0.0000798 seconds
2021-04-17T19:42:52.277+0700: 967.246: Total time for which application threads were stopped: 0.0002984 seconds, Stopping threads took: 0.0000523 seconds
2021-04-17T19:43:08.323+0700: 983.292: Total time for which application threads were stopped: 0.0003782 seconds, Stopping threads took: 0.0000614 seconds
2021-04-17T19:43:52.464+0700: 1027.431: Total time for which application threads were stopped: 0.0005144 seconds, Stopping threads took: 0.0000987 seconds
2021-04-17T19:44:21.539+0700: 1056.505: Total time for which application threads were stopped: 0.0004404 seconds, Stopping threads took: 0.0000988 seconds
2021-04-17T19:45:44.733+0700: 1139.697: Total time for which application threads were stopped: 0.0002862 seconds, Stopping threads took: 0.0000586 seconds
2021-04-17T19:45:52.750+0700: 1147.714: Total time for which application threads were stopped: 0.0003376 seconds, Stopping threads took: 0.0000466 seconds
2021-04-17T19:46:50.146+0700: 1205.108: Total time for which application threads were stopped: 0.0005116 seconds, Stopping threads took: 0.0001342 seconds
2021-04-17T19:46:50.147+0700: 1205.109: Total time for which application threads were stopped: 0.0005139 seconds, Stopping threads took: 0.0001175 seconds
2021-04-17T19:46:53.152+0700: 1208.114: Total time for which application threads were stopped: 0.0004417 seconds, Stopping threads took: 0.0000565 seconds
2021-04-17T19:46:57.162+0700: 1212.124: Total time for which application threads were stopped: 0.0005309 seconds, Stopping threads took: 0.0000887 seconds
2021-04-17T19:46:58.166+0700: 1213.128: Total time for which application threads were stopped: 0.0004704 seconds, Stopping threads took: 0.0001028 seconds
2021-04-17T19:47:40.288+0700: 1255.248: Total time for which application threads were stopped: 0.0004963 seconds, Stopping threads took: 0.0000682 seconds
2021-04-17T19:47:53.321+0700: 1268.282: Total time for which application threads were stopped: 0.0017480 seconds, Stopping threads took: 0.0000650 seconds
2021-04-17T19:48:04.360+0700: 1279.319: Total time for which application threads were stopped: 0.0004164 seconds, Stopping threads took: 0.0000695 seconds
2021-04-17T19:48:39.448+0700: 1314.407: Total time for which application threads were stopped: 0.0004628 seconds, Stopping threads took: 0.0000669 seconds
2021-04-17T19:49:23.582+0700: 1358.539: Total time for which application threads were stopped: 0.0002894 seconds, Stopping threads took: 0.0000564 seconds
2021-04-17T19:49:50.657+0700: 1385.613: Total time for which application threads were stopped: 0.0002650 seconds, Stopping threads took: 0.0000408 seconds
2021-04-17T19:49:52.434+0700: 1387.390: Total time for which application threads were stopped: 0.0004597 seconds, Stopping threads took: 0.0000959 seconds
2021-04-17T19:49:53.439+0700: 1388.396: Total time for which application threads were stopped: 0.0003009 seconds, Stopping threads took: 0.0000435 seconds
2021-04-17T19:50:52.608+0700: 1447.562: Total time for which application threads were stopped: 0.0004933 seconds, Stopping threads took: 0.0000758 seconds
2021-04-17T19:51:50.170+0700: 1505.123: Total time for which application threads were stopped: 0.0005996 seconds, Stopping threads took: 0.0001040 seconds
2021-04-17T19:51:50.172+0700: 1505.124: Total time for which application threads were stopped: 0.0012449 seconds, Stopping threads took: 0.0000823 seconds
2021-04-17T19:51:53.180+0700: 1508.133: Total time for which application threads were stopped: 0.0004353 seconds, Stopping threads took: 0.0000607 seconds
2021-04-17T19:52:53.361+0700: 1568.312: Total time for which application threads were stopped: 0.0009901 seconds, Stopping threads took: 0.0000668 seconds
2021-04-17T19:53:53.523+0700: 1628.486: Total time for which application threads were stopped: 0.0003400 seconds, Stopping threads took: 0.0000755 seconds
2021-04-17T19:54:52.698+0700: 1687.672: Total time for which application threads were stopped: 0.0006120 seconds, Stopping threads took: 0.0000588 seconds
2021-04-17T19:55:45.857+0700: 1740.830: Total time for which application threads were stopped: 0.0005477 seconds, Stopping threads took: 0.0001548 seconds
2021-04-17T19:55:52.905+0700: 1747.878: Total time for which application threads were stopped: 0.0007224 seconds, Stopping threads took: 0.0003930 seconds
2021-04-17T19:56:50.178+0700: 1805.149: Total time for which application threads were stopped: 0.0004897 seconds, Stopping threads took: 0.0001094 seconds
2021-04-17T19:56:50.179+0700: 1805.150: Total time for which application threads were stopped: 0.0005781 seconds, Stopping threads took: 0.0001043 seconds
2021-04-17T19:56:53.192+0700: 1808.163: Total time for which application threads were stopped: 0.0004921 seconds, Stopping threads took: 0.0001132 seconds
2021-04-17T19:57:23.343+0700: 1838.313: Total time for which application threads were stopped: 0.0004390 seconds, Stopping threads took: 0.0000709 seconds
2021-04-17T19:57:40.417+0700: 1855.386: Total time for which application threads were stopped: 0.0004192 seconds, Stopping threads took: 0.0000565 seconds
2021-04-17T19:57:53.489+0700: 1868.458: Total time for which application threads were stopped: 0.0004655 seconds, Stopping threads took: 0.0001028 seconds
2021-04-17T19:58:52.836+0700: 1927.804: Total time for which application threads were stopped: 0.0004604 seconds, Stopping threads took: 0.0001074 seconds
2021-04-17T20:00:14.306+0700: 2009.271: Total time for which application threads were stopped: 0.0004324 seconds, Stopping threads took: 0.0000620 seconds
2021-04-17T20:00:16.316+0700: 2011.281: Total time for which application threads were stopped: 0.0005161 seconds, Stopping threads took: 0.0000987 seconds
2021-04-17T20:00:30.404+0700: 2025.368: Total time for which application threads were stopped: 0.0004183 seconds, Stopping threads took: 0.0000639 seconds
2021-04-17T20:00:53.564+0700: 2048.527: Total time for which application threads were stopped: 0.0005467 seconds, Stopping threads took: 0.0000709 seconds
2021-04-17T20:01:42.846+0700: 2097.808: Total time for which application threads were stopped: 0.0004469 seconds, Stopping threads took: 0.0000787 seconds
2021-04-17T20:01:43.856+0700: 2098.818: Total time for which application threads were stopped: 0.0004321 seconds, Stopping threads took: 0.0000689 seconds
2021-04-17T20:01:44.861+0700: 2099.823: Total time for which application threads were stopped: 0.0004782 seconds, Stopping threads took: 0.0000678 seconds
2021-04-17T20:01:46.882+0700: 2101.844: Total time for which application threads were stopped: 0.0004683 seconds, Stopping threads took: 0.0000650 seconds
2021-04-17T20:01:50.223+0700: 2105.185: Total time for which application threads were stopped: 0.0004033 seconds, Stopping threads took: 0.0000643 seconds
2021-04-17T20:01:50.224+0700: 2105.186: Total time for which application threads were stopped: 0.0005377 seconds, Stopping threads took: 0.0000809 seconds
2021-04-17T20:01:53.232+0700: 2108.194: Total time for which application threads were stopped: 0.0004718 seconds, Stopping threads took: 0.0000939 seconds
2021-04-17T20:02:04.287+0700: 2119.249: Total time for which application threads were stopped: 0.0004961 seconds, Stopping threads took: 0.0000691 seconds
2021-04-17T20:02:05.297+0700: 2120.258: Total time for which application threads were stopped: 0.0004282 seconds, Stopping threads took: 0.0000619 seconds
2021-04-17T20:02:53.590+0700: 2168.550: Total time for which application threads were stopped: 0.0005597 seconds, Stopping threads took: 0.0001217 seconds
2021-04-17T20:03:03.660+0700: 2178.620: Total time for which application threads were stopped: 0.0005255 seconds, Stopping threads took: 0.0001207 seconds
2021-04-17T20:03:04.670+0700: 2179.630: Total time for which application threads were stopped: 0.0004475 seconds, Stopping threads took: 0.0000682 seconds
2021-04-17T20:03:05.680+0700: 2180.640: Total time for which application threads were stopped: 0.0004289 seconds, Stopping threads took: 0.0000627 seconds
2021-04-17T20:03:48.973+0700: 2223.931: Total time for which application threads were stopped: 0.0006672 seconds, Stopping threads took: 0.0000818 seconds
2021-04-17T20:03:52.988+0700: 2227.947: Total time for which application threads were stopped: 0.0003727 seconds, Stopping threads took: 0.0000689 seconds
2021-04-17T20:04:09.086+0700: 2244.043: Total time for which application threads were stopped: 0.0005073 seconds, Stopping threads took: 0.0000810 seconds
2021-04-17T20:04:20.143+0700: 2255.101: Total time for which application threads were stopped: 0.0004043 seconds, Stopping threads took: 0.0000620 seconds
2021-04-17T20:05:35.620+0700: 2330.575: Total time for which application threads were stopped: 0.0004269 seconds, Stopping threads took: 0.0000648 seconds
2021-04-17T20:06:29.984+0700: 2384.937: Total time for which application threads were stopped: 0.0004649 seconds, Stopping threads took: 0.0000686 seconds
2021-04-17T20:06:50.255+0700: 2405.208: Total time for which application threads were stopped: 0.0006209 seconds, Stopping threads took: 0.0001616 seconds
2021-04-17T20:06:50.256+0700: 2405.209: Total time for which application threads were stopped: 0.0005302 seconds, Stopping threads took: 0.0001187 seconds
2021-04-17T20:06:53.273+0700: 2408.226: Total time for which application threads were stopped: 0.0003145 seconds, Stopping threads took: 0.0000611 seconds
2021-04-17T20:07:16.409+0700: 2431.361: Total time for which application threads were stopped: 0.0004334 seconds, Stopping threads took: 0.0000703 seconds
2021-04-17T20:07:52.544+0700: 2467.495: Total time for which application threads were stopped: 0.0006820 seconds, Stopping threads took: 0.0000929 seconds
2021-04-17T20:07:53.549+0700: 2468.500: Total time for which application threads were stopped: 0.0004464 seconds, Stopping threads took: 0.0000642 seconds
2021-04-17T20:08:17.622+0700: 2492.572: Total time for which application threads were stopped: 0.0003153 seconds, Stopping threads took: 0.0000596 seconds
2021-04-17T20:08:31.682+0700: 2506.632: Total time for which application threads were stopped: 0.0003935 seconds, Stopping threads took: 0.0000627 seconds
2021-04-17T20:08:32.687+0700: 2507.637: Total time for which application threads were stopped: 0.0003030 seconds, Stopping threads took: 0.0000420 seconds
2021-04-17T20:08:53.795+0700: 2528.745: Total time for which application threads were stopped: 0.0004388 seconds, Stopping threads took: 0.0000942 seconds
2021-04-17T20:10:19.279+0700: 2614.226: Total time for which application threads were stopped: 0.0005439 seconds, Stopping threads took: 0.0001687 seconds
2021-04-17T20:10:21.285+0700: 2616.231: Total time for which application threads were stopped: 0.0004181 seconds, Stopping threads took: 0.0000668 seconds
2021-04-17T20:10:53.421+0700: 2648.383: Total time for which application threads were stopped: 0.0004265 seconds, Stopping threads took: 0.0000654 seconds
2021-04-17T20:11:18.579+0700: 2673.545: Total time for which application threads were stopped: 0.0004871 seconds, Stopping threads took: 0.0000716 seconds
2021-04-17T20:11:50.284+0700: 2705.250: Total time for which application threads were stopped: 0.0003647 seconds, Stopping threads took: 0.0000664 seconds
2021-04-17T20:11:50.285+0700: 2705.251: Total time for which application threads were stopped: 0.0003249 seconds, Stopping threads took: 0.0000419 seconds
2021-04-17T20:11:51.292+0700: 2706.257: Total time for which application threads were stopped: 0.0004166 seconds, Stopping threads took: 0.0000609 seconds
2021-04-17T20:11:53.309+0700: 2708.274: Total time for which application threads were stopped: 0.0003754 seconds, Stopping threads took: 0.0000716 seconds
2021-04-17T20:15:53.747+0700: 2948.706: Total time for which application threads were stopped: 0.0003515 seconds, Stopping threads took: 0.0000664 seconds
2021-04-17T20:16:50.338+0700: 3005.295: Total time for which application threads were stopped: 0.0003427 seconds, Stopping threads took: 0.0000902 seconds
2021-04-17T20:16:50.339+0700: 3005.296: Total time for which application threads were stopped: 0.0003485 seconds, Stopping threads took: 0.0000615 seconds
2021-04-17T20:17:53.726+0700: 3068.681: Total time for which application threads were stopped: 0.0004280 seconds, Stopping threads took: 0.0000596 seconds
2021-04-17T20:20:53.823+0700: 3248.773: Total time for which application threads were stopped: 0.0004566 seconds, Stopping threads took: 0.0000797 seconds
2021-04-17T20:21:50.384+0700: 3305.331: Total time for which application threads were stopped: 0.0004753 seconds, Stopping threads took: 0.0000710 seconds
2021-04-17T20:21:50.384+0700: 3305.332: Total time for which application threads were stopped: 0.0005531 seconds, Stopping threads took: 0.0001048 seconds
2021-04-17T20:21:54.409+0700: 3309.357: Total time for which application threads were stopped: 0.0004195 seconds, Stopping threads took: 0.0000646 seconds
2021-04-17T20:22:40.688+0700: 3355.634: Total time for which application threads were stopped: 0.0004763 seconds, Stopping threads took: 0.0000614 seconds
2021-04-17T20:22:53.753+0700: 3368.699: Total time for which application threads were stopped: 0.0005079 seconds, Stopping threads took: 0.0001375 seconds
2021-04-17T20:23:54.071+0700: 3429.015: Total time for which application threads were stopped: 0.0007060 seconds, Stopping threads took: 0.0002714 seconds
2021-04-17T20:24:54.466+0700: 3489.408: Total time for which application threads were stopped: 0.0005046 seconds, Stopping threads took: 0.0000743 seconds
2021-04-17T20:25:59.784+0700: 3554.725: Total time for which application threads were stopped: 0.0006436 seconds, Stopping threads took: 0.0000810 seconds
2021-04-17T20:26:50.422+0700: 3605.377: Total time for which application threads were stopped: 0.0006814 seconds, Stopping threads took: 0.0001476 seconds
2021-04-17T20:26:50.423+0700: 3605.378: Total time for which application threads were stopped: 0.0004560 seconds, Stopping threads took: 0.0000468 seconds
2021-04-17T20:26:54.445+0700: 3609.401: Total time for which application threads were stopped: 0.0004356 seconds, Stopping threads took: 0.0000747 seconds
2021-04-17T20:28:54.226+0700: 3729.184: Total time for which application threads were stopped: 0.0004370 seconds, Stopping threads took: 0.0000645 seconds
2021-04-17T20:29:54.605+0700: 3789.561: Total time for which application threads were stopped: 0.0004503 seconds, Stopping threads took: 0.0000865 seconds
2021-04-17T20:31:15.051+0700: 3870.005: Total time for which application threads were stopped: 0.0004549 seconds, Stopping threads took: 0.0000710 seconds
2021-04-17T20:31:50.468+0700: 3905.420: Total time for which application threads were stopped: 0.0005196 seconds, Stopping threads took: 0.0001182 seconds
2021-04-17T20:31:50.469+0700: 3905.421: Total time for which application threads were stopped: 0.0006128 seconds, Stopping threads took: 0.0001308 seconds
2021-04-17T20:31:54.498+0700: 3909.450: Total time for which application threads were stopped: 0.0002947 seconds, Stopping threads took: 0.0000451 seconds
2021-04-17T20:32:38.731+0700: 3953.683: Total time for which application threads were stopped: 0.0004731 seconds, Stopping threads took: 0.0001128 seconds
2021-04-17T20:32:54.831+0700: 3969.782: Total time for which application threads were stopped: 0.0004476 seconds, Stopping threads took: 0.0000754 seconds
2021-04-17T20:33:54.149+0700: 4029.098: Total time for which application threads were stopped: 0.0004528 seconds, Stopping threads took: 0.0000750 seconds
2021-04-17T20:35:54.907+0700: 4149.853: Total time for which application threads were stopped: 0.0004631 seconds, Stopping threads took: 0.0000655 seconds
2021-04-17T20:36:50.512+0700: 4205.455: Total time for which application threads were stopped: 0.0004416 seconds, Stopping threads took: 0.0000624 seconds
2021-04-17T20:36:50.512+0700: 4205.456: Total time for which application threads were stopped: 0.0005332 seconds, Stopping threads took: 0.0000867 seconds
2021-04-17T20:36:54.544+0700: 4209.488: Total time for which application threads were stopped: 0.0004566 seconds, Stopping threads took: 0.0000718 seconds
2021-04-17T20:37:54.852+0700: 4269.793: Total time for which application threads were stopped: 0.0004391 seconds, Stopping threads took: 0.0000634 seconds
2021-04-17T20:38:55.206+0700: 4330.146: Total time for which application threads were stopped: 0.0006483 seconds, Stopping threads took: 0.0000811 seconds
2021-04-17T20:40:54.975+0700: 4449.911: Total time for which application threads were stopped: 0.0004608 seconds, Stopping threads took: 0.0001089 seconds
2021-04-17T20:41:50.565+0700: 4505.500: Total time for which application threads were stopped: 0.0004770 seconds, Stopping threads took: 0.0000773 seconds
2021-04-17T20:41:50.566+0700: 4505.501: Total time for which application threads were stopped: 0.0011831 seconds, Stopping threads took: 0.0000862 seconds
2021-04-17T20:41:54.584+0700: 4509.518: Total time for which application threads were stopped: 0.0005329 seconds, Stopping threads took: 0.0000786 seconds
2021-04-17T20:43:42.179+0700: 4617.129: Total time for which application threads were stopped: 0.0006443 seconds, Stopping threads took: 0.0000745 seconds
2021-04-17T20:46:50.593+0700: 4805.543: Total time for which application threads were stopped: 0.0003178 seconds, Stopping threads took: 0.0000542 seconds
2021-04-17T20:46:50.594+0700: 4805.543: Total time for which application threads were stopped: 0.0003254 seconds, Stopping threads took: 0.0000544 seconds
2021-04-17T20:48:44.275+0700: 4919.221: Total time for which application threads were stopped: 0.0004363 seconds, Stopping threads took: 0.0000649 seconds
2021-04-17T20:48:55.365+0700: 4930.311: Total time for which application threads were stopped: 0.0004566 seconds, Stopping threads took: 0.0000583 seconds
2021-04-17T20:49:54.708+0700: 4989.652: Total time for which application threads were stopped: 0.0005723 seconds, Stopping threads took: 0.0001244 seconds
2021-04-17T20:50:55.047+0700: 5049.990: Total time for which application threads were stopped: 0.0005176 seconds, Stopping threads took: 0.0000782 seconds
2021-04-17T20:51:50.636+0700: 5105.576: Total time for which application threads were stopped: 0.0004900 seconds, Stopping threads took: 0.0001058 seconds
2021-04-17T20:51:50.637+0700: 5105.577: Total time for which application threads were stopped: 0.0006171 seconds, Stopping threads took: 0.0001945 seconds
2021-04-17T20:51:55.675+0700: 5110.616: Total time for which application threads were stopped: 0.0004338 seconds, Stopping threads took: 0.0000633 seconds
2021-04-17T20:52:09.766+0700: 5124.706: Total time for which application threads were stopped: 0.0004195 seconds, Stopping threads took: 0.0000603 seconds
2021-04-17T20:52:55.048+0700: 5169.987: Total time for which application threads were stopped: 0.0004371 seconds, Stopping threads took: 0.0000755 seconds
2021-04-17T20:54:24.599+0700: 5259.535: Total time for which application threads were stopped: 0.0004454 seconds, Stopping threads took: 0.0000683 seconds
2021-04-17T20:54:39.698+0700: 5274.633: Total time for which application threads were stopped: 0.0004351 seconds, Stopping threads took: 0.0000686 seconds
2021-04-17T20:55:43.116+0700: 5338.050: Total time for which application threads were stopped: 0.0004752 seconds, Stopping threads took: 0.0000736 seconds
2021-04-17T20:56:50.689+0700: 5405.621: Total time for which application threads were stopped: 0.0004814 seconds, Stopping threads took: 0.0000925 seconds
2021-04-17T20:56:50.690+0700: 5405.622: Total time for which application threads were stopped: 0.0005238 seconds, Stopping threads took: 0.0001261 seconds
2021-04-17T20:56:55.717+0700: 5410.648: Total time for which application threads were stopped: 0.0005885 seconds, Stopping threads took: 0.0001605 seconds
2021-04-17T20:57:55.060+0700: 5469.990: Total time for which application threads were stopped: 0.0004797 seconds, Stopping threads took: 0.0000757 seconds
2021-04-17T20:58:45.336+0700: 5520.264: Total time for which application threads were stopped: 0.0006075 seconds, Stopping threads took: 0.0000811 seconds
2021-04-17T20:58:46.346+0700: 5521.274: Total time for which application threads were stopped: 0.0005983 seconds, Stopping threads took: 0.0000758 seconds
2021-04-17T20:58:55.425+0700: 5530.353: Total time for which application threads were stopped: 0.0005030 seconds, Stopping threads took: 0.0002568 seconds
2021-04-17T20:59:55.751+0700: 5590.682: Total time for which application threads were stopped: 0.0005346 seconds, Stopping threads took: 0.0000955 seconds
2021-04-17T21:01:50.712+0700: 5705.660: Total time for which application threads were stopped: 0.0004597 seconds, Stopping threads took: 0.0000722 seconds
2021-04-17T21:01:50.713+0700: 5705.661: Total time for which application threads were stopped: 0.0006552 seconds, Stopping threads took: 0.0001488 seconds
2021-04-17T21:01:55.740+0700: 5710.688: Total time for which application threads were stopped: 0.0004238 seconds, Stopping threads took: 0.0000610 seconds
2021-04-17T21:02:55.114+0700: 5770.060: Total time for which application threads were stopped: 0.0003213 seconds, Stopping threads took: 0.0000511 seconds
2021-04-17T21:03:55.512+0700: 5830.460: Total time for which application threads were stopped: 0.0004555 seconds, Stopping threads took: 0.0000843 seconds
2021-04-17T21:04:55.885+0700: 5890.835: Total time for which application threads were stopped: 0.0005541 seconds, Stopping threads took: 0.0001151 seconds
2021-04-17T21:06:50.755+0700: 6005.701: Total time for which application threads were stopped: 0.0004753 seconds, Stopping threads took: 0.0000847 seconds
2021-04-17T21:06:50.755+0700: 6005.702: Total time for which application threads were stopped: 0.0005366 seconds, Stopping threads took: 0.0000738 seconds
2021-04-17T21:06:55.776+0700: 6010.722: Total time for which application threads were stopped: 0.0004018 seconds, Stopping threads took: 0.0000842 seconds
2021-04-17T21:09:24.662+0700: 6159.604: Total time for which application threads were stopped: 0.0004445 seconds, Stopping threads took: 0.0000669 seconds
2021-04-17T21:09:55.845+0700: 6190.785: Total time for which application threads were stopped: 0.0006340 seconds, Stopping threads took: 0.0002217 seconds
2021-04-17T21:11:50.784+0700: 6305.722: Total time for which application threads were stopped: 0.0005238 seconds, Stopping threads took: 0.0001070 seconds
2021-04-17T21:11:50.785+0700: 6305.723: Total time for which application threads were stopped: 0.0005850 seconds, Stopping threads took: 0.0000830 seconds
2021-04-17T21:11:51.787+0700: 6306.725: Total time for which application threads were stopped: 0.0004338 seconds, Stopping threads took: 0.0000834 seconds
2021-04-17T21:12:56.120+0700: 6371.056: Total time for which application threads were stopped: 0.0006684 seconds, Stopping threads took: 0.0001065 seconds
2021-04-17T21:13:56.299+0700: 6431.233: Total time for which application threads were stopped: 0.0003889 seconds, Stopping threads took: 0.0000532 seconds
2021-04-17T21:16:50.823+0700: 6605.751: Total time for which application threads were stopped: 0.0004927 seconds, Stopping threads took: 0.0000963 seconds
2021-04-17T21:16:50.824+0700: 6605.752: Total time for which application threads were stopped: 0.0006140 seconds, Stopping threads took: 0.0001645 seconds
2021-04-17T21:16:55.834+0700: 6610.762: Total time for which application threads were stopped: 0.0004801 seconds, Stopping threads took: 0.0000877 seconds
2021-04-17T21:17:40.846+0700: 6655.773: Total time for which application threads were stopped: 0.0007589 seconds, Stopping threads took: 0.0000499 seconds
2021-04-17T21:17:40.848+0700: 6655.775: Total time for which application threads were stopped: 0.0003449 seconds, Stopping threads took: 0.0000420 seconds
2021-04-17T21:17:40.848+0700: 6655.775: Total time for which application threads were stopped: 0.0002600 seconds, Stopping threads took: 0.0000244 seconds
2021-04-17T21:17:40.851+0700: 6655.777: Total time for which application threads were stopped: 0.0003666 seconds, Stopping threads took: 0.0000379 seconds
2021-04-17T21:17:40.879+0700: 6655.805: Total time for which application threads were stopped: 0.0003931 seconds, Stopping threads took: 0.0000586 seconds
2021-04-17T21:17:40.879+0700: 6655.806: Total time for which application threads were stopped: 0.0003104 seconds, Stopping threads took: 0.0000367 seconds
2021-04-17T21:17:40.879+0700: 6655.806: Total time for which application threads were stopped: 0.0002630 seconds, Stopping threads took: 0.0000437 seconds
2021-04-17T21:17:40.879+0700: 6655.806: Total time for which application threads were stopped: 0.0001835 seconds, Stopping threads took: 0.0000391 seconds
2021-04-17T21:17:40.880+0700: 6655.807: Total time for which application threads were stopped: 0.0002630 seconds, Stopping threads took: 0.0000744 seconds
2021-04-17T21:17:40.880+0700: 6655.807: Total time for which application threads were stopped: 0.0002054 seconds, Stopping threads took: 0.0000643 seconds
2021-04-17T21:17:40.883+0700: 6655.810: Total time for which application threads were stopped: 0.0002788 seconds, Stopping threads took: 0.0000615 seconds
2021-04-17T21:17:40.883+0700: 6655.810: Total time for which application threads were stopped: 0.0002740 seconds, Stopping threads took: 0.0000412 seconds
2021-04-17T21:17:40.909+0700: 6655.836: Total time for which application threads were stopped: 0.0004202 seconds, Stopping threads took: 0.0001584 seconds
2021-04-17T21:17:40.911+0700: 6655.838: Total time for which application threads were stopped: 0.0003307 seconds, Stopping threads took: 0.0000580 seconds
2021-04-17T21:17:40.911+0700: 6655.838: Total time for which application threads were stopped: 0.0002272 seconds, Stopping threads took: 0.0000443 seconds
2021-04-17T21:17:40.912+0700: 6655.839: Total time for which application threads were stopped: 0.0002455 seconds, Stopping threads took: 0.0000755 seconds
2021-04-17T21:17:40.912+0700: 6655.839: Total time for which application threads were stopped: 0.0002443 seconds, Stopping threads took: 0.0000450 seconds
2021-04-17T21:17:40.913+0700: 6655.839: Total time for which application threads were stopped: 0.0001907 seconds, Stopping threads took: 0.0000380 seconds
2021-04-17T21:17:40.923+0700: 6655.850: Total time for which application threads were stopped: 0.0005843 seconds, Stopping threads took: 0.0002275 seconds
2021-04-17T21:17:40.925+0700: 6655.851: Total time for which application threads were stopped: 0.0002710 seconds, Stopping threads took: 0.0000499 seconds
2021-04-17T21:17:40.925+0700: 6655.852: Total time for which application threads were stopped: 0.0002808 seconds, Stopping threads took: 0.0000765 seconds
2021-04-17T21:17:40.926+0700: 6655.852: Total time for which application threads were stopped: 0.0002438 seconds, Stopping threads took: 0.0000725 seconds
2021-04-17T21:17:40.926+0700: 6655.853: Total time for which application threads were stopped: 0.0002368 seconds, Stopping threads took: 0.0000397 seconds
2021-04-17T21:17:40.926+0700: 6655.853: Total time for which application threads were stopped: 0.0001937 seconds, Stopping threads took: 0.0000402 seconds
2021-04-17T21:17:40.926+0700: 6655.853: Total time for which application threads were stopped: 0.0001684 seconds, Stopping threads took: 0.0000375 seconds
2021-04-17T21:17:40.927+0700: 6655.853: Total time for which application threads were stopped: 0.0002259 seconds, Stopping threads took: 0.0000757 seconds
2021-04-17T21:17:40.928+0700: 6655.855: Total time for which application threads were stopped: 0.0002513 seconds, Stopping threads took: 0.0000710 seconds
2021-04-17T21:17:40.928+0700: 6655.855: Total time for which application threads were stopped: 0.0002540 seconds, Stopping threads took: 0.0000486 seconds
2021-04-17T21:17:40.990+0700: 6655.917: Total time for which application threads were stopped: 0.0003403 seconds, Stopping threads took: 0.0000343 seconds
2021-04-17T21:17:41.041+0700: 6655.967: Total time for which application threads were stopped: 0.0003925 seconds, Stopping threads took: 0.0000644 seconds
2021-04-17T21:17:41.049+0700: 6655.976: Total time for which application threads were stopped: 0.0003251 seconds, Stopping threads took: 0.0000628 seconds
2021-04-17T21:17:41.071+0700: 6655.998: Total time for which application threads were stopped: 0.0003034 seconds, Stopping threads took: 0.0000362 seconds
2021-04-17T21:17:41.076+0700: 6656.002: Total time for which application threads were stopped: 0.0003331 seconds, Stopping threads took: 0.0000391 seconds
2021-04-17T21:17:41.090+0700: 6656.016: Total time for which application threads were stopped: 0.0004279 seconds, Stopping threads took: 0.0000726 seconds
2021-04-17T21:17:41.095+0700: 6656.021: Total time for which application threads were stopped: 0.0004198 seconds, Stopping threads took: 0.0000630 seconds
2021-04-17T21:17:41.131+0700: 6656.058: Total time for which application threads were stopped: 0.0003452 seconds, Stopping threads took: 0.0000636 seconds
2021-04-17T21:17:41.152+0700: 6656.079: Total time for which application threads were stopped: 0.0003802 seconds, Stopping threads took: 0.0000429 seconds
2021-04-17T21:17:41.163+0700: 6656.090: Total time for which application threads were stopped: 0.0003707 seconds, Stopping threads took: 0.0000411 seconds
2021-04-17T21:17:41.168+0700: 6656.094: Total time for which application threads were stopped: 0.0003623 seconds, Stopping threads took: 0.0000408 seconds
2021-04-17T21:17:41.191+0700: 6656.118: Total time for which application threads were stopped: 0.0002908 seconds, Stopping threads took: 0.0000379 seconds
2021-04-17T21:17:41.207+0700: 6656.134: Total time for which application threads were stopped: 0.0003437 seconds, Stopping threads took: 0.0000698 seconds
2021-04-17T21:17:41.209+0700: 6656.136: Total time for which application threads were stopped: 0.0002883 seconds, Stopping threads took: 0.0000532 seconds
2021-04-17T21:17:41.211+0700: 6656.137: Total time for which application threads were stopped: 0.0002876 seconds, Stopping threads took: 0.0000582 seconds
2021-04-17T21:17:41.213+0700: 6656.139: Total time for which application threads were stopped: 0.0003339 seconds, Stopping threads took: 0.0000612 seconds
2021-04-17T21:17:41.233+0700: 6656.160: Total time for which application threads were stopped: 0.0004120 seconds, Stopping threads took: 0.0000641 seconds
2021-04-17T21:17:41.238+0700: 6656.165: Total time for which application threads were stopped: 0.0008329 seconds, Stopping threads took: 0.0001394 seconds
2021-04-17T21:17:41.240+0700: 6656.167: Total time for which application threads were stopped: 0.0003541 seconds, Stopping threads took: 0.0000792 seconds
2021-04-17T21:17:41.242+0700: 6656.169: Total time for which application threads were stopped: 0.0003256 seconds, Stopping threads took: 0.0000710 seconds
2021-04-17T21:17:41.249+0700: 6656.175: Total time for which application threads were stopped: 0.0003397 seconds, Stopping threads took: 0.0000404 seconds
2021-04-17T21:17:41.254+0700: 6656.181: Total time for which application threads were stopped: 0.0003570 seconds, Stopping threads took: 0.0000631 seconds
2021-04-17T21:17:42.258+0700: 6657.185: Total time for which application threads were stopped: 0.0004089 seconds, Stopping threads took: 0.0000644 seconds
2021-04-17T21:17:56.301+0700: 6671.228: Total time for which application threads were stopped: 0.0005118 seconds, Stopping threads took: 0.0000651 seconds
2021-04-17T21:18:56.460+0700: 6731.402: Total time for which application threads were stopped: 0.0009713 seconds, Stopping threads took: 0.0001597 seconds
2021-04-17T21:19:41.576+0700: 6776.517: Total time for which application threads were stopped: 0.0005221 seconds, Stopping threads took: 0.0001044 seconds
2021-04-17T21:21:50.831+0700: 6905.769: Total time for which application threads were stopped: 0.0006734 seconds, Stopping threads took: 0.0001179 seconds
2021-04-17T21:21:50.832+0700: 6905.770: Total time for which application threads were stopped: 0.0007977 seconds, Stopping threads took: 0.0004039 seconds
2021-04-17T21:22:31.962+0700: 6946.899: Total time for which application threads were stopped: 0.0004807 seconds, Stopping threads took: 0.0000693 seconds
2021-04-17T21:22:56.025+0700: 6970.961: Total time for which application threads were stopped: 0.0004232 seconds, Stopping threads took: 0.0000486 seconds
2021-04-17T21:23:56.217+0700: 7031.151: Total time for which application threads were stopped: 0.0004690 seconds, Stopping threads took: 0.0000711 seconds
2021-04-17T21:24:56.373+0700: 7091.305: Total time for which application threads were stopped: 0.0005551 seconds, Stopping threads took: 0.0001364 seconds
2021-04-17T21:26:50.854+0700: 7205.783: Total time for which application threads were stopped: 0.0007163 seconds, Stopping threads took: 0.0000990 seconds
2021-04-17T21:26:50.855+0700: 7205.784: Total time for which application threads were stopped: 0.0005878 seconds, Stopping threads took: 0.0001426 seconds
2021-04-17T21:27:56.039+0700: 7270.966: Total time for which application threads were stopped: 0.0005157 seconds, Stopping threads took: 0.0000810 seconds
2021-04-17T21:28:47.544+0700: 7322.469: Total time for which application threads were stopped: 0.0008559 seconds, Stopping threads took: 0.0004398 seconds
2021-04-17T21:28:47.544+0700: 7322.470: Total time for which application threads were stopped: 0.0004143 seconds, Stopping threads took: 0.0000644 seconds
2021-04-17T21:28:47.545+0700: 7322.470: Total time for which application threads were stopped: 0.0003920 seconds, Stopping threads took: 0.0000309 seconds
2021-04-17T21:28:47.545+0700: 7322.471: Total time for which application threads were stopped: 0.0003711 seconds, Stopping threads took: 0.0000499 seconds
2021-04-17T21:28:47.546+0700: 7322.472: Total time for which application threads were stopped: 0.0003215 seconds, Stopping threads took: 0.0000371 seconds
2021-04-17T21:28:47.548+0700: 7322.473: Total time for which application threads were stopped: 0.0005661 seconds, Stopping threads took: 0.0000399 seconds
2021-04-17T21:28:47.548+0700: 7322.473: Total time for which application threads were stopped: 0.0002775 seconds, Stopping threads took: 0.0000270 seconds
2021-04-17T21:28:47.550+0700: 7322.475: Total time for which application threads were stopped: 0.0004381 seconds, Stopping threads took: 0.0000523 seconds
2021-04-17T21:28:47.552+0700: 7322.477: Total time for which application threads were stopped: 0.0005398 seconds, Stopping threads took: 0.0000904 seconds
2021-04-17T21:28:47.553+0700: 7322.478: Total time for which application threads were stopped: 0.0007487 seconds, Stopping threads took: 0.0000636 seconds
2021-04-17T21:28:47.556+0700: 7322.481: Total time for which application threads were stopped: 0.0006077 seconds, Stopping threads took: 0.0001139 seconds
2021-04-17T21:28:47.557+0700: 7322.482: Total time for which application threads were stopped: 0.0010069 seconds, Stopping threads took: 0.0003214 seconds
2021-04-17T21:28:47.559+0700: 7322.485: Total time for which application threads were stopped: 0.0009996 seconds, Stopping threads took: 0.0001088 seconds
2021-04-17T21:28:47.565+0700: 7322.491: Total time for which application threads were stopped: 0.0016954 seconds, Stopping threads took: 0.0011099 seconds
2021-04-17T21:28:47.569+0700: 7322.495: Total time for which application threads were stopped: 0.0021596 seconds, Stopping threads took: 0.0015422 seconds
2021-04-17T21:28:47.570+0700: 7322.495: Total time for which application threads were stopped: 0.0004318 seconds, Stopping threads took: 0.0000620 seconds
2021-04-17T21:28:47.570+0700: 7322.496: Total time for which application threads were stopped: 0.0004275 seconds, Stopping threads took: 0.0000548 seconds
2021-04-17T21:28:47.573+0700: 7322.498: Total time for which application threads were stopped: 0.0004847 seconds, Stopping threads took: 0.0000958 seconds
2021-04-17T21:28:47.573+0700: 7322.499: Total time for which application threads were stopped: 0.0005160 seconds, Stopping threads took: 0.0001551 seconds
2021-04-17T21:28:47.580+0700: 7322.506: Total time for which application threads were stopped: 0.0006683 seconds, Stopping threads took: 0.0001049 seconds
2021-04-17T21:28:47.597+0700: 7322.522: Total time for which application threads were stopped: 0.0004883 seconds, Stopping threads took: 0.0000752 seconds
2021-04-17T21:28:47.598+0700: 7322.523: Total time for which application threads were stopped: 0.0004592 seconds, Stopping threads took: 0.0000851 seconds
2021-04-17T21:28:47.599+0700: 7322.524: Total time for which application threads were stopped: 0.0004107 seconds, Stopping threads took: 0.0000380 seconds
2021-04-17T21:28:47.615+0700: 7322.540: Total time for which application threads were stopped: 0.0004708 seconds, Stopping threads took: 0.0000744 seconds
2021-04-17T21:28:47.615+0700: 7322.541: Total time for which application threads were stopped: 0.0004821 seconds, Stopping threads took: 0.0000716 seconds
2021-04-17T21:28:47.617+0700: 7322.542: Total time for which application threads were stopped: 0.0010586 seconds, Stopping threads took: 0.0002956 seconds
2021-04-17T21:28:47.620+0700: 7322.546: Total time for which application threads were stopped: 0.0004830 seconds, Stopping threads took: 0.0000847 seconds
2021-04-17T21:28:47.621+0700: 7322.546: Total time for which application threads were stopped: 0.0004488 seconds, Stopping threads took: 0.0001301 seconds
2021-04-17T21:28:47.621+0700: 7322.547: Total time for which application threads were stopped: 0.0003927 seconds, Stopping threads took: 0.0000859 seconds
2021-04-17T21:28:47.624+0700: 7322.549: Total time for which application threads were stopped: 0.0005700 seconds, Stopping threads took: 0.0001424 seconds
2021-04-17T21:28:47.747+0700: 7322.673: Total time for which application threads were stopped: 0.0101899 seconds, Stopping threads took: 0.0092760 seconds
2021-04-17T21:28:47.757+0700: 7322.683: Total time for which application threads were stopped: 0.0020607 seconds, Stopping threads took: 0.0000762 seconds
2021-04-17T21:28:56.781+0700: 7331.706: Total time for which application threads were stopped: 0.0006201 seconds, Stopping threads took: 0.0000795 seconds
2021-04-17T21:29:56.969+0700: 7391.892: Total time for which application threads were stopped: 0.0003274 seconds, Stopping threads took: 0.0000481 seconds
2021-04-17T21:30:56.124+0700: 7451.046: Total time for which application threads were stopped: 0.0006472 seconds, Stopping threads took: 0.0001206 seconds
2021-04-17T21:31:07.839+0700: 7462.760: Total time for which application threads were stopped: 0.0004205 seconds, Stopping threads took: 0.0000493 seconds
2021-04-17T21:31:07.839+0700: 7462.760: Total time for which application threads were stopped: 0.0003393 seconds, Stopping threads took: 0.0000328 seconds
2021-04-17T21:31:07.840+0700: 7462.761: Total time for which application threads were stopped: 0.0003227 seconds, Stopping threads took: 0.0000293 seconds
2021-04-17T21:31:07.841+0700: 7462.762: Total time for which application threads were stopped: 0.0004413 seconds, Stopping threads took: 0.0000423 seconds
2021-04-17T21:31:07.841+0700: 7462.763: Total time for which application threads were stopped: 0.0004318 seconds, Stopping threads took: 0.0000850 seconds
2021-04-17T21:31:07.842+0700: 7462.763: Total time for which application threads were stopped: 0.0004415 seconds, Stopping threads took: 0.0000508 seconds
2021-04-17T21:31:07.845+0700: 7462.766: Total time for which application threads were stopped: 0.0010780 seconds, Stopping threads took: 0.0005795 seconds
2021-04-17T21:31:07.847+0700: 7462.768: Total time for which application threads were stopped: 0.0006482 seconds, Stopping threads took: 0.0000509 seconds
2021-04-17T21:31:07.848+0700: 7462.769: Total time for which application threads were stopped: 0.0004737 seconds, Stopping threads took: 0.0000788 seconds
2021-04-17T21:31:07.848+0700: 7462.769: Total time for which application threads were stopped: 0.0004443 seconds, Stopping threads took: 0.0000721 seconds
2021-04-17T21:31:07.849+0700: 7462.770: Total time for which application threads were stopped: 0.0005488 seconds, Stopping threads took: 0.0000694 seconds
2021-04-17T21:31:07.849+0700: 7462.771: Total time for which application threads were stopped: 0.0005599 seconds, Stopping threads took: 0.0000745 seconds
2021-04-17T21:31:07.850+0700: 7462.771: Total time for which application threads were stopped: 0.0004656 seconds, Stopping threads took: 0.0000640 seconds
2021-04-17T21:31:07.852+0700: 7462.773: Total time for which application threads were stopped: 0.0004689 seconds, Stopping threads took: 0.0000763 seconds
2021-04-17T21:31:07.853+0700: 7462.774: Total time for which application threads were stopped: 0.0005479 seconds, Stopping threads took: 0.0000676 seconds
2021-04-17T21:31:07.857+0700: 7462.778: Total time for which application threads were stopped: 0.0004323 seconds, Stopping threads took: 0.0000515 seconds
2021-04-17T21:31:07.878+0700: 7462.799: Total time for which application threads were stopped: 0.0015796 seconds, Stopping threads took: 0.0003783 seconds
2021-04-17T21:31:07.879+0700: 7462.801: Total time for which application threads were stopped: 0.0010382 seconds, Stopping threads took: 0.0001559 seconds
2021-04-17T21:31:07.880+0700: 7462.801: Total time for which application threads were stopped: 0.0004775 seconds, Stopping threads took: 0.0001014 seconds
2021-04-17T21:31:07.881+0700: 7462.802: Total time for which application threads were stopped: 0.0004082 seconds, Stopping threads took: 0.0000592 seconds
2021-04-17T21:31:07.889+0700: 7462.810: Total time for which application threads were stopped: 0.0006840 seconds, Stopping threads took: 0.0001728 seconds
2021-04-17T21:31:07.890+0700: 7462.811: Total time for which application threads were stopped: 0.0008644 seconds, Stopping threads took: 0.0000316 seconds
2021-04-17T21:31:07.891+0700: 7462.812: Total time for which application threads were stopped: 0.0006024 seconds, Stopping threads took: 0.0002144 seconds
2021-04-17T21:31:07.893+0700: 7462.814: Total time for which application threads were stopped: 0.0004441 seconds, Stopping threads took: 0.0000499 seconds
2021-04-17T21:31:07.894+0700: 7462.815: Total time for which application threads were stopped: 0.0004670 seconds, Stopping threads took: 0.0000366 seconds
2021-04-17T21:31:07.930+0700: 7462.851: Total time for which application threads were stopped: 0.0005310 seconds, Stopping threads took: 0.0000800 seconds
2021-04-17T21:31:07.934+0700: 7462.856: Total time for which application threads were stopped: 0.0005799 seconds, Stopping threads took: 0.0000684 seconds
2021-04-17T21:31:07.954+0700: 7462.875: Total time for which application threads were stopped: 0.0005558 seconds, Stopping threads took: 0.0001916 seconds
2021-04-17T21:31:07.958+0700: 7462.879: Total time for which application threads were stopped: 0.0004681 seconds, Stopping threads took: 0.0000511 seconds
2021-04-17T21:31:07.971+0700: 7462.892: Total time for which application threads were stopped: 0.0006552 seconds, Stopping threads took: 0.0001250 seconds
2021-04-17T21:31:08.040+0700: 7462.961: Total time for which application threads were stopped: 0.0008648 seconds, Stopping threads took: 0.0000820 seconds
2021-04-17T21:31:09.045+0700: 7463.966: Total time for which application threads were stopped: 0.0003216 seconds, Stopping threads took: 0.0000529 seconds
2021-04-17T21:31:50.889+0700: 7505.809: Total time for which application threads were stopped: 0.0005472 seconds, Stopping threads took: 0.0001291 seconds
2021-04-17T21:31:50.890+0700: 7505.810: Total time for which application threads were stopped: 0.0010351 seconds, Stopping threads took: 0.0000919 seconds
2021-04-17T21:32:37.485+0700: 7552.403: Total time for which application threads were stopped: 0.0008542 seconds, Stopping threads took: 0.0000443 seconds
2021-04-17T21:32:37.487+0700: 7552.406: Total time for which application threads were stopped: 0.0004235 seconds, Stopping threads took: 0.0000919 seconds
2021-04-17T21:32:37.488+0700: 7552.406: Total time for which application threads were stopped: 0.0004799 seconds, Stopping threads took: 0.0001739 seconds
2021-04-17T21:32:37.491+0700: 7552.409: Total time for which application threads were stopped: 0.0006378 seconds, Stopping threads took: 0.0001493 seconds
2021-04-17T21:32:37.503+0700: 7552.422: Total time for which application threads were stopped: 0.0007244 seconds, Stopping threads took: 0.0003185 seconds
2021-04-17T21:32:37.554+0700: 7552.472: Total time for which application threads were stopped: 0.0005192 seconds, Stopping threads took: 0.0000796 seconds
2021-04-17T21:32:37.579+0700: 7552.498: Total time for which application threads were stopped: 0.0012515 seconds, Stopping threads took: 0.0000736 seconds
2021-04-17T21:32:37.601+0700: 7552.520: Total time for which application threads were stopped: 0.0004692 seconds, Stopping threads took: 0.0000531 seconds
2021-04-17T21:32:56.656+0700: 7571.574: Total time for which application threads were stopped: 0.0006315 seconds, Stopping threads took: 0.0000819 seconds
2021-04-17T21:36:50.888+0700: 7805.827: Total time for which application threads were stopped: 0.0005325 seconds, Stopping threads took: 0.0000953 seconds
2021-04-17T21:36:50.889+0700: 7805.828: Total time for which application threads were stopped: 0.0005770 seconds, Stopping threads took: 0.0000871 seconds
2021-04-17T21:39:57.467+0700: 7992.400: Total time for which application threads were stopped: 0.0004996 seconds, Stopping threads took: 0.0000679 seconds
2021-04-17T21:41:50.920+0700: 8105.849: Total time for which application threads were stopped: 0.0006722 seconds, Stopping threads took: 0.0000878 seconds
2021-04-17T21:41:50.921+0700: 8105.850: Total time for which application threads were stopped: 0.0006311 seconds, Stopping threads took: 0.0001362 seconds
2021-04-17T21:43:21.533+0700: 8196.460: Total time for which application threads were stopped: 0.0004310 seconds, Stopping threads took: 0.0000806 seconds
2021-04-17T21:43:21.534+0700: 8196.461: Total time for which application threads were stopped: 0.0003968 seconds, Stopping threads took: 0.0001088 seconds
2021-04-17T21:43:21.535+0700: 8196.461: Total time for which application threads were stopped: 0.0003333 seconds, Stopping threads took: 0.0000623 seconds
2021-04-17T21:43:21.536+0700: 8196.462: Total time for which application threads were stopped: 0.0004080 seconds, Stopping threads took: 0.0000400 seconds
2021-04-17T21:43:21.538+0700: 8196.465: Total time for which application threads were stopped: 0.0013134 seconds, Stopping threads took: 0.0009384 seconds
2021-04-17T21:43:21.539+0700: 8196.465: Total time for which application threads were stopped: 0.0003692 seconds, Stopping threads took: 0.0000269 seconds
2021-04-17T21:43:21.539+0700: 8196.466: Total time for which application threads were stopped: 0.0004123 seconds, Stopping threads took: 0.0000305 seconds
2021-04-17T21:43:21.540+0700: 8196.466: Total time for which application threads were stopped: 0.0002961 seconds, Stopping threads took: 0.0000524 seconds
2021-04-17T21:43:21.540+0700: 8196.467: Total time for which application threads were stopped: 0.0003488 seconds, Stopping threads took: 0.0000510 seconds
2021-04-17T21:43:21.542+0700: 8196.468: Total time for which application threads were stopped: 0.0009681 seconds, Stopping threads took: 0.0001007 seconds
2021-04-17T21:43:21.543+0700: 8196.469: Total time for which application threads were stopped: 0.0008012 seconds, Stopping threads took: 0.0000806 seconds
2021-04-17T21:43:21.543+0700: 8196.470: Total time for which application threads were stopped: 0.0002826 seconds, Stopping threads took: 0.0000677 seconds
2021-04-17T21:43:21.555+0700: 8196.482: Total time for which application threads were stopped: 0.0003440 seconds, Stopping threads took: 0.0000444 seconds
2021-04-17T21:43:21.556+0700: 8196.483: Total time for which application threads were stopped: 0.0003460 seconds, Stopping threads took: 0.0000662 seconds
2021-04-17T21:43:21.557+0700: 8196.483: Total time for which application threads were stopped: 0.0002917 seconds, Stopping threads took: 0.0000245 seconds
2021-04-17T21:43:21.557+0700: 8196.484: Total time for which application threads were stopped: 0.0002113 seconds, Stopping threads took: 0.0000367 seconds
2021-04-17T21:43:21.558+0700: 8196.485: Total time for which application threads were stopped: 0.0002806 seconds, Stopping threads took: 0.0000345 seconds
2021-04-17T21:43:21.559+0700: 8196.485: Total time for which application threads were stopped: 0.0002762 seconds, Stopping threads took: 0.0000252 seconds
2021-04-17T21:43:21.559+0700: 8196.486: Total time for which application threads were stopped: 0.0002017 seconds, Stopping threads took: 0.0000220 seconds
2021-04-17T21:43:21.565+0700: 8196.492: Total time for which application threads were stopped: 0.0004233 seconds, Stopping threads took: 0.0000475 seconds
2021-04-17T21:43:21.565+0700: 8196.492: Total time for which application threads were stopped: 0.0003567 seconds, Stopping threads took: 0.0000322 seconds
2021-04-17T21:43:21.573+0700: 8196.500: Total time for which application threads were stopped: 0.0004414 seconds, Stopping threads took: 0.0000672 seconds
2021-04-17T21:43:21.573+0700: 8196.500: Total time for which application threads were stopped: 0.0004116 seconds, Stopping threads took: 0.0000683 seconds
2021-04-17T21:43:21.577+0700: 8196.504: Total time for which application threads were stopped: 0.0004952 seconds, Stopping threads took: 0.0000504 seconds
2021-04-17T21:43:21.591+0700: 8196.518: Total time for which application threads were stopped: 0.0003839 seconds, Stopping threads took: 0.0000451 seconds
2021-04-17T21:43:21.665+0700: 8196.592: Total time for which application threads were stopped: 0.0005652 seconds, Stopping threads took: 0.0000520 seconds
2021-04-17T21:43:21.669+0700: 8196.595: Total time for which application threads were stopped: 0.0004528 seconds, Stopping threads took: 0.0000524 seconds
2021-04-17T21:43:21.669+0700: 8196.596: Total time for which application threads were stopped: 0.0003003 seconds, Stopping threads took: 0.0000541 seconds
2021-04-17T21:43:21.677+0700: 8196.604: Total time for which application threads were stopped: 0.0004345 seconds, Stopping threads took: 0.0001213 seconds
2021-04-17T21:43:21.712+0700: 8196.639: Total time for which application threads were stopped: 0.0004461 seconds, Stopping threads took: 0.0000506 seconds
2021-04-17T21:43:21.715+0700: 8196.642: Total time for which application threads were stopped: 0.0005314 seconds, Stopping threads took: 0.0000700 seconds
2021-04-17T21:43:21.716+0700: 8196.642: Total time for which application threads were stopped: 0.0003924 seconds, Stopping threads took: 0.0000466 seconds
2021-04-17T21:43:21.718+0700: 8196.645: Total time for which application threads were stopped: 0.0004089 seconds, Stopping threads took: 0.0000491 seconds
2021-04-17T21:43:21.725+0700: 8196.651: Total time for which application threads were stopped: 0.0004111 seconds, Stopping threads took: 0.0000495 seconds
2021-04-17T21:43:21.746+0700: 8196.673: Total time for which application threads were stopped: 0.0004311 seconds, Stopping threads took: 0.0000630 seconds
2021-04-17T21:43:21.750+0700: 8196.677: Total time for which application threads were stopped: 0.0004384 seconds, Stopping threads took: 0.0000700 seconds
2021-04-17T21:43:21.759+0700: 8196.686: Total time for which application threads were stopped: 0.0004401 seconds, Stopping threads took: 0.0000676 seconds
2021-04-17T21:43:21.761+0700: 8196.688: Total time for which application threads were stopped: 0.0004255 seconds, Stopping threads took: 0.0000645 seconds
2021-04-17T21:43:21.766+0700: 8196.693: Total time for which application threads were stopped: 0.0004853 seconds, Stopping threads took: 0.0000655 seconds
2021-04-17T21:43:21.766+0700: 8196.693: Total time for which application threads were stopped: 0.0004205 seconds, Stopping threads took: 0.0000545 seconds
2021-04-17T21:43:21.807+0700: 8196.734: Total time for which application threads were stopped: 0.0004435 seconds, Stopping threads took: 0.0000637 seconds
2021-04-17T21:43:21.874+0700: 8196.801: Total time for which application threads were stopped: 0.0007161 seconds, Stopping threads took: 0.0001135 seconds
2021-04-17T21:43:21.882+0700: 8196.809: Total time for which application threads were stopped: 0.0007169 seconds, Stopping threads took: 0.0001925 seconds
2021-04-17T21:43:21.886+0700: 8196.813: Total time for which application threads were stopped: 0.0009390 seconds, Stopping threads took: 0.0000595 seconds
2021-04-17T21:45:22.189+0700: 8317.112: Total time for which application threads were stopped: 0.0005369 seconds, Stopping threads took: 0.0000694 seconds
2021-04-17T21:46:04.356+0700: 8359.278: Total time for which application threads were stopped: 0.0004156 seconds, Stopping threads took: 0.0000971 seconds
2021-04-17T21:46:04.357+0700: 8359.279: Total time for which application threads were stopped: 0.0003184 seconds, Stopping threads took: 0.0000591 seconds
2021-04-17T21:46:04.357+0700: 8359.279: Total time for which application threads were stopped: 0.0002480 seconds, Stopping threads took: 0.0000369 seconds
2021-04-17T21:46:04.358+0700: 8359.280: Total time for which application threads were stopped: 0.0002795 seconds, Stopping threads took: 0.0000256 seconds
2021-04-17T21:46:04.359+0700: 8359.281: Total time for which application threads were stopped: 0.0003153 seconds, Stopping threads took: 0.0000737 seconds
2021-04-17T21:46:04.359+0700: 8359.281: Total time for which application threads were stopped: 0.0002437 seconds, Stopping threads took: 0.0000529 seconds
2021-04-17T21:46:04.362+0700: 8359.284: Total time for which application threads were stopped: 0.0004320 seconds, Stopping threads took: 0.0001385 seconds
2021-04-17T21:46:04.363+0700: 8359.285: Total time for which application threads were stopped: 0.0004077 seconds, Stopping threads took: 0.0001253 seconds
2021-04-17T21:46:04.364+0700: 8359.285: Total time for which application threads were stopped: 0.0004026 seconds, Stopping threads took: 0.0000806 seconds
2021-04-17T21:46:04.364+0700: 8359.286: Total time for which application threads were stopped: 0.0007897 seconds, Stopping threads took: 0.0005391 seconds
2021-04-17T21:46:04.368+0700: 8359.289: Total time for which application threads were stopped: 0.0004223 seconds, Stopping threads took: 0.0000683 seconds
2021-04-17T21:46:04.368+0700: 8359.290: Total time for which application threads were stopped: 0.0003455 seconds, Stopping threads took: 0.0000493 seconds
2021-04-17T21:46:04.368+0700: 8359.290: Total time for which application threads were stopped: 0.0002429 seconds, Stopping threads took: 0.0000431 seconds
2021-04-17T21:46:04.370+0700: 8359.292: Total time for which application threads were stopped: 0.0004254 seconds, Stopping threads took: 0.0000898 seconds
2021-04-17T21:46:04.370+0700: 8359.292: Total time for which application threads were stopped: 0.0003529 seconds, Stopping threads took: 0.0000451 seconds
2021-04-17T21:46:04.383+0700: 8359.305: Total time for which application threads were stopped: 0.0004630 seconds, Stopping threads took: 0.0001228 seconds
2021-04-17T21:46:04.402+0700: 8359.324: Total time for which application threads were stopped: 0.0003710 seconds, Stopping threads took: 0.0000470 seconds
2021-04-17T21:46:04.402+0700: 8359.324: Total time for which application threads were stopped: 0.0003304 seconds, Stopping threads took: 0.0000515 seconds
2021-04-17T21:46:04.403+0700: 8359.325: Total time for which application threads were stopped: 0.0002558 seconds, Stopping threads took: 0.0000357 seconds
2021-04-17T21:46:04.403+0700: 8359.325: Total time for which application threads were stopped: 0.0002925 seconds, Stopping threads took: 0.0000422 seconds
2021-04-17T21:46:04.409+0700: 8359.331: Total time for which application threads were stopped: 0.0003816 seconds, Stopping threads took: 0.0000532 seconds
2021-04-17T21:46:04.410+0700: 8359.331: Total time for which application threads were stopped: 0.0003071 seconds, Stopping threads took: 0.0000452 seconds
2021-04-17T21:46:04.410+0700: 8359.332: Total time for which application threads were stopped: 0.0007208 seconds, Stopping threads took: 0.0000617 seconds
2021-04-17T21:46:04.411+0700: 8359.333: Total time for which application threads were stopped: 0.0002933 seconds, Stopping threads took: 0.0000597 seconds
2021-04-17T21:46:04.412+0700: 8359.334: Total time for which application threads were stopped: 0.0002721 seconds, Stopping threads took: 0.0000723 seconds
2021-04-17T21:46:04.421+0700: 8359.343: Total time for which application threads were stopped: 0.0003920 seconds, Stopping threads took: 0.0000801 seconds
2021-04-17T21:46:04.424+0700: 8359.346: Total time for which application threads were stopped: 0.0004654 seconds, Stopping threads took: 0.0000832 seconds
2021-04-17T21:46:04.454+0700: 8359.376: Total time for which application threads were stopped: 0.0004260 seconds, Stopping threads took: 0.0000467 seconds
2021-04-17T21:46:04.458+0700: 8359.380: Total time for which application threads were stopped: 0.0003880 seconds, Stopping threads took: 0.0000461 seconds
2021-04-17T21:46:04.459+0700: 8359.380: Total time for which application threads were stopped: 0.0003047 seconds, Stopping threads took: 0.0000269 seconds
2021-04-17T21:46:04.461+0700: 8359.382: Total time for which application threads were stopped: 0.0004204 seconds, Stopping threads took: 0.0000494 seconds
2021-04-17T21:46:04.483+0700: 8359.405: Total time for which application threads were stopped: 0.0004319 seconds, Stopping threads took: 0.0000639 seconds
2021-04-17T21:46:04.499+0700: 8359.421: Total time for which application threads were stopped: 0.0004659 seconds, Stopping threads took: 0.0000641 seconds
{Heap before GC invocations=20 (full 0):
 garbage-first heap   total 524288K, used 415360K [0x00000007a0000000, 0x00000007a0101000, 0x00000007c0000000)
  region size 1024K, 307 young (314368K), 19 survivors (19456K)
 Metaspace       used 65784K, capacity 69159K, committed 69452K, reserved 1110016K
  class space    used 7591K, capacity 8199K, committed 8268K, reserved 1048576K
2021-04-17T21:46:04.502+0700: 8359.424: [GC pause (G1 Evacuation Pause) (young)
Desired survivor size 20447232 bytes, new threshold 15 (max 15)
- age   1:    4966920 bytes,    4966920 total
- age   2:    4036944 bytes,    9003864 total
- age   3:    3241072 bytes,   12244936 total
- age   4:    4301040 bytes,   16545976 total
, 0.0959916 secs]
   [Parallel Time: 87.9 ms, GC Workers: 4]
      [GC Worker Start (ms): Min: 8359424.4, Avg: 8359424.5, Max: 8359424.6, Diff: 0.2]
      [Ext Root Scanning (ms): Min: 2.4, Avg: 5.6, Max: 14.5, Diff: 12.0, Sum: 22.6]
      [Update RS (ms): Min: 4.2, Avg: 12.8, Max: 16.5, Diff: 12.3, Sum: 51.1]
         [Processed Buffers: Min: 8, Avg: 13.2, Max: 25, Diff: 17, Sum: 53]
      [Scan RS (ms): Min: 0.0, Avg: 0.1, Max: 0.1, Diff: 0.1, Sum: 0.2]
      [Code Root Scanning (ms): Min: 0.0, Avg: 1.8, Max: 3.2, Diff: 3.2, Sum: 7.2]
      [Object Copy (ms): Min: 66.3, Avg: 67.4, Max: 68.8, Diff: 2.5, Sum: 269.6]
      [Termination (ms): Min: 0.0, Avg: 0.0, Max: 0.0, Diff: 0.0, Sum: 0.1]
         [Termination Attempts: Min: 1, Avg: 1.5, Max: 2, Diff: 1, Sum: 6]
      [GC Worker Other (ms): Min: 0.0, Avg: 0.0, Max: 0.1, Diff: 0.1, Sum: 0.2]
      [GC Worker Total (ms): Min: 87.6, Avg: 87.8, Max: 87.8, Diff: 0.2, Sum: 351.0]
      [GC Worker End (ms): Min: 8359512.2, Avg: 8359512.2, Max: 8359512.3, Diff: 0.0]
   [Code Root Fixup: 0.1 ms]
   [Code Root Purge: 0.1 ms]
   [Clear CT: 0.2 ms]
   [Other: 7.6 ms]
      [Choose CSet: 0.0 ms]
      [Ref Proc: 5.8 ms]
      [Ref Enq: 0.0 ms]
      [Redirty Cards: 0.0 ms]
      [Humongous Register: 0.3 ms]
      [Humongous Reclaim: 0.0 ms]
      [Free CSet: 0.8 ms]
   [Eden: 288.0M(288.0M)->0.0B(285.0M) Survivors: 19.0M->22.0M Heap: 405.6M(512.0M)->120.6M(512.0M)]
Heap after GC invocations=21 (full 0):
 garbage-first heap   total 524288K, used 123520K [0x00000007a0000000, 0x00000007a0101000, 0x00000007c0000000)
  region size 1024K, 22 young (22528K), 22 survivors (22528K)
 Metaspace       used 65784K, capacity 69159K, committed 69452K, reserved 1110016K
  class space    used 7591K, capacity 8199K, committed 8268K, reserved 1048576K
}
 [Times: user=0.11 sys=0.13, real=0.09 secs] 
2021-04-17T21:46:04.598+0700: 8359.520: Total time for which application threads were stopped: 0.0967681 seconds, Stopping threads took: 0.0001429 seconds
2021-04-17T21:46:04.598+0700: 8359.520: Total time for which application threads were stopped: 0.0004174 seconds, Stopping threads took: 0.0001030 seconds
2021-04-17T21:46:04.599+0700: 8359.521: Total time for which application threads were stopped: 0.0002993 seconds, Stopping threads took: 0.0000238 seconds
2021-04-17T21:46:04.599+0700: 8359.521: Total time for which application threads were stopped: 0.0003111 seconds, Stopping threads took: 0.0000672 seconds
2021-04-17T21:46:04.600+0700: 8359.522: Total time for which application threads were stopped: 0.0003798 seconds, Stopping threads took: 0.0000648 seconds
2021-04-17T21:46:04.600+0700: 8359.522: Total time for which application threads were stopped: 0.0004110 seconds, Stopping threads took: 0.0000245 seconds
2021-04-17T21:46:04.601+0700: 8359.522: Total time for which application threads were stopped: 0.0002908 seconds, Stopping threads took: 0.0000256 seconds
2021-04-17T21:46:04.601+0700: 8359.523: Total time for which application threads were stopped: 0.0007563 seconds, Stopping threads took: 0.0000448 seconds
2021-04-17T21:46:04.634+0700: 8359.556: Total time for which application threads were stopped: 0.0003864 seconds, Stopping threads took: 0.0000784 seconds
2021-04-17T21:46:04.642+0700: 8359.564: Total time for which application threads were stopped: 0.0005675 seconds, Stopping threads took: 0.0001075 seconds
2021-04-17T21:46:04.669+0700: 8359.591: Total time for which application threads were stopped: 0.0003930 seconds, Stopping threads took: 0.0000785 seconds
2021-04-17T21:46:04.695+0700: 8359.617: Total time for which application threads were stopped: 0.0005365 seconds, Stopping threads took: 0.0000857 seconds
2021-04-17T21:46:04.765+0700: 8359.687: Total time for which application threads were stopped: 0.0006068 seconds, Stopping threads took: 0.0001012 seconds
2021-04-17T21:46:04.772+0700: 8359.694: Total time for which application threads were stopped: 0.0005041 seconds, Stopping threads took: 0.0000800 seconds
2021-04-17T21:46:05.776+0700: 8360.698: Total time for which application threads were stopped: 0.0004595 seconds, Stopping threads took: 0.0000637 seconds
2021-04-17T21:46:50.950+0700: 8405.871: Total time for which application threads were stopped: 0.0005127 seconds, Stopping threads took: 0.0000667 seconds
2021-04-17T21:46:50.951+0700: 8405.872: Total time for which application threads were stopped: 0.0006212 seconds, Stopping threads took: 0.0000720 seconds
2021-04-17T21:46:56.964+0700: 8411.885: Total time for which application threads were stopped: 0.0003345 seconds, Stopping threads took: 0.0000507 seconds
2021-04-17T21:48:15.131+0700: 8490.049: Total time for which application threads were stopped: 0.0003588 seconds, Stopping threads took: 0.0000610 seconds
2021-04-17T21:48:15.132+0700: 8490.050: Total time for which application threads were stopped: 0.0003945 seconds, Stopping threads took: 0.0000838 seconds
2021-04-17T21:48:15.132+0700: 8490.050: Total time for which application threads were stopped: 0.0002392 seconds, Stopping threads took: 0.0000271 seconds
2021-04-17T21:48:15.132+0700: 8490.050: Total time for which application threads were stopped: 0.0002371 seconds, Stopping threads took: 0.0000482 seconds
2021-04-17T21:48:15.133+0700: 8490.051: Total time for which application threads were stopped: 0.0003415 seconds, Stopping threads took: 0.0000300 seconds
2021-04-17T21:48:15.134+0700: 8490.052: Total time for which application threads were stopped: 0.0003757 seconds, Stopping threads took: 0.0000355 seconds
2021-04-17T21:48:15.134+0700: 8490.052: Total time for which application threads were stopped: 0.0003795 seconds, Stopping threads took: 0.0000241 seconds
2021-04-17T21:48:15.135+0700: 8490.053: Total time for which application threads were stopped: 0.0004183 seconds, Stopping threads took: 0.0000465 seconds
2021-04-17T21:48:15.137+0700: 8490.054: Total time for which application threads were stopped: 0.0003861 seconds, Stopping threads took: 0.0000420 seconds
2021-04-17T21:48:15.137+0700: 8490.055: Total time for which application threads were stopped: 0.0003342 seconds, Stopping threads took: 0.0000559 seconds
2021-04-17T21:48:15.138+0700: 8490.056: Total time for which application threads were stopped: 0.0003633 seconds, Stopping threads took: 0.0000884 seconds
2021-04-17T21:48:15.139+0700: 8490.057: Total time for which application threads were stopped: 0.0013552 seconds, Stopping threads took: 0.0001221 seconds
2021-04-17T21:48:15.141+0700: 8490.059: Total time for which application threads were stopped: 0.0009608 seconds, Stopping threads took: 0.0002666 seconds
2021-04-17T21:48:15.145+0700: 8490.063: Total time for which application threads were stopped: 0.0006104 seconds, Stopping threads took: 0.0000922 seconds
2021-04-17T21:48:15.147+0700: 8490.065: Total time for which application threads were stopped: 0.0009087 seconds, Stopping threads took: 0.0001512 seconds
2021-04-17T21:48:15.149+0700: 8490.067: Total time for which application threads were stopped: 0.0009883 seconds, Stopping threads took: 0.0001935 seconds
2021-04-17T21:48:15.149+0700: 8490.067: Total time for which application threads were stopped: 0.0004112 seconds, Stopping threads took: 0.0000849 seconds
2021-04-17T21:48:15.151+0700: 8490.069: Total time for which application threads were stopped: 0.0007398 seconds, Stopping threads took: 0.0002385 seconds
2021-04-17T21:48:15.152+0700: 8490.070: Total time for which application threads were stopped: 0.0005526 seconds, Stopping threads took: 0.0001200 seconds
2021-04-17T21:48:15.165+0700: 8490.083: Total time for which application threads were stopped: 0.0004305 seconds, Stopping threads took: 0.0001081 seconds
2021-04-17T21:48:15.165+0700: 8490.083: Total time for which application threads were stopped: 0.0003857 seconds, Stopping threads took: 0.0000868 seconds
2021-04-17T21:48:15.168+0700: 8490.086: Total time for which application threads were stopped: 0.0005196 seconds, Stopping threads took: 0.0000541 seconds
2021-04-17T21:48:15.213+0700: 8490.131: Total time for which application threads were stopped: 0.0004342 seconds, Stopping threads took: 0.0000906 seconds
2021-04-17T21:48:15.216+0700: 8490.134: Total time for which application threads were stopped: 0.0005545 seconds, Stopping threads took: 0.0000947 seconds
2021-04-17T21:48:15.216+0700: 8490.134: Total time for which application threads were stopped: 0.0005220 seconds, Stopping threads took: 0.0000851 seconds
2021-04-17T21:48:15.217+0700: 8490.135: Total time for which application threads were stopped: 0.0003559 seconds, Stopping threads took: 0.0000459 seconds
2021-04-17T21:48:15.233+0700: 8490.151: Total time for which application threads were stopped: 0.0006065 seconds, Stopping threads took: 0.0000583 seconds
2021-04-17T21:48:15.244+0700: 8490.162: Total time for which application threads were stopped: 0.0005664 seconds, Stopping threads took: 0.0000918 seconds
2021-04-17T21:48:15.246+0700: 8490.164: Total time for which application threads were stopped: 0.0004007 seconds, Stopping threads took: 0.0000766 seconds
2021-04-17T21:48:15.247+0700: 8490.165: Total time for which application threads were stopped: 0.0003101 seconds, Stopping threads took: 0.0000289 seconds
2021-04-17T21:48:15.285+0700: 8490.203: Total time for which application threads were stopped: 0.0005174 seconds, Stopping threads took: 0.0000525 seconds
2021-04-17T21:48:15.288+0700: 8490.205: Total time for which application threads were stopped: 0.0004764 seconds, Stopping threads took: 0.0000721 seconds
2021-04-17T21:48:15.316+0700: 8490.234: Total time for which application threads were stopped: 0.0060382 seconds, Stopping threads took: 0.0056109 seconds
2021-04-17T21:48:15.474+0700: 8490.392: Total time for which application threads were stopped: 0.0005343 seconds, Stopping threads took: 0.0000523 seconds
2021-04-17T21:48:16.479+0700: 8491.397: Total time for which application threads were stopped: 0.0007801 seconds, Stopping threads took: 0.0000721 seconds
2021-04-17T21:48:17.481+0700: 8492.399: Total time for which application threads were stopped: 0.0009902 seconds, Stopping threads took: 0.0000564 seconds
2021-04-17T21:48:25.525+0700: 8500.443: Total time for which application threads were stopped: 0.0004972 seconds, Stopping threads took: 0.0000486 seconds
2021-04-17T21:48:25.536+0700: 8500.453: Total time for which application threads were stopped: 0.0004798 seconds, Stopping threads took: 0.0000506 seconds
2021-04-17T21:48:25.548+0700: 8500.466: Total time for which application threads were stopped: 0.0003925 seconds, Stopping threads took: 0.0000783 seconds
2021-04-17T21:48:25.551+0700: 8500.468: Total time for which application threads were stopped: 0.0003825 seconds, Stopping threads took: 0.0000433 seconds
2021-04-17T21:48:25.583+0700: 8500.501: Total time for which application threads were stopped: 0.0005644 seconds, Stopping threads took: 0.0000986 seconds
2021-04-17T21:48:25.596+0700: 8500.513: Total time for which application threads were stopped: 0.0004652 seconds, Stopping threads took: 0.0000717 seconds
2021-04-17T21:48:25.654+0700: 8500.572: Total time for which application threads were stopped: 0.0004589 seconds, Stopping threads took: 0.0000545 seconds
2021-04-17T21:48:25.691+0700: 8500.609: Total time for which application threads were stopped: 0.0005601 seconds, Stopping threads took: 0.0001022 seconds
2021-04-17T21:48:25.709+0700: 8500.627: Total time for which application threads were stopped: 0.0006175 seconds, Stopping threads took: 0.0001246 seconds
2021-04-17T21:48:25.726+0700: 8500.644: Total time for which application threads were stopped: 0.0006666 seconds, Stopping threads took: 0.0000912 seconds
2021-04-17T21:48:25.734+0700: 8500.652: Total time for which application threads were stopped: 0.0013291 seconds, Stopping threads took: 0.0000792 seconds
2021-04-17T21:48:25.737+0700: 8500.654: Total time for which application threads were stopped: 0.0005462 seconds, Stopping threads took: 0.0000852 seconds
2021-04-17T21:48:25.747+0700: 8500.665: Total time for which application threads were stopped: 0.0005127 seconds, Stopping threads took: 0.0000739 seconds
2021-04-17T21:48:25.751+0700: 8500.669: Total time for which application threads were stopped: 0.0004091 seconds, Stopping threads took: 0.0000762 seconds
2021-04-17T21:48:25.788+0700: 8500.706: Total time for which application threads were stopped: 0.0005597 seconds, Stopping threads took: 0.0001113 seconds
2021-04-17T21:48:25.794+0700: 8500.712: Total time for which application threads were stopped: 0.0004823 seconds, Stopping threads took: 0.0000533 seconds
2021-04-17T21:48:26.800+0700: 8501.717: Total time for which application threads were stopped: 0.0005024 seconds, Stopping threads took: 0.0000667 seconds
2021-04-17T21:48:57.854+0700: 8532.771: Total time for which application threads were stopped: 0.0006135 seconds, Stopping threads took: 0.0000953 seconds
2021-04-17T21:49:44.327+0700: 8579.242: Total time for which application threads were stopped: 0.0004983 seconds, Stopping threads took: 0.0000622 seconds
2021-04-17T21:49:44.347+0700: 8579.262: Total time for which application threads were stopped: 0.0004547 seconds, Stopping threads took: 0.0001451 seconds
2021-04-17T21:49:44.366+0700: 8579.282: Total time for which application threads were stopped: 0.0006904 seconds, Stopping threads took: 0.0001922 seconds
2021-04-17T21:49:44.391+0700: 8579.306: Total time for which application threads were stopped: 0.0006521 seconds, Stopping threads took: 0.0000549 seconds
2021-04-17T21:49:44.433+0700: 8579.348: Total time for which application threads were stopped: 0.0004328 seconds, Stopping threads took: 0.0000526 seconds
2021-04-17T21:49:44.443+0700: 8579.359: Total time for which application threads were stopped: 0.0012337 seconds, Stopping threads took: 0.0002013 seconds
2021-04-17T21:49:44.506+0700: 8579.421: Total time for which application threads were stopped: 0.0005516 seconds, Stopping threads took: 0.0000554 seconds
2021-04-17T21:49:44.510+0700: 8579.425: Total time for which application threads were stopped: 0.0007366 seconds, Stopping threads took: 0.0000816 seconds
2021-04-17T21:49:44.531+0700: 8579.447: Total time for which application threads were stopped: 0.0005372 seconds, Stopping threads took: 0.0000573 seconds
2021-04-17T21:49:44.533+0700: 8579.449: Total time for which application threads were stopped: 0.0005270 seconds, Stopping threads took: 0.0000785 seconds
2021-04-17T21:49:44.535+0700: 8579.451: Total time for which application threads were stopped: 0.0005285 seconds, Stopping threads took: 0.0000519 seconds
2021-04-17T21:49:44.580+0700: 8579.495: Total time for which application threads were stopped: 0.0005860 seconds, Stopping threads took: 0.0000995 seconds
2021-04-17T21:49:44.595+0700: 8579.510: Total time for which application threads were stopped: 0.0005443 seconds, Stopping threads took: 0.0000938 seconds
2021-04-17T21:49:44.595+0700: 8579.511: Total time for which application threads were stopped: 0.0003989 seconds, Stopping threads took: 0.0000373 seconds
2021-04-17T21:49:44.597+0700: 8579.512: Total time for which application threads were stopped: 0.0004928 seconds, Stopping threads took: 0.0000502 seconds
2021-04-17T21:49:57.634+0700: 8592.560: Total time for which application threads were stopped: 0.0003501 seconds, Stopping threads took: 0.0000492 seconds
2021-04-17T21:50:31.963+0700: 8626.897: Total time for which application threads were stopped: 0.0012782 seconds, Stopping threads took: 0.0009002 seconds
2021-04-17T21:50:31.986+0700: 8626.920: Total time for which application threads were stopped: 0.0003818 seconds, Stopping threads took: 0.0000775 seconds
2021-04-17T21:50:32.021+0700: 8626.955: Total time for which application threads were stopped: 0.0004697 seconds, Stopping threads took: 0.0000640 seconds
2021-04-17T21:50:32.056+0700: 8626.989: Total time for which application threads were stopped: 0.0004764 seconds, Stopping threads took: 0.0000547 seconds
2021-04-17T21:50:32.058+0700: 8626.992: Total time for which application threads were stopped: 0.0009764 seconds, Stopping threads took: 0.0000689 seconds
2021-04-17T21:50:32.059+0700: 8626.993: Total time for which application threads were stopped: 0.0004785 seconds, Stopping threads took: 0.0000499 seconds
2021-04-17T21:50:32.061+0700: 8626.995: Total time for which application threads were stopped: 0.0003586 seconds, Stopping threads took: 0.0000564 seconds
2021-04-17T21:50:32.136+0700: 8627.070: Total time for which application threads were stopped: 0.0005421 seconds, Stopping threads took: 0.0000718 seconds
2021-04-17T21:50:32.147+0700: 8627.081: Total time for which application threads were stopped: 0.0004613 seconds, Stopping threads took: 0.0000572 seconds
2021-04-17T21:51:50.958+0700: 8705.891: Total time for which application threads were stopped: 0.0006082 seconds, Stopping threads took: 0.0001342 seconds
2021-04-17T21:51:50.959+0700: 8705.891: Total time for which application threads were stopped: 0.0003336 seconds, Stopping threads took: 0.0000578 seconds
2021-04-17T21:52:26.688+0700: 8741.619: Total time for which application threads were stopped: 0.0004877 seconds, Stopping threads took: 0.0000504 seconds
2021-04-17T21:52:26.696+0700: 8741.627: Total time for which application threads were stopped: 0.0003578 seconds, Stopping threads took: 0.0000529 seconds
2021-04-17T21:52:26.697+0700: 8741.629: Total time for which application threads were stopped: 0.0003889 seconds, Stopping threads took: 0.0000672 seconds
2021-04-17T21:52:26.720+0700: 8741.652: Total time for which application threads were stopped: 0.0004633 seconds, Stopping threads took: 0.0000679 seconds
2021-04-17T21:52:26.722+0700: 8741.653: Total time for which application threads were stopped: 0.0004223 seconds, Stopping threads took: 0.0000866 seconds
2021-04-17T21:52:26.723+0700: 8741.655: Total time for which application threads were stopped: 0.0004396 seconds, Stopping threads took: 0.0000582 seconds
2021-04-17T21:52:26.738+0700: 8741.670: Total time for which application threads were stopped: 0.0004205 seconds, Stopping threads took: 0.0000825 seconds
2021-04-17T21:52:26.773+0700: 8741.705: Total time for which application threads were stopped: 0.0004291 seconds, Stopping threads took: 0.0000694 seconds
2021-04-17T21:52:26.823+0700: 8741.755: Total time for which application threads were stopped: 0.0005159 seconds, Stopping threads took: 0.0001027 seconds
2021-04-17T21:52:26.878+0700: 8741.809: Total time for which application threads were stopped: 0.0005678 seconds, Stopping threads took: 0.0000763 seconds
2021-04-17T21:52:26.891+0700: 8741.823: Total time for which application threads were stopped: 0.0005269 seconds, Stopping threads took: 0.0000702 seconds
2021-04-17T21:52:26.900+0700: 8741.831: Total time for which application threads were stopped: 0.0005466 seconds, Stopping threads took: 0.0000562 seconds
2021-04-17T21:52:26.902+0700: 8741.834: Total time for which application threads were stopped: 0.0006266 seconds, Stopping threads took: 0.0000722 seconds
2021-04-17T21:52:28.904+0700: 8743.835: Total time for which application threads were stopped: 0.0005386 seconds, Stopping threads took: 0.0000591 seconds
2021-04-17T21:52:29.907+0700: 8744.839: Total time for which application threads were stopped: 0.0008033 seconds, Stopping threads took: 0.0001089 seconds
2021-04-17T21:52:30.910+0700: 8745.841: Total time for which application threads were stopped: 0.0007322 seconds, Stopping threads took: 0.0001480 seconds
2021-04-17T21:52:32.919+0700: 8747.850: Total time for which application threads were stopped: 0.0008879 seconds, Stopping threads took: 0.0000877 seconds
2021-04-17T21:52:44.698+0700: 8759.629: Total time for which application threads were stopped: 0.0003629 seconds, Stopping threads took: 0.0000484 seconds
2021-04-17T21:52:44.705+0700: 8759.636: Total time for which application threads were stopped: 0.0004670 seconds, Stopping threads took: 0.0000494 seconds
2021-04-17T21:52:44.721+0700: 8759.652: Total time for which application threads were stopped: 0.0004046 seconds, Stopping threads took: 0.0000759 seconds
2021-04-17T21:52:44.724+0700: 8759.655: Total time for which application threads were stopped: 0.0003867 seconds, Stopping threads took: 0.0000624 seconds
2021-04-17T21:52:44.732+0700: 8759.663: Total time for which application threads were stopped: 0.0004363 seconds, Stopping threads took: 0.0000720 seconds
2021-04-17T21:52:44.751+0700: 8759.682: Total time for which application threads were stopped: 0.0006112 seconds, Stopping threads took: 0.0000529 seconds
2021-04-17T21:52:44.754+0700: 8759.685: Total time for which application threads were stopped: 0.0012633 seconds, Stopping threads took: 0.0000548 seconds
2021-04-17T21:52:44.755+0700: 8759.686: Total time for which application threads were stopped: 0.0003909 seconds, Stopping threads took: 0.0000733 seconds
2021-04-17T21:52:44.809+0700: 8759.740: Total time for which application threads were stopped: 0.0004709 seconds, Stopping threads took: 0.0000503 seconds
2021-04-17T21:52:44.811+0700: 8759.742: Total time for which application threads were stopped: 0.0004888 seconds, Stopping threads took: 0.0000556 seconds
2021-04-17T21:52:44.826+0700: 8759.757: Total time for which application threads were stopped: 0.0004375 seconds, Stopping threads took: 0.0000873 seconds
2021-04-17T21:52:44.829+0700: 8759.760: Total time for which application threads were stopped: 0.0004195 seconds, Stopping threads took: 0.0000717 seconds
2021-04-17T21:52:44.835+0700: 8759.766: Total time for which application threads were stopped: 0.0003969 seconds, Stopping threads took: 0.0000638 seconds
2021-04-17T21:52:44.837+0700: 8759.768: Total time for which application threads were stopped: 0.0003988 seconds, Stopping threads took: 0.0000640 seconds
2021-04-17T21:52:45.841+0700: 8760.771: Total time for which application threads were stopped: 0.0010855 seconds, Stopping threads took: 0.0001473 seconds
2021-04-17T21:52:46.843+0700: 8761.774: Total time for which application threads were stopped: 0.0005139 seconds, Stopping threads took: 0.0000778 seconds
2021-04-17T21:52:47.847+0700: 8762.778: Total time for which application threads were stopped: 0.0005995 seconds, Stopping threads took: 0.0000743 seconds
2021-04-17T21:52:57.871+0700: 8772.802: Total time for which application threads were stopped: 0.0005115 seconds, Stopping threads took: 0.0001331 seconds
2021-04-17T21:54:12.101+0700: 8847.029: Total time for which application threads were stopped: 0.0003887 seconds, Stopping threads took: 0.0000660 seconds
2021-04-17T21:54:12.119+0700: 8847.048: Total time for which application threads were stopped: 0.0005061 seconds, Stopping threads took: 0.0000736 seconds
2021-04-17T21:54:12.128+0700: 8847.056: Total time for which application threads were stopped: 0.0005399 seconds, Stopping threads took: 0.0000498 seconds
2021-04-17T21:54:12.131+0700: 8847.059: Total time for which application threads were stopped: 0.0005293 seconds, Stopping threads took: 0.0000819 seconds
2021-04-17T21:54:12.147+0700: 8847.075: Total time for which application threads were stopped: 0.0004695 seconds, Stopping threads took: 0.0000711 seconds
2021-04-17T21:54:12.182+0700: 8847.110: Total time for which application threads were stopped: 0.0004986 seconds, Stopping threads took: 0.0000506 seconds
2021-04-17T21:54:12.191+0700: 8847.120: Total time for which application threads were stopped: 0.0005421 seconds, Stopping threads took: 0.0000834 seconds
2021-04-17T21:54:12.243+0700: 8847.171: Total time for which application threads were stopped: 0.0005700 seconds, Stopping threads took: 0.0000564 seconds
2021-04-17T21:54:12.246+0700: 8847.174: Total time for which application threads were stopped: 0.0008414 seconds, Stopping threads took: 0.0002034 seconds
2021-04-17T21:54:12.318+0700: 8847.247: Total time for which application threads were stopped: 0.0005585 seconds, Stopping threads took: 0.0000564 seconds
2021-04-17T21:54:13.322+0700: 8848.250: Total time for which application threads were stopped: 0.0007775 seconds, Stopping threads took: 0.0001550 seconds
2021-04-17T21:54:26.547+0700: 8861.475: Total time for which application threads were stopped: 0.0004086 seconds, Stopping threads took: 0.0000467 seconds
2021-04-17T21:54:26.593+0700: 8861.521: Total time for which application threads were stopped: 0.0003736 seconds, Stopping threads took: 0.0000610 seconds
2021-04-17T21:54:26.613+0700: 8861.541: Total time for which application threads were stopped: 0.0004367 seconds, Stopping threads took: 0.0000881 seconds
2021-04-17T21:54:26.626+0700: 8861.554: Total time for which application threads were stopped: 0.0005506 seconds, Stopping threads took: 0.0000524 seconds
2021-04-17T21:54:26.672+0700: 8861.599: Total time for which application threads were stopped: 0.0003885 seconds, Stopping threads took: 0.0000833 seconds
2021-04-17T21:54:26.705+0700: 8861.633: Total time for which application threads were stopped: 0.0004289 seconds, Stopping threads took: 0.0000684 seconds
2021-04-17T21:54:26.707+0700: 8861.635: Total time for which application threads were stopped: 0.0006268 seconds, Stopping threads took: 0.0001305 seconds
2021-04-17T21:54:26.728+0700: 8861.656: Total time for which application threads were stopped: 0.0004120 seconds, Stopping threads took: 0.0000559 seconds
2021-04-17T21:54:26.731+0700: 8861.658: Total time for which application threads were stopped: 0.0005518 seconds, Stopping threads took: 0.0000801 seconds
2021-04-17T21:54:26.732+0700: 8861.660: Total time for which application threads were stopped: 0.0009642 seconds, Stopping threads took: 0.0001002 seconds
2021-04-17T21:54:26.735+0700: 8861.663: Total time for which application threads were stopped: 0.0004673 seconds, Stopping threads took: 0.0000880 seconds
2021-04-17T21:54:26.741+0700: 8861.669: Total time for which application threads were stopped: 0.0007053 seconds, Stopping threads took: 0.0001231 seconds
2021-04-17T21:54:26.744+0700: 8861.672: Total time for which application threads were stopped: 0.0005383 seconds, Stopping threads took: 0.0000546 seconds
2021-04-17T21:54:26.762+0700: 8861.690: Total time for which application threads were stopped: 0.0004807 seconds, Stopping threads took: 0.0000518 seconds
2021-04-17T21:54:26.765+0700: 8861.693: Total time for which application threads were stopped: 0.0005529 seconds, Stopping threads took: 0.0000879 seconds
2021-04-17T21:54:26.772+0700: 8861.700: Total time for which application threads were stopped: 0.0004852 seconds, Stopping threads took: 0.0000793 seconds
2021-04-17T21:54:26.781+0700: 8861.708: Total time for which application threads were stopped: 0.0005386 seconds, Stopping threads took: 0.0000785 seconds
2021-04-17T21:54:26.783+0700: 8861.711: Total time for which application threads were stopped: 0.0005151 seconds, Stopping threads took: 0.0000771 seconds
2021-04-17T21:54:27.788+0700: 8862.715: Total time for which application threads were stopped: 0.0010030 seconds, Stopping threads took: 0.0001623 seconds
2021-04-17T21:54:43.554+0700: 8878.482: Total time for which application threads were stopped: 0.0003808 seconds, Stopping threads took: 0.0000578 seconds
2021-04-17T21:54:43.556+0700: 8878.484: Total time for which application threads were stopped: 0.0004840 seconds, Stopping threads took: 0.0001468 seconds
2021-04-17T21:54:43.563+0700: 8878.490: Total time for which application threads were stopped: 0.0004124 seconds, Stopping threads took: 0.0000830 seconds
2021-04-17T21:54:43.565+0700: 8878.493: Total time for which application threads were stopped: 0.0005924 seconds, Stopping threads took: 0.0001233 seconds
2021-04-17T21:54:43.568+0700: 8878.496: Total time for which application threads were stopped: 0.0004109 seconds, Stopping threads took: 0.0000858 seconds
2021-04-17T21:54:43.570+0700: 8878.497: Total time for which application threads were stopped: 0.0004125 seconds, Stopping threads took: 0.0000795 seconds
2021-04-17T21:54:43.586+0700: 8878.513: Total time for which application threads were stopped: 0.0004682 seconds, Stopping threads took: 0.0000503 seconds
2021-04-17T21:54:43.642+0700: 8878.570: Total time for which application threads were stopped: 0.0004342 seconds, Stopping threads took: 0.0000802 seconds
2021-04-17T21:54:43.653+0700: 8878.581: Total time for which application threads were stopped: 0.0004843 seconds, Stopping threads took: 0.0000517 seconds
2021-04-17T21:54:43.664+0700: 8878.591: Total time for which application threads were stopped: 0.0005198 seconds, Stopping threads took: 0.0000832 seconds
2021-04-17T21:54:43.667+0700: 8878.595: Total time for which application threads were stopped: 0.0004671 seconds, Stopping threads took: 0.0000764 seconds
2021-04-17T21:54:43.701+0700: 8878.629: Total time for which application threads were stopped: 0.0012974 seconds, Stopping threads took: 0.0000893 seconds
2021-04-17T21:54:44.707+0700: 8879.634: Total time for which application threads were stopped: 0.0004917 seconds, Stopping threads took: 0.0000647 seconds
2021-04-17T21:54:57.745+0700: 8892.672: Total time for which application threads were stopped: 0.0004037 seconds, Stopping threads took: 0.0000621 seconds
2021-04-17T21:55:57.901+0700: 8952.826: Total time for which application threads were stopped: 0.0004956 seconds, Stopping threads took: 0.0000720 seconds
2021-04-17T21:56:10.932+0700: 8965.857: Total time for which application threads were stopped: 0.0006152 seconds, Stopping threads took: 0.0000753 seconds
2021-04-17T21:56:49.030+0700: 9003.954: Total time for which application threads were stopped: 0.0006447 seconds, Stopping threads took: 0.0001167 seconds
2021-04-17T21:56:50.990+0700: 9005.913: Total time for which application threads were stopped: 0.0005518 seconds, Stopping threads took: 0.0001037 seconds
2021-04-17T21:56:50.991+0700: 9005.914: Total time for which application threads were stopped: 0.0006881 seconds, Stopping threads took: 0.0001648 seconds
2021-04-17T21:56:51.991+0700: 9006.915: Total time for which application threads were stopped: 0.0005337 seconds, Stopping threads took: 0.0000797 seconds
2021-04-17T21:56:58.008+0700: 9012.932: Total time for which application threads were stopped: 0.0004970 seconds, Stopping threads took: 0.0000690 seconds
2021-04-17T21:57:43.138+0700: 9058.060: Total time for which application threads were stopped: 0.0006481 seconds, Stopping threads took: 0.0001589 seconds
2021-04-17T21:58:15.223+0700: 9090.144: Total time for which application threads were stopped: 0.0005177 seconds, Stopping threads took: 0.0000687 seconds
2021-04-17T21:58:16.224+0700: 9091.145: Total time for which application threads were stopped: 0.0005564 seconds, Stopping threads took: 0.0000660 seconds
2021-04-17T21:58:40.301+0700: 9115.222: Total time for which application threads were stopped: 0.0012661 seconds, Stopping threads took: 0.0001682 seconds
2021-04-17T21:58:41.307+0700: 9116.227: Total time for which application threads were stopped: 0.0005414 seconds, Stopping threads took: 0.0000666 seconds
2021-04-17T21:59:36.428+0700: 9171.347: Total time for which application threads were stopped: 0.0008638 seconds, Stopping threads took: 0.0001648 seconds
2021-04-17T22:00:03.497+0700: 9198.415: Total time for which application threads were stopped: 0.0005402 seconds, Stopping threads took: 0.0000870 seconds
2021-04-17T22:00:25.571+0700: 9220.488: Total time for which application threads were stopped: 0.0005381 seconds, Stopping threads took: 0.0000613 seconds
2021-04-17T22:00:27.573+0700: 9222.491: Total time for which application threads were stopped: 0.0005106 seconds, Stopping threads took: 0.0000742 seconds
2021-04-17T22:00:40.613+0700: 9235.530: Total time for which application threads were stopped: 0.0005656 seconds, Stopping threads took: 0.0001056 seconds
2021-04-17T22:00:57.650+0700: 9252.566: Total time for which application threads were stopped: 0.0006002 seconds, Stopping threads took: 0.0000648 seconds
2021-04-17T22:01:51.016+0700: 9305.931: Total time for which application threads were stopped: 0.0004178 seconds, Stopping threads took: 0.0000617 seconds
2021-04-17T22:01:51.017+0700: 9305.931: Total time for which application threads were stopped: 0.0004644 seconds, Stopping threads took: 0.0000578 seconds
2021-04-17T22:01:58.036+0700: 9312.951: Total time for which application threads were stopped: 0.0003459 seconds, Stopping threads took: 0.0000629 seconds
2021-04-17T22:02:41.141+0700: 9356.054: Total time for which application threads were stopped: 0.0004214 seconds, Stopping threads took: 0.0000553 seconds
2021-04-17T22:02:52.758+0700: 9367.671: Total time for which application threads were stopped: 0.0003336 seconds, Stopping threads took: 0.0000636 seconds
2021-04-17T22:02:52.759+0700: 9367.672: Total time for which application threads were stopped: 0.0003959 seconds, Stopping threads took: 0.0001064 seconds
2021-04-17T22:02:52.759+0700: 9367.672: Total time for which application threads were stopped: 0.0003734 seconds, Stopping threads took: 0.0000276 seconds
2021-04-17T22:02:52.760+0700: 9367.673: Total time for which application threads were stopped: 0.0002727 seconds, Stopping threads took: 0.0000229 seconds
2021-04-17T22:02:52.761+0700: 9367.673: Total time for which application threads were stopped: 0.0004692 seconds, Stopping threads took: 0.0001352 seconds
2021-04-17T22:02:52.761+0700: 9367.674: Total time for which application threads were stopped: 0.0002572 seconds, Stopping threads took: 0.0000495 seconds
2021-04-17T22:02:52.762+0700: 9367.675: Total time for which application threads were stopped: 0.0003447 seconds, Stopping threads took: 0.0000385 seconds
2021-04-17T22:02:52.763+0700: 9367.676: Total time for which application threads were stopped: 0.0002977 seconds, Stopping threads took: 0.0000410 seconds
2021-04-17T22:02:52.764+0700: 9367.676: Total time for which application threads were stopped: 0.0002383 seconds, Stopping threads took: 0.0000203 seconds
2021-04-17T22:02:52.764+0700: 9367.677: Total time for which application threads were stopped: 0.0001794 seconds, Stopping threads took: 0.0000134 seconds
2021-04-17T22:02:52.765+0700: 9367.677: Total time for which application threads were stopped: 0.0002076 seconds, Stopping threads took: 0.0000180 seconds
2021-04-17T22:02:52.765+0700: 9367.678: Total time for which application threads were stopped: 0.0001918 seconds, Stopping threads took: 0.0000139 seconds
2021-04-17T22:02:52.773+0700: 9367.685: Total time for which application threads were stopped: 0.0005532 seconds, Stopping threads took: 0.0000997 seconds
2021-04-17T22:02:52.790+0700: 9367.703: Total time for which application threads were stopped: 0.0005012 seconds, Stopping threads took: 0.0000928 seconds
2021-04-17T22:02:52.791+0700: 9367.704: Total time for which application threads were stopped: 0.0003083 seconds, Stopping threads took: 0.0000528 seconds
2021-04-17T22:02:52.791+0700: 9367.704: Total time for which application threads were stopped: 0.0002461 seconds, Stopping threads took: 0.0000333 seconds
2021-04-17T22:02:52.792+0700: 9367.704: Total time for which application threads were stopped: 0.0002659 seconds, Stopping threads took: 0.0000392 seconds
2021-04-17T22:02:52.796+0700: 9367.708: Total time for which application threads were stopped: 0.0004110 seconds, Stopping threads took: 0.0000725 seconds
2021-04-17T22:02:52.796+0700: 9367.709: Total time for which application threads were stopped: 0.0003853 seconds, Stopping threads took: 0.0000349 seconds
2021-04-17T22:02:52.797+0700: 9367.710: Total time for which application threads were stopped: 0.0004116 seconds, Stopping threads took: 0.0000429 seconds
2021-04-17T22:02:52.798+0700: 9367.711: Total time for which application threads were stopped: 0.0010039 seconds, Stopping threads took: 0.0000305 seconds
2021-04-17T22:02:52.807+0700: 9367.720: Total time for which application threads were stopped: 0.0005549 seconds, Stopping threads took: 0.0000861 seconds
2021-04-17T22:02:52.809+0700: 9367.722: Total time for which application threads were stopped: 0.0004787 seconds, Stopping threads took: 0.0000743 seconds
2021-04-17T22:02:52.810+0700: 9367.722: Total time for which application threads were stopped: 0.0004374 seconds, Stopping threads took: 0.0000555 seconds
2021-04-17T22:02:53.815+0700: 9368.727: Total time for which application threads were stopped: 0.0004202 seconds, Stopping threads took: 0.0000712 seconds
2021-04-17T22:02:57.831+0700: 9372.743: Total time for which application threads were stopped: 0.0006809 seconds, Stopping threads took: 0.0001616 seconds
2021-04-17T22:04:58.129+0700: 9493.038: Total time for which application threads were stopped: 0.0007316 seconds, Stopping threads took: 0.0001026 seconds
2021-04-17T22:05:58.259+0700: 9553.183: Total time for which application threads were stopped: 0.0006654 seconds, Stopping threads took: 0.0001120 seconds
2021-04-17T22:06:36.255+0700: 9591.183: Total time for which application threads were stopped: 0.0004025 seconds, Stopping threads took: 0.0000757 seconds
2021-04-17T22:06:36.256+0700: 9591.184: Total time for which application threads were stopped: 0.0003226 seconds, Stopping threads took: 0.0000335 seconds
2021-04-17T22:06:36.256+0700: 9591.184: Total time for which application threads were stopped: 0.0002362 seconds, Stopping threads took: 0.0000233 seconds
2021-04-17T22:06:36.257+0700: 9591.185: Total time for which application threads were stopped: 0.0002559 seconds, Stopping threads took: 0.0000216 seconds
2021-04-17T22:06:36.257+0700: 9591.185: Total time for which application threads were stopped: 0.0003368 seconds, Stopping threads took: 0.0000727 seconds
2021-04-17T22:06:36.258+0700: 9591.186: Total time for which application threads were stopped: 0.0003997 seconds, Stopping threads took: 0.0001362 seconds
2021-04-17T22:06:36.259+0700: 9591.187: Total time for which application threads were stopped: 0.0005015 seconds, Stopping threads took: 0.0001275 seconds
2021-04-17T22:06:36.261+0700: 9591.189: Total time for which application threads were stopped: 0.0009503 seconds, Stopping threads took: 0.0000858 seconds
2021-04-17T22:06:36.262+0700: 9591.189: Total time for which application threads were stopped: 0.0003419 seconds, Stopping threads took: 0.0000624 seconds
2021-04-17T22:06:36.262+0700: 9591.190: Total time for which application threads were stopped: 0.0002781 seconds, Stopping threads took: 0.0000268 seconds
2021-04-17T22:06:36.264+0700: 9591.192: Total time for which application threads were stopped: 0.0008572 seconds, Stopping threads took: 0.0000758 seconds
2021-04-17T22:06:36.265+0700: 9591.193: Total time for which application threads were stopped: 0.0003136 seconds, Stopping threads took: 0.0000807 seconds
2021-04-17T22:06:36.266+0700: 9591.194: Total time for which application threads were stopped: 0.0003656 seconds, Stopping threads took: 0.0000495 seconds
2021-04-17T22:06:36.273+0700: 9591.201: Total time for which application threads were stopped: 0.0010335 seconds, Stopping threads took: 0.0000799 seconds
2021-04-17T22:06:36.274+0700: 9591.202: Total time for which application threads were stopped: 0.0007922 seconds, Stopping threads took: 0.0000964 seconds
2021-04-17T22:06:36.275+0700: 9591.203: Total time for which application threads were stopped: 0.0007299 seconds, Stopping threads took: 0.0000609 seconds
2021-04-17T22:06:36.276+0700: 9591.204: Total time for which application threads were stopped: 0.0007238 seconds, Stopping threads took: 0.0000244 seconds
2021-04-17T22:06:36.279+0700: 9591.207: Total time for which application threads were stopped: 0.0003678 seconds, Stopping threads took: 0.0000503 seconds
2021-04-17T22:06:36.279+0700: 9591.207: Total time for which application threads were stopped: 0.0002823 seconds, Stopping threads took: 0.0000260 seconds
2021-04-17T22:06:36.280+0700: 9591.208: Total time for which application threads were stopped: 0.0002730 seconds, Stopping threads took: 0.0000252 seconds
2021-04-17T22:06:36.280+0700: 9591.208: Total time for which application threads were stopped: 0.0002308 seconds, Stopping threads took: 0.0000178 seconds
2021-04-17T22:06:36.281+0700: 9591.208: Total time for which application threads were stopped: 0.0002038 seconds, Stopping threads took: 0.0000163 seconds
2021-04-17T22:06:36.287+0700: 9591.215: Total time for which application threads were stopped: 0.0005552 seconds, Stopping threads took: 0.0001066 seconds
2021-04-17T22:06:36.296+0700: 9591.224: Total time for which application threads were stopped: 0.0004186 seconds, Stopping threads took: 0.0000563 seconds
2021-04-17T22:06:36.304+0700: 9591.232: Total time for which application threads were stopped: 0.0003885 seconds, Stopping threads took: 0.0000539 seconds
2021-04-17T22:06:36.304+0700: 9591.232: Total time for which application threads were stopped: 0.0003332 seconds, Stopping threads took: 0.0000647 seconds
2021-04-17T22:06:37.310+0700: 9592.237: Total time for which application threads were stopped: 0.0007574 seconds, Stopping threads took: 0.0001025 seconds
2021-04-17T22:06:51.022+0700: 9605.949: Total time for which application threads were stopped: 0.0003140 seconds, Stopping threads took: 0.0000508 seconds
2021-04-17T22:06:51.026+0700: 9605.954: Total time for which application threads were stopped: 0.0041171 seconds, Stopping threads took: 0.0034669 seconds
2021-04-17T22:06:52.030+0700: 9606.957: Total time for which application threads were stopped: 0.0003241 seconds, Stopping threads took: 0.0000480 seconds
2021-04-17T22:08:58.454+0700: 9733.378: Total time for which application threads were stopped: 0.0006361 seconds, Stopping threads took: 0.0000874 seconds
2021-04-17T22:09:57.820+0700: 9792.743: Total time for which application threads were stopped: 0.0005869 seconds, Stopping threads took: 0.0001199 seconds
2021-04-17T22:10:58.164+0700: 9853.085: Total time for which application threads were stopped: 0.0005057 seconds, Stopping threads took: 0.0000737 seconds
2021-04-17T22:11:51.072+0700: 9905.991: Total time for which application threads were stopped: 0.0007802 seconds, Stopping threads took: 0.0002396 seconds
2021-04-17T22:11:51.073+0700: 9905.992: Total time for which application threads were stopped: 0.0004960 seconds, Stopping threads took: 0.0000578 seconds
2021-04-17T22:16:51.126+0700: 10206.036: Total time for which application threads were stopped: 0.0005735 seconds, Stopping threads took: 0.0001057 seconds
2021-04-17T22:16:51.127+0700: 10206.037: Total time for which application threads were stopped: 0.0033819 seconds, Stopping threads took: 0.0000828 seconds
2021-04-17T22:17:58.602+0700: 10273.510: Total time for which application threads were stopped: 0.0007246 seconds, Stopping threads took: 0.0000885 seconds
2021-04-17T22:21:51.174+0700: 10506.075: Total time for which application threads were stopped: 0.0006269 seconds, Stopping threads took: 0.0001623 seconds
2021-04-17T22:21:51.176+0700: 10506.077: Total time for which application threads were stopped: 0.0012646 seconds, Stopping threads took: 0.0001468 seconds
2021-04-17T22:26:51.198+0700: 10806.114: Total time for which application threads were stopped: 0.0005648 seconds, Stopping threads took: 0.0000979 seconds
2021-04-17T22:26:51.199+0700: 10806.115: Total time for which application threads were stopped: 0.0005438 seconds, Stopping threads took: 0.0000844 seconds
{Heap before GC invocations=21 (full 0):
 garbage-first heap   total 524288K, used 415360K [0x00000007a0000000, 0x00000007a0101000, 0x00000007c0000000)
  region size 1024K, 307 young (314368K), 22 survivors (22528K)
 Metaspace       used 66460K, capacity 69819K, committed 69964K, reserved 1112064K
  class space    used 7593K, capacity 8199K, committed 8268K, reserved 1048576K
2021-04-17T22:26:58.035+0700: 10812.951: [GC pause (G1 Evacuation Pause) (young)
Desired survivor size 20447232 bytes, new threshold 15 (max 15)
- age   1:    2515104 bytes,    2515104 total
- age   2:    4706536 bytes,    7221640 total
- age   3:    4033224 bytes,   11254864 total
- age   4:    3240976 bytes,   14495840 total
- age   5:    4300792 bytes,   18796632 total
, 0.0312148 secs]
   [Parallel Time: 24.5 ms, GC Workers: 4]
      [GC Worker Start (ms): Min: 10812950.6, Avg: 10812951.0, Max: 10812952.2, Diff: 1.6]
      [Ext Root Scanning (ms): Min: 0.3, Avg: 1.4, Max: 1.9, Diff: 1.5, Sum: 5.7]
      [Update RS (ms): Min: 2.5, Avg: 2.6, Max: 2.6, Diff: 0.1, Sum: 10.3]
         [Processed Buffers: Min: 5, Avg: 12.0, Max: 19, Diff: 14, Sum: 48]
      [Scan RS (ms): Min: 0.0, Avg: 0.1, Max: 0.1, Diff: 0.0, Sum: 0.2]
      [Code Root Scanning (ms): Min: 0.5, Avg: 2.0, Max: 3.4, Diff: 3.0, Sum: 7.9]
      [Object Copy (ms): Min: 15.8, Avg: 17.5, Max: 19.3, Diff: 3.4, Sum: 69.9]
      [Termination (ms): Min: 0.0, Avg: 0.5, Max: 0.7, Diff: 0.7, Sum: 2.0]
         [Termination Attempts: Min: 1, Avg: 1.0, Max: 1, Diff: 0, Sum: 4]
      [GC Worker Other (ms): Min: 0.0, Avg: 0.0, Max: 0.0, Diff: 0.0, Sum: 0.1]
      [GC Worker Total (ms): Min: 22.9, Avg: 24.1, Max: 24.5, Diff: 1.6, Sum: 96.2]
      [GC Worker End (ms): Min: 10812975.1, Avg: 10812975.1, Max: 10812975.1, Diff: 0.0]
   [Code Root Fixup: 0.1 ms]
   [Code Root Purge: 0.0 ms]
   [Clear CT: 0.1 ms]
   [Other: 6.5 ms]
      [Choose CSet: 0.0 ms]
      [Ref Proc: 5.9 ms]
      [Ref Enq: 0.1 ms]
      [Redirty Cards: 0.0 ms]
      [Humongous Register: 0.0 ms]
      [Humongous Reclaim: 0.0 ms]
      [Free CSet: 0.2 ms]
   [Eden: 285.0M(285.0M)->0.0B(283.0M) Survivors: 22.0M->24.0M Heap: 405.6M(512.0M)->122.6M(512.0M)]
Heap after GC invocations=22 (full 0):
 garbage-first heap   total 524288K, used 125568K [0x00000007a0000000, 0x00000007a0101000, 0x00000007c0000000)
  region size 1024K, 24 young (24576K), 24 survivors (24576K)
 Metaspace       used 66460K, capacity 69819K, committed 69964K, reserved 1112064K
  class space    used 7593K, capacity 8199K, committed 8268K, reserved 1048576K
}
 [Times: user=0.09 sys=0.01, real=0.03 secs] 
2021-04-17T22:26:58.068+0700: 10812.984: Total time for which application threads were stopped: 0.0334567 seconds, Stopping threads took: 0.0000427 seconds
2021-04-17T22:26:58.068+0700: 10812.984: Total time for which application threads were stopped: 0.0002883 seconds, Stopping threads took: 0.0000676 seconds
2021-04-17T22:26:58.069+0700: 10812.984: Total time for which application threads were stopped: 0.0002623 seconds, Stopping threads took: 0.0000450 seconds
2021-04-17T22:26:58.069+0700: 10812.985: Total time for which application threads were stopped: 0.0002070 seconds, Stopping threads took: 0.0000545 seconds
2021-04-17T22:26:58.069+0700: 10812.985: Total time for which application threads were stopped: 0.0001510 seconds, Stopping threads took: 0.0000248 seconds
2021-04-17T22:26:58.069+0700: 10812.985: Total time for which application threads were stopped: 0.0001723 seconds, Stopping threads took: 0.0000512 seconds
2021-04-17T22:26:58.070+0700: 10812.985: Total time for which application threads were stopped: 0.0001579 seconds, Stopping threads took: 0.0000299 seconds
2021-04-17T22:26:58.070+0700: 10812.985: Total time for which application threads were stopped: 0.0001781 seconds, Stopping threads took: 0.0000344 seconds
2021-04-17T22:26:58.070+0700: 10812.986: Total time for which application threads were stopped: 0.0001422 seconds, Stopping threads took: 0.0000288 seconds
2021-04-17T22:26:58.070+0700: 10812.986: Total time for which application threads were stopped: 0.0001618 seconds, Stopping threads took: 0.0000447 seconds
2021-04-17T22:26:58.071+0700: 10812.986: Total time for which application threads were stopped: 0.0001356 seconds, Stopping threads took: 0.0000235 seconds
2021-04-17T22:26:58.071+0700: 10812.986: Total time for which application threads were stopped: 0.0001285 seconds, Stopping threads took: 0.0000224 seconds
2021-04-17T22:26:58.071+0700: 10812.986: Total time for which application threads were stopped: 0.0001278 seconds, Stopping threads took: 0.0000225 seconds
2021-04-17T22:26:58.071+0700: 10812.987: Total time for which application threads were stopped: 0.0001268 seconds, Stopping threads took: 0.0000224 seconds
2021-04-17T22:26:58.071+0700: 10812.987: Total time for which application threads were stopped: 0.0001292 seconds, Stopping threads took: 0.0000224 seconds
2021-04-17T22:26:58.071+0700: 10812.987: Total time for which application threads were stopped: 0.0001329 seconds, Stopping threads took: 0.0000230 seconds
2021-04-17T22:26:58.072+0700: 10812.987: Total time for which application threads were stopped: 0.0001270 seconds, Stopping threads took: 0.0000227 seconds
2021-04-17T22:26:58.072+0700: 10812.987: Total time for which application threads were stopped: 0.0001254 seconds, Stopping threads took: 0.0000226 seconds
2021-04-17T22:26:58.072+0700: 10812.987: Total time for which application threads were stopped: 0.0001260 seconds, Stopping threads took: 0.0000222 seconds
2021-04-17T22:26:58.072+0700: 10812.987: Total time for which application threads were stopped: 0.0001253 seconds, Stopping threads took: 0.0000222 seconds
2021-04-17T22:26:58.072+0700: 10812.988: Total time for which application threads were stopped: 0.0004731 seconds, Stopping threads took: 0.0000385 seconds
2021-04-17T22:26:59.074+0700: 10813.989: Total time for which application threads were stopped: 0.0004377 seconds, Stopping threads took: 0.0001047 seconds
2021-04-17T22:31:51.251+0700: 11106.158: Total time for which application threads were stopped: 0.0006430 seconds, Stopping threads took: 0.0001053 seconds
2021-04-17T22:31:51.252+0700: 11106.159: Total time for which application threads were stopped: 0.0006297 seconds, Stopping threads took: 0.0001194 seconds
2021-04-17T22:31:59.281+0700: 11114.187: Total time for which application threads were stopped: 0.0004574 seconds, Stopping threads took: 0.0000625 seconds
2021-04-17T22:32:58.686+0700: 11173.591: Total time for which application threads were stopped: 0.0006161 seconds, Stopping threads took: 0.0000936 seconds
2021-04-17T22:33:59.041+0700: 11233.944: Total time for which application threads were stopped: 0.0032698 seconds, Stopping threads took: 0.0000819 seconds
2021-04-17T22:36:51.291+0700: 11406.189: Total time for which application threads were stopped: 0.0005485 seconds, Stopping threads took: 0.0000973 seconds
2021-04-17T22:36:51.292+0700: 11406.190: Total time for which application threads were stopped: 0.0005710 seconds, Stopping threads took: 0.0000973 seconds
2021-04-17T22:38:59.020+0700: 11533.935: Total time for which application threads were stopped: 0.0005163 seconds, Stopping threads took: 0.0000827 seconds
2021-04-17T22:39:59.443+0700: 11594.356: Total time for which application threads were stopped: 0.0005081 seconds, Stopping threads took: 0.0000758 seconds
2021-04-17T22:40:58.807+0700: 11653.719: Total time for which application threads were stopped: 0.0005060 seconds, Stopping threads took: 0.0000849 seconds
2021-04-17T22:41:51.323+0700: 11706.233: Total time for which application threads were stopped: 0.0005448 seconds, Stopping threads took: 0.0000872 seconds
2021-04-17T22:41:51.324+0700: 11706.234: Total time for which application threads were stopped: 0.0005687 seconds, Stopping threads took: 0.0000833 seconds
2021-04-17T22:44:59.391+0700: 11894.295: Total time for which application threads were stopped: 0.0005181 seconds, Stopping threads took: 0.0000714 seconds
2021-04-17T22:46:51.374+0700: 12006.276: Total time for which application threads were stopped: 0.0005252 seconds, Stopping threads took: 0.0000750 seconds
2021-04-17T22:46:51.375+0700: 12006.277: Total time for which application threads were stopped: 0.0005403 seconds, Stopping threads took: 0.0001209 seconds
2021-04-17T22:46:59.413+0700: 12014.314: Total time for which application threads were stopped: 0.0004967 seconds, Stopping threads took: 0.0000889 seconds
2021-04-17T22:51:51.414+0700: 12306.306: Total time for which application threads were stopped: 0.0005968 seconds, Stopping threads took: 0.0000775 seconds
2021-04-17T22:51:51.415+0700: 12306.307: Total time for which application threads were stopped: 0.0005224 seconds, Stopping threads took: 0.0000699 seconds
2021-04-17T22:56:49.072+0700: 12603.979: Total time for which application threads were stopped: 0.0005201 seconds, Stopping threads took: 0.0000776 seconds
2021-04-17T22:56:51.439+0700: 12606.346: Total time for which application threads were stopped: 0.0005359 seconds, Stopping threads took: 0.0000917 seconds
2021-04-17T22:56:51.440+0700: 12606.346: Total time for which application threads were stopped: 0.0005641 seconds, Stopping threads took: 0.0000903 seconds
2021-04-17T23:01:18.028+0700: 12872.926: Total time for which application threads were stopped: 0.0006058 seconds, Stopping threads took: 0.0000749 seconds
2021-04-17T23:01:51.487+0700: 12906.384: Total time for which application threads were stopped: 0.0005476 seconds, Stopping threads took: 0.0000960 seconds
2021-04-17T23:01:51.488+0700: 12906.385: Total time for which application threads were stopped: 0.0005880 seconds, Stopping threads took: 0.0001272 seconds
2021-04-17T23:04:59.583+0700: 13094.475: Total time for which application threads were stopped: 0.0005430 seconds, Stopping threads took: 0.0000747 seconds
2021-04-17T23:06:51.541+0700: 13206.429: Total time for which application threads were stopped: 0.0005521 seconds, Stopping threads took: 0.0000945 seconds
2021-04-17T23:06:51.542+0700: 13206.430: Total time for which application threads were stopped: 0.0005209 seconds, Stopping threads took: 0.0000826 seconds
2021-04-17T23:06:59.591+0700: 13214.479: Total time for which application threads were stopped: 0.0005049 seconds, Stopping threads took: 0.0000884 seconds
2021-04-17T23:10:00.440+0700: 13395.345: Total time for which application threads were stopped: 0.0005661 seconds, Stopping threads took: 0.0000945 seconds
2021-04-17T23:10:59.614+0700: 13454.518: Total time for which application threads were stopped: 0.0004595 seconds, Stopping threads took: 0.0000634 seconds
2021-04-17T23:11:51.558+0700: 13506.461: Total time for which application threads were stopped: 0.0005696 seconds, Stopping threads took: 0.0000740 seconds
2021-04-17T23:11:51.566+0700: 13506.469: Total time for which application threads were stopped: 0.0020386 seconds, Stopping threads took: 0.0001603 seconds
2021-04-17T23:16:51.590+0700: 13806.484: Total time for which application threads were stopped: 0.0007805 seconds, Stopping threads took: 0.0001030 seconds
2021-04-17T23:16:51.591+0700: 13806.485: Total time for which application threads were stopped: 0.0004724 seconds, Stopping threads took: 0.0000510 seconds
2021-04-17T23:21:51.620+0700: 14106.504: Total time for which application threads were stopped: 0.0005998 seconds, Stopping threads took: 0.0001009 seconds
2021-04-17T23:21:51.621+0700: 14106.505: Total time for which application threads were stopped: 0.0006462 seconds, Stopping threads took: 0.0000947 seconds
2021-04-17T23:23:07.823+0700: 14182.705: Total time for which application threads were stopped: 0.0005083 seconds, Stopping threads took: 0.0000828 seconds
2021-04-17T23:25:00.172+0700: 14295.051: Total time for which application threads were stopped: 0.0005114 seconds, Stopping threads took: 0.0000835 seconds
2021-04-17T23:26:51.622+0700: 14406.523: Total time for which application threads were stopped: 0.0005233 seconds, Stopping threads took: 0.0000754 seconds
2021-04-17T23:26:51.623+0700: 14406.524: Total time for which application threads were stopped: 0.0005077 seconds, Stopping threads took: 0.0000812 seconds
2021-04-17T23:31:51.647+0700: 14706.539: Total time for which application threads were stopped: 0.0005061 seconds, Stopping threads took: 0.0000713 seconds
2021-04-17T23:31:51.648+0700: 14706.540: Total time for which application threads were stopped: 0.0006704 seconds, Stopping threads took: 0.0000753 seconds
2021-04-17T23:34:45.920+0700: 14880.807: Total time for which application threads were stopped: 0.0010827 seconds, Stopping threads took: 0.0000820 seconds
2021-04-17T23:34:45.920+0700: 14880.807: Total time for which application threads were stopped: 0.0003076 seconds, Stopping threads took: 0.0000479 seconds
2021-04-17T23:34:45.921+0700: 14880.808: Total time for which application threads were stopped: 0.0003942 seconds, Stopping threads took: 0.0000626 seconds
2021-04-17T23:34:45.922+0700: 14880.808: Total time for which application threads were stopped: 0.0002700 seconds, Stopping threads took: 0.0000430 seconds
2021-04-17T23:34:45.924+0700: 14880.810: Total time for which application threads were stopped: 0.0003601 seconds, Stopping threads took: 0.0000300 seconds
2021-04-17T23:34:45.925+0700: 14880.812: Total time for which application threads were stopped: 0.0003141 seconds, Stopping threads took: 0.0000304 seconds
2021-04-17T23:34:45.925+0700: 14880.812: Total time for which application threads were stopped: 0.0002731 seconds, Stopping threads took: 0.0000279 seconds
2021-04-17T23:34:45.926+0700: 14880.813: Total time for which application threads were stopped: 0.0003605 seconds, Stopping threads took: 0.0000256 seconds
2021-04-17T23:34:45.927+0700: 14880.813: Total time for which application threads were stopped: 0.0003006 seconds, Stopping threads took: 0.0000270 seconds
2021-04-17T23:34:45.927+0700: 14880.814: Total time for which application threads were stopped: 0.0003931 seconds, Stopping threads took: 0.0000297 seconds
2021-04-17T23:34:45.934+0700: 14880.821: Total time for which application threads were stopped: 0.0006930 seconds, Stopping threads took: 0.0000497 seconds
2021-04-17T23:34:45.936+0700: 14880.823: Total time for which application threads were stopped: 0.0004576 seconds, Stopping threads took: 0.0000745 seconds
2021-04-17T23:34:45.937+0700: 14880.824: Total time for which application threads were stopped: 0.0003978 seconds, Stopping threads took: 0.0000522 seconds
2021-04-17T23:34:45.937+0700: 14880.824: Total time for which application threads were stopped: 0.0003673 seconds, Stopping threads took: 0.0000654 seconds
2021-04-17T23:34:45.938+0700: 14880.825: Total time for which application threads were stopped: 0.0003280 seconds, Stopping threads took: 0.0000677 seconds
2021-04-17T23:34:45.941+0700: 14880.828: Total time for which application threads were stopped: 0.0004519 seconds, Stopping threads took: 0.0001278 seconds
2021-04-17T23:34:45.942+0700: 14880.829: Total time for which application threads were stopped: 0.0003925 seconds, Stopping threads took: 0.0001338 seconds
2021-04-17T23:34:45.943+0700: 14880.829: Total time for which application threads were stopped: 0.0004424 seconds, Stopping threads took: 0.0001038 seconds
2021-04-17T23:34:45.943+0700: 14880.830: Total time for which application threads were stopped: 0.0003501 seconds, Stopping threads took: 0.0000624 seconds
2021-04-17T23:34:45.946+0700: 14880.833: Total time for which application threads were stopped: 0.0005396 seconds, Stopping threads took: 0.0000801 seconds
2021-04-17T23:34:46.950+0700: 14881.837: Total time for which application threads were stopped: 0.0006436 seconds, Stopping threads took: 0.0001042 seconds
2021-04-17T23:36:01.140+0700: 14956.025: Total time for which application threads were stopped: 0.0006872 seconds, Stopping threads took: 0.0000805 seconds
2021-04-17T23:36:51.672+0700: 15006.556: Total time for which application threads were stopped: 0.0006854 seconds, Stopping threads took: 0.0001409 seconds
2021-04-17T23:36:51.674+0700: 15006.557: Total time for which application threads were stopped: 0.0006365 seconds, Stopping threads took: 0.0000589 seconds
2021-04-17T23:37:00.696+0700: 15015.579: Total time for which application threads were stopped: 0.0004261 seconds, Stopping threads took: 0.0000605 seconds
2021-04-17T23:41:51.701+0700: 15306.575: Total time for which application threads were stopped: 0.0067177 seconds, Stopping threads took: 0.0022138 seconds
2021-04-17T23:41:51.702+0700: 15306.576: Total time for which application threads were stopped: 0.0005551 seconds, Stopping threads took: 0.0001312 seconds
2021-04-17T23:41:52.708+0700: 15307.582: Total time for which application threads were stopped: 0.0006693 seconds, Stopping threads took: 0.0000749 seconds
2021-04-17T23:42:00.733+0700: 15315.607: Total time for which application threads were stopped: 0.0005580 seconds, Stopping threads took: 0.0000800 seconds
2021-04-17T23:46:51.703+0700: 15606.593: Total time for which application threads were stopped: 0.0008504 seconds, Stopping threads took: 0.0001814 seconds
2021-04-17T23:46:51.704+0700: 15606.594: Total time for which application threads were stopped: 0.0006448 seconds, Stopping threads took: 0.0001282 seconds
2021-04-17T23:51:51.729+0700: 15906.610: Total time for which application threads were stopped: 0.0006947 seconds, Stopping threads took: 0.0001624 seconds
2021-04-17T23:51:51.730+0700: 15906.611: Total time for which application threads were stopped: 0.0005495 seconds, Stopping threads took: 0.0001244 seconds
2021-04-17T23:52:06.778+0700: 15921.658: Total time for which application threads were stopped: 0.0005370 seconds, Stopping threads took: 0.0000796 seconds
2021-04-17T23:56:51.762+0700: 16206.634: Total time for which application threads were stopped: 0.0008231 seconds, Stopping threads took: 0.0001843 seconds
2021-04-17T23:56:51.763+0700: 16206.635: Total time for which application threads were stopped: 0.0006204 seconds, Stopping threads took: 0.0001546 seconds
2021-04-17T23:57:01.838+0700: 16216.710: Total time for which application threads were stopped: 0.0005109 seconds, Stopping threads took: 0.0000819 seconds
2021-04-18T00:01:02.197+0700: 16457.085: Total time for which application threads were stopped: 0.0005209 seconds, Stopping threads took: 0.0000865 seconds
2021-04-18T00:01:51.791+0700: 16506.677: Total time for which application threads were stopped: 0.0005222 seconds, Stopping threads took: 0.0000771 seconds
2021-04-18T00:01:51.793+0700: 16506.680: Total time for which application threads were stopped: 0.0020844 seconds, Stopping threads took: 0.0000941 seconds
2021-04-18T00:02:01.849+0700: 16516.735: Total time for which application threads were stopped: 0.0004861 seconds, Stopping threads took: 0.0000789 seconds
2021-04-18T00:06:02.238+0700: 16757.121: Total time for which application threads were stopped: 0.0044872 seconds, Stopping threads took: 0.0001409 seconds
2021-04-18T00:06:51.837+0700: 16806.714: Total time for which application threads were stopped: 0.0005219 seconds, Stopping threads took: 0.0000783 seconds
2021-04-18T00:06:51.838+0700: 16806.715: Total time for which application threads were stopped: 0.0005328 seconds, Stopping threads took: 0.0000816 seconds
2021-04-18T00:09:01.636+0700: 16936.524: Total time for which application threads were stopped: 0.0007999 seconds, Stopping threads took: 0.0000998 seconds
2021-04-18T00:11:02.322+0700: 17057.206: Total time for which application threads were stopped: 0.0005206 seconds, Stopping threads took: 0.0000882 seconds
2021-04-18T00:11:51.863+0700: 17106.746: Total time for which application threads were stopped: 0.0005180 seconds, Stopping threads took: 0.0000757 seconds
2021-04-18T00:11:51.864+0700: 17106.747: Total time for which application threads were stopped: 0.0005411 seconds, Stopping threads took: 0.0000786 seconds
2021-04-18T00:16:51.904+0700: 17406.778: Total time for which application threads were stopped: 0.0004807 seconds, Stopping threads took: 0.0000745 seconds
2021-04-18T00:16:51.904+0700: 17406.778: Total time for which application threads were stopped: 0.0005297 seconds, Stopping threads took: 0.0000413 seconds
2021-04-18T00:21:51.936+0700: 17706.814: Total time for which application threads were stopped: 0.0006792 seconds, Stopping threads took: 0.0000964 seconds
2021-04-18T00:21:51.937+0700: 17706.814: Total time for which application threads were stopped: 0.0004886 seconds, Stopping threads took: 0.0000434 seconds
2021-04-18T00:26:01.981+0700: 17956.852: Total time for which application threads were stopped: 0.0005364 seconds, Stopping threads took: 0.0000776 seconds
2021-04-18T00:26:01.982+0700: 17956.852: Total time for which application threads were stopped: 0.0005137 seconds, Stopping threads took: 0.0000877 seconds
2021-04-18T00:31:02.025+0700: 18256.887: Total time for which application threads were stopped: 0.0005395 seconds, Stopping threads took: 0.0000726 seconds
2021-04-18T00:31:02.026+0700: 18256.888: Total time for which application threads were stopped: 0.0006217 seconds, Stopping threads took: 0.0001452 seconds
2021-04-18T00:36:02.052+0700: 18556.926: Total time for which application threads were stopped: 0.0005904 seconds, Stopping threads took: 0.0001318 seconds
2021-04-18T00:36:02.053+0700: 18556.927: Total time for which application threads were stopped: 0.0005462 seconds, Stopping threads took: 0.0000864 seconds
2021-04-18T00:41:02.099+0700: 18856.969: Total time for which application threads were stopped: 0.0006593 seconds, Stopping threads took: 0.0001322 seconds
2021-04-18T00:41:02.100+0700: 18856.970: Total time for which application threads were stopped: 0.0005580 seconds, Stopping threads took: 0.0000703 seconds
2021-04-18T00:44:03.235+0700: 19038.099: Total time for which application threads were stopped: 0.0007539 seconds, Stopping threads took: 0.0000943 seconds
2021-04-18T00:46:02.144+0700: 19157.005: Total time for which application threads were stopped: 0.0005106 seconds, Stopping threads took: 0.0000693 seconds
2021-04-18T00:46:02.145+0700: 19157.006: Total time for which application threads were stopped: 0.0005582 seconds, Stopping threads took: 0.0000856 seconds
2021-04-18T00:47:03.536+0700: 19218.395: Total time for which application threads were stopped: 0.0004907 seconds, Stopping threads took: 0.0000796 seconds
2021-04-18T00:48:02.899+0700: 19277.756: Total time for which application threads were stopped: 0.0005343 seconds, Stopping threads took: 0.0000927 seconds
2021-04-18T00:50:03.700+0700: 19398.554: Total time for which application threads were stopped: 0.0005868 seconds, Stopping threads took: 0.0001543 seconds
2021-04-18T00:50:12.735+0700: 19407.589: Total time for which application threads were stopped: 0.0005375 seconds, Stopping threads took: 0.0000834 seconds
2021-04-18T00:51:02.179+0700: 19457.031: Total time for which application threads were stopped: 0.0005929 seconds, Stopping threads took: 0.0001341 seconds
2021-04-18T00:51:02.186+0700: 19457.037: Total time for which application threads were stopped: 0.0015245 seconds, Stopping threads took: 0.0001738 seconds
2021-04-18T00:56:02.211+0700: 19757.077: Total time for which application threads were stopped: 0.0009335 seconds, Stopping threads took: 0.0004188 seconds
2021-04-18T00:56:02.212+0700: 19757.078: Total time for which application threads were stopped: 0.0004552 seconds, Stopping threads took: 0.0000728 seconds
2021-04-18T01:01:02.260+0700: 20057.116: Total time for which application threads were stopped: 0.0006327 seconds, Stopping threads took: 0.0000846 seconds
2021-04-18T01:01:02.261+0700: 20057.117: Total time for which application threads were stopped: 0.0005538 seconds, Stopping threads took: 0.0001394 seconds
2021-04-18T01:02:03.635+0700: 20118.490: Total time for which application threads were stopped: 0.0003989 seconds, Stopping threads took: 0.0000627 seconds
2021-04-18T01:06:02.307+0700: 20357.154: Total time for which application threads were stopped: 0.0005329 seconds, Stopping threads took: 0.0000728 seconds
2021-04-18T01:06:02.308+0700: 20357.155: Total time for which application threads were stopped: 0.0006546 seconds, Stopping threads took: 0.0000930 seconds
{Heap before GC invocations=22 (full 0):
 garbage-first heap   total 524288K, used 415360K [0x00000007a0000000, 0x00000007a0101000, 0x00000007c0000000)
  region size 1024K, 307 young (314368K), 24 survivors (24576K)
 Metaspace       used 66544K, capacity 69887K, committed 69964K, reserved 1112064K
  class space    used 7593K, capacity 8199K, committed 8268K, reserved 1048576K
2021-04-18T01:08:33.118+0700: 20507.979: [GC pause (G1 Evacuation Pause) (young)
Desired survivor size 20447232 bytes, new threshold 15 (max 15)
- age   1:    1876120 bytes,    1876120 total
- age   2:    1741592 bytes,    3617712 total
- age   3:    4621200 bytes,    8238912 total
- age   4:    4031112 bytes,   12270024 total
- age   5:    3240976 bytes,   15511000 total
- age   6:    4271824 bytes,   19782824 total
, 0.0854051 secs]
   [Parallel Time: 82.2 ms, GC Workers: 4]
      [GC Worker Start (ms): Min: 20507979.5, Avg: 20507979.6, Max: 20507979.7, Diff: 0.2]
      [Ext Root Scanning (ms): Min: 3.1, Avg: 7.1, Max: 18.4, Diff: 15.3, Sum: 28.2]
      [Update RS (ms): Min: 0.0, Avg: 9.9, Max: 13.4, Diff: 13.4, Sum: 39.4]
         [Processed Buffers: Min: 0, Avg: 11.2, Max: 34, Diff: 34, Sum: 45]
      [Scan RS (ms): Min: 0.0, Avg: 0.1, Max: 0.1, Diff: 0.1, Sum: 0.2]
      [Code Root Scanning (ms): Min: 0.0, Avg: 2.8, Max: 5.6, Diff: 5.6, Sum: 11.2]
      [Object Copy (ms): Min: 59.6, Avg: 62.2, Max: 64.8, Diff: 5.3, Sum: 248.7]
      [Termination (ms): Min: 0.0, Avg: 0.0, Max: 0.0, Diff: 0.0, Sum: 0.0]
         [Termination Attempts: Min: 1, Avg: 1.5, Max: 2, Diff: 1, Sum: 6]
      [GC Worker Other (ms): Min: 0.0, Avg: 0.1, Max: 0.1, Diff: 0.0, Sum: 0.2]
      [GC Worker Total (ms): Min: 81.9, Avg: 82.0, Max: 82.1, Diff: 0.2, Sum: 328.0]
      [GC Worker End (ms): Min: 20508061.5, Avg: 20508061.6, Max: 20508061.6, Diff: 0.0]
   [Code Root Fixup: 0.1 ms]
   [Code Root Purge: 0.1 ms]
   [Clear CT: 0.2 ms]
   [Other: 2.8 ms]
      [Choose CSet: 0.0 ms]
      [Ref Proc: 1.1 ms]
      [Ref Enq: 0.0 ms]
      [Redirty Cards: 0.0 ms]
      [Humongous Register: 0.4 ms]
      [Humongous Reclaim: 0.0 ms]
      [Free CSet: 0.7 ms]
   [Eden: 283.0M(283.0M)->0.0B(283.0M) Survivors: 24.0M->24.0M Heap: 405.6M(512.0M)->122.6M(512.0M)]
Heap after GC invocations=23 (full 0):
 garbage-first heap   total 524288K, used 125568K [0x00000007a0000000, 0x00000007a0101000, 0x00000007c0000000)
  region size 1024K, 24 young (24576K), 24 survivors (24576K)
 Metaspace       used 66544K, capacity 69887K, committed 69964K, reserved 1112064K
  class space    used 7593K, capacity 8199K, committed 8268K, reserved 1048576K
}
 [Times: user=0.09 sys=0.19, real=0.09 secs] 
2021-04-18T01:08:33.207+0700: 20508.068: Total time for which application threads were stopped: 0.0894592 seconds, Stopping threads took: 0.0000602 seconds
2021-04-18T01:11:02.326+0700: 20657.190: Total time for which application threads were stopped: 0.0005729 seconds, Stopping threads took: 0.0000971 seconds
2021-04-18T01:11:02.327+0700: 20657.191: Total time for which application threads were stopped: 0.0005311 seconds, Stopping threads took: 0.0000827 seconds
2021-04-18T01:11:04.337+0700: 20659.201: Total time for which application threads were stopped: 0.0004889 seconds, Stopping threads took: 0.0000820 seconds
2021-04-18T01:13:04.136+0700: 20778.997: Total time for which application threads were stopped: 0.0005094 seconds, Stopping threads took: 0.0000850 seconds
2021-04-18T01:15:04.777+0700: 20899.634: Total time for which application threads were stopped: 0.0006401 seconds, Stopping threads took: 0.0000867 seconds
2021-04-18T01:16:02.378+0700: 20957.233: Total time for which application threads were stopped: 0.0005264 seconds, Stopping threads took: 0.0000824 seconds
2021-04-18T01:16:02.379+0700: 20957.234: Total time for which application threads were stopped: 0.0006649 seconds, Stopping threads took: 0.0000990 seconds
2021-04-18T01:17:04.812+0700: 21019.665: Total time for which application threads were stopped: 0.0008530 seconds, Stopping threads took: 0.0000860 seconds
2021-04-18T01:21:02.419+0700: 21257.265: Total time for which application threads were stopped: 0.0007034 seconds, Stopping threads took: 0.0001277 seconds
2021-04-18T01:21:02.420+0700: 21257.266: Total time for which application threads were stopped: 0.0004312 seconds, Stopping threads took: 0.0000410 seconds
2021-04-18T01:26:02.441+0700: 21557.303: Total time for which application threads were stopped: 0.0005289 seconds, Stopping threads took: 0.0000741 seconds
2021-04-18T01:26:02.442+0700: 21557.304: Total time for which application threads were stopped: 0.0006043 seconds, Stopping threads took: 0.0001577 seconds
2021-04-18T01:31:02.497+0700: 21857.350: Total time for which application threads were stopped: 0.0005348 seconds, Stopping threads took: 0.0000785 seconds
2021-04-18T01:31:02.498+0700: 21857.351: Total time for which application threads were stopped: 0.0006155 seconds, Stopping threads took: 0.0000893 seconds
2021-04-18T01:36:02.549+0700: 22157.393: Total time for which application threads were stopped: 0.0005280 seconds, Stopping threads took: 0.0000722 seconds
2021-04-18T01:36:02.550+0700: 22157.394: Total time for which application threads were stopped: 0.0006361 seconds, Stopping threads took: 0.0001512 seconds
2021-04-18T01:41:02.571+0700: 22457.407: Total time for which application threads were stopped: 0.0006541 seconds, Stopping threads took: 0.0000978 seconds
2021-04-18T01:41:02.573+0700: 22457.408: Total time for which application threads were stopped: 0.0011448 seconds, Stopping threads took: 0.0000560 seconds
2021-04-18T01:44:05.658+0700: 22640.514: Total time for which application threads were stopped: 0.0005155 seconds, Stopping threads took: 0.0000754 seconds
2021-04-18T01:46:02.592+0700: 22757.444: Total time for which application threads were stopped: 0.0005770 seconds, Stopping threads took: 0.0001279 seconds
2021-04-18T01:46:02.592+0700: 22757.445: Total time for which application threads were stopped: 0.0005895 seconds, Stopping threads took: 0.0001212 seconds
2021-04-18T01:50:05.077+0700: 22999.922: Total time for which application threads were stopped: 0.0003709 seconds, Stopping threads took: 0.0000747 seconds
2021-04-18T01:51:02.647+0700: 23057.491: Total time for which application threads were stopped: 0.0005258 seconds, Stopping threads took: 0.0000729 seconds
2021-04-18T01:51:02.648+0700: 23057.491: Total time for which application threads were stopped: 0.0005973 seconds, Stopping threads took: 0.0000879 seconds
2021-04-18T01:56:02.701+0700: 23357.535: Total time for which application threads were stopped: 0.0005785 seconds, Stopping threads took: 0.0000928 seconds
2021-04-18T01:56:02.701+0700: 23357.536: Total time for which application threads were stopped: 0.0041508 seconds, Stopping threads took: 0.0000804 seconds
2021-04-18T02:01:02.724+0700: 23657.576: Total time for which application threads were stopped: 0.0007397 seconds, Stopping threads took: 0.0001245 seconds
2021-04-18T02:01:02.725+0700: 23657.577: Total time for which application threads were stopped: 0.0004544 seconds, Stopping threads took: 0.0000476 seconds
2021-04-18T02:06:02.777+0700: 23957.620: Total time for which application threads were stopped: 0.0006108 seconds, Stopping threads took: 0.0000910 seconds
2021-04-18T02:06:02.778+0700: 23957.621: Total time for which application threads were stopped: 0.0005355 seconds, Stopping threads took: 0.0000811 seconds
2021-04-18T02:11:02.829+0700: 24257.663: Total time for which application threads were stopped: 0.0008106 seconds, Stopping threads took: 0.0001061 seconds
2021-04-18T02:11:02.830+0700: 24257.664: Total time for which application threads were stopped: 0.0005090 seconds, Stopping threads took: 0.0000470 seconds
2021-04-18T02:16:02.866+0700: 24557.712: Total time for which application threads were stopped: 0.0005765 seconds, Stopping threads took: 0.0001162 seconds
2021-04-18T02:16:02.867+0700: 24557.713: Total time for which application threads were stopped: 0.0005057 seconds, Stopping threads took: 0.0000832 seconds
2021-04-18T02:20:06.034+0700: 24800.877: Total time for which application threads were stopped: 0.0017892 seconds, Stopping threads took: 0.0008503 seconds
2021-04-18T02:21:02.897+0700: 24857.739: Total time for which application threads were stopped: 0.0006110 seconds, Stopping threads took: 0.0000837 seconds
2021-04-18T02:21:02.898+0700: 24857.740: Total time for which application threads were stopped: 0.0006958 seconds, Stopping threads took: 0.0002668 seconds
2021-04-18T02:26:02.917+0700: 25157.750: Total time for which application threads were stopped: 0.0005287 seconds, Stopping threads took: 0.0001217 seconds
2021-04-18T02:26:02.918+0700: 25157.751: Total time for which application threads were stopped: 0.0005930 seconds, Stopping threads took: 0.0001050 seconds
2021-04-18T02:27:07.108+0700: 25221.939: Total time for which application threads were stopped: 0.0005293 seconds, Stopping threads took: 0.0000706 seconds
2021-04-18T02:31:02.939+0700: 25457.763: Total time for which application threads were stopped: 0.0007158 seconds, Stopping threads took: 0.0000881 seconds
2021-04-18T02:31:02.944+0700: 25457.768: Total time for which application threads were stopped: 0.0042020 seconds, Stopping threads took: 0.0000423 seconds
2021-04-18T02:33:07.247+0700: 25582.091: Total time for which application threads were stopped: 0.0007313 seconds, Stopping threads took: 0.0000920 seconds
2021-04-18T02:36:02.944+0700: 25757.782: Total time for which application threads were stopped: 0.0006701 seconds, Stopping threads took: 0.0001027 seconds
2021-04-18T02:36:02.944+0700: 25757.783: Total time for which application threads were stopped: 0.0005374 seconds, Stopping threads took: 0.0000538 seconds
2021-04-18T02:41:02.966+0700: 26057.796: Total time for which application threads were stopped: 0.0006508 seconds, Stopping threads took: 0.0001964 seconds
2021-04-18T02:41:02.966+0700: 26057.796: Total time for which application threads were stopped: 0.0003286 seconds, Stopping threads took: 0.0000337 seconds
2021-04-18T02:46:02.991+0700: 26357.811: Total time for which application threads were stopped: 0.0005068 seconds, Stopping threads took: 0.0000757 seconds
2021-04-18T02:46:02.991+0700: 26357.812: Total time for which application threads were stopped: 0.0004674 seconds, Stopping threads took: 0.0000823 seconds
2021-04-18T02:49:07.477+0700: 26542.315: Total time for which application threads were stopped: 0.0005698 seconds, Stopping threads took: 0.0001437 seconds
2021-04-18T02:51:02.998+0700: 26657.835: Total time for which application threads were stopped: 0.0005145 seconds, Stopping threads took: 0.0000728 seconds
2021-04-18T02:51:02.999+0700: 26657.836: Total time for which application threads were stopped: 0.0007541 seconds, Stopping threads took: 0.0002046 seconds
2021-04-18T02:51:07.014+0700: 26661.851: Total time for which application threads were stopped: 0.0010654 seconds, Stopping threads took: 0.0000669 seconds
2021-04-18T02:56:03.026+0700: 26957.854: Total time for which application threads were stopped: 0.0008754 seconds, Stopping threads took: 0.0001372 seconds
2021-04-18T02:56:03.027+0700: 26957.855: Total time for which application threads were stopped: 0.0005100 seconds, Stopping threads took: 0.0000407 seconds
2021-04-18T03:01:03.056+0700: 27257.875: Total time for which application threads were stopped: 0.0008201 seconds, Stopping threads took: 0.0001387 seconds
2021-04-18T03:01:03.057+0700: 27257.876: Total time for which application threads were stopped: 0.0005188 seconds, Stopping threads took: 0.0000912 seconds
2021-04-18T03:05:07.721+0700: 27502.532: Total time for which application threads were stopped: 0.0004845 seconds, Stopping threads took: 0.0000707 seconds
2021-04-18T03:06:03.071+0700: 27557.903: Total time for which application threads were stopped: 0.0006259 seconds, Stopping threads took: 0.0001338 seconds
2021-04-18T03:06:03.072+0700: 27557.904: Total time for which application threads were stopped: 0.0006022 seconds, Stopping threads took: 0.0001280 seconds
2021-04-18T03:07:08.263+0700: 27623.096: Total time for which application threads were stopped: 0.0006318 seconds, Stopping threads took: 0.0000797 seconds
2021-04-18T03:10:07.704+0700: 27802.531: Total time for which application threads were stopped: 0.0007069 seconds, Stopping threads took: 0.0000887 seconds
2021-04-18T03:11:03.102+0700: 27857.928: Total time for which application threads were stopped: 0.0005124 seconds, Stopping threads took: 0.0000945 seconds
2021-04-18T03:11:03.103+0700: 27857.929: Total time for which application threads were stopped: 0.0005884 seconds, Stopping threads took: 0.0001207 seconds
2021-04-18T05:20:17.094+0700: 28170.896: Total time for which application threads were stopped: 0.1943337 seconds, Stopping threads took: 0.0696743 seconds
2021-04-18T05:20:17.100+0700: 28170.901: Total time for which application threads were stopped: 0.0028949 seconds, Stopping threads took: 0.0025525 seconds
2021-04-18T05:20:17.916+0700: 28171.717: Total time for which application threads were stopped: 0.0255166 seconds, Stopping threads took: 0.0152129 seconds
2021-04-18T05:20:18.049+0700: 28171.850: Total time for which application threads were stopped: 0.0550973 seconds, Stopping threads took: 0.0547427 seconds
2021-04-18T05:20:18.220+0700: 28172.021: Total time for which application threads were stopped: 0.0028956 seconds, Stopping threads took: 0.0000478 seconds
2021-04-18T05:20:19.224+0700: 28173.025: Total time for which application threads were stopped: 0.0004537 seconds, Stopping threads took: 0.0000856 seconds
2021-04-18T05:20:19.689+0700: 28173.490: Total time for which application threads were stopped: 0.0036503 seconds, Stopping threads took: 0.0007745 seconds
2021-04-18T05:20:19.690+0700: 28173.490: Total time for which application threads were stopped: 0.0004527 seconds, Stopping threads took: 0.0000813 seconds
2021-04-18T05:20:19.702+0700: 28173.503: Total time for which application threads were stopped: 0.0009177 seconds, Stopping threads took: 0.0006260 seconds
2021-04-18T08:49:49.258+0700: 28218.937: Total time for which application threads were stopped: 0.0005526 seconds, Stopping threads took: 0.0000596 seconds
2021-04-18T08:49:51.231+0700: 28220.910: Total time for which application threads were stopped: 0.0006078 seconds, Stopping threads took: 0.0000742 seconds
2021-04-18T08:49:51.234+0700: 28220.913: Total time for which application threads were stopped: 0.0027960 seconds, Stopping threads took: 0.0001097 seconds
2021-04-18T14:50:37.673+0700: 28270.919: Total time for which application threads were stopped: 0.0006119 seconds, Stopping threads took: 0.0001182 seconds
2021-04-18T14:50:37.674+0700: 28270.920: Total time for which application threads were stopped: 0.0004400 seconds, Stopping threads took: 0.0000714 seconds
2021-04-18T14:58:48.307+0700: 28436.572: Total time for which application threads were stopped: 0.0002783 seconds, Stopping threads took: 0.0000528 seconds
2021-04-18T14:58:54.330+0700: 28442.595: Total time for which application threads were stopped: 0.0004769 seconds, Stopping threads took: 0.0000762 seconds
2021-04-18T14:59:21.112+0700: 28469.376: Total time for which application threads were stopped: 0.0012642 seconds, Stopping threads took: 0.0006029 seconds
2021-04-18T14:59:21.112+0700: 28469.376: Total time for which application threads were stopped: 0.0002964 seconds, Stopping threads took: 0.0000505 seconds
2021-04-18T14:59:21.114+0700: 28469.378: Total time for which application threads were stopped: 0.0006197 seconds, Stopping threads took: 0.0003289 seconds
2021-04-18T14:59:21.115+0700: 28469.378: Total time for which application threads were stopped: 0.0002879 seconds, Stopping threads took: 0.0000383 seconds
2021-04-18T14:59:21.117+0700: 28469.381: Total time for which application threads were stopped: 0.0003733 seconds, Stopping threads took: 0.0000467 seconds
2021-04-18T14:59:21.118+0700: 28469.382: Total time for which application threads were stopped: 0.0003319 seconds, Stopping threads took: 0.0000583 seconds
2021-04-18T14:59:21.119+0700: 28469.382: Total time for which application threads were stopped: 0.0002524 seconds, Stopping threads took: 0.0000509 seconds
2021-04-18T14:59:21.119+0700: 28469.383: Total time for which application threads were stopped: 0.0002417 seconds, Stopping threads took: 0.0000288 seconds
2021-04-18T14:59:21.120+0700: 28469.383: Total time for which application threads were stopped: 0.0002577 seconds, Stopping threads took: 0.0000362 seconds
2021-04-18T14:59:21.120+0700: 28469.384: Total time for which application threads were stopped: 0.0002207 seconds, Stopping threads took: 0.0000260 seconds
2021-04-18T14:59:21.138+0700: 28469.402: Total time for which application threads were stopped: 0.0004285 seconds, Stopping threads took: 0.0000369 seconds
2021-04-18T14:59:21.140+0700: 28469.404: Total time for which application threads were stopped: 0.0005091 seconds, Stopping threads took: 0.0000412 seconds
2021-04-18T14:59:21.141+0700: 28469.404: Total time for which application threads were stopped: 0.0002331 seconds, Stopping threads took: 0.0000148 seconds
2021-04-18T14:59:21.290+0700: 28469.554: Total time for which application threads were stopped: 0.0007280 seconds, Stopping threads took: 0.0000419 seconds
2021-04-18T14:59:21.291+0700: 28469.554: Total time for which application threads were stopped: 0.0005722 seconds, Stopping threads took: 0.0000233 seconds
2021-04-18T14:59:21.292+0700: 28469.556: Total time for which application threads were stopped: 0.0003258 seconds, Stopping threads took: 0.0000563 seconds
2021-04-18T14:59:21.292+0700: 28469.556: Total time for which application threads were stopped: 0.0002111 seconds, Stopping threads took: 0.0000239 seconds
2021-04-18T14:59:21.293+0700: 28469.556: Total time for which application threads were stopped: 0.0002083 seconds, Stopping threads took: 0.0000232 seconds
2021-04-18T14:59:21.302+0700: 28469.566: Total time for which application threads were stopped: 0.0004820 seconds, Stopping threads took: 0.0000614 seconds
2021-04-18T14:59:21.306+0700: 28469.569: Total time for which application threads were stopped: 0.0004565 seconds, Stopping threads took: 0.0000607 seconds
2021-04-18T14:59:21.306+0700: 28469.570: Total time for which application threads were stopped: 0.0002412 seconds, Stopping threads took: 0.0000200 seconds
2021-04-18T14:59:21.328+0700: 28469.592: Total time for which application threads were stopped: 0.0004113 seconds, Stopping threads took: 0.0000505 seconds
2021-04-18T14:59:21.328+0700: 28469.592: Total time for which application threads were stopped: 0.0002680 seconds, Stopping threads took: 0.0000270 seconds
2021-04-18T14:59:21.341+0700: 28469.605: Total time for which application threads were stopped: 0.0003047 seconds, Stopping threads took: 0.0000357 seconds
2021-04-18T14:59:21.346+0700: 28469.610: Total time for which application threads were stopped: 0.0004444 seconds, Stopping threads took: 0.0000416 seconds
2021-04-18T14:59:21.347+0700: 28469.611: Total time for which application threads were stopped: 0.0002350 seconds, Stopping threads took: 0.0000181 seconds
2021-04-18T14:59:22.675+0700: 28470.938: Total time for which application threads were stopped: 0.0006259 seconds, Stopping threads took: 0.0000962 seconds
2021-04-18T14:59:22.676+0700: 28470.939: Total time for which application threads were stopped: 0.0006099 seconds, Stopping threads took: 0.0000928 seconds
2021-04-18T15:02:52.209+0700: 28680.467: Total time for which application threads were stopped: 0.0004094 seconds, Stopping threads took: 0.0001054 seconds
2021-04-18T15:02:52.210+0700: 28680.467: Total time for which application threads were stopped: 0.0003090 seconds, Stopping threads took: 0.0000519 seconds
2021-04-18T15:02:52.210+0700: 28680.468: Total time for which application threads were stopped: 0.0002245 seconds, Stopping threads took: 0.0000147 seconds
2021-04-18T15:02:52.211+0700: 28680.468: Total time for which application threads were stopped: 0.0002068 seconds, Stopping threads took: 0.0000288 seconds
2021-04-18T15:02:52.211+0700: 28680.469: Total time for which application threads were stopped: 0.0003407 seconds, Stopping threads took: 0.0000572 seconds
2021-04-18T15:02:52.212+0700: 28680.469: Total time for which application threads were stopped: 0.0002708 seconds, Stopping threads took: 0.0000661 seconds
2021-04-18T15:02:52.214+0700: 28680.471: Total time for which application threads were stopped: 0.0009128 seconds, Stopping threads took: 0.0005304 seconds
2021-04-18T15:02:52.214+0700: 28680.472: Total time for which application threads were stopped: 0.0003057 seconds, Stopping threads took: 0.0000228 seconds
2021-04-18T15:02:52.215+0700: 28680.472: Total time for which application threads were stopped: 0.0003124 seconds, Stopping threads took: 0.0000761 seconds
2021-04-18T15:02:52.215+0700: 28680.473: Total time for which application threads were stopped: 0.0002219 seconds, Stopping threads took: 0.0000441 seconds
2021-04-18T15:02:52.215+0700: 28680.473: Total time for which application threads were stopped: 0.0002574 seconds, Stopping threads took: 0.0000990 seconds
2021-04-18T15:02:52.217+0700: 28680.475: Total time for which application threads were stopped: 0.0011485 seconds, Stopping threads took: 0.0008384 seconds
2021-04-18T15:02:52.217+0700: 28680.475: Total time for which application threads were stopped: 0.0002874 seconds, Stopping threads took: 0.0000495 seconds
2021-04-18T15:02:52.219+0700: 28680.477: Total time for which application threads were stopped: 0.0003914 seconds, Stopping threads took: 0.0001107 seconds
2021-04-18T15:02:52.220+0700: 28680.478: Total time for which application threads were stopped: 0.0002768 seconds, Stopping threads took: 0.0000290 seconds
2021-04-18T15:02:52.228+0700: 28680.485: Total time for which application threads were stopped: 0.0003438 seconds, Stopping threads took: 0.0000734 seconds
2021-04-18T15:02:52.228+0700: 28680.485: Total time for which application threads were stopped: 0.0002432 seconds, Stopping threads took: 0.0000227 seconds
2021-04-18T15:02:52.228+0700: 28680.486: Total time for which application threads were stopped: 0.0001821 seconds, Stopping threads took: 0.0000197 seconds
2021-04-18T15:02:52.229+0700: 28680.486: Total time for which application threads were stopped: 0.0002609 seconds, Stopping threads took: 0.0000385 seconds
2021-04-18T15:02:52.231+0700: 28680.489: Total time for which application threads were stopped: 0.0002980 seconds, Stopping threads took: 0.0000357 seconds
2021-04-18T15:02:52.231+0700: 28680.489: Total time for which application threads were stopped: 0.0002189 seconds, Stopping threads took: 0.0000208 seconds
2021-04-18T15:02:52.233+0700: 28680.491: Total time for which application threads were stopped: 0.0012790 seconds, Stopping threads took: 0.0008028 seconds
2021-04-18T15:02:52.234+0700: 28680.491: Total time for which application threads were stopped: 0.0003872 seconds, Stopping threads took: 0.0000235 seconds
2021-04-18T15:02:52.246+0700: 28680.504: Total time for which application threads were stopped: 0.0004878 seconds, Stopping threads took: 0.0000497 seconds
2021-04-18T15:02:52.247+0700: 28680.504: Total time for which application threads were stopped: 0.0004165 seconds, Stopping threads took: 0.0000263 seconds
2021-04-18T15:02:53.248+0700: 28681.505: Total time for which application threads were stopped: 0.0006539 seconds, Stopping threads took: 0.0000981 seconds
2021-04-18T15:04:22.703+0700: 28770.958: Total time for which application threads were stopped: 0.0005616 seconds, Stopping threads took: 0.0000791 seconds
2021-04-18T15:04:22.704+0700: 28770.959: Total time for which application threads were stopped: 0.0005040 seconds, Stopping threads took: 0.0000766 seconds
2021-04-18T15:04:26.720+0700: 28774.974: Total time for which application threads were stopped: 0.0005078 seconds, Stopping threads took: 0.0000744 seconds
2021-04-18T15:05:37.947+0700: 28846.199: Total time for which application threads were stopped: 0.0007521 seconds, Stopping threads took: 0.0000651 seconds
2021-04-18T15:09:22.726+0700: 29070.972: Total time for which application threads were stopped: 0.0005978 seconds, Stopping threads took: 0.0001133 seconds
2021-04-18T15:09:22.727+0700: 29070.973: Total time for which application threads were stopped: 0.0005542 seconds, Stopping threads took: 0.0001455 seconds
2021-04-18T15:14:22.729+0700: 29370.994: Total time for which application threads were stopped: 0.0007423 seconds, Stopping threads took: 0.0000723 seconds
2021-04-18T15:14:22.730+0700: 29370.995: Total time for which application threads were stopped: 0.0007158 seconds, Stopping threads took: 0.0000765 seconds
2021-04-18T15:18:26.400+0700: 29614.657: Total time for which application threads were stopped: 0.0006618 seconds, Stopping threads took: 0.0001421 seconds
2021-04-18T15:19:22.754+0700: 29671.009: Total time for which application threads were stopped: 0.0005809 seconds, Stopping threads took: 0.0000831 seconds
2021-04-18T15:19:22.755+0700: 29671.011: Total time for which application threads were stopped: 0.0008065 seconds, Stopping threads took: 0.0001386 seconds
2021-04-18T15:19:30.781+0700: 29679.036: Total time for which application threads were stopped: 0.0006417 seconds, Stopping threads took: 0.0001124 seconds
2021-04-18T15:20:57.045+0700: 29765.297: Total time for which application threads were stopped: 0.0004933 seconds, Stopping threads took: 0.0000973 seconds
2021-04-18T15:22:13.260+0700: 29841.510: Total time for which application threads were stopped: 0.0004049 seconds, Stopping threads took: 0.0000798 seconds
2021-04-18T15:22:13.261+0700: 29841.511: Total time for which application threads were stopped: 0.0004535 seconds, Stopping threads took: 0.0000520 seconds
2021-04-18T15:22:13.261+0700: 29841.511: Total time for which application threads were stopped: 0.0003643 seconds, Stopping threads took: 0.0000520 seconds
2021-04-18T15:22:13.262+0700: 29841.512: Total time for which application threads were stopped: 0.0003493 seconds, Stopping threads took: 0.0000272 seconds
2021-04-18T15:22:13.263+0700: 29841.513: Total time for which application threads were stopped: 0.0003766 seconds, Stopping threads took: 0.0000681 seconds
2021-04-18T15:22:13.263+0700: 29841.513: Total time for which application threads were stopped: 0.0003762 seconds, Stopping threads took: 0.0000572 seconds
2021-04-18T15:22:13.265+0700: 29841.515: Total time for which application threads were stopped: 0.0004185 seconds, Stopping threads took: 0.0000434 seconds
2021-04-18T15:22:13.265+0700: 29841.516: Total time for which application threads were stopped: 0.0004150 seconds, Stopping threads took: 0.0000569 seconds
2021-04-18T15:22:13.266+0700: 29841.516: Total time for which application threads were stopped: 0.0003556 seconds, Stopping threads took: 0.0000334 seconds
2021-04-18T15:22:13.267+0700: 29841.517: Total time for which application threads were stopped: 0.0003274 seconds, Stopping threads took: 0.0000355 seconds
2021-04-18T15:22:13.269+0700: 29841.519: Total time for which application threads were stopped: 0.0010105 seconds, Stopping threads took: 0.0005600 seconds
2021-04-18T15:22:13.269+0700: 29841.520: Total time for which application threads were stopped: 0.0003384 seconds, Stopping threads took: 0.0000288 seconds
2021-04-18T15:22:13.272+0700: 29841.522: Total time for which application threads were stopped: 0.0004258 seconds, Stopping threads took: 0.0000815 seconds
2021-04-18T15:22:13.282+0700: 29841.533: Total time for which application threads were stopped: 0.0004301 seconds, Stopping threads took: 0.0000440 seconds
2021-04-18T15:22:13.283+0700: 29841.533: Total time for which application threads were stopped: 0.0004239 seconds, Stopping threads took: 0.0000228 seconds
2021-04-18T15:22:13.283+0700: 29841.534: Total time for which application threads were stopped: 0.0002874 seconds, Stopping threads took: 0.0000201 seconds
2021-04-18T15:22:13.284+0700: 29841.534: Total time for which application threads were stopped: 0.0003124 seconds, Stopping threads took: 0.0000239 seconds
2021-04-18T15:22:13.288+0700: 29841.538: Total time for which application threads were stopped: 0.0004636 seconds, Stopping threads took: 0.0000698 seconds
2021-04-18T15:22:13.288+0700: 29841.538: Total time for which application threads were stopped: 0.0003313 seconds, Stopping threads took: 0.0000404 seconds
2021-04-18T15:22:13.290+0700: 29841.540: Total time for which application threads were stopped: 0.0003837 seconds, Stopping threads took: 0.0000452 seconds
2021-04-18T15:22:13.290+0700: 29841.541: Total time for which application threads were stopped: 0.0005348 seconds, Stopping threads took: 0.0002377 seconds
2021-04-18T15:22:13.292+0700: 29841.542: Total time for which application threads were stopped: 0.0003748 seconds, Stopping threads took: 0.0000759 seconds
2021-04-18T15:22:13.292+0700: 29841.542: Total time for which application threads were stopped: 0.0003963 seconds, Stopping threads took: 0.0000728 seconds
{Heap before GC invocations=23 (full 0):
 garbage-first heap   total 524288K, used 415360K [0x00000007a0000000, 0x00000007a0101000, 0x00000007c0000000)
  region size 1024K, 307 young (314368K), 24 survivors (24576K)
 Metaspace       used 66613K, capacity 69923K, committed 69964K, reserved 1112064K
  class space    used 7596K, capacity 8231K, committed 8268K, reserved 1048576K
2021-04-18T15:23:11.707+0700: 29899.956: [GC pause (G1 Evacuation Pause) (young)
Desired survivor size 20447232 bytes, new threshold 15 (max 15)
- age   1:    1454848 bytes,    1454848 total
- age   2:     605056 bytes,    2059904 total
- age   3:    1574488 bytes,    3634392 total
- age   4:    4620832 bytes,    8255224 total
- age   5:    4031016 bytes,   12286240 total
- age   6:    3240976 bytes,   15527216 total
- age   7:    4271824 bytes,   19799040 total
, 0.0826888 secs]
   [Parallel Time: 78.3 ms, GC Workers: 4]
      [GC Worker Start (ms): Min: 29899956.4, Avg: 29899956.5, Max: 29899956.6, Diff: 0.2]
      [Ext Root Scanning (ms): Min: 3.2, Avg: 6.6, Max: 16.6, Diff: 13.4, Sum: 26.4]
      [Update RS (ms): Min: 0.8, Avg: 11.7, Max: 17.9, Diff: 17.1, Sum: 46.7]
         [Processed Buffers: Min: 3, Avg: 13.2, Max: 34, Diff: 31, Sum: 53]
      [Scan RS (ms): Min: 0.0, Avg: 0.1, Max: 0.1, Diff: 0.1, Sum: 0.2]
      [Code Root Scanning (ms): Min: 0.0, Avg: 3.1, Max: 6.9, Diff: 6.9, Sum: 12.5]
      [Object Copy (ms): Min: 54.0, Avg: 56.6, Max: 60.6, Diff: 6.6, Sum: 226.2]
      [Termination (ms): Min: 0.0, Avg: 0.0, Max: 0.0, Diff: 0.0, Sum: 0.0]
         [Termination Attempts: Min: 1, Avg: 1.0, Max: 1, Diff: 0, Sum: 4]
      [GC Worker Other (ms): Min: 0.0, Avg: 0.0, Max: 0.1, Diff: 0.0, Sum: 0.2]
      [GC Worker Total (ms): Min: 78.0, Avg: 78.1, Max: 78.2, Diff: 0.2, Sum: 312.3]
      [GC Worker End (ms): Min: 29900034.6, Avg: 29900034.6, Max: 29900034.6, Diff: 0.0]
   [Code Root Fixup: 0.1 ms]
   [Code Root Purge: 0.0 ms]
   [Clear CT: 0.3 ms]
   [Other: 4.0 ms]
      [Choose CSet: 0.0 ms]
      [Ref Proc: 2.5 ms]
      [Ref Enq: 0.0 ms]
      [Redirty Cards: 0.1 ms]
      [Humongous Register: 0.3 ms]
      [Humongous Reclaim: 0.0 ms]
      [Free CSet: 0.6 ms]
   [Eden: 283.0M(283.0M)->0.0B(284.0M) Survivors: 24.0M->23.0M Heap: 405.6M(512.0M)->121.6M(512.0M)]
Heap after GC invocations=24 (full 0):
 garbage-first heap   total 524288K, used 124544K [0x00000007a0000000, 0x00000007a0101000, 0x00000007c0000000)
  region size 1024K, 23 young (23552K), 23 survivors (23552K)
 Metaspace       used 66613K, capacity 69923K, committed 69964K, reserved 1112064K
  class space    used 7596K, capacity 8231K, committed 8268K, reserved 1048576K
}
 [Times: user=0.09 sys=0.17, real=0.09 secs] 
2021-04-18T15:23:11.790+0700: 29900.039: Total time for which application threads were stopped: 0.0832657 seconds, Stopping threads took: 0.0000382 seconds
2021-04-18T15:23:11.792+0700: 29900.040: Total time for which application threads were stopped: 0.0011570 seconds, Stopping threads took: 0.0008363 seconds
2021-04-18T15:23:11.792+0700: 29900.040: Total time for which application threads were stopped: 0.0003307 seconds, Stopping threads took: 0.0000565 seconds
2021-04-18T15:23:11.792+0700: 29900.041: Total time for which application threads were stopped: 0.0002830 seconds, Stopping threads took: 0.0000691 seconds
2021-04-18T15:23:11.793+0700: 29900.041: Total time for which application threads were stopped: 0.0001598 seconds, Stopping threads took: 0.0000348 seconds
2021-04-18T15:23:11.793+0700: 29900.041: Total time for which application threads were stopped: 0.0001500 seconds, Stopping threads took: 0.0000301 seconds
2021-04-18T15:24:22.787+0700: 29971.033: Total time for which application threads were stopped: 0.0005771 seconds, Stopping threads took: 0.0000803 seconds
2021-04-18T15:24:22.788+0700: 29971.034: Total time for which application threads were stopped: 0.0005899 seconds, Stopping threads took: 0.0001169 seconds
2021-04-18T15:25:12.095+0700: 30020.340: Total time for which application threads were stopped: 0.0007827 seconds, Stopping threads took: 0.0000879 seconds
2021-04-18T15:28:15.169+0700: 30203.409: Total time for which application threads were stopped: 0.0003627 seconds, Stopping threads took: 0.0000627 seconds
2021-04-18T15:28:15.170+0700: 30203.409: Total time for which application threads were stopped: 0.0002402 seconds, Stopping threads took: 0.0000367 seconds
2021-04-18T15:28:15.170+0700: 30203.410: Total time for which application threads were stopped: 0.0002229 seconds, Stopping threads took: 0.0000385 seconds
2021-04-18T15:28:15.171+0700: 30203.410: Total time for which application threads were stopped: 0.0002923 seconds, Stopping threads took: 0.0001142 seconds
2021-04-18T15:28:15.171+0700: 30203.410: Total time for which application threads were stopped: 0.0002189 seconds, Stopping threads took: 0.0000322 seconds
2021-04-18T15:28:15.171+0700: 30203.411: Total time for which application threads were stopped: 0.0002016 seconds, Stopping threads took: 0.0000446 seconds
2021-04-18T15:28:15.173+0700: 30203.412: Total time for which application threads were stopped: 0.0008169 seconds, Stopping threads took: 0.0000362 seconds
2021-04-18T15:28:15.174+0700: 30203.413: Total time for which application threads were stopped: 0.0002512 seconds, Stopping threads took: 0.0000424 seconds
2021-04-18T15:28:15.174+0700: 30203.414: Total time for which application threads were stopped: 0.0002561 seconds, Stopping threads took: 0.0000334 seconds
2021-04-18T15:28:15.174+0700: 30203.414: Total time for which application threads were stopped: 0.0001988 seconds, Stopping threads took: 0.0000336 seconds
2021-04-18T15:28:15.175+0700: 30203.415: Total time for which application threads were stopped: 0.0002165 seconds, Stopping threads took: 0.0000313 seconds
2021-04-18T15:28:15.176+0700: 30203.415: Total time for which application threads were stopped: 0.0002102 seconds, Stopping threads took: 0.0000284 seconds
2021-04-18T15:28:15.178+0700: 30203.417: Total time for which application threads were stopped: 0.0004781 seconds, Stopping threads took: 0.0001415 seconds
2021-04-18T15:28:16.181+0700: 30204.420: Total time for which application threads were stopped: 0.0005366 seconds, Stopping threads took: 0.0000690 seconds
2021-04-18T15:28:27.212+0700: 30215.451: Total time for which application threads were stopped: 0.0004787 seconds, Stopping threads took: 0.0000685 seconds
2021-04-18T15:29:22.828+0700: 30271.065: Total time for which application threads were stopped: 0.0003526 seconds, Stopping threads took: 0.0000794 seconds
2021-04-18T15:29:22.829+0700: 30271.066: Total time for which application threads were stopped: 0.0005991 seconds, Stopping threads took: 0.0001141 seconds
2021-04-18T15:31:27.136+0700: 30395.385: Total time for which application threads were stopped: 0.0018016 seconds, Stopping threads took: 0.0000977 seconds
2021-04-18T15:32:27.286+0700: 30455.544: Total time for which application threads were stopped: 0.0004447 seconds, Stopping threads took: 0.0000612 seconds
2021-04-18T15:34:22.827+0700: 30571.081: Total time for which application threads were stopped: 0.0006847 seconds, Stopping threads took: 0.0001288 seconds
2021-04-18T15:34:22.828+0700: 30571.082: Total time for which application threads were stopped: 0.0006468 seconds, Stopping threads took: 0.0000597 seconds
2021-04-18T15:36:27.187+0700: 30695.437: Total time for which application threads were stopped: 0.0006224 seconds, Stopping threads took: 0.0000861 seconds
2021-04-18T15:39:22.858+0700: 30871.103: Total time for which application threads were stopped: 0.0005505 seconds, Stopping threads took: 0.0000752 seconds
2021-04-18T15:39:22.861+0700: 30871.106: Total time for which application threads were stopped: 0.0031348 seconds, Stopping threads took: 0.0000774 seconds
2021-04-18T16:03:59.898+0700: 31171.143: Total time for which application threads were stopped: 0.0005444 seconds, Stopping threads took: 0.0000982 seconds
2021-04-18T16:03:59.899+0700: 31171.143: Total time for which application threads were stopped: 0.0005403 seconds, Stopping threads took: 0.0000941 seconds
2021-04-18T16:58:50.907+0700: 31454.062: Total time for which application threads were stopped: 0.0005859 seconds, Stopping threads took: 0.0000749 seconds
2021-04-18T16:59:08.019+0700: 31471.173: Total time for which application threads were stopped: 0.0005053 seconds, Stopping threads took: 0.0000588 seconds
2021-04-18T16:59:08.020+0700: 31471.174: Total time for which application threads were stopped: 0.0005387 seconds, Stopping threads took: 0.0000493 seconds
2021-04-18T17:00:13.186+0700: 31536.338: Total time for which application threads were stopped: 0.0003827 seconds, Stopping threads took: 0.0001029 seconds
2021-04-18T17:02:12.533+0700: 31655.682: Total time for which application threads were stopped: 0.0005836 seconds, Stopping threads took: 0.0000523 seconds
2021-04-18T17:02:27.573+0700: 31670.721: Total time for which application threads were stopped: 0.0003574 seconds, Stopping threads took: 0.0000544 seconds
2021-04-18T17:02:28.577+0700: 31671.725: Total time for which application threads were stopped: 0.0004554 seconds, Stopping threads took: 0.0000781 seconds
2021-04-18T17:04:08.038+0700: 31771.183: Total time for which application threads were stopped: 0.0004958 seconds, Stopping threads took: 0.0000693 seconds
2021-04-18T17:04:08.039+0700: 31771.184: Total time for which application threads were stopped: 0.0004948 seconds, Stopping threads took: 0.0000384 seconds
2021-04-18T17:09:08.067+0700: 32071.203: Total time for which application threads were stopped: 0.0003519 seconds, Stopping threads took: 0.0000447 seconds
2021-04-18T17:09:08.067+0700: 32071.203: Total time for which application threads were stopped: 0.0003764 seconds, Stopping threads took: 0.0000873 seconds
2021-04-18T17:14:08.092+0700: 32371.219: Total time for which application threads were stopped: 0.0003465 seconds, Stopping threads took: 0.0000444 seconds
2021-04-18T17:14:08.093+0700: 32371.220: Total time for which application threads were stopped: 0.0003072 seconds, Stopping threads took: 0.0000258 seconds
2021-04-18T17:19:08.131+0700: 32671.249: Total time for which application threads were stopped: 0.0005381 seconds, Stopping threads took: 0.0000800 seconds
2021-04-18T17:19:08.132+0700: 32671.250: Total time for which application threads were stopped: 0.0005147 seconds, Stopping threads took: 0.0000830 seconds
2021-04-18T17:24:08.164+0700: 32971.273: Total time for which application threads were stopped: 0.0007919 seconds, Stopping threads took: 0.0000844 seconds
2021-04-18T17:24:08.165+0700: 32971.274: Total time for which application threads were stopped: 0.0004487 seconds, Stopping threads took: 0.0000515 seconds
2021-04-18T17:24:09.169+0700: 32972.278: Total time for which application threads were stopped: 0.0005265 seconds, Stopping threads took: 0.0000838 seconds
2021-04-18T17:25:13.372+0700: 33036.480: Total time for which application threads were stopped: 0.0004793 seconds, Stopping threads took: 0.0000695 seconds
2021-04-18T17:28:13.839+0700: 33216.986: Total time for which application threads were stopped: 0.0006595 seconds, Stopping threads took: 0.0001538 seconds
2021-04-18T17:29:08.147+0700: 33271.293: Total time for which application threads were stopped: 0.0006613 seconds, Stopping threads took: 0.0001027 seconds
2021-04-18T17:29:08.148+0700: 33271.294: Total time for which application threads were stopped: 0.0005909 seconds, Stopping threads took: 0.0000661 seconds
2021-04-18T17:31:13.524+0700: 33396.666: Total time for which application threads were stopped: 0.0006544 seconds, Stopping threads took: 0.0001386 seconds
2021-04-18T21:27:53.791+0700: 33471.316: Total time for which application threads were stopped: 0.0008630 seconds, Stopping threads took: 0.0002312 seconds
2021-04-18T21:27:53.792+0700: 33471.317: Total time for which application threads were stopped: 0.0004564 seconds, Stopping threads took: 0.0000426 seconds
2021-04-18T21:29:33.796+0700: 33571.320: Total time for which application threads were stopped: 0.0005164 seconds, Stopping threads took: 0.0000803 seconds
2021-04-18T21:29:33.799+0700: 33571.322: Total time for which application threads were stopped: 0.0022108 seconds, Stopping threads took: 0.0000949 seconds
2021-04-18T21:29:52.590+0700: 33590.113: Total time for which application threads were stopped: 0.0007058 seconds, Stopping threads took: 0.0000748 seconds
2021-04-18T21:29:52.590+0700: 33590.113: Total time for which application threads were stopped: 0.0003357 seconds, Stopping threads took: 0.0000468 seconds
2021-04-18T21:29:52.592+0700: 33590.115: Total time for which application threads were stopped: 0.0004452 seconds, Stopping threads took: 0.0000352 seconds
2021-04-18T21:29:52.593+0700: 33590.115: Total time for which application threads were stopped: 0.0002711 seconds, Stopping threads took: 0.0000362 seconds
2021-04-18T21:29:52.594+0700: 33590.116: Total time for which application threads were stopped: 0.0003268 seconds, Stopping threads took: 0.0000166 seconds
2021-04-18T21:29:52.594+0700: 33590.117: Total time for which application threads were stopped: 0.0003222 seconds, Stopping threads took: 0.0000785 seconds
2021-04-18T21:29:52.595+0700: 33590.117: Total time for which application threads were stopped: 0.0002100 seconds, Stopping threads took: 0.0000364 seconds
2021-04-18T21:29:52.595+0700: 33590.118: Total time for which application threads were stopped: 0.0002608 seconds, Stopping threads took: 0.0000425 seconds
2021-04-18T21:29:52.595+0700: 33590.118: Total time for which application threads were stopped: 0.0001888 seconds, Stopping threads took: 0.0000391 seconds
2021-04-18T21:29:52.596+0700: 33590.119: Total time for which application threads were stopped: 0.0003204 seconds, Stopping threads took: 0.0000420 seconds
2021-04-18T21:29:52.610+0700: 33590.132: Total time for which application threads were stopped: 0.0005137 seconds, Stopping threads took: 0.0000495 seconds
2021-04-18T21:29:52.611+0700: 33590.134: Total time for which application threads were stopped: 0.0004193 seconds, Stopping threads took: 0.0000821 seconds
2021-04-18T21:29:52.612+0700: 33590.134: Total time for which application threads were stopped: 0.0002832 seconds, Stopping threads took: 0.0000384 seconds
2021-04-18T21:29:52.615+0700: 33590.138: Total time for which application threads were stopped: 0.0003525 seconds, Stopping threads took: 0.0000519 seconds
2021-04-18T21:29:52.615+0700: 33590.138: Total time for which application threads were stopped: 0.0003277 seconds, Stopping threads took: 0.0000359 seconds
2021-04-18T21:29:52.617+0700: 33590.140: Total time for which application threads were stopped: 0.0005100 seconds, Stopping threads took: 0.0000755 seconds
2021-04-18T21:29:52.618+0700: 33590.141: Total time for which application threads were stopped: 0.0003811 seconds, Stopping threads took: 0.0000339 seconds
2021-04-18T21:29:52.619+0700: 33590.142: Total time for which application threads were stopped: 0.0003835 seconds, Stopping threads took: 0.0000335 seconds
2021-04-18T21:29:52.632+0700: 33590.154: Total time for which application threads were stopped: 0.0003144 seconds, Stopping threads took: 0.0000530 seconds
2021-04-18T21:34:33.823+0700: 33871.338: Total time for which application threads were stopped: 0.0004324 seconds, Stopping threads took: 0.0000727 seconds
2021-04-18T21:34:33.824+0700: 33871.338: Total time for which application threads were stopped: 0.0003641 seconds, Stopping threads took: 0.0000389 seconds
2021-04-18T21:37:14.930+0700: 34032.440: Total time for which application threads were stopped: 0.0007432 seconds, Stopping threads took: 0.0001305 seconds
2021-04-18T21:37:14.932+0700: 34032.441: Total time for which application threads were stopped: 0.0009993 seconds, Stopping threads took: 0.0003399 seconds
2021-04-18T21:37:14.933+0700: 34032.442: Total time for which application threads were stopped: 0.0008162 seconds, Stopping threads took: 0.0003241 seconds
2021-04-18T21:37:14.934+0700: 34032.444: Total time for which application threads were stopped: 0.0006242 seconds, Stopping threads took: 0.0002369 seconds
2021-04-18T21:37:14.949+0700: 34032.459: Total time for which application threads were stopped: 0.0005639 seconds, Stopping threads took: 0.0000509 seconds
2021-04-18T21:37:14.951+0700: 34032.461: Total time for which application threads were stopped: 0.0011030 seconds, Stopping threads took: 0.0006438 seconds
2021-04-18T21:37:14.953+0700: 34032.462: Total time for which application threads were stopped: 0.0004252 seconds, Stopping threads took: 0.0000479 seconds
2021-04-18T21:37:14.957+0700: 34032.466: Total time for which application threads were stopped: 0.0004275 seconds, Stopping threads took: 0.0000479 seconds
2021-04-18T21:37:14.957+0700: 34032.467: Total time for which application threads were stopped: 0.0004338 seconds, Stopping threads took: 0.0000326 seconds
2021-04-18T21:37:15.000+0700: 34032.510: Total time for which application threads were stopped: 0.0004252 seconds, Stopping threads took: 0.0000479 seconds
2021-04-18T21:37:15.002+0700: 34032.511: Total time for which application threads were stopped: 0.0004508 seconds, Stopping threads took: 0.0000496 seconds
2021-04-18T21:37:15.002+0700: 34032.512: Total time for which application threads were stopped: 0.0004513 seconds, Stopping threads took: 0.0000519 seconds
2021-04-18T21:37:15.003+0700: 34032.513: Total time for which application threads were stopped: 0.0006258 seconds, Stopping threads took: 0.0000491 seconds
2021-04-18T21:37:15.005+0700: 34032.515: Total time for which application threads were stopped: 0.0019052 seconds, Stopping threads took: 0.0001102 seconds
2021-04-18T21:37:15.006+0700: 34032.516: Total time for which application threads were stopped: 0.0006616 seconds, Stopping threads took: 0.0000738 seconds
2021-04-18T21:37:15.007+0700: 34032.517: Total time for which application threads were stopped: 0.0006529 seconds, Stopping threads took: 0.0000797 seconds
2021-04-18T21:37:15.011+0700: 34032.520: Total time for which application threads were stopped: 0.0007171 seconds, Stopping threads took: 0.0001043 seconds
2021-04-18T21:37:15.012+0700: 34032.522: Total time for which application threads were stopped: 0.0007622 seconds, Stopping threads took: 0.0001357 seconds
2021-04-18T21:37:15.013+0700: 34032.523: Total time for which application threads were stopped: 0.0005254 seconds, Stopping threads took: 0.0000572 seconds
2021-04-18T21:37:15.014+0700: 34032.523: Total time for which application threads were stopped: 0.0006761 seconds, Stopping threads took: 0.0000856 seconds
2021-04-18T21:37:15.015+0700: 34032.524: Total time for which application threads were stopped: 0.0006119 seconds, Stopping threads took: 0.0000791 seconds
2021-04-18T21:37:15.015+0700: 34032.525: Total time for which application threads were stopped: 0.0005355 seconds, Stopping threads took: 0.0000826 seconds
2021-04-18T21:37:15.018+0700: 34032.528: Total time for which application threads were stopped: 0.0012067 seconds, Stopping threads took: 0.0000905 seconds
2021-04-18T21:37:15.019+0700: 34032.529: Total time for which application threads were stopped: 0.0005564 seconds, Stopping threads took: 0.0000805 seconds
2021-04-18T21:37:15.025+0700: 34032.535: Total time for which application threads were stopped: 0.0010047 seconds, Stopping threads took: 0.0001278 seconds
2021-04-18T21:37:16.028+0700: 34033.537: Total time for which application threads were stopped: 0.0005043 seconds, Stopping threads took: 0.0000805 seconds
2021-04-18T21:38:40.242+0700: 34117.749: Total time for which application threads were stopped: 0.0005166 seconds, Stopping threads took: 0.0000736 seconds
2021-04-18T21:39:33.840+0700: 34171.346: Total time for which application threads were stopped: 0.0003347 seconds, Stopping threads took: 0.0000548 seconds
2021-04-18T21:39:33.841+0700: 34171.346: Total time for which application threads were stopped: 0.0005393 seconds, Stopping threads took: 0.0000407 seconds
2021-04-18T21:41:40.167+0700: 34297.669: Total time for which application threads were stopped: 0.0006622 seconds, Stopping threads took: 0.0001176 seconds
2021-04-18T21:43:40.455+0700: 34417.953: Total time for which application threads were stopped: 0.0005742 seconds, Stopping threads took: 0.0000757 seconds
2021-04-18T21:44:33.869+0700: 34471.366: Total time for which application threads were stopped: 0.0007594 seconds, Stopping threads took: 0.0001107 seconds
2021-04-18T21:44:33.870+0700: 34471.366: Total time for which application threads were stopped: 0.0004949 seconds, Stopping threads took: 0.0000640 seconds
2021-04-18T21:47:07.843+0700: 34625.354: Total time for which application threads were stopped: 0.0004686 seconds, Stopping threads took: 0.0000509 seconds
2021-04-18T21:47:07.845+0700: 34625.355: Total time for which application threads were stopped: 0.0004463 seconds, Stopping threads took: 0.0000516 seconds
2021-04-18T21:47:07.846+0700: 34625.356: Total time for which application threads were stopped: 0.0004384 seconds, Stopping threads took: 0.0000453 seconds
2021-04-18T21:47:07.847+0700: 34625.358: Total time for which application threads were stopped: 0.0007087 seconds, Stopping threads took: 0.0001788 seconds
2021-04-18T21:47:07.851+0700: 34625.362: Total time for which application threads were stopped: 0.0008380 seconds, Stopping threads took: 0.0002198 seconds
2021-04-18T21:47:07.852+0700: 34625.363: Total time for which application threads were stopped: 0.0005809 seconds, Stopping threads took: 0.0000696 seconds
2021-04-18T21:47:07.853+0700: 34625.363: Total time for which application threads were stopped: 0.0005320 seconds, Stopping threads took: 0.0000805 seconds
2021-04-18T21:47:07.854+0700: 34625.364: Total time for which application threads were stopped: 0.0005740 seconds, Stopping threads took: 0.0000666 seconds
2021-04-18T21:47:07.859+0700: 34625.369: Total time for which application threads were stopped: 0.0005300 seconds, Stopping threads took: 0.0000578 seconds
2021-04-18T21:47:07.859+0700: 34625.370: Total time for which application threads were stopped: 0.0006524 seconds, Stopping threads took: 0.0001644 seconds
2021-04-18T21:47:07.861+0700: 34625.372: Total time for which application threads were stopped: 0.0006270 seconds, Stopping threads took: 0.0000669 seconds
2021-04-18T21:47:07.862+0700: 34625.372: Total time for which application threads were stopped: 0.0004163 seconds, Stopping threads took: 0.0000418 seconds
2021-04-18T21:47:07.865+0700: 34625.376: Total time for which application threads were stopped: 0.0004254 seconds, Stopping threads took: 0.0000537 seconds
2021-04-18T21:47:07.866+0700: 34625.377: Total time for which application threads were stopped: 0.0004619 seconds, Stopping threads took: 0.0000520 seconds
2021-04-18T21:47:07.890+0700: 34625.400: Total time for which application threads were stopped: 0.0004930 seconds, Stopping threads took: 0.0000507 seconds
2021-04-18T21:47:07.891+0700: 34625.401: Total time for which application threads were stopped: 0.0004618 seconds, Stopping threads took: 0.0000453 seconds
2021-04-18T21:47:07.894+0700: 34625.404: Total time for which application threads were stopped: 0.0009299 seconds, Stopping threads took: 0.0000500 seconds
2021-04-18T21:47:07.895+0700: 34625.405: Total time for which application threads were stopped: 0.0004984 seconds, Stopping threads took: 0.0000506 seconds
2021-04-18T21:47:07.900+0700: 34625.411: Total time for which application threads were stopped: 0.0011422 seconds, Stopping threads took: 0.0000508 seconds
2021-04-18T21:47:07.901+0700: 34625.412: Total time for which application threads were stopped: 0.0003943 seconds, Stopping threads took: 0.0000362 seconds
2021-04-18T21:47:07.903+0700: 34625.413: Total time for which application threads were stopped: 0.0003335 seconds, Stopping threads took: 0.0000403 seconds
2021-04-18T21:47:07.903+0700: 34625.413: Total time for which application threads were stopped: 0.0004142 seconds, Stopping threads took: 0.0000287 seconds
2021-04-18T21:47:07.915+0700: 34625.426: Total time for which application threads were stopped: 0.0011466 seconds, Stopping threads took: 0.0000690 seconds
2021-04-18T21:47:07.916+0700: 34625.427: Total time for which application threads were stopped: 0.0010619 seconds, Stopping threads took: 0.0000740 seconds
2021-04-18T21:47:07.921+0700: 34625.431: Total time for which application threads were stopped: 0.0003471 seconds, Stopping threads took: 0.0000398 seconds
2021-04-18T21:47:07.921+0700: 34625.432: Total time for which application threads were stopped: 0.0003972 seconds, Stopping threads took: 0.0000280 seconds
2021-04-18T21:47:07.934+0700: 34625.445: Total time for which application threads were stopped: 0.0007632 seconds, Stopping threads took: 0.0003363 seconds
2021-04-18T21:47:08.938+0700: 34626.448: Total time for which application threads were stopped: 0.0007426 seconds, Stopping threads took: 0.0000846 seconds
2021-04-18T21:47:18.962+0700: 34636.474: Total time for which application threads were stopped: 0.0004442 seconds, Stopping threads took: 0.0000532 seconds
2021-04-18T21:48:16.115+0700: 34693.627: Total time for which application threads were stopped: 0.0004350 seconds, Stopping threads took: 0.0000586 seconds
2021-04-18T21:48:37.174+0700: 34714.686: Total time for which application threads were stopped: 0.0004746 seconds, Stopping threads took: 0.0000742 seconds
2021-04-18T21:48:40.178+0700: 34717.690: Total time for which application threads were stopped: 0.0005046 seconds, Stopping threads took: 0.0001031 seconds
2021-04-18T21:49:33.872+0700: 34771.382: Total time for which application threads were stopped: 0.0006942 seconds, Stopping threads took: 0.0001094 seconds
2021-04-18T21:49:33.873+0700: 34771.383: Total time for which application threads were stopped: 0.0005319 seconds, Stopping threads took: 0.0000562 seconds
2021-04-18T21:49:42.910+0700: 34780.420: Total time for which application threads were stopped: 0.0005008 seconds, Stopping threads took: 0.0000667 seconds
2021-04-18T21:51:42.263+0700: 34899.769: Total time for which application threads were stopped: 0.0005479 seconds, Stopping threads took: 0.0000785 seconds
2021-04-18T21:54:33.900+0700: 35071.401: Total time for which application threads were stopped: 0.0005455 seconds, Stopping threads took: 0.0001034 seconds
2021-04-18T21:54:33.901+0700: 35071.402: Total time for which application threads were stopped: 0.0006258 seconds, Stopping threads took: 0.0001517 seconds
2021-04-18T23:37:48.895+0700: 35171.407: Total time for which application threads were stopped: 0.0003241 seconds, Stopping threads took: 0.0000570 seconds
2021-04-18T23:37:48.896+0700: 35171.407: Total time for which application threads were stopped: 0.0003408 seconds, Stopping threads took: 0.0000375 seconds
2021-04-18T23:38:16.016+0700: 35198.528: Total time for which application threads were stopped: 0.0006339 seconds, Stopping threads took: 0.0000809 seconds
2021-04-18T23:41:08.547+0700: 35318.000: Total time for which application threads were stopped: 0.0005586 seconds, Stopping threads took: 0.0000854 seconds
2021-04-18T23:42:01.966+0700: 35371.418: Total time for which application threads were stopped: 0.0005095 seconds, Stopping threads took: 0.0000708 seconds
2021-04-18T23:42:01.967+0700: 35371.419: Total time for which application threads were stopped: 0.0006208 seconds, Stopping threads took: 0.0001208 seconds
2021-04-18T23:42:08.998+0700: 35378.449: Total time for which application threads were stopped: 0.0004861 seconds, Stopping threads took: 0.0000705 seconds
2021-04-18T23:42:40.846+0700: 35410.296: Total time for which application threads were stopped: 0.0008524 seconds, Stopping threads took: 0.0001265 seconds
2021-04-18T23:42:40.847+0700: 35410.297: Total time for which application threads were stopped: 0.0008180 seconds, Stopping threads took: 0.0001619 seconds
2021-04-18T23:42:40.847+0700: 35410.298: Total time for which application threads were stopped: 0.0006909 seconds, Stopping threads took: 0.0000674 seconds
2021-04-18T23:42:40.849+0700: 35410.299: Total time for which application threads were stopped: 0.0006141 seconds, Stopping threads took: 0.0000841 seconds
2021-04-18T23:42:40.850+0700: 35410.300: Total time for which application threads were stopped: 0.0006094 seconds, Stopping threads took: 0.0000998 seconds
2021-04-18T23:42:40.851+0700: 35410.301: Total time for which application threads were stopped: 0.0004930 seconds, Stopping threads took: 0.0000522 seconds
2021-04-18T23:42:40.851+0700: 35410.302: Total time for which application threads were stopped: 0.0005374 seconds, Stopping threads took: 0.0000990 seconds
2021-04-18T23:42:40.855+0700: 35410.305: Total time for which application threads were stopped: 0.0012296 seconds, Stopping threads took: 0.0005994 seconds
2021-04-18T23:42:40.861+0700: 35410.311: Total time for which application threads were stopped: 0.0019252 seconds, Stopping threads took: 0.0013473 seconds
2021-04-18T23:42:40.865+0700: 35410.315: Total time for which application threads were stopped: 0.0034740 seconds, Stopping threads took: 0.0016633 seconds
2021-04-18T23:42:40.877+0700: 35410.328: Total time for which application threads were stopped: 0.0036701 seconds, Stopping threads took: 0.0025840 seconds
2021-04-18T23:42:40.880+0700: 35410.331: Total time for which application threads were stopped: 0.0008254 seconds, Stopping threads took: 0.0000863 seconds
2021-04-18T23:42:40.887+0700: 35410.337: Total time for which application threads were stopped: 0.0007300 seconds, Stopping threads took: 0.0000799 seconds
2021-04-18T23:42:40.888+0700: 35410.338: Total time for which application threads were stopped: 0.0005262 seconds, Stopping threads took: 0.0000723 seconds
2021-04-18T23:42:40.890+0700: 35410.340: Total time for which application threads were stopped: 0.0007678 seconds, Stopping threads took: 0.0000649 seconds
2021-04-18T23:42:40.891+0700: 35410.342: Total time for which application threads were stopped: 0.0009326 seconds, Stopping threads took: 0.0000509 seconds
2021-04-18T23:42:40.931+0700: 35410.382: Total time for which application threads were stopped: 0.0013794 seconds, Stopping threads took: 0.0006598 seconds
2021-04-18T23:42:40.933+0700: 35410.384: Total time for which application threads were stopped: 0.0006517 seconds, Stopping threads took: 0.0000960 seconds
2021-04-18T23:42:40.938+0700: 35410.388: Total time for which application threads were stopped: 0.0013069 seconds, Stopping threads took: 0.0000950 seconds
2021-04-18T23:42:40.971+0700: 35410.422: Total time for which application threads were stopped: 0.0009412 seconds, Stopping threads took: 0.0000834 seconds
2021-04-18T23:42:40.972+0700: 35410.423: Total time for which application threads were stopped: 0.0006607 seconds, Stopping threads took: 0.0000638 seconds
2021-04-18T23:42:41.008+0700: 35410.459: Total time for which application threads were stopped: 0.0022618 seconds, Stopping threads took: 0.0005503 seconds
2021-04-18T23:42:41.013+0700: 35410.464: Total time for which application threads were stopped: 0.0007113 seconds, Stopping threads took: 0.0000860 seconds
2021-04-18T23:42:41.015+0700: 35410.465: Total time for which application threads were stopped: 0.0014989 seconds, Stopping threads took: 0.0010200 seconds
2021-04-18T23:42:41.062+0700: 35410.513: Total time for which application threads were stopped: 0.0004650 seconds, Stopping threads took: 0.0000866 seconds
2021-04-18T23:42:42.065+0700: 35411.516: Total time for which application threads were stopped: 0.0004220 seconds, Stopping threads took: 0.0000573 seconds
2021-04-18T23:46:39.936+0700: 35649.380: Total time for which application threads were stopped: 0.0006697 seconds, Stopping threads took: 0.0000598 seconds
2021-04-18T23:46:39.937+0700: 35649.380: Total time for which application threads were stopped: 0.0003939 seconds, Stopping threads took: 0.0000715 seconds
2021-04-18T23:46:39.937+0700: 35649.380: Total time for which application threads were stopped: 0.0003164 seconds, Stopping threads took: 0.0000410 seconds
2021-04-18T23:46:39.937+0700: 35649.381: Total time for which application threads were stopped: 0.0003922 seconds, Stopping threads took: 0.0000740 seconds
2021-04-18T23:46:39.938+0700: 35649.382: Total time for which application threads were stopped: 0.0003658 seconds, Stopping threads took: 0.0000363 seconds
2021-04-18T23:46:39.939+0700: 35649.383: Total time for which application threads were stopped: 0.0004316 seconds, Stopping threads took: 0.0000328 seconds
2021-04-18T23:46:39.939+0700: 35649.383: Total time for which application threads were stopped: 0.0003029 seconds, Stopping threads took: 0.0000237 seconds
2021-04-18T23:46:39.941+0700: 35649.384: Total time for which application threads were stopped: 0.0007574 seconds, Stopping threads took: 0.0000303 seconds
2021-04-18T23:46:39.941+0700: 35649.385: Total time for which application threads were stopped: 0.0004055 seconds, Stopping threads took: 0.0000545 seconds
2021-04-18T23:46:39.942+0700: 35649.385: Total time for which application threads were stopped: 0.0003449 seconds, Stopping threads took: 0.0000439 seconds
2021-04-18T23:46:39.964+0700: 35649.407: Total time for which application threads were stopped: 0.0005116 seconds, Stopping threads took: 0.0000551 seconds
2021-04-18T23:46:39.965+0700: 35649.408: Total time for which application threads were stopped: 0.0006073 seconds, Stopping threads took: 0.0000858 seconds
2021-04-18T23:46:39.966+0700: 35649.409: Total time for which application threads were stopped: 0.0004871 seconds, Stopping threads took: 0.0000336 seconds
2021-04-18T23:46:39.967+0700: 35649.410: Total time for which application threads were stopped: 0.0004053 seconds, Stopping threads took: 0.0000280 seconds
2021-04-18T23:46:39.968+0700: 35649.411: Total time for which application threads were stopped: 0.0004828 seconds, Stopping threads took: 0.0000461 seconds
2021-04-18T23:46:39.969+0700: 35649.412: Total time for which application threads were stopped: 0.0004604 seconds, Stopping threads took: 0.0000980 seconds
2021-04-18T23:46:39.980+0700: 35649.423: Total time for which application threads were stopped: 0.0007805 seconds, Stopping threads took: 0.0003399 seconds
2021-04-18T23:46:39.990+0700: 35649.434: Total time for which application threads were stopped: 0.0007120 seconds, Stopping threads took: 0.0004057 seconds
2021-04-18T23:46:39.991+0700: 35649.434: Total time for which application threads were stopped: 0.0003566 seconds, Stopping threads took: 0.0001055 seconds
2021-04-18T23:46:39.994+0700: 35649.438: Total time for which application threads were stopped: 0.0003057 seconds, Stopping threads took: 0.0000422 seconds
2021-04-18T23:46:40.000+0700: 35649.443: Total time for which application threads were stopped: 0.0010688 seconds, Stopping threads took: 0.0000752 seconds
2021-04-18T23:46:40.000+0700: 35649.444: Total time for which application threads were stopped: 0.0003707 seconds, Stopping threads took: 0.0000522 seconds
2021-04-18T23:46:40.040+0700: 35649.483: Total time for which application threads were stopped: 0.0003751 seconds, Stopping threads took: 0.0000876 seconds
2021-04-18T23:46:40.057+0700: 35649.501: Total time for which application threads were stopped: 0.0006836 seconds, Stopping threads took: 0.0000481 seconds
2021-04-18T23:46:40.057+0700: 35649.501: Total time for which application threads were stopped: 0.0003246 seconds, Stopping threads took: 0.0000299 seconds
2021-04-18T23:47:01.995+0700: 35671.438: Total time for which application threads were stopped: 0.0005121 seconds, Stopping threads took: 0.0000742 seconds
2021-04-18T23:47:01.996+0700: 35671.439: Total time for which application threads were stopped: 0.0008955 seconds, Stopping threads took: 0.0001659 seconds
2021-04-18T23:47:06.000+0700: 35675.443: Total time for which application threads were stopped: 0.0005068 seconds, Stopping threads took: 0.0000720 seconds
2021-04-18T23:47:25.041+0700: 35694.483: Total time for which application threads were stopped: 0.0005731 seconds, Stopping threads took: 0.0000830 seconds
2021-04-18T23:47:37.072+0700: 35706.514: Total time for which application threads were stopped: 0.0004258 seconds, Stopping threads took: 0.0000513 seconds
2021-04-18T23:47:38.073+0700: 35707.515: Total time for which application threads were stopped: 0.0006666 seconds, Stopping threads took: 0.0000900 seconds
2021-04-18T23:48:04.144+0700: 35733.585: Total time for which application threads were stopped: 0.0005160 seconds, Stopping threads took: 0.0000691 seconds
{Heap before GC invocations=24 (full 0):
 garbage-first heap   total 524288K, used 415360K [0x00000007a0000000, 0x00000007a0101000, 0x00000007c0000000)
  region size 1024K, 307 young (314368K), 23 survivors (23552K)
 Metaspace       used 66725K, capacity 70075K, committed 70220K, reserved 1112064K
  class space    used 7596K, capacity 8231K, committed 8268K, reserved 1048576K
2021-04-18T23:48:11.481+0700: 35740.922: [GC pause (G1 Evacuation Pause) (young)
Desired survivor size 20447232 bytes, new threshold 15 (max 15)
- age   1:     791144 bytes,     791144 total
- age   2:     207024 bytes,     998168 total
- age   3:     547352 bytes,    1545520 total
- age   4:    1551512 bytes,    3097032 total
- age   5:    4619072 bytes,    7716104 total
- age   6:    4030760 bytes,   11746864 total
- age   7:    3240976 bytes,   14987840 total
- age   8:    4266824 bytes,   19254664 total
, 0.0992194 secs]
   [Parallel Time: 89.9 ms, GC Workers: 4]
      [GC Worker Start (ms): Min: 35740922.4, Avg: 35740922.5, Max: 35740922.8, Diff: 0.5]
      [Ext Root Scanning (ms): Min: 3.4, Avg: 6.5, Max: 15.1, Diff: 11.7, Sum: 26.1]
      [Update RS (ms): Min: 1.1, Avg: 9.3, Max: 12.4, Diff: 11.3, Sum: 37.0]
         [Processed Buffers: Min: 4, Avg: 11.2, Max: 31, Diff: 27, Sum: 45]
      [Scan RS (ms): Min: 0.0, Avg: 0.1, Max: 0.1, Diff: 0.1, Sum: 0.2]
      [Code Root Scanning (ms): Min: 0.0, Avg: 2.6, Max: 5.2, Diff: 5.2, Sum: 10.4]
      [Object Copy (ms): Min: 68.0, Avg: 70.4, Max: 73.1, Diff: 5.1, Sum: 281.7]
      [Termination (ms): Min: 0.0, Avg: 0.6, Max: 0.9, Diff: 0.9, Sum: 2.4]
         [Termination Attempts: Min: 1, Avg: 1.0, Max: 1, Diff: 0, Sum: 4]
      [GC Worker Other (ms): Min: 0.0, Avg: 0.0, Max: 0.0, Diff: 0.0, Sum: 0.2]
      [GC Worker Total (ms): Min: 89.2, Avg: 89.5, Max: 89.7, Diff: 0.5, Sum: 357.9]
      [GC Worker End (ms): Min: 35741011.8, Avg: 35741012.0, Max: 35741012.1, Diff: 0.3]
   [Code Root Fixup: 0.1 ms]
   [Code Root Purge: 0.0 ms]
   [Clear CT: 0.3 ms]
   [Other: 8.9 ms]
      [Choose CSet: 0.0 ms]
      [Ref Proc: 7.4 ms]
      [Ref Enq: 0.0 ms]
      [Redirty Cards: 0.0 ms]
      [Humongous Register: 0.3 ms]
      [Humongous Reclaim: 0.0 ms]
      [Free CSet: 0.8 ms]
   [Eden: 284.0M(284.0M)->0.0B(283.0M) Survivors: 23.0M->24.0M Heap: 405.6M(512.0M)->122.6M(512.0M)]
Heap after GC invocations=25 (full 0):
 garbage-first heap   total 524288K, used 125568K [0x00000007a0000000, 0x00000007a0101000, 0x00000007c0000000)
  region size 1024K, 24 young (24576K), 24 survivors (24576K)
 Metaspace       used 66725K, capacity 70075K, committed 70220K, reserved 1112064K
  class space    used 7596K, capacity 8231K, committed 8268K, reserved 1048576K
}
 [Times: user=0.11 sys=0.16, real=0.10 secs] 
2021-04-18T23:48:11.580+0700: 35741.021: Total time for which application threads were stopped: 0.0999917 seconds, Stopping threads took: 0.0000974 seconds
2021-04-18T23:48:11.581+0700: 35741.022: Total time for which application threads were stopped: 0.0003742 seconds, Stopping threads took: 0.0000742 seconds
2021-04-18T23:48:11.582+0700: 35741.023: Total time for which application threads were stopped: 0.0003862 seconds, Stopping threads took: 0.0000442 seconds
2021-04-18T23:48:11.583+0700: 35741.024: Total time for which application threads were stopped: 0.0004640 seconds, Stopping threads took: 0.0002149 seconds
2021-04-18T23:48:11.584+0700: 35741.024: Total time for which application threads were stopped: 0.0004529 seconds, Stopping threads took: 0.0000855 seconds
2021-04-18T23:48:11.584+0700: 35741.025: Total time for which application threads were stopped: 0.0004554 seconds, Stopping threads took: 0.0001077 seconds
2021-04-18T23:48:11.585+0700: 35741.026: Total time for which application threads were stopped: 0.0004225 seconds, Stopping threads took: 0.0000783 seconds
2021-04-18T23:48:11.585+0700: 35741.026: Total time for which application threads were stopped: 0.0003003 seconds, Stopping threads took: 0.0000570 seconds
2021-04-18T23:48:11.586+0700: 35741.026: Total time for which application threads were stopped: 0.0002312 seconds, Stopping threads took: 0.0000257 seconds
2021-04-18T23:48:11.586+0700: 35741.027: Total time for which application threads were stopped: 0.0003611 seconds, Stopping threads took: 0.0000919 seconds
2021-04-18T23:48:11.587+0700: 35741.027: Total time for which application threads were stopped: 0.0003493 seconds, Stopping threads took: 0.0000412 seconds
2021-04-18T23:48:11.587+0700: 35741.028: Total time for which application threads were stopped: 0.0003147 seconds, Stopping threads took: 0.0000785 seconds
2021-04-18T23:48:11.588+0700: 35741.029: Total time for which application threads were stopped: 0.0006293 seconds, Stopping threads took: 0.0002753 seconds
2021-04-18T23:48:11.589+0700: 35741.030: Total time for which application threads were stopped: 0.0004228 seconds, Stopping threads took: 0.0001117 seconds
2021-04-18T23:48:11.590+0700: 35741.031: Total time for which application threads were stopped: 0.0004176 seconds, Stopping threads took: 0.0000988 seconds
2021-04-18T23:48:11.591+0700: 35741.032: Total time for which application threads were stopped: 0.0009155 seconds, Stopping threads took: 0.0000806 seconds
2021-04-18T23:48:12.595+0700: 35742.036: Total time for which application threads were stopped: 0.0004935 seconds, Stopping threads took: 0.0000767 seconds
2021-04-18T23:48:56.703+0700: 35786.142: Total time for which application threads were stopped: 0.0005564 seconds, Stopping threads took: 0.0000778 seconds
2021-04-18T23:49:06.728+0700: 35796.167: Total time for which application threads were stopped: 0.0003271 seconds, Stopping threads took: 0.0000575 seconds
2021-04-18T23:49:18.760+0700: 35808.199: Total time for which application threads were stopped: 0.0003919 seconds, Stopping threads took: 0.0000498 seconds
2021-04-18T23:49:35.809+0700: 35825.248: Total time for which application threads were stopped: 0.0005467 seconds, Stopping threads took: 0.0000728 seconds
2021-04-18T23:49:36.815+0700: 35826.253: Total time for which application threads were stopped: 0.0006541 seconds, Stopping threads took: 0.0001054 seconds
2021-04-18T23:49:43.829+0700: 35833.267: Total time for which application threads were stopped: 0.0003575 seconds, Stopping threads took: 0.0000478 seconds
2021-04-18T23:49:48.840+0700: 35838.278: Total time for which application threads were stopped: 0.0005310 seconds, Stopping threads took: 0.0001032 seconds
2021-04-18T23:50:02.882+0700: 35852.320: Total time for which application threads were stopped: 0.0005270 seconds, Stopping threads took: 0.0000600 seconds
2021-04-18T23:50:03.885+0700: 35853.323: Total time for which application threads were stopped: 0.0008073 seconds, Stopping threads took: 0.0001370 seconds
2021-04-18T23:50:08.903+0700: 35858.341: Total time for which application threads were stopped: 0.0018686 seconds, Stopping threads took: 0.0001613 seconds
2021-04-18T23:52:02.020+0700: 35971.454: Total time for which application threads were stopped: 0.0004345 seconds, Stopping threads took: 0.0000948 seconds
2021-04-18T23:52:02.020+0700: 35971.454: Total time for which application threads were stopped: 0.0003873 seconds, Stopping threads took: 0.0000312 seconds
2021-04-18T23:52:03.022+0700: 35972.456: Total time for which application threads were stopped: 0.0005301 seconds, Stopping threads took: 0.0000904 seconds
2021-04-18T23:52:15.050+0700: 35984.484: Total time for which application threads were stopped: 0.0004354 seconds, Stopping threads took: 0.0000574 seconds
2021-04-18T23:52:28.086+0700: 35997.520: Total time for which application threads were stopped: 0.0006612 seconds, Stopping threads took: 0.0000762 seconds
2021-04-18T23:53:17.208+0700: 36046.640: Total time for which application threads were stopped: 0.0003458 seconds, Stopping threads took: 0.0000486 seconds
2021-04-18T23:53:48.280+0700: 36077.710: Total time for which application threads were stopped: 0.0003668 seconds, Stopping threads took: 0.0000564 seconds
2021-04-18T23:53:49.284+0700: 36078.715: Total time for which application threads were stopped: 0.0004880 seconds, Stopping threads took: 0.0000753 seconds
2021-04-18T23:53:55.301+0700: 36084.731: Total time for which application threads were stopped: 0.0005413 seconds, Stopping threads took: 0.0000683 seconds
2021-04-18T23:53:57.302+0700: 36086.733: Total time for which application threads were stopped: 0.0007044 seconds, Stopping threads took: 0.0002560 seconds
2021-04-18T23:53:58.308+0700: 36087.738: Total time for which application threads were stopped: 0.0005009 seconds, Stopping threads took: 0.0000693 seconds
2021-04-18T23:54:00.314+0700: 36089.744: Total time for which application threads were stopped: 0.0008971 seconds, Stopping threads took: 0.0000900 seconds
2021-04-18T23:54:02.316+0700: 36091.746: Total time for which application threads were stopped: 0.0004457 seconds, Stopping threads took: 0.0000843 seconds
2021-04-18T23:54:03.319+0700: 36092.749: Total time for which application threads were stopped: 0.0008738 seconds, Stopping threads took: 0.0000938 seconds
2021-04-18T23:54:05.325+0700: 36094.755: Total time for which application threads were stopped: 0.0006704 seconds, Stopping threads took: 0.0000829 seconds
2021-04-18T23:54:06.326+0700: 36095.757: Total time for which application threads were stopped: 0.0006071 seconds, Stopping threads took: 0.0000769 seconds
2021-04-18T23:54:07.332+0700: 36096.762: Total time for which application threads were stopped: 0.0005399 seconds, Stopping threads took: 0.0000913 seconds
2021-04-18T23:54:09.338+0700: 36098.768: Total time for which application threads were stopped: 0.0006595 seconds, Stopping threads took: 0.0000856 seconds
2021-04-18T23:54:28.378+0700: 36117.808: Total time for which application threads were stopped: 0.0003873 seconds, Stopping threads took: 0.0000866 seconds
2021-04-18T23:54:37.394+0700: 36126.823: Total time for which application threads were stopped: 0.0009305 seconds, Stopping threads took: 0.0001439 seconds
2021-04-18T23:54:56.451+0700: 36145.879: Total time for which application threads were stopped: 0.0006203 seconds, Stopping threads took: 0.0000835 seconds
2021-04-18T23:54:59.461+0700: 36148.890: Total time for which application threads were stopped: 0.0004115 seconds, Stopping threads took: 0.0000759 seconds
2021-04-18T23:55:00.466+0700: 36149.895: Total time for which application threads were stopped: 0.0005705 seconds, Stopping threads took: 0.0000754 seconds
2021-04-18T23:55:07.481+0700: 36156.910: Total time for which application threads were stopped: 0.0004258 seconds, Stopping threads took: 0.0000895 seconds
{Heap before GC invocations=25 (full 0):
 garbage-first heap   total 524288K, used 415360K [0x00000007a0000000, 0x00000007a0101000, 0x00000007c0000000)
  region size 1024K, 307 young (314368K), 24 survivors (24576K)
 Metaspace       used 66810K, capacity 70143K, committed 70220K, reserved 1112064K
  class space    used 7598K, capacity 8231K, committed 8268K, reserved 1048576K
2021-04-18T23:55:18.618+0700: 36168.046: [GC pause (G1 Evacuation Pause) (young)
Desired survivor size 20447232 bytes, new threshold 9 (max 15)
- age   1:    1960304 bytes,    1960304 total
- age   2:     141568 bytes,    2101872 total
- age   3:     206432 bytes,    2308304 total
- age   4:     546440 bytes,    2854744 total
- age   5:    1551208 bytes,    4405952 total
- age   6:    4618944 bytes,    9024896 total
- age   7:    4030760 bytes,   13055656 total
- age   8:    3240976 bytes,   16296632 total
- age   9:    4266824 bytes,   20563456 total
, 0.0357840 secs]
   [Parallel Time: 33.8 ms, GC Workers: 4]
      [GC Worker Start (ms): Min: 36168046.5, Avg: 36168047.1, Max: 36168048.8, Diff: 2.3]
      [Ext Root Scanning (ms): Min: 0.2, Avg: 1.6, Max: 2.2, Diff: 2.1, Sum: 6.3]
      [Update RS (ms): Min: 2.8, Avg: 3.1, Max: 3.3, Diff: 0.5, Sum: 12.3]
         [Processed Buffers: Min: 5, Avg: 11.5, Max: 23, Diff: 18, Sum: 46]
      [Scan RS (ms): Min: 0.0, Avg: 0.1, Max: 0.1, Diff: 0.1, Sum: 0.3]
      [Code Root Scanning (ms): Min: 0.0, Avg: 2.5, Max: 5.2, Diff: 5.2, Sum: 10.1]
      [Object Copy (ms): Min: 22.9, Avg: 25.7, Max: 29.0, Diff: 6.1, Sum: 102.9]
      [Termination (ms): Min: 0.0, Avg: 0.0, Max: 0.0, Diff: 0.0, Sum: 0.1]
         [Termination Attempts: Min: 3, Avg: 6.0, Max: 9, Diff: 6, Sum: 24]
      [GC Worker Other (ms): Min: 0.0, Avg: 0.0, Max: 0.1, Diff: 0.1, Sum: 0.2]
      [GC Worker Total (ms): Min: 31.4, Avg: 33.1, Max: 33.7, Diff: 2.3, Sum: 132.3]
      [GC Worker End (ms): Min: 36168080.1, Avg: 36168080.1, Max: 36168080.2, Diff: 0.0]
   [Code Root Fixup: 0.1 ms]
   [Code Root Purge: 0.0 ms]
   [Clear CT: 0.1 ms]
   [Other: 1.8 ms]
      [Choose CSet: 0.0 ms]
      [Ref Proc: 1.0 ms]
      [Ref Enq: 0.0 ms]
      [Redirty Cards: 0.1 ms]
      [Humongous Register: 0.0 ms]
      [Humongous Reclaim: 0.0 ms]
      [Free CSet: 0.2 ms]
   [Eden: 283.0M(283.0M)->0.0B(286.0M) Survivors: 24.0M->21.0M Heap: 405.6M(512.0M)->123.3M(512.0M)]
Heap after GC invocations=26 (full 0):
 garbage-first heap   total 524288K, used 126226K [0x00000007a0000000, 0x00000007a0101000, 0x00000007c0000000)
  region size 1024K, 21 young (21504K), 21 survivors (21504K)
 Metaspace       used 66810K, capacity 70143K, committed 70220K, reserved 1112064K
  class space    used 7598K, capacity 8231K, committed 8268K, reserved 1048576K
}
 [Times: user=0.08 sys=0.02, real=0.04 secs] 
2021-04-18T23:55:18.654+0700: 36168.082: Total time for which application threads were stopped: 0.0370758 seconds, Stopping threads took: 0.0000501 seconds
2021-04-18T23:55:18.654+0700: 36168.082: Total time for which application threads were stopped: 0.0002997 seconds, Stopping threads took: 0.0000444 seconds
2021-04-18T23:55:18.654+0700: 36168.083: Total time for which application threads were stopped: 0.0002369 seconds, Stopping threads took: 0.0000450 seconds
2021-04-18T23:55:18.655+0700: 36168.083: Total time for which application threads were stopped: 0.0001752 seconds, Stopping threads took: 0.0000412 seconds
2021-04-18T23:55:18.655+0700: 36168.083: Total time for which application threads were stopped: 0.0002142 seconds, Stopping threads took: 0.0000871 seconds
2021-04-18T23:55:18.655+0700: 36168.083: Total time for which application threads were stopped: 0.0001715 seconds, Stopping threads took: 0.0000456 seconds
2021-04-18T23:55:18.655+0700: 36168.084: Total time for which application threads were stopped: 0.0002095 seconds, Stopping threads took: 0.0000881 seconds
2021-04-18T23:55:18.656+0700: 36168.084: Total time for which application threads were stopped: 0.0001966 seconds, Stopping threads took: 0.0000420 seconds
2021-04-18T23:55:18.656+0700: 36168.084: Total time for which application threads were stopped: 0.0001721 seconds, Stopping threads took: 0.0000504 seconds
2021-04-18T23:55:18.656+0700: 36168.084: Total time for which application threads were stopped: 0.0002248 seconds, Stopping threads took: 0.0000832 seconds
2021-04-18T23:55:18.656+0700: 36168.085: Total time for which application threads were stopped: 0.0002067 seconds, Stopping threads took: 0.0000733 seconds
2021-04-18T23:55:18.656+0700: 36168.085: Total time for which application threads were stopped: 0.0001550 seconds, Stopping threads took: 0.0000143 seconds
2021-04-18T23:55:18.657+0700: 36168.085: Total time for which application threads were stopped: 0.0002013 seconds, Stopping threads took: 0.0000658 seconds
2021-04-18T23:55:18.657+0700: 36168.085: Total time for which application threads were stopped: 0.0001663 seconds, Stopping threads took: 0.0000374 seconds
2021-04-18T23:55:18.657+0700: 36168.085: Total time for which application threads were stopped: 0.0001851 seconds, Stopping threads took: 0.0000507 seconds
2021-04-18T23:55:18.657+0700: 36168.086: Total time for which application threads were stopped: 0.0001971 seconds, Stopping threads took: 0.0000709 seconds
2021-04-18T23:55:18.658+0700: 36168.086: Total time for which application threads were stopped: 0.0001727 seconds, Stopping threads took: 0.0000337 seconds
2021-04-18T23:55:18.658+0700: 36168.086: Total time for which application threads were stopped: 0.0001677 seconds, Stopping threads took: 0.0000353 seconds
2021-04-18T23:55:18.658+0700: 36168.086: Total time for which application threads were stopped: 0.0001823 seconds, Stopping threads took: 0.0000458 seconds
2021-04-18T23:55:18.658+0700: 36168.087: Total time for which application threads were stopped: 0.0002159 seconds, Stopping threads took: 0.0000385 seconds
2021-04-18T23:55:18.659+0700: 36168.087: Total time for which application threads were stopped: 0.0005329 seconds, Stopping threads took: 0.0000381 seconds
2021-04-18T23:55:31.695+0700: 36181.123: Total time for which application threads were stopped: 0.0017677 seconds, Stopping threads took: 0.0013272 seconds
2021-04-18T23:57:02.046+0700: 36271.471: Total time for which application threads were stopped: 0.0009686 seconds, Stopping threads took: 0.0001110 seconds
2021-04-18T23:57:02.047+0700: 36271.472: Total time for which application threads were stopped: 0.0011919 seconds, Stopping threads took: 0.0000323 seconds
2021-04-18T23:57:32.144+0700: 36301.568: Total time for which application threads were stopped: 0.0004834 seconds, Stopping threads took: 0.0000662 seconds
2021-04-19T00:02:02.027+0700: 36571.487: Total time for which application threads were stopped: 0.0005572 seconds, Stopping threads took: 0.0000974 seconds
2021-04-19T00:02:02.027+0700: 36571.488: Total time for which application threads were stopped: 0.0007049 seconds, Stopping threads took: 0.0000958 seconds
2021-04-19T00:02:09.062+0700: 36578.522: Total time for which application threads were stopped: 0.0006915 seconds, Stopping threads took: 0.0000922 seconds
2021-04-19T00:07:02.055+0700: 36871.507: Total time for which application threads were stopped: 0.0005403 seconds, Stopping threads took: 0.0001018 seconds
2021-04-19T00:07:02.056+0700: 36871.507: Total time for which application threads were stopped: 0.0004988 seconds, Stopping threads took: 0.0000832 seconds
2021-04-19T00:12:02.085+0700: 37171.528: Total time for which application threads were stopped: 0.0009022 seconds, Stopping threads took: 0.0001582 seconds
2021-04-19T00:12:02.086+0700: 37171.529: Total time for which application threads were stopped: 0.0007288 seconds, Stopping threads took: 0.0001411 seconds
2021-04-19T00:17:02.109+0700: 37471.551: Total time for which application threads were stopped: 0.0007102 seconds, Stopping threads took: 0.0000882 seconds
2021-04-19T00:17:02.110+0700: 37471.552: Total time for which application threads were stopped: 0.0004808 seconds, Stopping threads took: 0.0000502 seconds
2021-04-19T00:22:02.132+0700: 37771.565: Total time for which application threads were stopped: 0.0004608 seconds, Stopping threads took: 0.0001014 seconds
2021-04-19T00:22:02.133+0700: 37771.566: Total time for which application threads were stopped: 0.0004805 seconds, Stopping threads took: 0.0000294 seconds
2021-04-19T00:27:02.159+0700: 38071.583: Total time for which application threads were stopped: 0.0009858 seconds, Stopping threads took: 0.0002067 seconds
2021-04-19T00:27:02.160+0700: 38071.584: Total time for which application threads were stopped: 0.0004290 seconds, Stopping threads took: 0.0000503 seconds
2021-04-19T00:32:02.166+0700: 38371.601: Total time for which application threads were stopped: 0.0005680 seconds, Stopping threads took: 0.0000851 seconds
2021-04-19T00:32:02.169+0700: 38371.605: Total time for which application threads were stopped: 0.0006618 seconds, Stopping threads took: 0.0000761 seconds
2021-04-19T00:37:02.195+0700: 38671.621: Total time for which application threads were stopped: 0.0006265 seconds, Stopping threads took: 0.0001118 seconds
2021-04-19T00:37:02.196+0700: 38671.623: Total time for which application threads were stopped: 0.0006924 seconds, Stopping threads took: 0.0001205 seconds
2021-04-19T00:42:02.227+0700: 38971.645: Total time for which application threads were stopped: 0.0008083 seconds, Stopping threads took: 0.0001233 seconds
2021-04-19T00:42:02.228+0700: 38971.646: Total time for which application threads were stopped: 0.0005481 seconds, Stopping threads took: 0.0000689 seconds
2021-04-19T00:47:02.242+0700: 39271.669: Total time for which application threads were stopped: 0.0005313 seconds, Stopping threads took: 0.0000818 seconds
2021-04-19T00:47:02.246+0700: 39271.673: Total time for which application threads were stopped: 0.0031023 seconds, Stopping threads took: 0.0000538 seconds
2021-04-19T00:47:10.270+0700: 39279.698: Total time for which application threads were stopped: 0.0005175 seconds, Stopping threads took: 0.0000739 seconds
2021-04-19T00:50:10.772+0700: 39460.198: Total time for which application threads were stopped: 0.0004534 seconds, Stopping threads took: 0.0000728 seconds
2021-04-19T00:52:02.269+0700: 39571.691: Total time for which application threads were stopped: 0.0005399 seconds, Stopping threads took: 0.0000939 seconds
2021-04-19T00:52:02.270+0700: 39571.692: Total time for which application threads were stopped: 0.0006200 seconds, Stopping threads took: 0.0001196 seconds
2021-04-19T06:00:22.000+0700: 39732.521: Total time for which application threads were stopped: 0.2491959 seconds, Stopping threads took: 0.2204535 seconds
2021-04-19T06:00:22.003+0700: 39732.523: Total time for which application threads were stopped: 0.0002958 seconds, Stopping threads took: 0.0000407 seconds
2021-04-19T06:00:22.559+0700: 39733.079: Total time for which application threads were stopped: 0.3134447 seconds, Stopping threads took: 0.1757119 seconds
2021-04-19T06:00:22.867+0700: 39733.386: Total time for which application threads were stopped: 0.0057296 seconds, Stopping threads took: 0.0001513 seconds
2021-04-19T06:00:22.973+0700: 39733.493: Total time for which application threads were stopped: 0.0007064 seconds, Stopping threads took: 0.0001644 seconds
2021-04-19T06:00:23.979+0700: 39734.499: Total time for which application threads were stopped: 0.0003405 seconds, Stopping threads took: 0.0000552 seconds
2021-04-19T06:00:24.241+0700: 39734.761: Total time for which application threads were stopped: 0.0231261 seconds, Stopping threads took: 0.0000765 seconds
2021-04-19T06:00:24.276+0700: 39734.795: Total time for which application threads were stopped: 0.0136901 seconds, Stopping threads took: 0.0125220 seconds
2021-04-19T06:00:24.359+0700: 39734.878: Total time for which application threads were stopped: 0.0032126 seconds, Stopping threads took: 0.0000372 seconds
2021-04-19T06:00:25.361+0700: 39735.881: Total time for which application threads were stopped: 0.0006061 seconds, Stopping threads took: 0.0000609 seconds
2021-04-19T06:00:27.607+0700: 39737.895: Total time for which application threads were stopped: 0.0017193 seconds, Stopping threads took: 0.0002452 seconds
2021-04-19T06:00:28.609+0700: 39738.897: Total time for which application threads were stopped: 0.0004393 seconds, Stopping threads took: 0.0000705 seconds
2021-04-19T06:00:29.614+0700: 39739.902: Total time for which application threads were stopped: 0.0004318 seconds, Stopping threads took: 0.0000901 seconds
2021-04-19T06:00:30.296+0700: 39740.583: Total time for which application threads were stopped: 0.0013497 seconds, Stopping threads took: 0.0007851 seconds
2021-04-19T06:00:30.297+0700: 39740.585: Total time for which application threads were stopped: 0.0012733 seconds, Stopping threads took: 0.0010309 seconds
2021-04-19T06:00:30.299+0700: 39740.587: Total time for which application threads were stopped: 0.0012889 seconds, Stopping threads took: 0.0009960 seconds
2021-04-19T06:00:30.301+0700: 39740.589: Total time for which application threads were stopped: 0.0011406 seconds, Stopping threads took: 0.0008460 seconds
2021-04-19T06:00:30.304+0700: 39740.592: Total time for which application threads were stopped: 0.0017788 seconds, Stopping threads took: 0.0006517 seconds
2021-04-19T06:00:30.305+0700: 39740.593: Total time for which application threads were stopped: 0.0010472 seconds, Stopping threads took: 0.0007593 seconds
2021-04-19T06:00:30.310+0700: 39740.597: Total time for which application threads were stopped: 0.0010229 seconds, Stopping threads took: 0.0000581 seconds
2021-04-19T06:00:30.312+0700: 39740.600: Total time for which application threads were stopped: 0.0011324 seconds, Stopping threads took: 0.0006934 seconds
2021-04-19T06:00:30.331+0700: 39740.619: Total time for which application threads were stopped: 0.0016293 seconds, Stopping threads took: 0.0000703 seconds
2021-04-19T06:00:30.337+0700: 39740.624: Total time for which application threads were stopped: 0.0010854 seconds, Stopping threads took: 0.0000426 seconds
2021-04-19T06:00:30.339+0700: 39740.626: Total time for which application threads were stopped: 0.0010862 seconds, Stopping threads took: 0.0000489 seconds
2021-04-19T06:00:30.352+0700: 39740.639: Total time for which application threads were stopped: 0.0019970 seconds, Stopping threads took: 0.0007157 seconds
2021-04-19T06:00:30.355+0700: 39740.643: Total time for which application threads were stopped: 0.0008958 seconds, Stopping threads took: 0.0004322 seconds
2021-04-19T06:00:30.356+0700: 39740.644: Total time for which application threads were stopped: 0.0009543 seconds, Stopping threads took: 0.0000470 seconds
2021-04-19T06:00:30.361+0700: 39740.649: Total time for which application threads were stopped: 0.0005770 seconds, Stopping threads took: 0.0000649 seconds
2021-04-19T06:00:30.363+0700: 39740.651: Total time for which application threads were stopped: 0.0017342 seconds, Stopping threads took: 0.0013943 seconds
2021-04-19T06:00:30.365+0700: 39740.652: Total time for which application threads were stopped: 0.0010710 seconds, Stopping threads took: 0.0000456 seconds
2021-04-19T06:00:30.365+0700: 39740.653: Total time for which application threads were stopped: 0.0004299 seconds, Stopping threads took: 0.0000597 seconds
2021-04-19T06:00:30.369+0700: 39740.657: Total time for which application threads were stopped: 0.0024784 seconds, Stopping threads took: 0.0007430 seconds
2021-04-19T06:00:30.370+0700: 39740.657: Total time for which application threads were stopped: 0.0002623 seconds, Stopping threads took: 0.0000379 seconds
2021-04-19T06:00:30.373+0700: 39740.660: Total time for which application threads were stopped: 0.0006053 seconds, Stopping threads took: 0.0002218 seconds
2021-04-19T06:00:30.375+0700: 39740.663: Total time for which application threads were stopped: 0.0007356 seconds, Stopping threads took: 0.0004342 seconds
2021-04-19T06:00:30.376+0700: 39740.663: Total time for which application threads were stopped: 0.0003643 seconds, Stopping threads took: 0.0000610 seconds
2021-04-19T06:00:30.377+0700: 39740.665: Total time for which application threads were stopped: 0.0003485 seconds, Stopping threads took: 0.0000753 seconds
2021-04-19T06:00:30.394+0700: 39740.682: Total time for which application threads were stopped: 0.0003602 seconds, Stopping threads took: 0.0000608 seconds
2021-04-19T06:00:30.395+0700: 39740.682: Total time for which application threads were stopped: 0.0002477 seconds, Stopping threads took: 0.0000397 seconds
2021-04-19T06:00:30.395+0700: 39740.683: Total time for which application threads were stopped: 0.0002309 seconds, Stopping threads took: 0.0000467 seconds
2021-04-19T06:00:30.395+0700: 39740.683: Total time for which application threads were stopped: 0.0002601 seconds, Stopping threads took: 0.0000698 seconds
2021-04-19T06:00:30.397+0700: 39740.685: Total time for which application threads were stopped: 0.0003459 seconds, Stopping threads took: 0.0000603 seconds
2021-04-19T06:00:30.398+0700: 39740.686: Total time for which application threads were stopped: 0.0004130 seconds, Stopping threads took: 0.0001068 seconds
2021-04-19T06:00:30.399+0700: 39740.686: Total time for which application threads were stopped: 0.0003729 seconds, Stopping threads took: 0.0000827 seconds
2021-04-19T06:00:30.399+0700: 39740.687: Total time for which application threads were stopped: 0.0003490 seconds, Stopping threads took: 0.0000660 seconds
2021-04-19T06:00:30.400+0700: 39740.687: Total time for which application threads were stopped: 0.0002801 seconds, Stopping threads took: 0.0000498 seconds
2021-04-19T06:00:30.400+0700: 39740.688: Total time for which application threads were stopped: 0.0007383 seconds, Stopping threads took: 0.0000308 seconds
2021-04-19T06:00:30.401+0700: 39740.688: Total time for which application threads were stopped: 0.0002319 seconds, Stopping threads took: 0.0000586 seconds
2021-04-19T06:00:30.401+0700: 39740.689: Total time for which application threads were stopped: 0.0002429 seconds, Stopping threads took: 0.0000259 seconds
2021-04-19T06:00:30.402+0700: 39740.689: Total time for which application threads were stopped: 0.0003465 seconds, Stopping threads took: 0.0000498 seconds
2021-04-19T06:00:30.402+0700: 39740.690: Total time for which application threads were stopped: 0.0003427 seconds, Stopping threads took: 0.0000804 seconds
2021-04-19T06:00:30.403+0700: 39740.690: Total time for which application threads were stopped: 0.0002647 seconds, Stopping threads took: 0.0000664 seconds
2021-04-19T06:00:30.403+0700: 39740.691: Total time for which application threads were stopped: 0.0003438 seconds, Stopping threads took: 0.0001476 seconds
2021-04-19T06:00:31.404+0700: 39741.691: Total time for which application threads were stopped: 0.0003927 seconds, Stopping threads took: 0.0000644 seconds
2021-04-19T08:00:48.520+0700: 39761.378: Total time for which application threads were stopped: 0.0218050 seconds, Stopping threads took: 0.0092233 seconds
2021-04-19T08:00:49.530+0700: 39762.390: Total time for which application threads were stopped: 0.0032115 seconds, Stopping threads took: 0.0000781 seconds
2021-04-19T08:00:52.766+0700: 39765.397: Total time for which application threads were stopped: 0.0005341 seconds, Stopping threads took: 0.0000804 seconds
2021-04-19T09:32:42.079+0700: 39782.531: Total time for which application threads were stopped: 0.0068144 seconds, Stopping threads took: 0.0022704 seconds
2021-04-19T09:32:42.080+0700: 39782.532: Total time for which application threads were stopped: 0.0003526 seconds, Stopping threads took: 0.0000456 seconds
2021-04-19T09:32:44.238+0700: 39784.544: Total time for which application threads were stopped: 0.0005218 seconds, Stopping threads took: 0.0000510 seconds
2021-04-19T09:32:45.244+0700: 39785.548: Total time for which application threads were stopped: 0.0003625 seconds, Stopping threads took: 0.0000540 seconds
2021-04-19T09:32:51.259+0700: 39791.554: Total time for which application threads were stopped: 0.0005125 seconds, Stopping threads took: 0.0000987 seconds
2021-04-19T09:32:52.265+0700: 39792.558: Total time for which application threads were stopped: 0.0003713 seconds, Stopping threads took: 0.0000444 seconds
2021-04-19T09:33:12.329+0700: 39812.609: Total time for which application threads were stopped: 0.0006535 seconds, Stopping threads took: 0.0000821 seconds
2021-04-19T09:33:52.403+0700: 39852.677: Total time for which application threads were stopped: 0.0003184 seconds, Stopping threads took: 0.0000456 seconds
2021-04-19T09:34:14.427+0700: 39874.701: Total time for which application threads were stopped: 0.0003201 seconds, Stopping threads took: 0.0000471 seconds
2021-04-19T09:34:22.433+0700: 39882.706: Total time for which application threads were stopped: 0.0003212 seconds, Stopping threads took: 0.0000490 seconds
2021-04-19T09:35:12.266+0700: 39932.537: Total time for which application threads were stopped: 0.0005234 seconds, Stopping threads took: 0.0000916 seconds
2021-04-19T09:35:12.267+0700: 39932.538: Total time for which application threads were stopped: 0.0004443 seconds, Stopping threads took: 0.0000480 seconds
2021-04-19T09:51:49.344+0700: 40063.492: Total time for which application threads were stopped: 0.0003654 seconds, Stopping threads took: 0.0000616 seconds
2021-04-19T09:52:06.365+0700: 40080.512: Total time for which application threads were stopped: 0.0003555 seconds, Stopping threads took: 0.0000512 seconds
2021-04-19T09:52:07.367+0700: 40081.514: Total time for which application threads were stopped: 0.0004861 seconds, Stopping threads took: 0.0000660 seconds
2021-04-19T09:53:48.410+0700: 40182.553: Total time for which application threads were stopped: 0.0004719 seconds, Stopping threads took: 0.0000575 seconds
2021-04-19T09:53:48.410+0700: 40182.554: Total time for which application threads were stopped: 0.0004410 seconds, Stopping threads took: 0.0000461 seconds
2021-04-19T09:53:49.413+0700: 40183.557: Total time for which application threads were stopped: 0.0005315 seconds, Stopping threads took: 0.0000967 seconds
2021-04-19T09:53:50.418+0700: 40184.562: Total time for which application threads were stopped: 0.0004695 seconds, Stopping threads took: 0.0000732 seconds
2021-04-19T09:55:49.739+0700: 40303.879: Total time for which application threads were stopped: 0.0003361 seconds, Stopping threads took: 0.0000563 seconds
2021-04-19T09:58:48.440+0700: 40482.574: Total time for which application threads were stopped: 0.0005430 seconds, Stopping threads took: 0.0000831 seconds
2021-04-19T09:58:48.441+0700: 40482.575: Total time for which application threads were stopped: 0.0007754 seconds, Stopping threads took: 0.0000914 seconds
2021-04-19T09:59:12.512+0700: 40506.646: Total time for which application threads were stopped: 0.0008033 seconds, Stopping threads took: 0.0001662 seconds
2021-04-19T10:03:48.466+0700: 40782.591: Total time for which application threads were stopped: 0.0006406 seconds, Stopping threads took: 0.0000800 seconds
2021-04-19T10:03:48.466+0700: 40782.592: Total time for which application threads were stopped: 0.0005569 seconds, Stopping threads took: 0.0001296 seconds
2021-04-19T11:47:41.728+0700: 40904.475: Total time for which application threads were stopped: 0.0010300 seconds, Stopping threads took: 0.0001167 seconds
2021-04-19T11:50:39.881+0700: 41082.623: Total time for which application threads were stopped: 0.0005357 seconds, Stopping threads took: 0.0000709 seconds
2021-04-19T11:50:39.882+0700: 41082.624: Total time for which application threads were stopped: 0.0005979 seconds, Stopping threads took: 0.0001378 seconds
2021-04-19T11:55:39.908+0700: 41382.640: Total time for which application threads were stopped: 0.0009573 seconds, Stopping threads took: 0.0002247 seconds
2021-04-19T11:55:39.909+0700: 41382.641: Total time for which application threads were stopped: 0.0004850 seconds, Stopping threads took: 0.0000977 seconds
2021-04-19T11:55:41.913+0700: 41384.645: Total time for which application threads were stopped: 0.0003785 seconds, Stopping threads took: 0.0000635 seconds
2021-04-19T11:56:56.116+0700: 41458.847: Total time for which application threads were stopped: 0.0004678 seconds, Stopping threads took: 0.0000686 seconds
2021-04-19T11:58:42.380+0700: 41565.107: Total time for which application threads were stopped: 0.0006086 seconds, Stopping threads took: 0.0000733 seconds
2021-04-19T12:00:39.933+0700: 41682.656: Total time for which application threads were stopped: 0.0005527 seconds, Stopping threads took: 0.0001122 seconds
2021-04-19T12:00:39.937+0700: 41682.660: Total time for which application threads were stopped: 0.0036201 seconds, Stopping threads took: 0.0000708 seconds
2021-04-19T12:03:42.405+0700: 41865.123: Total time for which application threads were stopped: 0.0012104 seconds, Stopping threads took: 0.0000766 seconds
2021-04-19T12:04:42.544+0700: 41925.260: Total time for which application threads were stopped: 0.0005235 seconds, Stopping threads took: 0.0000778 seconds
2021-04-19T12:05:39.935+0700: 41982.672: Total time for which application threads were stopped: 0.0003375 seconds, Stopping threads took: 0.0000557 seconds
2021-04-19T12:05:39.936+0700: 41982.672: Total time for which application threads were stopped: 0.0003986 seconds, Stopping threads took: 0.0001201 seconds
2021-04-19T12:09:42.545+0700: 42225.282: Total time for which application threads were stopped: 0.0005175 seconds, Stopping threads took: 0.0000734 seconds
2021-04-19T12:10:39.956+0700: 42282.691: Total time for which application threads were stopped: 0.0004991 seconds, Stopping threads took: 0.0000801 seconds
2021-04-19T12:10:39.957+0700: 42282.692: Total time for which application threads were stopped: 0.0004966 seconds, Stopping threads took: 0.0000720 seconds
2021-04-19T12:11:08.020+0700: 42310.754: Total time for which application threads were stopped: 0.0005311 seconds, Stopping threads took: 0.0000812 seconds
2021-04-19T12:15:39.984+0700: 42582.709: Total time for which application threads were stopped: 0.0004712 seconds, Stopping threads took: 0.0000641 seconds
2021-04-19T12:15:39.985+0700: 42582.710: Total time for which application threads were stopped: 0.0006753 seconds, Stopping threads took: 0.0001215 seconds
2021-04-19T12:20:40.013+0700: 42882.730: Total time for which application threads were stopped: 0.0006130 seconds, Stopping threads took: 0.0001247 seconds
2021-04-19T12:20:40.014+0700: 42882.731: Total time for which application threads were stopped: 0.0006496 seconds, Stopping threads took: 0.0001210 seconds
2021-04-19T12:25:40.016+0700: 43182.748: Total time for which application threads were stopped: 0.0006739 seconds, Stopping threads took: 0.0000841 seconds
2021-04-19T12:25:40.017+0700: 43182.749: Total time for which application threads were stopped: 0.0004545 seconds, Stopping threads took: 0.0000575 seconds
2021-04-19T12:27:42.377+0700: 43305.105: Total time for which application threads were stopped: 0.0019617 seconds, Stopping threads took: 0.0000630 seconds
2021-04-19T12:30:40.043+0700: 43482.766: Total time for which application threads were stopped: 0.0005362 seconds, Stopping threads took: 0.0000762 seconds
2021-04-19T12:30:40.049+0700: 43482.772: Total time for which application threads were stopped: 0.0007475 seconds, Stopping threads took: 0.0001451 seconds
2021-04-19T12:35:40.083+0700: 43782.797: Total time for which application threads were stopped: 0.0008032 seconds, Stopping threads took: 0.0001063 seconds
2021-04-19T12:35:40.084+0700: 43782.798: Total time for which application threads were stopped: 0.0004893 seconds, Stopping threads took: 0.0000606 seconds
2021-04-19T12:40:40.110+0700: 44082.838: Total time for which application threads were stopped: 0.0005707 seconds, Stopping threads took: 0.0000985 seconds
2021-04-19T12:40:40.111+0700: 44082.839: Total time for which application threads were stopped: 0.0005753 seconds, Stopping threads took: 0.0000924 seconds
2021-04-19T12:45:40.149+0700: 44382.868: Total time for which application threads were stopped: 0.0008731 seconds, Stopping threads took: 0.0003739 seconds
2021-04-19T12:45:40.150+0700: 44382.869: Total time for which application threads were stopped: 0.0004948 seconds, Stopping threads took: 0.0000440 seconds
2021-04-19T12:50:40.188+0700: 44682.898: Total time for which application threads were stopped: 0.0007105 seconds, Stopping threads took: 0.0002067 seconds
2021-04-19T12:50:40.191+0700: 44682.900: Total time for which application threads were stopped: 0.0025765 seconds, Stopping threads took: 0.0001551 seconds
2021-04-19T12:53:18.193+0700: 44840.898: Total time for which application threads were stopped: 0.0007901 seconds, Stopping threads took: 0.0001826 seconds
2021-04-19T12:55:40.239+0700: 44982.945: Total time for which application threads were stopped: 0.0004508 seconds, Stopping threads took: 0.0000992 seconds
2021-04-19T12:55:40.239+0700: 44982.945: Total time for which application threads were stopped: 0.0003640 seconds, Stopping threads took: 0.0000440 seconds
2021-04-19T12:59:43.692+0700: 45226.408: Total time for which application threads were stopped: 0.0005080 seconds, Stopping threads took: 0.0000792 seconds
2021-04-19T13:00:40.276+0700: 45282.990: Total time for which application threads were stopped: 0.0005196 seconds, Stopping threads took: 0.0000715 seconds
2021-04-19T13:00:40.277+0700: 45282.991: Total time for which application threads were stopped: 0.0005432 seconds, Stopping threads took: 0.0000824 seconds
{Heap before GC invocations=26 (full 0):
 garbage-first heap   total 524288K, used 419090K [0x00000007a0000000, 0x00000007a0101000, 0x00000007c0000000)
  region size 1024K, 307 young (314368K), 21 survivors (21504K)
 Metaspace       used 66835K, capacity 70207K, committed 70476K, reserved 1112064K
  class space    used 7598K, capacity 8231K, committed 8268K, reserved 1048576K
2021-04-19T13:02:38.650+0700: 45401.361: [GC pause (G1 Evacuation Pause) (young)
Desired survivor size 20447232 bytes, new threshold 15 (max 15)
- age   1:    2748648 bytes,    2748648 total
- age   2:    1119344 bytes,    3867992 total
- age   3:     140672 bytes,    4008664 total
- age   4:     206432 bytes,    4215096 total
- age   5:     546104 bytes,    4761200 total
- age   6:    1548896 bytes,    6310096 total
- age   7:    4618560 bytes,   10928656 total
- age   8:    4030648 bytes,   14959304 total
- age   9:    3240976 bytes,   18200280 total
, 0.1724909 secs]
   [Parallel Time: 151.0 ms, GC Workers: 4]
      [GC Worker Start (ms): Min: 45401367.4, Avg: 45401367.5, Max: 45401367.7, Diff: 0.3]
      [Ext Root Scanning (ms): Min: 10.5, Avg: 17.1, Max: 35.1, Diff: 24.6, Sum: 68.3]
      [Update RS (ms): Min: 25.8, Avg: 44.1, Max: 53.9, Diff: 28.1, Sum: 176.3]
         [Processed Buffers: Min: 15, Avg: 18.2, Max: 20, Diff: 5, Sum: 73]
      [Scan RS (ms): Min: 0.0, Avg: 0.1, Max: 0.1, Diff: 0.1, Sum: 0.3]
      [Code Root Scanning (ms): Min: 0.0, Avg: 3.9, Max: 8.0, Diff: 8.0, Sum: 15.7]
      [Object Copy (ms): Min: 81.5, Avg: 83.5, Max: 87.5, Diff: 6.0, Sum: 334.1]
      [Termination (ms): Min: 0.0, Avg: 0.6, Max: 0.8, Diff: 0.8, Sum: 2.3]
         [Termination Attempts: Min: 1, Avg: 1.0, Max: 1, Diff: 0, Sum: 4]
      [GC Worker Other (ms): Min: 1.3, Avg: 1.4, Max: 1.6, Diff: 0.3, Sum: 5.7]
      [GC Worker Total (ms): Min: 150.6, Avg: 150.7, Max: 150.8, Diff: 0.2, Sum: 602.7]
      [GC Worker End (ms): Min: 45401518.2, Avg: 45401518.2, Max: 45401518.2, Diff: 0.0]
   [Code Root Fixup: 0.1 ms]
   [Code Root Purge: 0.0 ms]
   [Clear CT: 0.3 ms]
   [Other: 21.0 ms]
      [Choose CSet: 0.0 ms]
      [Ref Proc: 11.0 ms]
      [Ref Enq: 0.0 ms]
      [Redirty Cards: 0.1 ms]
      [Humongous Register: 1.4 ms]
      [Humongous Reclaim: 0.0 ms]
      [Free CSet: 1.4 ms]
   [Eden: 286.0M(286.0M)->0.0B(283.0M) Survivors: 21.0M->24.0M Heap: 409.3M(512.0M)->126.8M(512.0M)]
Heap after GC invocations=27 (full 0):
 garbage-first heap   total 524288K, used 129810K [0x00000007a0000000, 0x00000007a0101000, 0x00000007c0000000)
  region size 1024K, 24 young (24576K), 24 survivors (24576K)
 Metaspace       used 66835K, capacity 70207K, committed 70476K, reserved 1112064K
  class space    used 7598K, capacity 8231K, committed 8268K, reserved 1048576K
}
 [Times: user=0.14 sys=0.25, real=0.18 secs] 
2021-04-19T13:02:38.826+0700: 45401.537: Total time for which application threads were stopped: 0.1833753 seconds, Stopping threads took: 0.0000652 seconds
2021-04-19T13:02:38.828+0700: 45401.538: Total time for which application threads were stopped: 0.0011879 seconds, Stopping threads took: 0.0008663 seconds
2021-04-19T13:02:38.828+0700: 45401.539: Total time for which application threads were stopped: 0.0003049 seconds, Stopping threads took: 0.0000411 seconds
2021-04-19T13:05:40.322+0700: 45583.027: Total time for which application threads were stopped: 0.0005445 seconds, Stopping threads took: 0.0000779 seconds
2021-04-19T13:05:40.323+0700: 45583.028: Total time for which application threads were stopped: 0.0005353 seconds, Stopping threads took: 0.0000792 seconds
2021-04-19T13:10:40.356+0700: 45883.052: Total time for which application threads were stopped: 0.0005474 seconds, Stopping threads took: 0.0000764 seconds
2021-04-19T13:10:40.357+0700: 45883.053: Total time for which application threads were stopped: 0.0005799 seconds, Stopping threads took: 0.0000850 seconds
2021-04-19T13:15:40.387+0700: 46183.100: Total time for which application threads were stopped: 0.0005654 seconds, Stopping threads took: 0.0000908 seconds
2021-04-19T13:15:40.388+0700: 46183.101: Total time for which application threads were stopped: 0.0006426 seconds, Stopping threads took: 0.0001369 seconds
2021-04-19T13:18:44.458+0700: 46367.165: Total time for which application threads were stopped: 0.0005177 seconds, Stopping threads took: 0.0000822 seconds
2021-04-19T13:20:40.442+0700: 46483.146: Total time for which application threads were stopped: 0.0005604 seconds, Stopping threads took: 0.0001027 seconds
2021-04-19T13:20:40.443+0700: 46483.146: Total time for which application threads were stopped: 0.0005984 seconds, Stopping threads took: 0.0000792 seconds
2021-04-19T13:25:40.492+0700: 46783.187: Total time for which application threads were stopped: 0.0005418 seconds, Stopping threads took: 0.0000763 seconds
2021-04-19T13:25:40.493+0700: 46783.187: Total time for which application threads were stopped: 0.0006112 seconds, Stopping threads took: 0.0001049 seconds
2021-04-19T13:29:44.918+0700: 47027.627: Total time for which application threads were stopped: 0.0005813 seconds, Stopping threads took: 0.0000784 seconds
2021-04-19T13:29:49.950+0700: 47032.660: Total time for which application threads were stopped: 0.0004955 seconds, Stopping threads took: 0.0000787 seconds
2021-04-19T13:30:40.507+0700: 47083.217: Total time for which application threads were stopped: 0.0005876 seconds, Stopping threads took: 0.0000802 seconds
2021-04-19T13:30:40.508+0700: 47083.218: Total time for which application threads were stopped: 0.0006957 seconds, Stopping threads took: 0.0001001 seconds
2021-04-19T13:30:45.546+0700: 47088.255: Total time for which application threads were stopped: 0.0005235 seconds, Stopping threads took: 0.0000876 seconds
2021-04-19T13:35:40.570+0700: 47383.271: Total time for which application threads were stopped: 0.0005955 seconds, Stopping threads took: 0.0001280 seconds
2021-04-19T13:35:40.571+0700: 47383.272: Total time for which application threads were stopped: 0.0006873 seconds, Stopping threads took: 0.0002311 seconds
2021-04-19T13:40:40.620+0700: 47683.312: Total time for which application threads were stopped: 0.0006815 seconds, Stopping threads took: 0.0001516 seconds
2021-04-19T13:40:40.623+0700: 47683.314: Total time for which application threads were stopped: 0.0019677 seconds, Stopping threads took: 0.0001796 seconds
2021-04-19T13:45:40.638+0700: 47983.325: Total time for which application threads were stopped: 0.0004638 seconds, Stopping threads took: 0.0000651 seconds
2021-04-19T13:45:40.639+0700: 47983.326: Total time for which application threads were stopped: 0.0004608 seconds, Stopping threads took: 0.0000461 seconds
2021-04-19T13:46:45.768+0700: 48048.473: Total time for which application threads were stopped: 0.0005114 seconds, Stopping threads took: 0.0000729 seconds
2021-04-19T13:47:45.947+0700: 48108.651: Total time for which application threads were stopped: 0.0025514 seconds, Stopping threads took: 0.0000940 seconds
2021-04-19T13:49:01.972+0700: 48184.673: Total time for which application threads were stopped: 0.0008788 seconds, Stopping threads took: 0.0001267 seconds
2021-04-19T13:49:01.972+0700: 48184.674: Total time for which application threads were stopped: 0.0003684 seconds, Stopping threads took: 0.0001276 seconds
2021-04-19T13:49:01.973+0700: 48184.674: Total time for which application threads were stopped: 0.0004395 seconds, Stopping threads took: 0.0001947 seconds
2021-04-19T13:49:01.973+0700: 48184.675: Total time for which application threads were stopped: 0.0002803 seconds, Stopping threads took: 0.0000558 seconds
2021-04-19T13:49:01.975+0700: 48184.676: Total time for which application threads were stopped: 0.0004320 seconds, Stopping threads took: 0.0000514 seconds
2021-04-19T13:49:01.976+0700: 48184.677: Total time for which application threads were stopped: 0.0003094 seconds, Stopping threads took: 0.0000590 seconds
2021-04-19T13:49:01.977+0700: 48184.678: Total time for which application threads were stopped: 0.0003301 seconds, Stopping threads took: 0.0001285 seconds
2021-04-19T13:49:01.977+0700: 48184.678: Total time for which application threads were stopped: 0.0003131 seconds, Stopping threads took: 0.0001085 seconds
2021-04-19T13:49:01.977+0700: 48184.678: Total time for which application threads were stopped: 0.0003959 seconds, Stopping threads took: 0.0001626 seconds
2021-04-19T13:49:01.978+0700: 48184.679: Total time for which application threads were stopped: 0.0003431 seconds, Stopping threads took: 0.0001221 seconds
2021-04-19T13:49:01.999+0700: 48184.700: Total time for which application threads were stopped: 0.0004768 seconds, Stopping threads took: 0.0000564 seconds
2021-04-19T13:49:02.001+0700: 48184.702: Total time for which application threads were stopped: 0.0004163 seconds, Stopping threads took: 0.0000368 seconds
2021-04-19T13:49:02.001+0700: 48184.702: Total time for which application threads were stopped: 0.0003545 seconds, Stopping threads took: 0.0000298 seconds
2021-04-19T13:49:02.018+0700: 48184.719: Total time for which application threads were stopped: 0.0004378 seconds, Stopping threads took: 0.0000887 seconds
2021-04-19T13:49:02.018+0700: 48184.719: Total time for which application threads were stopped: 0.0003340 seconds, Stopping threads took: 0.0000230 seconds
2021-04-19T13:49:02.020+0700: 48184.721: Total time for which application threads were stopped: 0.0003294 seconds, Stopping threads took: 0.0000298 seconds
2021-04-19T13:49:02.020+0700: 48184.721: Total time for which application threads were stopped: 0.0002379 seconds, Stopping threads took: 0.0000222 seconds
2021-04-19T13:49:02.035+0700: 48184.737: Total time for which application threads were stopped: 0.0009065 seconds, Stopping threads took: 0.0000413 seconds
2021-04-19T13:49:02.043+0700: 48184.745: Total time for which application threads were stopped: 0.0003148 seconds, Stopping threads took: 0.0000567 seconds
2021-04-19T13:49:02.044+0700: 48184.745: Total time for which application threads were stopped: 0.0003384 seconds, Stopping threads took: 0.0001127 seconds
2021-04-19T13:49:02.047+0700: 48184.749: Total time for which application threads were stopped: 0.0004214 seconds, Stopping threads took: 0.0000444 seconds
2021-04-19T13:49:02.049+0700: 48184.750: Total time for which application threads were stopped: 0.0002964 seconds, Stopping threads took: 0.0000439 seconds
2021-04-19T13:49:02.086+0700: 48184.787: Total time for which application threads were stopped: 0.0003416 seconds, Stopping threads took: 0.0000440 seconds
2021-04-19T13:49:02.104+0700: 48184.805: Total time for which application threads were stopped: 0.0003788 seconds, Stopping threads took: 0.0000527 seconds
2021-04-19T13:49:02.105+0700: 48184.806: Total time for which application threads were stopped: 0.0002533 seconds, Stopping threads took: 0.0000265 seconds
2021-04-19T13:49:02.125+0700: 48184.826: Total time for which application threads were stopped: 0.0004368 seconds, Stopping threads took: 0.0000768 seconds
2021-04-19T13:49:03.131+0700: 48185.832: Total time for which application threads were stopped: 0.0006013 seconds, Stopping threads took: 0.0000784 seconds
2021-04-19T13:50:40.644+0700: 48283.342: Total time for which application threads were stopped: 0.0006971 seconds, Stopping threads took: 0.0000882 seconds
2021-04-19T13:50:40.645+0700: 48283.343: Total time for which application threads were stopped: 0.0005545 seconds, Stopping threads took: 0.0000739 seconds
2021-04-19T13:50:45.658+0700: 48288.356: Total time for which application threads were stopped: 0.0004660 seconds, Stopping threads took: 0.0000707 seconds
2021-04-19T13:51:02.709+0700: 48305.407: Total time for which application threads were stopped: 0.0005026 seconds, Stopping threads took: 0.0000765 seconds
2021-04-19T13:55:40.675+0700: 48583.364: Total time for which application threads were stopped: 0.0072871 seconds, Stopping threads took: 0.0026266 seconds
2021-04-19T13:55:40.676+0700: 48583.365: Total time for which application threads were stopped: 0.0007151 seconds, Stopping threads took: 0.0001668 seconds
2021-04-19T13:55:45.694+0700: 48588.383: Total time for which application threads were stopped: 0.0005510 seconds, Stopping threads took: 0.0000749 seconds
2021-04-19T14:00:40.705+0700: 48883.386: Total time for which application threads were stopped: 0.0005632 seconds, Stopping threads took: 0.0000933 seconds
2021-04-19T14:00:40.706+0700: 48883.387: Total time for which application threads were stopped: 0.0007674 seconds, Stopping threads took: 0.0002574 seconds
2021-04-19T14:03:46.201+0700: 49068.900: Total time for which application threads were stopped: 0.0004997 seconds, Stopping threads took: 0.0000800 seconds
2021-04-19T14:05:40.707+0700: 49183.403: Total time for which application threads were stopped: 0.0007834 seconds, Stopping threads took: 0.0001757 seconds
2021-04-19T14:05:40.707+0700: 49183.404: Total time for which application threads were stopped: 0.0005320 seconds, Stopping threads took: 0.0001124 seconds
2021-04-19T14:10:40.741+0700: 49483.429: Total time for which application threads were stopped: 0.0006401 seconds, Stopping threads took: 0.0001192 seconds
2021-04-19T14:10:40.742+0700: 49483.430: Total time for which application threads were stopped: 0.0006448 seconds, Stopping threads took: 0.0001196 seconds
2021-04-19T14:11:46.947+0700: 49549.633: Total time for which application threads were stopped: 0.0007532 seconds, Stopping threads took: 0.0000890 seconds
2021-04-19T14:12:46.109+0700: 49608.793: Total time for which application threads were stopped: 0.0003916 seconds, Stopping threads took: 0.0000804 seconds
2021-04-19T14:15:40.769+0700: 49783.447: Total time for which application threads were stopped: 0.0008592 seconds, Stopping threads took: 0.0000946 seconds
2021-04-19T14:15:40.770+0700: 49783.448: Total time for which application threads were stopped: 0.0007318 seconds, Stopping threads took: 0.0000763 seconds
2021-04-19T14:19:46.384+0700: 50029.077: Total time for which application threads were stopped: 0.0006041 seconds, Stopping threads took: 0.0000957 seconds
2021-04-19T14:20:40.777+0700: 50083.468: Total time for which application threads were stopped: 0.0005295 seconds, Stopping threads took: 0.0000726 seconds
2021-04-19T14:20:40.778+0700: 50083.469: Total time for which application threads were stopped: 0.0007368 seconds, Stopping threads took: 0.0001552 seconds
2021-04-19T14:20:46.800+0700: 50089.491: Total time for which application threads were stopped: 0.0004887 seconds, Stopping threads took: 0.0000746 seconds
2021-04-19T14:25:40.807+0700: 50383.489: Total time for which application threads were stopped: 0.0005097 seconds, Stopping threads took: 0.0000742 seconds
2021-04-19T14:25:40.808+0700: 50383.490: Total time for which application threads were stopped: 0.0007834 seconds, Stopping threads took: 0.0000619 seconds
2021-04-19T14:30:40.846+0700: 50683.518: Total time for which application threads were stopped: 0.0005487 seconds, Stopping threads took: 0.0000828 seconds
2021-04-19T14:30:40.853+0700: 50683.526: Total time for which application threads were stopped: 0.0031277 seconds, Stopping threads took: 0.0001016 seconds
2021-04-19T14:35:40.884+0700: 50983.571: Total time for which application threads were stopped: 0.0006113 seconds, Stopping threads took: 0.0001292 seconds
2021-04-19T14:35:40.885+0700: 50983.572: Total time for which application threads were stopped: 0.0005562 seconds, Stopping threads took: 0.0000727 seconds
2021-04-19T14:35:46.924+0700: 50989.611: Total time for which application threads were stopped: 0.0004613 seconds, Stopping threads took: 0.0000643 seconds
2021-04-19T14:40:40.944+0700: 51283.622: Total time for which application threads were stopped: 0.0066576 seconds, Stopping threads took: 0.0024081 seconds
2021-04-19T14:40:40.945+0700: 51283.623: Total time for which application threads were stopped: 0.0004674 seconds, Stopping threads took: 0.0000633 seconds
2021-04-19T14:45:40.974+0700: 51583.643: Total time for which application threads were stopped: 0.0008583 seconds, Stopping threads took: 0.0003221 seconds
2021-04-19T14:45:40.974+0700: 51583.643: Total time for which application threads were stopped: 0.0004463 seconds, Stopping threads took: 0.0000462 seconds
2021-04-19T14:50:40.997+0700: 51883.663: Total time for which application threads were stopped: 0.0007625 seconds, Stopping threads took: 0.0000915 seconds
2021-04-19T14:50:40.998+0700: 51883.664: Total time for which application threads were stopped: 0.0005493 seconds, Stopping threads took: 0.0000729 seconds
2021-04-19T14:55:41.027+0700: 52183.703: Total time for which application threads were stopped: 0.0176489 seconds, Stopping threads took: 0.0159814 seconds
2021-04-19T14:55:41.034+0700: 52183.710: Total time for which application threads were stopped: 0.0003572 seconds, Stopping threads took: 0.0000438 seconds
2021-04-19T15:00:41.067+0700: 52483.734: Total time for which application threads were stopped: 0.0080270 seconds, Stopping threads took: 0.0030814 seconds
2021-04-19T15:00:41.067+0700: 52483.735: Total time for which application threads were stopped: 0.0005245 seconds, Stopping threads took: 0.0001880 seconds
2021-04-19T15:03:48.579+0700: 52671.241: Total time for which application threads were stopped: 0.0005031 seconds, Stopping threads took: 0.0000757 seconds
2021-04-19T15:05:41.091+0700: 52783.749: Total time for which application threads were stopped: 0.0007716 seconds, Stopping threads took: 0.0001009 seconds
2021-04-19T15:05:41.092+0700: 52783.750: Total time for which application threads were stopped: 0.0004910 seconds, Stopping threads took: 0.0000513 seconds
2021-04-19T15:10:41.096+0700: 53083.768: Total time for which application threads were stopped: 0.0008258 seconds, Stopping threads took: 0.0001007 seconds
2021-04-19T15:10:41.096+0700: 53083.769: Total time for which application threads were stopped: 0.0004738 seconds, Stopping threads took: 0.0000572 seconds
2021-04-19T15:15:41.127+0700: 53383.790: Total time for which application threads were stopped: 0.0009821 seconds, Stopping threads took: 0.0002225 seconds
2021-04-19T15:15:41.128+0700: 53383.792: Total time for which application threads were stopped: 0.0005697 seconds, Stopping threads took: 0.0000532 seconds
2021-04-19T15:20:41.157+0700: 53683.812: Total time for which application threads were stopped: 0.0005673 seconds, Stopping threads took: 0.0000935 seconds
2021-04-19T15:20:41.162+0700: 53683.816: Total time for which application threads were stopped: 0.0036924 seconds, Stopping threads took: 0.0000786 seconds
2021-04-19T15:21:49.366+0700: 53752.019: Total time for which application threads were stopped: 0.0005895 seconds, Stopping threads took: 0.0000959 seconds
2021-04-19T15:22:21.454+0700: 53784.105: Total time for which application threads were stopped: 0.0004923 seconds, Stopping threads took: 0.0000800 seconds
2021-04-19T15:22:49.543+0700: 53812.193: Total time for which application threads were stopped: 0.0004993 seconds, Stopping threads took: 0.0000715 seconds
2021-04-19T15:23:49.666+0700: 53872.341: Total time for which application threads were stopped: 0.0036562 seconds, Stopping threads took: 0.0002580 seconds
2021-04-19T15:25:41.166+0700: 53983.836: Total time for which application threads were stopped: 0.0006960 seconds, Stopping threads took: 0.0000858 seconds
2021-04-19T15:25:41.167+0700: 53983.837: Total time for which application threads were stopped: 0.0008131 seconds, Stopping threads took: 0.0002301 seconds
2021-04-19T15:30:41.204+0700: 54283.865: Total time for which application threads were stopped: 0.0054102 seconds, Stopping threads took: 0.0019253 seconds
2021-04-19T15:30:41.205+0700: 54283.866: Total time for which application threads were stopped: 0.0005446 seconds, Stopping threads took: 0.0001452 seconds
2021-04-19T15:32:49.572+0700: 54412.230: Total time for which application threads were stopped: 0.0006733 seconds, Stopping threads took: 0.0001472 seconds
2021-04-19T15:35:41.227+0700: 54583.879: Total time for which application threads were stopped: 0.0009349 seconds, Stopping threads took: 0.0000923 seconds
2021-04-19T15:35:41.227+0700: 54583.880: Total time for which application threads were stopped: 0.0006362 seconds, Stopping threads took: 0.0001063 seconds
2021-04-19T15:39:49.825+0700: 54832.470: Total time for which application threads were stopped: 0.0005078 seconds, Stopping threads took: 0.0000719 seconds
2021-04-19T15:40:41.272+0700: 54883.933: Total time for which application threads were stopped: 0.0005495 seconds, Stopping threads took: 0.0000901 seconds
2021-04-19T15:40:41.273+0700: 54883.934: Total time for which application threads were stopped: 0.0006431 seconds, Stopping threads took: 0.0001334 seconds
{Heap before GC invocations=27 (full 0):
 garbage-first heap   total 524288K, used 419602K [0x00000007a0000000, 0x00000007a0101000, 0x00000007c0000000)
  region size 1024K, 307 young (314368K), 24 survivors (24576K)
 Metaspace       used 66850K, capacity 70207K, committed 70476K, reserved 1112064K
  class space    used 7599K, capacity 8231K, committed 8268K, reserved 1048576K
2021-04-19T15:40:43.398+0700: 54886.060: [GC pause (G1 Evacuation Pause) (young)
Desired survivor size 20447232 bytes, new threshold 15 (max 15)
- age   1:    1551648 bytes,    1551648 total
- age   2:    1689056 bytes,    3240704 total
- age   3:     980400 bytes,    4221104 total
- age   4:     111464 bytes,    4332568 total
- age   5:     206432 bytes,    4539000 total
- age   6:     546104 bytes,    5085104 total
- age   7:    1548832 bytes,    6633936 total
- age   8:    4616888 bytes,   11250824 total
- age   9:    4030328 bytes,   15281152 total
- age  10:    3240976 bytes,   18522128 total
, 0.0919579 secs]
   [Parallel Time: 80.3 ms, GC Workers: 4]
      [GC Worker Start (ms): Min: 54886064.7, Avg: 54886064.8, Max: 54886064.9, Diff: 0.2]
      [Ext Root Scanning (ms): Min: 4.8, Avg: 9.5, Max: 23.2, Diff: 18.4, Sum: 38.1]
      [Update RS (ms): Min: 0.9, Avg: 13.9, Max: 18.6, Diff: 17.7, Sum: 55.5]
         [Processed Buffers: Min: 5, Avg: 11.8, Max: 22, Diff: 17, Sum: 47]
      [Scan RS (ms): Min: 0.0, Avg: 0.1, Max: 0.1, Diff: 0.1, Sum: 0.2]
      [Code Root Scanning (ms): Min: 0.0, Avg: 3.3, Max: 9.8, Diff: 9.8, Sum: 13.2]
      [Object Copy (ms): Min: 44.6, Avg: 51.7, Max: 55.1, Diff: 10.5, Sum: 206.7]
      [Termination (ms): Min: 0.0, Avg: 0.0, Max: 0.0, Diff: 0.0, Sum: 0.0]
         [Termination Attempts: Min: 1, Avg: 1.0, Max: 1, Diff: 0, Sum: 4]
      [GC Worker Other (ms): Min: 1.6, Avg: 1.6, Max: 1.7, Diff: 0.2, Sum: 6.5]
      [GC Worker Total (ms): Min: 80.0, Avg: 80.1, Max: 80.2, Diff: 0.2, Sum: 320.4]
      [GC Worker End (ms): Min: 54886144.9, Avg: 54886144.9, Max: 54886144.9, Diff: 0.0]
   [Code Root Fixup: 0.1 ms]
   [Code Root Purge: 0.0 ms]
   [Clear CT: 0.4 ms]
   [Other: 11.1 ms]
      [Choose CSet: 0.0 ms]
      [Ref Proc: 2.0 ms]
      [Ref Enq: 0.1 ms]
      [Redirty Cards: 0.1 ms]
      [Humongous Register: 1.0 ms]
      [Humongous Reclaim: 0.0 ms]
      [Free CSet: 1.7 ms]
   [Eden: 283.0M(283.0M)->0.0B(285.0M) Survivors: 24.0M->22.0M Heap: 409.8M(512.0M)->124.8M(512.0M)]
Heap after GC invocations=28 (full 0):
 garbage-first heap   total 524288K, used 127762K [0x00000007a0000000, 0x00000007a0101000, 0x00000007c0000000)
  region size 1024K, 22 young (22528K), 22 survivors (22528K)
 Metaspace       used 66850K, capacity 70207K, committed 70476K, reserved 1112064K
  class space    used 7599K, capacity 8231K, committed 8268K, reserved 1048576K
}
 [Times: user=0.09 sys=0.18, real=0.10 secs] 
2021-04-19T15:40:43.492+0700: 54886.154: Total time for which application threads were stopped: 0.0989577 seconds, Stopping threads took: 0.0000610 seconds
2021-04-19T15:40:43.493+0700: 54886.154: Total time for which application threads were stopped: 0.0003630 seconds, Stopping threads took: 0.0000476 seconds
2021-04-19T15:43:49.573+0700: 55072.235: Total time for which application threads were stopped: 0.0004912 seconds, Stopping threads took: 0.0000694 seconds
2021-04-19T15:45:41.317+0700: 55183.976: Total time for which application threads were stopped: 0.0005504 seconds, Stopping threads took: 0.0000765 seconds
2021-04-19T15:45:41.318+0700: 55183.977: Total time for which application threads were stopped: 0.0005425 seconds, Stopping threads took: 0.0000916 seconds
2021-04-19T15:50:41.368+0700: 55484.018: Total time for which application threads were stopped: 0.0077678 seconds, Stopping threads took: 0.0028389 seconds
2021-04-19T15:50:41.369+0700: 55484.019: Total time for which application threads were stopped: 0.0006865 seconds, Stopping threads took: 0.0002286 seconds
2021-04-19T15:55:41.393+0700: 55784.034: Total time for which application threads were stopped: 0.0004873 seconds, Stopping threads took: 0.0000881 seconds
2021-04-19T15:55:41.393+0700: 55784.034: Total time for which application threads were stopped: 0.0004991 seconds, Stopping threads took: 0.0000584 seconds
2021-04-19T15:56:50.554+0700: 55853.212: Total time for which application threads were stopped: 0.0004959 seconds, Stopping threads took: 0.0000744 seconds
2021-04-19T16:00:41.401+0700: 56084.052: Total time for which application threads were stopped: 0.0008063 seconds, Stopping threads took: 0.0001487 seconds
2021-04-19T16:00:41.401+0700: 56084.053: Total time for which application threads were stopped: 0.0006209 seconds, Stopping threads took: 0.0000733 seconds
2021-04-19T16:04:51.087+0700: 56333.731: Total time for which application threads were stopped: 0.0006925 seconds, Stopping threads took: 0.0000876 seconds
2021-04-19T16:05:41.432+0700: 56384.074: Total time for which application threads were stopped: 0.0006176 seconds, Stopping threads took: 0.0000932 seconds
2021-04-19T16:05:41.433+0700: 56384.075: Total time for which application threads were stopped: 0.0008134 seconds, Stopping threads took: 0.0001760 seconds
2021-04-19T16:10:41.464+0700: 56684.097: Total time for which application threads were stopped: 0.0005439 seconds, Stopping threads took: 0.0000741 seconds
2021-04-19T16:10:41.468+0700: 56684.101: Total time for which application threads were stopped: 0.0037254 seconds, Stopping threads took: 0.0001862 seconds
2021-04-19T16:15:41.484+0700: 56984.132: Total time for which application threads were stopped: 0.0099403 seconds, Stopping threads took: 0.0028257 seconds
2021-04-19T16:15:41.486+0700: 56984.135: Total time for which application threads were stopped: 0.0024186 seconds, Stopping threads took: 0.0020005 seconds
2021-04-19T16:20:41.510+0700: 57284.149: Total time for which application threads were stopped: 0.0013261 seconds, Stopping threads took: 0.0005431 seconds
2021-04-19T16:20:41.511+0700: 57284.150: Total time for which application threads were stopped: 0.0007170 seconds, Stopping threads took: 0.0000554 seconds
2021-04-19T16:20:51.541+0700: 57294.180: Total time for which application threads were stopped: 0.0005008 seconds, Stopping threads took: 0.0000686 seconds
2021-04-19T16:22:50.867+0700: 57413.502: Total time for which application threads were stopped: 0.0005852 seconds, Stopping threads took: 0.0000770 seconds
2021-04-19T16:23:51.031+0700: 57473.665: Total time for which application threads were stopped: 0.0004911 seconds, Stopping threads took: 0.0000687 seconds
2021-04-19T16:25:41.540+0700: 57584.170: Total time for which application threads were stopped: 0.0005281 seconds, Stopping threads took: 0.0000648 seconds
2021-04-19T16:25:41.541+0700: 57584.171: Total time for which application threads were stopped: 0.0005754 seconds, Stopping threads took: 0.0001471 seconds
2021-04-19T16:25:51.573+0700: 57594.203: